Component: ARM Compiler 5.06 update 1 (build 61) Tool: armlink [4d35a8]

==============================================================================

Section Cross References

    board.o(.text) refers to stm32f4xx_hal_rcc.o(.text) for HAL_RCC_OscConfig
    board.o(.text) refers to irq.o(.text) for rt_interrupt_enter
    board.o(.text) refers to stm32f4xx_hal.o(.text) for HAL_IncTick
    board.o(.text) refers to clock.o(.text) for rt_tick_increase
    board.o(.text) refers to stm32f4xx_hal_cortex.o(.text) for HAL_SYSTICK_Config
    board.o(.text) refers to thread.o(.text) for rt_thread_delay
    board.o(.text) refers to drv_usart.o(.text) for hw_usart_init
    board.o(.text) refers to mem.o(.text) for rt_system_heap_init
    board.o(.text) refers to components.o(.text) for rt_components_board_init
    board.o(.text) refers to kservice.o(.text) for rt_console_set_device
    drv_usart.o(.text) refers to kservice.o(.text) for rt_assert_handler
    drv_usart.o(.text) refers to stm32f4xx_hal_uart.o(.text) for HAL_UART_Init
    drv_usart.o(.text) refers to irq.o(.text) for rt_interrupt_enter
    drv_usart.o(.text) refers to serial.o(.text) for rt_hw_serial_isr
    drv_usart.o(.text) refers to stm32f4xx_hal_gpio.o(.text) for HAL_GPIO_Init
    drv_usart.o(.text) refers to stm32f4xx_hal_cortex.o(.text) for HAL_NVIC_SetPriority
    drv_usart.o(.text) refers to drv_usart.o(.constdata) for __FUNCTION__
    drv_usart.o(.text) refers to drv_usart.o(.bss) for uart1
    drv_usart.o(.constdata) refers to drv_usart.o(.text) for drv_configure
    drv_usart.o(.rti_fn.1) refers to drv_usart.o(.text) for hw_usart_init
    system_stm32f4xx.o(.text) refers to system_stm32f4xx.o(.data) for SystemCoreClock
    system_stm32f4xx.o(.text) refers to system_stm32f4xx.o(.constdata) for AHBPrescTable
    startup_stm32f407xx.o(STACK) refers (Special) to heapauxi.o(.text) for __use_two_region_memory
    startup_stm32f407xx.o(HEAP) refers (Special) to heapauxi.o(.text) for __use_two_region_memory
    startup_stm32f407xx.o(RESET) refers (Special) to heapauxi.o(.text) for __use_two_region_memory
    startup_stm32f407xx.o(RESET) refers to startup_stm32f407xx.o(STACK) for __initial_sp
    startup_stm32f407xx.o(RESET) refers to startup_stm32f407xx.o(.text) for Reset_Handler
    startup_stm32f407xx.o(RESET) refers to stm32f4xx_it.o(.text) for NMI_Handler
    startup_stm32f407xx.o(RESET) refers to context_rvds.o(.text) for HardFault_Handler
    startup_stm32f407xx.o(RESET) refers to board.o(.text) for SysTick_Handler
    startup_stm32f407xx.o(RESET) refers to drv_usart.o(.text) for USART1_IRQHandler
    startup_stm32f407xx.o(.text) refers (Special) to heapauxi.o(.text) for __use_two_region_memory
    startup_stm32f407xx.o(.text) refers to system_stm32f4xx.o(.text) for SystemInit
    startup_stm32f407xx.o(.text) refers to __main.o(!!!main) for __main
    startup_stm32f407xx.o(.text) refers to startup_stm32f407xx.o(HEAP) for Heap_Mem
    startup_stm32f407xx.o(.text) refers to startup_stm32f407xx.o(STACK) for Stack_Mem
    stm32f4xx_hal.o(.text) refers to stm32f4xx_hal_rcc.o(.text) for HAL_RCC_GetHCLKFreq
    stm32f4xx_hal.o(.text) refers to stm32f4xx_hal_cortex.o(.text) for HAL_SYSTICK_Config
    stm32f4xx_hal.o(.text) refers to board.o(.text) for HAL_InitTick
    stm32f4xx_hal.o(.text) refers to stm32f4xx_hal_msp_template.o(.text) for HAL_MspInit
    stm32f4xx_hal.o(.text) refers to stm32f4xx_hal.o(.data) for uwTick
    stm32f4xx_hal_dma.o(.text) refers to stm32f4xx_hal.o(.text) for HAL_GetTick
    stm32f4xx_hal_dma.o(.text) refers to stm32f4xx_hal_dma.o(.constdata) for flagBitshiftOffset
    stm32f4xx_hal_flash.o(.text) refers to stm32f4xx_hal.o(.text) for HAL_GetTick
    stm32f4xx_hal_flash.o(.text) refers to stm32f4xx_hal_flash_ex.o(.text) for FLASH_Erase_Sector
    stm32f4xx_hal_flash.o(.text) refers to stm32f4xx_hal_flash.o(.bss) for pFlash
    stm32f4xx_hal_flash_ex.o(.text) refers to stm32f4xx_hal_flash.o(.text) for FLASH_WaitForLastOperation
    stm32f4xx_hal_flash_ex.o(.text) refers to stm32f4xx_hal_flash.o(.bss) for pFlash
    stm32f4xx_hal_pwr_ex.o(.text) refers to stm32f4xx_hal.o(.text) for HAL_GetTick
    stm32f4xx_hal_rcc.o(.text) refers to stm32f4xx_hal.o(.text) for HAL_GetTick
    stm32f4xx_hal_rcc.o(.text) refers to board.o(.text) for HAL_InitTick
    stm32f4xx_hal_rcc.o(.text) refers to stm32f4xx_hal_gpio.o(.text) for HAL_GPIO_Init
    stm32f4xx_hal_rcc.o(.text) refers to stm32f4xx_hal_rcc.o(.constdata) for APBAHBPrescTable
    stm32f4xx_hal_rcc.o(.text) refers to system_stm32f4xx.o(.data) for SystemCoreClock
    stm32f4xx_hal_rcc_ex.o(.text) refers to stm32f4xx_hal.o(.text) for HAL_GetTick
    stm32f4xx_hal_uart.o(.text) refers to stm32f4xx_hal_rcc.o(.text) for HAL_RCC_GetPCLK2Freq
    stm32f4xx_hal_uart.o(.text) refers to drv_usart.o(.text) for HAL_UART_MspInit
    stm32f4xx_hal_uart.o(.text) refers to stm32f4xx_hal.o(.text) for HAL_GetTick
[...]
    __ARM_use_no_argv                        0x00000000   Number         0  main.o ABSOLUTE
    __ARM_exceptions_init                     - Undefined Weak Reference
    __alloca_initialize                       - Undefined Weak Reference
    __arm_preinit_                            - Undefined Weak Reference
    __cpp_initialize__aeabi_                  - Undefined Weak Reference
    __cxa_finalize                            - Undefined Weak Reference
    __sigvec_lookup                           - Undefined Weak Reference
    _atexit_init                              - Undefined Weak Reference
    _call_atexit_fns                          - Undefined Weak Reference
    _clock_init                               - Undefined Weak Reference
    _fp_trap_init                             - Undefined Weak Reference
    _fp_trap_shutdown                         - Undefined Weak Reference
    _get_lc_collate                           - Undefined Weak Reference
    _get_lc_monetary                          - Undefined Weak Reference
    _get_lc_numeric                           - Undefined Weak Reference
    _get_lc_time                              - Undefined Weak Reference
    _getenv_init                              - Undefined Weak Reference
    _handle_redirection                       - Undefined Weak Reference
    _init_alloc                               - Undefined Weak Reference
    _init_user_alloc                          - Undefined Weak Reference
    _initio                                   - Undefined Weak Reference
    _rand_init                                - Undefined Weak Reference
    _signal_finish                            - Undefined Weak Reference
    _signal_init                              - Undefined Weak Reference
    _terminate_alloc                          - Undefined Weak Reference
    _terminate_user_alloc                     - Undefined Weak Reference
    _terminateio                              - Undefined Weak Reference
    __Vectors_Size                           0x00000188   Number         0  startup_stm32f407xx.o ABSOLUTE
    __Vectors                                0x08000000   Data           4  startup_stm32f407xx.o(RESET)
    __Vectors_End                            0x08000188   Data           0  startup_stm32f407xx.o(RESET)
    __main                                   0x08000189   Thumb Code     8  __main.o(!!!main)
    __scatterload                            0x08000191   Thumb Code     0  __scatter.o(!!!scatter)
    __scatterload_rt2                        0x08000191   Thumb Code    44  __scatter.o(!!!scatter)
    __scatterload_rt2_thumb_only             0x08000191   Thumb Code     0  __scatter.o(!!!scatter)
    __scatterload_null                       0x0800019f   Thumb Code     0  __scatter.o(!!!scatter)
    __decompress                             0x080001c5   Thumb Code    90  __dczerorl2.o(!!dczerorl2)
    __decompress1                            0x080001c5   Thumb Code     0  __dczerorl2.o(!!dczerorl2)
    __scatterload_zeroinit                   0x08000221   Thumb Code    28  __scatter_zi.o(!!handler_zi)
    __rt_lib_init                            0x0800023d   Thumb Code     0  libinit.o(.ARM.Collect$$libinit$$00000000)
    __rt_lib_init_fp_1                       0x0800023f   Thumb Code     0  libinit2.o(.ARM.Collect$$libinit$$00000001)
    __rt_lib_init_heap_1                     0x08000243   Thumb Code     0  libinit2.o(.ARM.Collect$$libinit$$0000000A)
    __rt_lib_init_lc_common                  0x08000243   Thumb Code     0  libinit2.o(.ARM.Collect$$libinit$$0000000F)
    __rt_lib_init_preinit_1                  0x08000243   Thumb Code     0  libinit2.o(.ARM.Collect$$libinit$$00000004)
    __rt_lib_init_rand_1                     0x08000243   Thumb Code     0  libinit2.o(.ARM.Collect$$libinit$$0000000E)
    __rt_lib_init_user_alloc_1               0x08000243   Thumb Code     0  libinit2.o(.ARM.Collect$$libinit$$0000000C)
    __rt_lib_init_lc_collate_1               0x08000249   Thumb Code     0  libinit2.o(.ARM.Collect$$libinit$$00000011)
    __rt_lib_init_lc_ctype_2                 0x08000249   Thumb Code     0  libinit2.o(.ARM.Collect$$libinit$$00000012)
    __rt_lib_init_alloca_1                   0x08000255   Thumb Code     0  libinit2.o(.ARM.Collect$$libinit$$0000002E)
    __rt_lib_init_argv_1                     0x08000255   Thumb Code     0  libinit2.o(.ARM.Collect$$libinit$$0000002C)
    __rt_lib_init_atexit_1                   0x08000255   Thumb Code     0  libinit2.o(.ARM.Collect$$libinit$$0000001B)
    __rt_lib_init_clock_1                    0x08000255   Thumb Code     0  libinit2.o(.ARM.Collect$$libinit$$00000021)
    __rt_lib_init_cpp_1                      0x08000255   Thumb Code     0  libinit2.o(.ARM.Collect$$libinit$$00000032)
    __rt_lib_init_exceptions_1               0x08000255   Thumb Code     0  libinit2.o(.ARM.Collect$$libinit$$00000030)
    __rt_lib_init_fp_trap_1                  0x08000255   Thumb Code     0  libinit2.o(.ARM.Collect$$libinit$$0000001F)
    __rt_lib_init_getenv_1                   0x08000255   Thumb Code     0  libinit2.o(.ARM.Collect$$libinit$$00000023)
    __rt_lib_init_lc_ctype_1                 0x08000255   Thumb Code     0  libinit2.o(.ARM.Collect$$libinit$$00000013)
    __rt_lib_init_lc_monetary_1              0x08000255   Thumb Code     0  libinit2.o(.ARM.Collect$$libinit$$00000015)
    __rt_lib_init_lc_numeric_1               0x08000255   Thumb Code     0  libinit2.o(.ARM.Collect$$libinit$$00000017)
    __rt_lib_init_lc_time_1                  0x08000255   Thumb Code     0  libinit2.o(.ARM.Collect$$libinit$$00000019)
    __rt_lib_init_return                     0x08000255   Thumb Code     0  libinit2.o(.ARM.Collect$$libinit$$00000033)
    __rt_lib_init_signal_1                   0x08000255   Thumb Code     0  libinit2.o(.ARM.Collect$$libinit$$0000001D)
    __rt_lib_init_stdio_1                    0x08000255   Thumb Code     0  libinit2.o(.ARM.Collect$$libinit$$00000025)
    __rt_lib_shutdown                        0x08000257   Thumb Code     0  libshutdown.o(.ARM.Collect$$libshutdown$$00000000)
    __rt_lib_shutdown_cpp_1                  0x08000259   Thumb Code     0  libshutdown2.o(.ARM.Collect$$libshutdown$$00000002)
    __rt_lib_shutdown_fp_trap_1              0x08000259   Thumb Code     0  libshutdown2.o(.ARM.Collect$$libshutdown$$00000007)
    __rt_lib_shutdown_heap_1                 0x08000259   Thumb Code     0  libshutdown2.o(.ARM.Collect$$libshutdown$$0000000F)
    __rt_lib_shutdown_return                 0x08000259   Thumb Code     0  libshutdown2.o(.ARM.Collect$$libshutdown$$00000010)
    __rt_lib_shutdown_signal_1               0x08000259   Thumb Code     0  libshutdown2.o(.ARM.Collect$$libshutdown$$0000000A)
    __rt_lib_shutdown_stdio_1                0x08000259   Thumb Code     0  libshutdown2.o(.ARM.Collect$$libshutdown$$00000004)
    __rt_lib_shutdown_user_alloc_1           0x08000259   Thumb Code     0  libshutdown2.o(.ARM.Collect$$libshutdown$$0000000C)
    __rt_entry                               0x0800025b   Thumb Code     0  __rtentry.o(.ARM.Collect$$rtentry$$00000000)
    __rt_entry_presh_1                       0x0800025b   Thumb Code     0  __rtentry2.o(.ARM.Collect$$rtentry$$00000002)
    __rt_entry_sh                            0x0800025b   Thumb Code     0  __rtentry4.o(.ARM.Collect$$rtentry$$00000004)
    __rt_entry_li                            0x08000261   Thumb Code     0  __rtentry2.o(.ARM.Collect$$rtentry$$0000000A)
    __rt_entry_postsh_1                      0x08000261   Thumb Code     0  __rtentry2.o(.ARM.Collect$$rtentry$$00000009)
    __rt_entry_main                          0x08000265   Thumb Code     0  __rtentry2.o(.ARM.Collect$$rtentry$$0000000D)
    __rt_entry_postli_1                      0x08000265   Thumb Code     0  __rtentry2.o(.ARM.Collect$$rtentry$$0000000C)
    __rt_exit                                0x0800026d   Thumb Code     0  rtexit.o(.ARM.Collect$$rtexit$$00000000)
    __rt_exit_ls                             0x0800026f   Thumb Code     0  rtexit2.o(.ARM.Collect$$rtexit$$00000003)
    __rt_exit_prels_1                        0x0800026f   Thumb Code     0  rtexit2.o(.ARM.Collect$$rtexit$$00000002)
    __rt_exit_exit                           0x08000273   Thumb Code     0  rtexit2.o(.ARM.Collect$$rtexit$$00000004)
    $Super$$main                             0x08000279   Thumb Code     4  main.o(.text)
    SysTick_Handler                          0x08000319   Thumb Code    20  board.o(.text)
    HAL_InitTick                             0x0800032d   Thumb Code    34  board.o(.text)
    HAL_Delay                                0x0800034f   Thumb Code    10  board.o(.text)
    HAL_SuspendTick                          0x08000359   Thumb Code     2  board.o(.text)
    HAL_ResumeTick                           0x0800035b   Thumb Code     2  board.o(.text)
    rt_hw_board_init                         0x0800035d   Thumb Code    34  board.o(.text)
    USART1_IRQHandler                        0x0800051b   Thumb Code    50  drv_usart.o(.text)
    USART2_IRQHandler                        0x0800054d   Thumb Code    50  drv_usart.o(.text)
    USART6_IRQHandler                        0x0800057f   Thumb Code    50  drv_usart.o(.text)
    HAL_UART_MspInit                         0x080005b1   Thumb Code   626  drv_usart.o(.text)
    HAL_UART_MspDeInit                       0x08000823   Thumb Code   176  drv_usart.o(.text)
    hw_usart_init                            0x080008d3   Thumb Code   116  drv_usart.o(.text)
    NMI_Handler                              0x0800099d   Thumb Code     2  stm32f4xx_it.o(.text)
    MemManage_Handler                        0x0800099f   Thumb Code     4  stm32f4xx_it.o(.text)
    BusFault_Handler                         0x080009a3   Thumb Code     4  stm32f4xx_it.o(.text)
    UsageFault_Handler                       0x080009a7   Thumb Code     4  stm32f4xx_it.o(.text)
    SVC_Handler                              0x080009ab   Thumb Code     2  stm32f4xx_it.o(.text)
    SystemInit                               0x080009ad   Thumb Code    82  system_stm32f4xx.o(.text)
    SystemCoreClockUpdate                    0x080009ff   Thumb Code   174  system_stm32f4xx.o(.text)
    Reset_Handler                            0x08000acd   Thumb Code     8  startup_stm32f407xx.o(.text)
    DebugMon_Handler                         0x08000ae1   Thumb Code     2  startup_stm32f407xx.o(.text)
    ADC_IRQHandler                           0x08000ae7   Thumb Code     0  startup_stm32f407xx.o(.text)
    CAN1_RX0_IRQHandler                      0x08000ae7   Thumb Code     0  startup_stm32f407xx.o(.text)
    CAN1_RX1_IRQHandler                      0x08000ae7   Thumb Code     0  startup_stm32f407xx.o(.text)
    CAN1_SCE_IRQHandler                      0x08000ae7   Thumb Code     0  startup_stm32f407xx.o(.text)
    CAN1_TX_IRQHandler                       0x08000ae7   Thumb Code     0  startup_stm32f407xx.o(.text)
    CAN2_RX0_IRQHandler                      0x08000ae7   Thumb Code     0  startup_stm32f407xx.o(.text)
    CAN2_RX1_IRQHandler                      0x08000ae7   Thumb Code     0  startup_stm32f407xx.o(.text)
    CAN2_SCE_IRQHandler                      0x08000ae7   Thumb Code     0  startup_stm32f407xx.o(.text)
    CAN2_TX_IRQHandler                       0x08000ae7   Thumb Code     0  startup_stm32f407xx.o(.text)
    DCMI_IRQHandler                          0x08000ae7   Thumb Code     0  startup_stm32f407xx.o(.text)
    DMA1_Stream0_IRQHandler                  0x08000ae7   Thumb Code     0  startup_stm32f407xx.o(.text)
    DMA1_Stream1_IRQHandler                  0x08000ae7   Thumb Code     0  startup_stm32f407xx.o(.text)
    DMA1_Stream2_IRQHandler                  0x08000ae7   Thumb Code     0  startup_stm32f407xx.o(.text)
    DMA1_Stream3_IRQHandler                  0x08000ae7   Thumb Code     0  startup_stm32f407xx.o(.text)
    DMA1_Stream4_IRQHandler                  0x08000ae7   Thumb Code     0  startup_stm32f407xx.o(.text)
    DMA1_Stream5_IRQHandler                  0x08000ae7   Thumb Code     0  startup_stm32f407xx.o(.text)
    DMA1_Stream6_IRQHandler                  0x08000ae7   Thumb Code     0  startup_stm32f407xx.o(.text)
    DMA1_Stream7_IRQHandler                  0x08000ae7   Thumb Code     0  startup_stm32f407xx.o(.text)
    DMA2_Stream0_IRQHandler                  0x08000ae7   Thumb Code     0  startup_stm32f407xx.o(.text)
    DMA2_Stream1_IRQHandler                  0x08000ae7   Thumb Code     0  startup_stm32f407xx.o(.text)
    DMA2_Stream2_IRQHandler                  0x08000ae7   Thumb Code     0  startup_stm32f407xx.o(.text)
    DMA2_Stream3_IRQHandler                  0x08000ae7   Thumb Code     0  startup_stm32f407xx.o(.text)
    DMA2_Stream4_IRQHandler                  0x08000ae7   Thumb Code     0  startup_stm32f407xx.o(.text)
    DMA2_Stream5_IRQHandler                  0x08000ae7   Thumb Code     0  startup_stm32f407xx.o(.text)
    DMA2_Stream6_IRQHandler                  0x08000ae7   Thumb Code     0  startup_stm32f407xx.o(.text)
    DMA2_Stream7_IRQHandler                  0x08000ae7   Thumb Code     0  startup_stm32f407xx.o(.text)
    ETH_IRQHandler                           0x08000ae7   Thumb Code     0  startup_stm32f407xx.o(.text)
    ETH_WKUP_IRQHandler                      0x08000ae7   Thumb Code     0  startup_stm32f407xx.o(.text)
    EXTI0_IRQHandler                         0x08000ae7   Thumb Code     0  startup_stm32f407xx.o(.text)
    EXTI15_10_IRQHandler                     0x08000ae7   Thumb Code     0  startup_stm32f407xx.o(.text)
    EXTI1_IRQHandler                         0x08000ae7   Thumb Code     0  startup_stm32f407xx.o(.text)
    EXTI2_IRQHandler                         0x08000ae7   Thumb Code     0  startup_stm32f407xx.o(.text)
    EXTI3_IRQHandler                         0x08000ae7   Thumb Code     0  startup_stm32f407xx.o(.text)
    EXTI4_IRQHandler                         0x08000ae7   Thumb Code     0  startup_stm32f407xx.o(.text)
    EXTI9_5_IRQHandler                       0x08000ae7   Thumb Code     0  startup_stm32f407xx.o(.text)
    FLASH_IRQHandler                         0x08000ae7   Thumb Code     0  startup_stm32f407xx.o(.text)
    FMC_IRQHandler                           0x08000ae7   Thumb Code     0  startup_stm32f407xx.o(.text)
    FPU_IRQHandler                           0x08000ae7   Thumb Code     0  startup_stm32f407xx.o(.text)
    HASH_RNG_IRQHandler                      0x08000ae7   Thumb Code     0  startup_stm32f407xx.o(.text)
    I2C1_ER_IRQHandler                       0x08000ae7   Thumb Code     0  startup_stm32f407xx.o(.text)
    I2C1_EV_IRQHandler                       0x08000ae7   Thumb Code     0  startup_stm32f407xx.o(.text)
    I2C2_ER_IRQHandler                       0x08000ae7   Thumb Code     0  startup_stm32f407xx.o(.text)
    I2C2_EV_IRQHandler                       0x08000ae7   Thumb Code     0  startup_stm32f407xx.o(.text)
    I2C3_ER_IRQHandler                       0x08000ae7   Thumb Code     0  startup_stm32f407xx.o(.text)
    I2C3_EV_IRQHandler                       0x08000ae7   Thumb Code     0  startup_stm32f407xx.o(.text)
    OTG_FS_IRQHandler                        0x08000ae7   Thumb Code     0  startup_stm32f407xx.o(.text)
    OTG_FS_WKUP_IRQHandler                   0x08000ae7   Thumb Code     0  startup_stm32f407xx.o(.text)
    OTG_HS_EP1_IN_IRQHandler                 0x08000ae7   Thumb Code     0  startup_stm32f407xx.o(.text)
    OTG_HS_EP1_OUT_IRQHandler                0x08000ae7   Thumb Code     0  startup_stm32f407xx.o(.text)
    OTG_HS_IRQHandler                        0x08000ae7   Thumb Code     0  startup_stm32f407xx.o(.text)
    OTG_HS_WKUP_IRQHandler                   0x08000ae7   Thumb Code     0  startup_stm32f407xx.o(.text)
    PVD_IRQHandler                           0x08000ae7   Thumb Code     0  startup_stm32f407xx.o(.text)
    RCC_IRQHandler                           0x08000ae7   Thumb Code     0  startup_stm32f407xx.o(.text)
    RTC_Alarm_IRQHandler                     0x08000ae7   Thumb Code     0  startup_stm32f407xx.o(.text)
    RTC_WKUP_IRQHandler                      0x08000ae7   Thumb Code     0  startup_stm32f407xx.o(.text)
    SDIO_IRQHandler                          0x08000ae7   Thumb Code     0  startup_stm32f407xx.o(.text)
    SPI1_IRQHandler                          0x08000ae7   Thumb Code     0  startup_stm32f407xx.o(.text)
    SPI2_IRQHandler                          0x08000ae7   Thumb Code     0  startup_stm32f407xx.o(.text)
    SPI3_IRQHandler                          0x08000ae7   Thumb Code     0  startup_stm32f407xx.o(.text)
    TAMP_STAMP_IRQHandler                    0x08000ae7   Thumb Code     0  startup_stm32f407xx.o(.text)
    TIM1_BRK_TIM9_IRQHandler                 0x08000ae7   Thumb Code     0  startup_stm32f407xx.o(.text)
    TIM1_CC_IRQHandler                       0x08000ae7   Thumb Code     0  startup_stm32f407xx.o(.text)
    TIM1_TRG_COM_TIM11_IRQHandler            0x08000ae7   Thumb Code     0  startup_stm32f407xx.o(.text)
    TIM1_UP_TIM10_IRQHandler                 0x08000ae7   Thumb Code     0  startup_stm32f407xx.o(.text)
    TIM2_IRQHandler                          0x08000ae7   Thumb Code     0  startup_stm32f407xx.o(.text)
    TIM3_IRQHandler                          0x08000ae7   Thumb Code     0  startup_stm32f407xx.o(.text)
    TIM4_IRQHandler                          0x08000ae7   Thumb Code     0  startup_stm32f407xx.o(.text)
    TIM5_IRQHandler                          0x08000ae7   Thumb Code     0  startup_stm32f407xx.o(.text)
    TIM6_DAC_IRQHandler                      0x08000ae7   Thumb Code     0  startup_stm32f407xx.o(.text)
    TIM7_IRQHandler                          0x08000ae7   Thumb Code     0  startup_stm32f407xx.o(.text)
    TIM8_BRK_TIM12_IRQHandler                0x08000ae7   Thumb Code     0  startup_stm32f407xx.o(.text)
    TIM8_CC_IRQHandler                       0x08000ae7   Thumb Code     0  startup_stm32f407xx.o(.text)
    TIM8_TRG_COM_TIM14_IRQHandler            0x08000ae7   Thumb Code     0  startup_stm32f407xx.o(.text)
    TIM8_UP_TIM13_IRQHandler                 0x08000ae7   Thumb Code     0  startup_stm32f407xx.o(.text)
    UART4_IRQHandler                         0x08000ae7   Thumb Code     0  startup_stm32f407xx.o(.text)
    UART5_IRQHandler                         0x08000ae7   Thumb Code     0  startup_stm32f407xx.o(.text)
    USART3_IRQHandler                        0x08000ae7   Thumb Code     0  startup_stm32f407xx.o(.text)
    WWDG_IRQHandler                          0x08000ae7   Thumb Code     0  startup_stm32f407xx.o(.text)
    __user_initial_stackheap                 0x08000ae9   Thumb Code     0  startup_stm32f407xx.o(.text)
    HAL_Init                                 0x08000b33   Thumb Code    54  stm32f4xx_hal.o(.text)
    HAL_DeInit                               0x08000b6b   Thumb Code    64  stm32f4xx_hal.o(.text)
    HAL_IncTick                              0x08000bab   Thumb Code    12  stm32f4xx_hal.o(.text)
    HAL_GetTick                              0x08000bb7   Thumb Code     6  stm32f4xx_hal.o(.text)
    HAL_GetHalVersion                        0x08000bfb   Thumb Code     4  stm32f4xx_hal.o(.text)
    HAL_GetREVID                             0x08000bff   Thumb Code     8  stm32f4xx_hal.o(.text)
    HAL_GetDEVID                             0x08000c07   Thumb Code    10  stm32f4xx_hal.o(.text)
    HAL_DBGMCU_EnableDBGSleepMode            0x08000c11   Thumb Code    14  stm32f4xx_hal.o(.text)
    HAL_DBGMCU_DisableDBGSleepMode           0x08000c1f   Thumb Code    14  stm32f4xx_hal.o(.text)
    HAL_DBGMCU_EnableDBGStopMode             0x08000c2d   Thumb Code    14  stm32f4xx_hal.o(.text)
    HAL_DBGMCU_DisableDBGStopMode            0x08000c3b   Thumb Code    14  stm32f4xx_hal.o(.text)
    HAL_DBGMCU_EnableDBGStandbyMode          0x08000c49   Thumb Code    14  stm32f4xx_hal.o(.text)
    HAL_DBGMCU_DisableDBGStandbyMode         0x08000c57   Thumb Code    14  stm32f4xx_hal.o(.text)
    HAL_EnableCompensationCell               0x08000c65   Thumb Code    22  stm32f4xx_hal.o(.text)
    HAL_DisableCompensationCell              0x08000c7b   Thumb Code    24  stm32f4xx_hal.o(.text)
    HAL_NVIC_SetPriorityGrouping             0x08000ccd   Thumb Code    36  stm32f4xx_hal_cortex.o(.text)
    HAL_NVIC_SetPriority                     0x08000cf1   Thumb Code   124  stm32f4xx_hal_cortex.o(.text)
    HAL_NVIC_EnableIRQ                       0x08000d6d   Thumb Code    26  stm32f4xx_hal_cortex.o(.text)
    HAL_NVIC_DisableIRQ                      0x08000d87   Thumb Code    22  stm32f4xx_hal_cortex.o(.text)
    HAL_NVIC_SystemReset                     0x08000d9d   Thumb Code    64  stm32f4xx_hal_cortex.o(.text)
    HAL_SYSTICK_Config                       0x08000ddd   Thumb Code    52  stm32f4xx_hal_cortex.o(.text)
    HAL_MPU_ConfigRegion                     0x08000e11   Thumb Code    90  stm32f4xx_hal_cortex.o(.text)
    HAL_NVIC_GetPriorityGrouping             0x08000e6b   Thumb Code     8  stm32f4xx_hal_cortex.o(.text)
    HAL_NVIC_GetPriority                     0x08000e73   Thumb Code   138  stm32f4xx_hal_cortex.o(.text)
    HAL_NVIC_SetPendingIRQ                   0x08000efd   Thumb Code    24  stm32f4xx_hal_cortex.o(.text)
    HAL_NVIC_GetPendingIRQ                   0x08000f15   Thumb Code    38  stm32f4xx_hal_cortex.o(.text)
    HAL_NVIC_ClearPendingIRQ                 0x08000f3b   Thumb Code    22  stm32f4xx_hal_cortex.o(.text)
    HAL_NVIC_GetActive                       0x08000f51   Thumb Code    38  stm32f4xx_hal_cortex.o(.text)
    HAL_SYSTICK_CLKSourceConfig              0x08000f77   Thumb Code    40  stm32f4xx_hal_cortex.o(.text)
    HAL_SYSTICK_Callback                     0x08000f9f   Thumb Code     2  stm32f4xx_hal_cortex.o(.text)
    HAL_SYSTICK_IRQHandler                   0x08000fa1   Thumb Code     8  stm32f4xx_hal_cortex.o(.text)
    HAL_DMA_Init                             0x08000ff7   Thumb Code   128  stm32f4xx_hal_dma.o(.text)
    HAL_DMA_DeInit                           0x08001077   Thumb Code   100  stm32f4xx_hal_dma.o(.text)
    HAL_DMA_Start                            0x08001107   Thumb Code    82  stm32f4xx_hal_dma.o(.text)
    HAL_DMA_Start_IT                         0x08001159   Thumb Code   106  stm32f4xx_hal_dma.o(.text)
    HAL_DMA_Abort                            0x080011c3   Thumb Code    94  stm32f4xx_hal_dma.o(.text)
    HAL_DMA_PollForTransfer                  0x08001221   Thumb Code   412  stm32f4xx_hal_dma.o(.text)
    HAL_DMA_IRQHandler                       0x080013bd   Thumb Code   530  stm32f4xx_hal_dma.o(.text)
    HAL_DMA_GetState                         0x080015cf   Thumb Code     8  stm32f4xx_hal_dma.o(.text)
    HAL_DMA_GetError                         0x080015d7   Thumb Code     6  stm32f4xx_hal_dma.o(.text)
    HAL_GPIO_Init                            0x080015e1   Thumb Code   476  stm32f4xx_hal_gpio.o(.text)
    HAL_GPIO_DeInit                          0x080017bd   Thumb Code   326  stm32f4xx_hal_gpio.o(.text)
    HAL_GPIO_ReadPin                         0x08001903   Thumb Code    16  stm32f4xx_hal_gpio.o(.text)
    HAL_GPIO_WritePin                        0x08001913   Thumb Code    12  stm32f4xx_hal_gpio.o(.text)
    HAL_GPIO_TogglePin                       0x0800191f   Thumb Code     8  stm32f4xx_hal_gpio.o(.text)
    HAL_GPIO_LockPin                         0x08001927   Thumb Code    46  stm32f4xx_hal_gpio.o(.text)
    HAL_GPIO_EXTI_Callback                   0x08001955   Thumb Code     2  stm32f4xx_hal_gpio.o(.text)
    HAL_GPIO_EXTI_IRQHandler                 0x08001957   Thumb Code    28  stm32f4xx_hal_gpio.o(.text)
    HAL_MspInit                              0x080019a5   Thumb Code     2  stm32f4xx_hal_msp_template.o(.text)
    HAL_MspDeInit                            0x080019a7   Thumb Code     2  stm32f4xx_hal_msp_template.o(.text)
    HAL_PPP_MspInit                          0x080019a9   Thumb Code     2  stm32f4xx_hal_msp_template.o(.text)
    HAL_PPP_MspDeInit                        0x080019ab   Thumb Code     2  stm32f4xx_hal_msp_template.o(.text)
    HAL_RCC_OscConfig                        0x080019af   Thumb Code  1032  stm32f4xx_hal_rcc.o(.text)
    HAL_RCC_ClockConfig                      0x08001db7   Thumb Code   680  stm32f4xx_hal_rcc.o(.text)
    HAL_RCC_MCOConfig                        0x0800205f   Thumb Code   178  stm32f4xx_hal_rcc.o(.text)
    HAL_RCC_EnableCSS                        0x08002111   Thumb Code     8  stm32f4xx_hal_rcc.o(.text)
    HAL_RCC_DisableCSS                       0x08002119   Thumb Code     8  stm32f4xx_hal_rcc.o(.text)
    HAL_RCC_GetSysClockFreq                  0x08002121   Thumb Code   198  stm32f4xx_hal_rcc.o(.text)
    HAL_RCC_GetHCLKFreq                      0x080021e7   Thumb Code    42  stm32f4xx_hal_rcc.o(.text)
    HAL_RCC_GetPCLK1Freq                     0x08002211   Thumb Code    36  stm32f4xx_hal_rcc.o(.text)
    HAL_RCC_GetPCLK2Freq                     0x08002235   Thumb Code    36  stm32f4xx_hal_rcc.o(.text)
    HAL_RCC_GetOscConfig                     0x08002259   Thumb Code   296  stm32f4xx_hal_rcc.o(.text)
    HAL_RCC_GetClockConfig                   0x08002381   Thumb Code    58  stm32f4xx_hal_rcc.o(.text)
    HAL_RCC_CSSCallback                      0x080023bb   Thumb Code     2  stm32f4xx_hal_rcc.o(.text)
    HAL_RCC_NMI_IRQHandler                   0x080023bd   Thumb Code    30  stm32f4xx_hal_rcc.o(.text)
    HAL_UART_Init                            0x0800260d   Thumb Code   110  stm32f4xx_hal_uart.o(.text)
    HAL_HalfDuplex_Init                      0x0800267b   Thumb Code   114  stm32f4xx_hal_uart.o(.text)
    HAL_LIN_Init                             0x080026ed   Thumb Code   138  stm32f4xx_hal_uart.o(.text)
    HAL_MultiProcessor_Init                  0x08002777   Thumb Code   150  stm32f4xx_hal_uart.o(.text)
    HAL_UART_DeInit                          0x0800280f   Thumb Code    50  stm32f4xx_hal_uart.o(.text)
    HAL_UART_Transmit                        0x0800293b   Thumb Code   240  stm32f4xx_hal_uart.o(.text)
    HAL_UART_Receive                         0x08002a2b   Thumb Code   248  stm32f4xx_hal_uart.o(.text)
    HAL_UART_Transmit_IT                     0x08002b23   Thumb Code   110  stm32f4xx_hal_uart.o(.text)
    HAL_UART_Receive_IT                      0x08002b91   Thumb Code   134  stm32f4xx_hal_uart.o(.text)
    HAL_UART_ErrorCallback                   0x08002c17   Thumb Code     2  stm32f4xx_hal_uart.o(.text)
    HAL_UART_TxHalfCpltCallback              0x08002c3b   Thumb Code     2  stm32f4xx_hal_uart.o(.text)
    HAL_UART_TxCpltCallback                  0x08002c4b   Thumb Code     2  stm32f4xx_hal_uart.o(.text)
    HAL_UART_Transmit_DMA                    0x08002c83   Thumb Code   156  stm32f4xx_hal_uart.o(.text)
    HAL_UART_RxHalfCpltCallback              0x08002d1f   Thumb Code     2  stm32f4xx_hal_uart.o(.text)
    HAL_UART_RxCpltCallback                  0x08002d2f   Thumb Code     2  stm32f4xx_hal_uart.o(.text)
    HAL_UART_Receive_DMA                     0x08002d6f   Thumb Code   146  stm32f4xx_hal_uart.o(.text)
    HAL_UART_DMAPause                        0x08002e01   Thumb Code   114  stm32f4xx_hal_uart.o(.text)
    HAL_UART_DMAResume                       0x08002e73   Thumb Code   160  stm32f4xx_hal_uart.o(.text)
    HAL_UART_DMAStop                         0x08002f13   Thumb Code    58  stm32f4xx_hal_uart.o(.text)
    HAL_UART_IRQHandler                      0x080030a9   Thumb Code   326  stm32f4xx_hal_uart.o(.text)
    HAL_LIN_SendBreak                        0x080031ef   Thumb Code    62  stm32f4xx_hal_uart.o(.text)
    HAL_MultiProcessor_EnterMuteMode         0x0800322d   Thumb Code    62  stm32f4xx_hal_uart.o(.text)
    HAL_MultiProcessor_ExitMuteMode          0x0800326b   Thumb Code    62  stm32f4xx_hal_uart.o(.text)
    HAL_HalfDuplex_EnableTransmitter         0x080032a9   Thumb Code    68  stm32f4xx_hal_uart.o(.text)
    HAL_HalfDuplex_EnableReceiver            0x080032ed   Thumb Code    68  stm32f4xx_hal_uart.o(.text)
    HAL_UART_GetState                        0x08003331   Thumb Code     8  stm32f4xx_hal_uart.o(.text)
    HAL_UART_GetError                        0x08003339   Thumb Code     6  stm32f4xx_hal_uart.o(.text)
    rt_system_tick_init                      0x08003341   Thumb Code     2  clock.o(.text)
    rt_tick_get                              0x08003343   Thumb Code     6  clock.o(.text)
    rt_tick_set                              0x08003349   Thumb Code    22  clock.o(.text)
    rt_tick_increase                         0x0800335f   Thumb Code    42  clock.o(.text)
    rt_tick_from_millisecond                 0x08003389   Thumb Code    22  clock.o(.text)
    rt_components_board_init                 0x080033b5   Thumb Code    20  components.o(.text)
    rt_components_init                       0x080033c9   Thumb Code    20  components.o(.text)
    main_thread_entry                        0x080033dd   Thumb Code    14  components.o(.text)
    rt_application_init                      0x080033eb   Thumb Code    46  components.o(.text)
    rtthread_startup                         0x08003419   Thumb Code    42  components.o(.text)
    main                                     0x08003443   Thumb Code    14  components.o(.text)
    rt_device_find                           0x08003479   Thumb Code    76  device.o(.text)
    rt_device_register                       0x080034c5   Thumb Code    52  device.o(.text)
    rt_device_unregister                     0x080034f9   Thumb Code    26  device.o(.text)
    rt_device_init_all                       0x08003513   Thumb Code     4  device.o(.text)
    rt_device_init                           0x08003517   Thumb Code    64  device.o(.text)
    rt_device_open                           0x08003557   Thumb Code   136  device.o(.text)
    rt_device_close                          0x080035df   Thumb Code    68  device.o(.text)
    rt_device_read                           0x08003623   Thumb Code    76  device.o(.text)
    rt_device_write                          0x0800366f   Thumb Code    76  device.o(.text)
    rt_device_control                        0x080036bb   Thumb Code    42  device.o(.text)
    rt_device_set_rx_indicate                0x080036e5   Thumb Code    26  device.o(.text)
    rt_device_set_tx_complete                0x080036ff   Thumb Code    26  device.o(.text)
    rt_thread_idle_sethook                   0x0800379d   Thumb Code     6  idle.o(.text)
    rt_thread_idle_excute                    0x080037a3   Thumb Code   154  idle.o(.text)
    rt_thread_idle_init                      0x08003851   Thumb Code    38  idle.o(.text)
    rt_sem_init                              0x0800397d   Thumb Code    50  ipc.o(.text)
    rt_sem_detach                            0x080039af   Thumb Code    34  ipc.o(.text)
    rt_sem_create                            0x080039d1   Thumb Code    84  ipc.o(.text)
    rt_sem_delete                            0x08003a25   Thumb Code    78  ipc.o(.text)
    rt_sem_take                              0x08003a73   Thumb Code   266  ipc.o(.text)
    rt_sem_trytake                           0x08003b7d   Thumb Code    14  ipc.o(.text)
    rt_sem_release                           0x08003b8b   Thumb Code    80  ipc.o(.text)
    rt_sem_control                           0x08003bdb   Thumb Code    68  ipc.o(.text)
    rt_mutex_init                            0x08003c1f   Thumb Code    58  ipc.o(.text)
    rt_mutex_detach                          0x08003c59   Thumb Code    36  ipc.o(.text)
    rt_mutex_create                          0x08003c7d   Thumb Code    96  ipc.o(.text)
    rt_mutex_delete                          0x08003cdd   Thumb Code    78  ipc.o(.text)
    rt_mutex_take                            0x08003d2b   Thumb Code   524  ipc.o(.text)
    rt_mutex_release                         0x08003f37   Thumb Code   272  ipc.o(.text)
    rt_mutex_control                         0x08004047   Thumb Code     8  ipc.o(.text)
    rt_event_init                            0x0800404f   Thumb Code    46  ipc.o(.text)
    rt_event_detach                          0x0800407d   Thumb Code    36  ipc.o(.text)
    rt_event_create                          0x080040a1   Thumb Code    88  ipc.o(.text)
    rt_event_delete                          0x080040f9   Thumb Code    82  ipc.o(.text)
    rt_event_send                            0x0800414b   Thumb Code   210  ipc.o(.text)
    rt_event_recv                            0x0800421d   Thumb Code   448  ipc.o(.text)
    rt_event_control                         0x080043dd   Thumb Code    70  ipc.o(.text)
    rt_mb_init                               0x08004423   Thumb Code    76  ipc.o(.text)
    rt_mb_detach                             0x0800446f   Thumb Code    44  ipc.o(.text)
    rt_mb_create                             0x0800449b   Thumb Code   128  ipc.o(.text)
    rt_mb_delete                             0x0800451b   Thumb Code    96  ipc.o(.text)
    rt_mb_send_wait                          0x0800457b   Thumb Code   436  ipc.o(.text)
    rt_mb_send                               0x0800472f   Thumb Code    18  ipc.o(.text)
    rt_mb_recv                               0x08004741   Thumb Code   412  ipc.o(.text)
    rt_mb_control                            0x080048dd   Thumb Code    82  ipc.o(.text)
    rt_mq_init                               0x0800492f   Thumb Code   118  ipc.o(.text)
    rt_mq_detach                             0x080049a5   Thumb Code    36  ipc.o(.text)
    rt_mq_delete                             0x080049c9   Thumb Code    88  ipc.o(.text)
    rt_mq_create                             0x08004a21   Thumb Code   174  ipc.o(.text)
    rt_mq_send                               0x08004acf   Thumb Code   290  ipc.o(.text)
    rt_mq_urgent                             0x08004bf1   Thumb Code   198  ipc.o(.text)
    rt_mq_recv                               0x08004cb7   Thumb Code   438  ipc.o(.text)
    rt_mq_control                            0x08004e6d   Thumb Code    98  ipc.o(.text)
    rt_interrupt_enter                       0x08004f25   Thumb Code    30  irq.o(.text)
    rt_interrupt_leave                       0x08004f43   Thumb Code    30  irq.o(.text)
    rt_interrupt_get_nest                    0x08004f61   Thumb Code     6  irq.o(.text)
    rt_get_errno                             0x08004f6d   Thumb Code    32  kservice.o(.text)
    rt_set_errno                             0x08004f8d   Thumb Code    36  kservice.o(.text)
    _rt_errno                                0x08004fb1   Thumb Code    30  kservice.o(.text)
    rt_memset                                0x08004fcf   Thumb Code    72  kservice.o(.text)
    rt_memcpy                                0x08005017   Thumb Code   124  kservice.o(.text)
    rt_memmove                               0x08005093   Thumb Code    66  kservice.o(.text)
    rt_memcmp                                0x080050d5   Thumb Code    38  kservice.o(.text)
    rt_strlen                                0x080050fb   Thumb Code    18  kservice.o(.text)
    rt_strstr                                0x0800510d   Thumb Code    58  kservice.o(.text)
    rt_strcasecmp                            0x08005147   Thumb Code    48  kservice.o(.text)
    rt_strncpy                               0x08005177   Thumb Code    52  kservice.o(.text)
    rt_strncmp                               0x080051ab   Thumb Code    40  kservice.o(.text)
    rt_strcmp                                0x080051d3   Thumb Code    28  kservice.o(.text)
    rt_strdup                                0x080051ef   Thumb Code    40  kservice.o(.text)
    rt_hw_console_output                     0x08005217   Thumb Code     2  kservice.o(.text)
    rt_vsnprintf                             0x080053cf   Thumb Code   800  kservice.o(.text)
    rt_kprintf                               0x080056ef   Thumb Code    96  kservice.o(.text)
    rt_show_version                          0x0800574f   Thumb Code    38  kservice.o(.text)
    rt_snprintf                              0x08005775   Thumb Code    38  kservice.o(.text)
    rt_vsprintf                              0x0800579b   Thumb Code    22  kservice.o(.text)
    rt_sprintf                               0x080057b1   Thumb Code    34  kservice.o(.text)
    rt_console_get_device                    0x080057d3   Thumb Code     6  kservice.o(.text)
    rt_console_set_device                    0x080057d9   Thumb Code    48  kservice.o(.text)
    rt_malloc_align                          0x08005809   Thumb Code    66  kservice.o(.text)
    rt_free_align                            0x0800584b   Thumb Code    16  kservice.o(.text)
    __rt_ffs                                 0x0800585b   Thumb Code    70  kservice.o(.text)
    rt_assert_set_hook                       0x080058a1   Thumb Code     6  kservice.o(.text)
    rt_assert_handler                        0x080058a7   Thumb Code    56  kservice.o(.text)
    rt_malloc_sethook                        0x080059b9   Thumb Code     6  mem.o(.text)
    rt_free_sethook                          0x080059bf   Thumb Code     6  mem.o(.text)
    rt_system_heap_init                      0x08005a65   Thumb Code   204  mem.o(.text)
    rt_malloc                                0x08005b31   Thumb Code   520  mem.o(.text)
    rt_free                                  0x08005d39   Thumb Code   602  mem.o(.text)
    rt_realloc                               0x08005f93   Thumb Code   312  mem.o(.text)
    rt_calloc                                0x080060cb   Thumb Code    84  mem.o(.text)
    rt_memory_info                           0x0800611f   Thumb Code    26  mem.o(.text)
    list_mem                                 0x08006139   Thumb Code    34  mem.o(.text)
    rt_object_attach_sethook                 0x0800624d   Thumb Code     6  object.o(.text)
    rt_object_detach_sethook                 0x08006253   Thumb Code     6  object.o(.text)
    rt_object_trytake_sethook                0x08006259   Thumb Code     6  object.o(.text)
    rt_object_take_sethook                   0x0800625f   Thumb Code     6  object.o(.text)
    rt_object_put_sethook                    0x08006265   Thumb Code     6  object.o(.text)
    rt_system_object_init                    0x0800626b   Thumb Code     2  object.o(.text)
    rt_object_get_information                0x0800626d   Thumb Code    10  object.o(.text)
    rt_object_init                           0x08006277   Thumb Code    76  object.o(.text)
    rt_object_detach                         0x080062c3   Thumb Code    56  object.o(.text)
    rt_object_allocate                       0x080062fb   Thumb Code   132  object.o(.text)
    rt_object_delete                         0x0800637f   Thumb Code    84  object.o(.text)
    rt_object_is_systemobject                0x080063d3   Thumb Code    34  object.o(.text)
    rt_object_find                           0x080063f5   Thumb Code   126  object.o(.text)
    rt_scheduler_sethook                     0x08006509   Thumb Code     6  scheduler.o(.text)
    rt_system_scheduler_init                 0x08006561   Thumb Code    56  scheduler.o(.text)
    rt_system_scheduler_start                0x08006599   Thumb Code    36  scheduler.o(.text)
    rt_schedule                              0x080065bd   Thumb Code   134  scheduler.o(.text)
    rt_schedule_insert_thread                0x08006643   Thumb Code    82  scheduler.o(.text)
    rt_schedule_remove_thread                0x08006695   Thumb Code    94  scheduler.o(.text)
    rt_enter_critical                        0x080066f3   Thumb Code    28  scheduler.o(.text)
    rt_exit_critical                         0x0800670f   Thumb Code    54  scheduler.o(.text)
    rt_critical_level                        0x08006745   Thumb Code     8  scheduler.o(.text)
    rt_thread_exit                           0x08006809   Thumb Code    76  thread.o(.text)
    rt_thread_timeout                        0x08006855   Thumb Code    66  thread.o(.text)
    rt_thread_init                           0x08006925   Thumb Code    74  thread.o(.text)
    rt_thread_self                           0x0800696f   Thumb Code     6  thread.o(.text)
    rt_thread_resume                         0x08006975   Thumb Code    78  thread.o(.text)
    rt_thread_startup                        0x080069c3   Thumb Code    80  thread.o(.text)
    rt_thread_detach                         0x08006a13   Thumb Code    72  thread.o(.text)
    rt_thread_create                         0x08006a5b   Thumb Code    80  thread.o(.text)
    rt_thread_delete                         0x08006aab   Thumb Code    64  thread.o(.text)
    rt_thread_yield                          0x08006aeb   Thumb Code    88  thread.o(.text)
    rt_thread_suspend                        0x08006b43   Thumb Code    76  thread.o(.text)
    rt_thread_sleep                          0x08006b8f   Thumb Code    76  thread.o(.text)
    rt_thread_delay                          0x08006bdb   Thumb Code   210  thread.o(.text)
    rt_thread_control                        0x08006cad   Thumb Code   130  thread.o(.text)
    rt_thread_find                           0x08006d2f   Thumb Code    76  thread.o(.text)
    rt_timer_timeout_sethook                 0x08006d93   Thumb Code     6  timer.o(.text)
    rt_timer_init                            0x08006e25   Thumb Code    58  timer.o(.text)
    rt_timer_detach                          0x08006e5f   Thumb Code    44  timer.o(.text)
    rt_timer_create                          0x08006e8b   Thumb Code    54  timer.o(.text)
    rt_timer_delete                          0x08006ec1   Thumb Code    46  timer.o(.text)
    rt_timer_start                           0x08006eef   Thumb Code   292  timer.o(.text)
    rt_timer_stop                            0x08007013   Thumb Code    80  timer.o(.text)
    rt_timer_control                         0x08007063   Thumb Code    76  timer.o(.text)
    rt_timer_check                           0x080070af   Thumb Code   148  timer.o(.text)
    rt_timer_next_timeout_tick               0x08007143   Thumb Code    10  timer.o(.text)
    rt_system_timer_init                     0x0800714d   Thumb Code    24  timer.o(.text)
    rt_system_timer_thread_init              0x08007165   Thumb Code     2  timer.o(.text)
    rt_hw_stack_init                         0x080071e1   Thumb Code    74  cpuport.o(.text)
    rt_hw_exception_install                  0x0800722b   Thumb Code     6  cpuport.o(.text)
    rt_hw_hard_fault_exception               0x08007231   Thumb Code   112  cpuport.o(.text)
    rt_hw_cpu_shutdown                       0x080072a1   Thumb Code    20  cpuport.o(.text)
    rt_hw_interrupt_disable                  0x08007371   Thumb Code     8  context_rvds.o(.text)
    rt_hw_interrupt_enable                   0x08007379   Thumb Code     6  context_rvds.o(.text)
    rt_hw_context_switch                     0x0800737f   Thumb Code    32  context_rvds.o(.text)
    rt_hw_context_switch_interrupt           0x0800737f   Thumb Code     0  context_rvds.o(.text)
    PendSV_Handler                           0x0800739f   Thumb Code   108  context_rvds.o(.text)
    rt_hw_context_switch_to                  0x0800740b   Thumb Code    68  context_rvds.o(.text)
    rt_hw_interrupt_thread_switch            0x0800744f   Thumb Code     2  context_rvds.o(.text)
    HardFault_Handler                        0x08007451   Thumb Code    20  context_rvds.o(.text)
    rt_hw_serial_register                    0x08007827   Thumb Code   246  serial.o(.text)
    rt_hw_serial_isr                         0x0800791d   Thumb Code   302  serial.o(.text)
    rt_completion_init                       0x08007d01   Thumb Code    42  completion.o(.text)
    rt_completion_wait                       0x08007d2b   Thumb Code   198  completion.o(.text)
    rt_completion_done                       0x08007df1   Thumb Code    76  completion.o(.text)
    rt_data_queue_init                       0x08007ed7   Thumb Code    78  dataqueue.o(.text)
    rt_data_queue_push                       0x08007f25   Thumb Code   276  dataqueue.o(.text)
    rt_data_queue_pop                        0x08008039   Thumb Code   340  dataqueue.o(.text)
    rt_data_queue_peak                       0x0800818d   Thumb Code    94  dataqueue.o(.text)
    rt_data_queue_reset                      0x080081eb   Thumb Code   106  dataqueue.o(.text)
    finsh_set_device                         0x080082ff   Thumb Code   156  shell.o(.text)
    finsh_get_device                         0x0800839b   Thumb Code    28  shell.o(.text)
    finsh_set_echo                           0x080083b7   Thumb Code    30  shell.o(.text)
    finsh_get_echo                           0x080083d5   Thumb Code    32  shell.o(.text)
    finsh_run_line                           0x08008411   Thumb Code   164  shell.o(.text)
    finsh_thread_entry                       0x08008571   Thumb Code  1646  shell.o(.text)
    finsh_system_function_init               0x08008bdf   Thumb Code    10  shell.o(.text)
    finsh_system_var_init                    0x08008be9   Thumb Code    10  shell.o(.text)
    finsh_system_init                        0x08008bf3   Thumb Code   122  shell.o(.text)
    hello                                    0x08008cd5   Thumb Code    12  cmd.o(.text)
    version                                  0x08008ce1   Thumb Code    10  cmd.o(.text)
    list_thread                              0x08008d97   Thumb Code    10  cmd.o(.text)
    list_sem                                 0x08008e35   Thumb Code    12  cmd.o(.text)
    list_event                               0x08008ea1   Thumb Code    12  cmd.o(.text)
    list_mutex                               0x08008eef   Thumb Code    12  cmd.o(.text)
    list_mailbox                             0x08008f73   Thumb Code    12  cmd.o(.text)
    list_msgqueue                            0x08008feb   Thumb Code    12  cmd.o(.text)
    list_mempool                             0x0800905d   Thumb Code    12  cmd.o(.text)
    list_timer                               0x080094a1   Thumb Code    10  cmd.o(.text)
    list_device                              0x080094fd   Thumb Code    12  cmd.o(.text)
    list                                     0x08009509   Thumb Code   126  cmd.o(.text)
    list_prefix                              0x080095c9   Thumb Code   434  cmd.o(.text)
    finsh_compiler_run                       0x0800b033   Thumb Code    88  finsh_compiler.o(.text)
    finsh_error_init                         0x0800b09d   Thumb Code     8  finsh_error.o(.text)
    finsh_error_set                          0x0800b0a5   Thumb Code    10  finsh_error.o(.text)
    finsh_errno                              0x0800b0af   Thumb Code     6  finsh_error.o(.text)
    finsh_error_string                       0x0800b0b5   Thumb Code    10  finsh_error.o(.text)
    finsh_heap_init                          0x0800b0c9   Thumb Code    36  finsh_heap.o(.text)
    finsh_heap_free                          0x0800b1ed   Thumb Code    34  finsh_heap.o(.text)
    finsh_heap_allocate                      0x0800b25d   Thumb Code   106  finsh_heap.o(.text)
    finsh_init                               0x0800b2d9   Thumb Code    30  finsh_init.o(.text)
    finsh_stack_bottom                       0x0800b2f7   Thumb Code     6  finsh_init.o(.text)
    finsh_flush                              0x0800b2fd   Thumb Code    22  finsh_init.o(.text)
    finsh_reset                              0x0800b313   Thumb Code    24  finsh_init.o(.text)
    finsh_node_init                          0x0800b331   Thumb Code    16  finsh_node.o(.text)
    finsh_node_allocate                      0x0800b341   Thumb Code    56  finsh_node.o(.text)
    finsh_node_new_id                        0x0800b379   Thumb Code   118  finsh_node.o(.text)
    finsh_node_new_char                      0x0800b3ef   Thumb Code    30  finsh_node.o(.text)
    finsh_node_new_int                       0x0800b40d   Thumb Code    30  finsh_node.o(.text)
    finsh_node_new_long                      0x0800b42b   Thumb Code    30  finsh_node.o(.text)
    finsh_node_new_string                    0x0800b449   Thumb Code    74  finsh_node.o(.text)
    finsh_node_new_ptr                       0x0800b493   Thumb Code    30  finsh_node.o(.text)
    OP_no_op                                 0x0800b4b5   Thumb Code     2  finsh_ops.o(.text)
    OP_add_byte                              0x0800b4b7   Thumb Code    42  finsh_ops.o(.text)
    OP_add_word                              0x0800b4e1   Thumb Code    44  finsh_ops.o(.text)
    OP_add_dword                             0x0800b50d   Thumb Code    42  finsh_ops.o(.text)
    OP_sub_byte                              0x0800b537   Thumb Code    42  finsh_ops.o(.text)
    OP_sub_word                              0x0800b561   Thumb Code    44  finsh_ops.o(.text)
    OP_sub_dword                             0x0800b58d   Thumb Code    42  finsh_ops.o(.text)
    OP_div_byte                              0x0800b5b7   Thumb Code    44  finsh_ops.o(.text)
    OP_div_word                              0x0800b5e3   Thumb Code    46  finsh_ops.o(.text)
    OP_div_dword                             0x0800b611   Thumb Code    44  finsh_ops.o(.text)
    OP_mod_byte                              0x0800b63d   Thumb Code    48  finsh_ops.o(.text)
    OP_mod_word                              0x0800b66d   Thumb Code    48  finsh_ops.o(.text)
    OP_mod_dword                             0x0800b69d   Thumb Code    48  finsh_ops.o(.text)
    OP_mul_byte                              0x0800b6cd   Thumb Code    44  finsh_ops.o(.text)
    OP_mul_word                              0x0800b6f9   Thumb Code    46  finsh_ops.o(.text)
    OP_mul_dword                             0x0800b727   Thumb Code    42  finsh_ops.o(.text)
    OP_and_byte                              0x0800b751   Thumb Code    42  finsh_ops.o(.text)
    OP_and_word                              0x0800b77b   Thumb Code    42  finsh_ops.o(.text)
    OP_and_dword                             0x0800b7a5   Thumb Code    42  finsh_ops.o(.text)
    OP_or_byte                               0x0800b7cf   Thumb Code    42  finsh_ops.o(.text)
    OP_or_word                               0x0800b7f9   Thumb Code    42  finsh_ops.o(.text)
    OP_or_dword                              0x0800b823   Thumb Code    42  finsh_ops.o(.text)
    OP_xor_byte                              0x0800b84d   Thumb Code    42  finsh_ops.o(.text)
    OP_xor_word                              0x0800b877   Thumb Code    46  finsh_ops.o(.text)
    OP_xor_dword                             0x0800b8a5   Thumb Code    42  finsh_ops.o(.text)
    OP_bw_byte                               0x0800b8cf   Thumb Code    20  finsh_ops.o(.text)
    OP_bw_word                               0x0800b8e3   Thumb Code    20  finsh_ops.o(.text)
    OP_bw_dword                              0x0800b8f7   Thumb Code    20  finsh_ops.o(.text)
    OP_shl_byte                              0x0800b90b   Thumb Code    42  finsh_ops.o(.text)
    OP_shl_word                              0x0800b935   Thumb Code    44  finsh_ops.o(.text)
    OP_shl_dword                             0x0800b961   Thumb Code    42  finsh_ops.o(.text)
    OP_shr_byte                              0x0800b98b   Thumb Code    42  finsh_ops.o(.text)
    OP_shr_word                              0x0800b9b5   Thumb Code    42  finsh_ops.o(.text)
    OP_shr_dword                             0x0800b9df   Thumb Code    42  finsh_ops.o(.text)
    OP_ld_byte                               0x0800ba09   Thumb Code    34  finsh_ops.o(.text)
    OP_ld_word                               0x0800ba2b   Thumb Code    46  finsh_ops.o(.text)
    OP_ld_dword                              0x0800ba59   Thumb Code    64  finsh_ops.o(.text)
    OP_ld_value_byte                         0x0800ba99   Thumb Code    66  finsh_ops.o(.text)
    OP_ld_value_byte_stack                   0x0800badb   Thumb Code    20  finsh_ops.o(.text)
    OP_ld_value_word                         0x0800baef   Thumb Code    66  finsh_ops.o(.text)
    OP_ld_value_word_stack                   0x0800bb31   Thumb Code    20  finsh_ops.o(.text)
    OP_ld_value_dword                        0x0800bb45   Thumb Code    66  finsh_ops.o(.text)
    OP_ld_value_dword_stack                  0x0800bb87   Thumb Code    20  finsh_ops.o(.text)
    OP_st_byte                               0x0800bb9b   Thumb Code    30  finsh_ops.o(.text)
    OP_st_word                               0x0800bbb9   Thumb Code    30  finsh_ops.o(.text)
    OP_st_dword                              0x0800bbd7   Thumb Code    30  finsh_ops.o(.text)
    OP_pop                                   0x0800bbf5   Thumb Code    12  finsh_ops.o(.text)
    OP_call                                  0x0800bc01   Thumb Code   906  finsh_ops.o(.text)
    finsh_parser_run                         0x0800c821   Thumb Code   220  finsh_parser.o(.text)
    finsh_parser_init                        0x0800c8fd   Thumb Code    16  finsh_parser.o(.text)
    finsh_var_init                           0x0800c90d   Thumb Code    14  finsh_var.o(.text)
    finsh_var_insert                         0x0800c91b   Thumb Code   114  finsh_var.o(.text)
    finsh_var_delete                         0x0800c98d   Thumb Code    68  finsh_var.o(.text)
    finsh_var_lookup                         0x0800c9d1   Thumb Code    58  finsh_var.o(.text)
    finsh_sysvar_append                      0x0800ca0b   Thumb Code    62  finsh_var.o(.text)
    finsh_sysvar_lookup                      0x0800ca49   Thumb Code    78  finsh_var.o(.text)
    finsh_vm_run                             0x0800caa9   Thumb Code    62  finsh_vm.o(.text)
    finsh_syscall_append                     0x0800cae7   Thumb Code    54  finsh_vm.o(.text)
    finsh_syscall_lookup                     0x0800cb1d   Thumb Code    78  finsh_vm.o(.text)
    finsh_token_init                         0x0800cb8d   Thumb Code    20  finsh_token.o(.text)
    token_get_string                         0x0800cfa5   Thumb Code   120  finsh_token.o(.text)
    finsh_token_token                        0x0800d1dd   Thumb Code    24  finsh_token.o(.text)
    finsh_token_get_token                    0x0800d1f5   Thumb Code    20  finsh_token.o(.text)
    atoi                                     0x0800d20d   Thumb Code    26  atoi.o(.text)
    strlen                                   0x0800d227   Thumb Code    62  strlen.o(.text)
    strncmp                                  0x0800d265   Thumb Code   150  strncmp.o(.text)
    __aeabi_memcpy                           0x0800d2fb   Thumb Code     0  rt_memcpy_v6.o(.text)
    __rt_memcpy                              0x0800d2fb   Thumb Code   138  rt_memcpy_v6.o(.text)
    _memcpy_lastbytes                        0x0800d361   Thumb Code     0  rt_memcpy_v6.o(.text)
    __aeabi_memcpy4                          0x0800d385   Thumb Code     0  rt_memcpy_w.o(.text)
    __aeabi_memcpy8                          0x0800d385   Thumb Code     0  rt_memcpy_w.o(.text)
    __rt_memcpy_w                            0x0800d385   Thumb Code   100  rt_memcpy_w.o(.text)
    _memcpy_lastbytes_aligned                0x0800d3cd   Thumb Code     0  rt_memcpy_w.o(.text)
    __aeabi_memclr                           0x0800d3e9   Thumb Code     0  rt_memclr.o(.text)
    __rt_memclr                              0x0800d3e9   Thumb Code    68  rt_memclr.o(.text)
    _memset                                  0x0800d3ed   Thumb Code     0  rt_memclr.o(.text)
    __aeabi_memclr4                          0x0800d42d   Thumb Code     0  rt_memclr_w.o(.text)
    __aeabi_memclr8                          0x0800d42d   Thumb Code     0  rt_memclr_w.o(.text)
    __rt_memclr_w                            0x0800d42d   Thumb Code    78  rt_memclr_w.o(.text)
    _memset_w                                0x0800d431   Thumb Code     0  rt_memclr_w.o(.text)
    strncpy                                  0x0800d47b   Thumb Code    86  strncpy.o(.text)
    strcmp                                   0x0800d4d1   Thumb Code   128  strcmpv7m.o(.text)
    __use_two_region_memory                  0x0800d551   Thumb Code     2  heapauxi.o(.text)
    __rt_heap_escrow$2region                 0x0800d553   Thumb Code     2  heapauxi.o(.text)
    __rt_heap_expand$2region                 0x0800d555   Thumb Code     2  heapauxi.o(.text)
    __aeabi_errno_addr                       0x0800d559   Thumb Code     8  rt_errno_addr_intlibspace.o(.text)
    __errno$intlibspace                      0x0800d559   Thumb Code     0  rt_errno_addr_intlibspace.o(.text)
    __rt_errno_addr$intlibspace              0x0800d559   Thumb Code     0  rt_errno_addr_intlibspace.o(.text)
    strtol                                   0x0800d561   Thumb Code   112  strtol.o(.text)
    __user_libspace                          0x0800d5d1   Thumb Code     8  libspace.o(.text)
    __user_perproc_libspace                  0x0800d5d1   Thumb Code     0  libspace.o(.text)
    __user_perthread_libspace                0x0800d5d1   Thumb Code     0  libspace.o(.text)
    __rt_ctype_table                         0x0800d5d9   Thumb Code    16  rt_ctype_table.o(.text)
    _strtoul                                 0x0800d5e9   Thumb Code   158  _strtoul.o(.text)
    __user_setup_stackheap                   0x0800d687   Thumb Code    74  sys_stackheap_outer.o(.text)
    __rt_locale                              0x0800d6d1   Thumb Code     8  rt_locale_intlibspace.o(.text)
    _chval                                   0x0800d6d9   Thumb Code    28  _chval.o(.text)
    exit                                     0x0800d6f5   Thumb Code    18  exit.o(.text)
    _sys_exit                                0x0800d709   Thumb Code     8  sys_exit.o(.text)
    __I$use$semihosting                      0x0800d715   Thumb Code     0  use_no_semi.o(.text)
    __use_no_semihosting_swi                 0x0800d715   Thumb Code     2  use_no_semi.o(.text)
    __semihosting_library_function           0x0800d717   Thumb Code     0  indicate_semi.o(.text)
    _get_lc_ctype                            0x0800d719   Thumb Code    44  lc_ctype_c.o(locale$$code)
    _fp_init                                 0x0800d745   Thumb Code    10  fpinit.o(x$fpl$fpinit)
    __fplib_config_fpu_vfp                   0x0800d74d   Thumb Code     0  fpinit.o(x$fpl$fpinit)
    __fplib_config_pureend_doubles           0x0800d74d   Thumb Code     0  fpinit.o(x$fpl$fpinit)
    AHBPrescTable                            0x0800d798   Data          16  system_stm32f4xx.o(.constdata)
    APBAHBPrescTable                         0x0800d7b0   Data          16  stm32f4xx_hal_rcc.o(.constdata)
    __lowest_bit_bitmap                      0x0800da69   Data         256  kservice.o(.constdata)
    op_table                                 0x0800dfa0   Data         196  finsh_ops.o(.constdata)
    __fsym_list_mem_name                     0x0800e476   Data           9  mem.o(.rodata.name)
    __fsym_list_mem_desc                     0x0800e47f   Data          30  mem.o(.rodata.name)
    __fsym_hello_name                        0x0800e49d   Data           6  cmd.o(.rodata.name)
    __fsym_hello_desc                        0x0800e4a3   Data          16  cmd.o(.rodata.name)
    __fsym_version_name                      0x0800e4b3   Data           8  cmd.o(.rodata.name)
    __fsym_version_desc                      0x0800e4bb   Data          35  cmd.o(.rodata.name)
    __fsym_list_thread_name                  0x0800e4de   Data          12  cmd.o(.rodata.name)
    __fsym_list_thread_desc                  0x0800e4ea   Data          12  cmd.o(.rodata.name)
    __fsym_list_sem_name                     0x0800e4f6   Data           9  cmd.o(.rodata.name)
    __fsym_list_sem_desc                     0x0800e4ff   Data          25  cmd.o(.rodata.name)
    __fsym_list_event_name                   0x0800e518   Data          11  cmd.o(.rodata.name)
    __fsym_list_event_desc                   0x0800e523   Data          21  cmd.o(.rodata.name)
    __fsym_list_mutex_name                   0x0800e538   Data          11  cmd.o(.rodata.name)
    __fsym_list_mutex_desc                   0x0800e543   Data          21  cmd.o(.rodata.name)
    __fsym_list_mailbox_name                 0x0800e558   Data          13  cmd.o(.rodata.name)
    __fsym_list_mailbox_desc                 0x0800e565   Data          24  cmd.o(.rodata.name)
    __fsym_list_msgqueue_name                0x0800e57d   Data          14  cmd.o(.rodata.name)
    __fsym_list_msgqueue_desc                0x0800e58b   Data          29  cmd.o(.rodata.name)
    __fsym_list_mempool_name                 0x0800e5a8   Data          13  cmd.o(.rodata.name)
    __fsym_list_mempool_desc                 0x0800e5b5   Data          27  cmd.o(.rodata.name)
    __fsym_list_timer_name                   0x0800e5d0   Data          11  cmd.o(.rodata.name)
    __fsym_list_timer_desc                   0x0800e5db   Data          21  cmd.o(.rodata.name)
    __fsym_list_device_name                  0x0800e5f0   Data          12  cmd.o(.rodata.name)
    __fsym_list_device_desc                  0x0800e5fc   Data          22  cmd.o(.rodata.name)
    __fsym_list_name                         0x0800e612   Data           5  cmd.o(.rodata.name)
    __fsym_list_desc                         0x0800e617   Data          26  cmd.o(.rodata.name)
    __vsym_dummy_name                        0x0800e631   Data           6  cmd.o(.rodata.name)
    __vsym_dummy_desc                        0x0800e637   Data          25  cmd.o(.rodata.name)
    __rt_init_rti_start                      0x0800e650   Data           4  components.o(.rti_fn.0)
    __rt_init_rti_board_start                0x0800e654   Data           4  components.o(.rti_fn.0.end)
    __rt_init_hw_usart_init                  0x0800e658   Data           4  drv_usart.o(.rti_fn.1)
    __rt_init_rti_board_end                  0x0800e65c   Data           4  components.o(.rti_fn.1.end)
    __rt_init_finsh_system_init              0x0800e660   Data           4  shell.o(.rti_fn.3)
    __rt_init_rti_end                        0x0800e664   Data           4  components.o(.rti_fn.6.end)
    FSymTab$$Base                            0x0800e668   Number         0  mem.o(FSymTab)
    __fsym_list_mem                          0x0800e668   Data          12  mem.o(FSymTab)
    __fsym_hello                             0x0800e674   Data          12  cmd.o(FSymTab)
    __fsym_version                           0x0800e680   Data          12  cmd.o(FSymTab)
    __fsym_list_thread                       0x0800e68c   Data          12  cmd.o(FSymTab)
    __fsym_list_sem                          0x0800e698   Data          12  cmd.o(FSymTab)
    __fsym_list_event                        0x0800e6a4   Data          12  cmd.o(FSymTab)
    __fsym_list_mutex                        0x0800e6b0   Data          12  cmd.o(FSymTab)
    __fsym_list_mailbox                      0x0800e6bc   Data          12  cmd.o(FSymTab)
    __fsym_list_msgqueue                     0x0800e6c8   Data          12  cmd.o(FSymTab)
    __fsym_list_mempool                      0x0800e6d4   Data          12  cmd.o(FSymTab)
    __fsym_list_timer                        0x0800e6e0   Data          12  cmd.o(FSymTab)
    __fsym_list_device                       0x0800e6ec   Data          12  cmd.o(FSymTab)
    __fsym_list                              0x0800e6f8   Data          12  cmd.o(FSymTab)
    FSymTab$$Limit                           0x0800e704   Number         0  cmd.o(FSymTab)
    Region$$Table$$Base                      0x0800e704   Number         0  anon$$obj.o(Region$$Table)
    Region$$Table$$Limit                     0x0800e724   Number         0  anon$$obj.o(Region$$Table)
    VSymTab$$Base                            0x0800e724   Number         0  cmd.o(VSymTab)
    __vsym_dummy                             0x0800e724   Data          16  cmd.o(VSymTab)
    VSymTab$$Limit                           0x0800e734   Number         0  cmd.o(VSymTab)
    __ctype                                  0x0800e741   Data           0  lc_ctype_c.o(locale$$data)
    SystemCoreClock                          0x20000000   Data           4  system_stm32f4xx.o(.data)
    rt_interrupt_nest                        0x20000010   Data           1  irq.o(.data)
    rt_assert_hook                           0x2000001c   Data           4  kservice.o(.data)
    rt_object_container                      0x20000040   Data         144  object.o(.data)
    rt_object_trytake_hook                   0x200000d8   Data           4  object.o(.data)
    rt_object_take_hook                      0x200000dc   Data           4  object.o(.data)
    rt_object_put_hook                       0x200000e0   Data           4  object.o(.data)
    rt_current_thread                        0x200000e8   Data           4  scheduler.o(.data)
    rt_current_priority                      0x200000ec   Data           1  scheduler.o(.data)
    rt_thread_ready_priority_group           0x200000f0   Data           4  scheduler.o(.data)
    rt_thread_defunct                        0x200000f4   Data           8  scheduler.o(.data)
    rt_interrupt_from_thread                 0x20000110   Data           4  cpuport.o(.data)
    rt_interrupt_to_thread                   0x20000114   Data           4  cpuport.o(.data)
    rt_thread_switch_interrupt_flag          0x20000118   Data           4  cpuport.o(.data)
    shell                                    0x20000120   Data           4  shell.o(.data)
    _syscall_table_begin                     0x20000124   Data           4  symbol.o(.data)
    _syscall_table_end                       0x20000128   Data           4  symbol.o(.data)
    _sysvar_table_begin                      0x2000012c   Data           4  symbol.o(.data)
    _sysvar_table_end                        0x20000130   Data           4  symbol.o(.data)
    finsh_compile_sp                         0x20000138   Data           4  finsh_compiler.o(.data)
    finsh_compile_pc                         0x2000013c   Data           4  finsh_compiler.o(.data)
    global_errno                             0x20000140   Data           1  finsh_error.o(.data)
    global_sysvar_list                       0x20000188   Data           4  finsh_var.o(.data)
    finsh_sp                                 0x2000018c   Data           4  finsh_vm.o(.data)
    finsh_pc                                 0x20000190   Data           4  finsh_vm.o(.data)
    global_syscall_list                      0x20000194   Data           4  finsh_vm.o(.data)
    serial1                                  0x200001dc   Data          84  drv_usart.o(.bss)
    serial2                                  0x20000274   Data          84  drv_usart.o(.bss)
    serial6                                  0x2000030c   Data          84  drv_usart.o(.bss)
    rt_thread_priority_table                 0x20000880   Data         256  scheduler.o(.bss)
    finsh_heap                               0x20001200   Data         128  finsh_heap.o(.bss)
    global_node_table                        0x20001280   Data         320  finsh_node.o(.bss)
    global_variable                          0x200013c0   Data         192  finsh_var.o(.bss)
    finsh_vm_stack                           0x20001480   Data         256  finsh_vm.o(.bss)
    text_segment                             0x20001580   Data         128  finsh_vm.o(.bss)
    __libspace_start                         0x20001600   Data          96  libspace.o(.bss)
    __temporary_stack_top$libspace           0x20001660   Data           0  libspace.o(.bss)
    Image$$RW_IRAM1$$ZI$$Limit               0x20002260   Number         0  anon$$obj.o ABSOLUTE



==============================================================================

Memory Map of the image

  Image Entry point : 0x08000189

  Load Region LR_IROM1 (Base: 0x08000000, Size: 0x0000e9dc, Max: 0x00080000, ABSOLUTE, COMPRESSED[0x0000e8cc])

    Execution Region ER_IROM1 (Base: 0x08000000, Size: 0x0000e844, Max: 0x00080000, ABSOLUTE)

    Base Addr    Size         Type   Attr      Idx    E Section Name        Object

    0x08000000   0x00000188   Data   RO          259    RESET               startup_stm32f407xx.o
    0x08000188   0x00000008   Code   RO         2280  * !!!main             c_w.l(__main.o)
    0x08000190   0x00000034   Code   RO         2460    !!!scatter          c_w.l(__scatter.o)
    0x080001c4   0x0000005a   Code   RO         2458    !!dczerorl2         c_w.l(__dczerorl2.o)
    0x0800021e   0x00000002   PAD
    0x08000220   0x0000001c   Code   RO         2462    !!handler_zi        c_w.l(__scatter_zi.o)
    0x0800023c   0x00000002   Code   RO         2331    .ARM.Collect$$libinit$$00000000  c_w.l(libinit.o)
    0x0800023e   0x00000004   Code   RO         2334    .ARM.Collect$$libinit$$00000001  c_w.l(libinit2.o)
    0x08000242   0x00000000   Code   RO         2337    .ARM.Collect$$libinit$$00000004  c_w.l(libinit2.o)
    0x08000242   0x00000000   Code   RO         2340    .ARM.Collect$$libinit$$0000000A  c_w.l(libinit2.o)
    0x08000242   0x00000000   Code   RO         2342    .ARM.Collect$$libinit$$0000000C  c_w.l(libinit2.o)
    0x08000242   0x00000000   Code   RO         2344    .ARM.Collect$$libinit$$0000000E  c_w.l(libinit2.o)
    0x08000242   0x00000006   Code   RO         2345    .ARM.Collect$$libinit$$0000000F  c_w.l(libinit2.o)
    0x08000248   0x00000000   Code   RO         2347    .ARM.Collect$$libinit$$00000011  c_w.l(libinit2.o)
    0x08000248   0x0000000c   Code   RO         2348    .ARM.Collect$$libinit$$00000012  c_w.l(libinit2.o)
    0x08000254   0x00000000   Code   RO         2349    .ARM.Collect$$libinit$$00000013  c_w.l(libinit2.o)
    0x08000254   0x00000000   Code   RO         2351    .ARM.Collect$$libinit$$00000015  c_w.l(libinit2.o)
    0x08000254   0x00000000   Code   RO         2353    .ARM.Collect$$libinit$$00000017  c_w.l(libinit2.o)
    0x08000254   0x00000000   Code   RO         2355    .ARM.Collect$$libinit$$00000019  c_w.l(libinit2.o)
    0x08000254   0x00000000   Code   RO         2357    .ARM.Collect$$libinit$$0000001B  c_w.l(libinit2.o)
    0x08000254   0x00000000   Code   RO         2359    .ARM.Collect$$libinit$$0000001D  c_w.l(libinit2.o)
    0x08000254   0x00000000   Code   RO         2361    .ARM.Collect$$libinit$$0000001F  c_w.l(libinit2.o)
    0x08000254   0x00000000   Code   RO         2363    .ARM.Collect$$libinit$$00000021  c_w.l(libinit2.o)
    0x08000254   0x00000000   Code   RO         2365    .ARM.Collect$$libinit$$00000023  c_w.l(libinit2.o)
    0x08000254   0x00000000   Code   RO         2367    .ARM.Collect$$libinit$$00000025  c_w.l(libinit2.o)
    0x08000254   0x00000000   Code   RO         2371    .ARM.Collect$$libinit$$0000002C  c_w.l(libinit2.o)
    0x08000254   0x00000000   Code   RO         2373    .ARM.Collect$$libinit$$0000002E  c_w.l(libinit2.o)
    0x08000254   0x00000000   Code   RO         2375    .ARM.Collect$$libinit$$00000030  c_w.l(libinit2.o)
    0x08000254   0x00000000   Code   RO         2377    .ARM.Collect$$libinit$$00000032  c_w.l(libinit2.o)
    0x08000254   0x00000002   Code   RO         2378    .ARM.Collect$$libinit$$00000033  c_w.l(libinit2.o)
    0x08000256   0x00000002   Code   RO         2398    .ARM.Collect$$libshutdown$$00000000  c_w.l(libshutdown.o)
    0x08000258   0x00000000   Code   RO         2411    .ARM.Collect$$libshutdown$$00000002  c_w.l(libshutdown2.o)
    0x08000258   0x00000000   Code   RO         2413    .ARM.Collect$$libshutdown$$00000004  c_w.l(libshutdown2.o)
    0x08000258   0x00000000   Code   RO         2416    .ARM.Collect$$libshutdown$$00000007  c_w.l(libshutdown2.o)
    0x08000258   0x00000000   Code   RO         2419    .ARM.Collect$$libshutdown$$0000000A  c_w.l(libshutdown2.o)
    0x08000258   0x00000000   Code   RO         2421    .ARM.Collect$$libshutdown$$0000000C  c_w.l(libshutdown2.o)
    0x08000258   0x00000000   Code   RO         2424    .ARM.Collect$$libshutdown$$0000000F  c_w.l(libshutdown2.o)
    0x08000258   0x00000002   Code   RO         2425    .ARM.Collect$$libshutdown$$00000010  c_w.l(libshutdown2.o)
    0x0800025a   0x00000000   Code   RO         2282    .ARM.Collect$$rtentry$$00000000  c_w.l(__rtentry.o)
    0x0800025a   0x00000000   Code   RO         2294    .ARM.Collect$$rtentry$$00000002  c_w.l(__rtentry2.o)
    0x0800025a   0x00000006   Code   RO         2306    .ARM.Collect$$rtentry$$00000004  c_w.l(__rtentry4.o)
    0x08000260   0x00000000   Code   RO         2296    .ARM.Collect$$rtentry$$00000009  c_w.l(__rtentry2.o)
    0x08000260   0x00000004   Code   RO         2297    .ARM.Collect$$rtentry$$0000000A  c_w.l(__rtentry2.o)
    0x08000264   0x00000000   Code   RO         2299    .ARM.Collect$$rtentry$$0000000C  c_w.l(__rtentry2.o)
    0x08000264   0x00000008   Code   RO         2300    .ARM.Collect$$rtentry$$0000000D  c_w.l(__rtentry2.o)
    0x0800026c   0x00000002   Code   RO         2332    .ARM.Collect$$rtexit$$00000000  c_w.l(rtexit.o)
    0x0800026e   0x00000000   Code   RO         2380    .ARM.Collect$$rtexit$$00000002  c_w.l(rtexit2.o)
    0x0800026e   0x00000004   Code   RO         2381    .ARM.Collect$$rtexit$$00000003  c_w.l(rtexit2.o)
    0x08000272   0x00000006   Code   RO         2382    .ARM.Collect$$rtexit$$00000004  c_w.l(rtexit2.o)
    0x08000278   0x00000004   Code   RO            1    .text               main.o
    0x0800027c   0x0000011c   Code   RO           40    .text               board.o
    0x08000398   0x00000604   Code   RO          159    .text               drv_usart.o
    0x0800099c   0x00000010   Code   RO          201    .text               stm32f4xx_it.o
    0x080009ac   0x00000120   Code   RO          225    .text               system_stm32f4xx.o
    0x08000acc   0x00000040   Code   RO          260    .text               startup_stm32f407xx.o
    0x08000b0c   0x000001a0   Code   RO          267    .text               stm32f4xx_hal.o
    0x08000cac   0x0000031c   Code   RO          365    .text               stm32f4xx_hal_cortex.o
    0x08000fc8   0x00000618   Code   RO          519    .text               stm32f4xx_hal_dma.o
    0x080015e0   0x000003c4   Code   RO          728    .text               stm32f4xx_hal_gpio.o
    0x080019a4   0x00000008   Code   RO          968    .text               stm32f4xx_hal_msp_template.o
    0x080019ac   0x00000a44   Code   RO         1148    .text               stm32f4xx_hal_rcc.o
    0x080023f0   0x00000f4e   Code   RO         1433    .text               stm32f4xx_hal_uart.o
    0x0800333e   0x00000002   PAD
    0x08003340   0x00000064   Code   RO         1568    .text               clock.o
    0x080033a4   0x000000d4   Code   RO         1585    .text               components.o
    0x08003478   0x00000324   Code   RO         1613    .text               device.o
    0x0800379c   0x00000134   Code   RO         1627    .text               idle.o
    0x080038d0   0x00001654   Code   RO         1647    .text               ipc.o
    0x08004f24   0x00000048   Code   RO         1664    .text               irq.o
    0x08004f6c   0x00000a4c   Code   RO         1679    .text               kservice.o
    0x080059b8   0x00000874   Code   RO         1699    .text               mem.o
    0x0800622c   0x000002dc   Code   RO         1751    .text               object.o
    0x08006508   0x000002e0   Code   RO         1770    .text               scheduler.o
    0x080067e8   0x0000059c   Code   RO         1791    .text               thread.o
    0x08006d84   0x0000045c   Code   RO         1808    .text               timer.o
    0x080071e0   0x00000190   Code   RO         1827    .text               cpuport.o
    0x08007370   0x0000010c   Code   RO         1843    .text               context_rvds.o
    0x0800747c   0x00000884   Code   RO         1881    .text               serial.o
    0x08007d00   0x000001c8   Code   RO         1894    .text               completion.o
    0x08007ec8   0x00000414   Code   RO         1910    .text               dataqueue.o
    0x080082dc   0x000009e4   Code   RO         1999    .text               shell.o
    0x08008cc0   0x00000bc4   Code   RO         2034    .text               cmd.o
    0x08009884   0x00001818   Code   RO         2058    .text               finsh_compiler.o
    0x0800b09c   0x0000002c   Code   RO         2095    .text               finsh_error.o
    0x0800b0c8   0x00000210   Code   RO         2111    .text               finsh_heap.o
    0x0800b2d8   0x00000058   Code   RO         2127    .text               finsh_init.o
    0x0800b330   0x00000184   Code   RO         2145    .text               finsh_node.o
    0x0800b4b4   0x00000adc   Code   RO         2160    .text               finsh_ops.o
    0x0800bf90   0x0000097c   Code   RO         2178    .text               finsh_parser.o
    0x0800c90c   0x0000019c   Code   RO         2193    .text               finsh_var.o
    0x0800caa8   0x000000e4   Code   RO         2216    .text               finsh_vm.o
    0x0800cb8c   0x00000680   Code   RO         2243    .text               finsh_token.o
    0x0800d20c   0x0000001a   Code   RO         2260    .text               c_w.l(atoi.o)
    0x0800d226   0x0000003e   Code   RO         2262    .text               c_w.l(strlen.o)
    0x0800d264   0x00000096   Code   RO         2264    .text               c_w.l(strncmp.o)
    0x0800d2fa   0x0000008a   Code   RO         2266    .text               c_w.l(rt_memcpy_v6.o)
    0x0800d384   0x00000064   Code   RO         2268    .text               c_w.l(rt_memcpy_w.o)
    0x0800d3e8   0x00000044   Code   RO         2270    .text               c_w.l(rt_memclr.o)
    0x0800d42c   0x0000004e   Code   RO         2272    .text               c_w.l(rt_memclr_w.o)
    0x0800d47a   0x00000056   Code   RO         2274    .text               c_w.l(strncpy.o)
    0x0800d4d0   0x00000080   Code   RO         2276    .text               c_w.l(strcmpv7m.o)
    0x0800d550   0x00000006   Code   RO         2278    .text               c_w.l(heapauxi.o)
    0x0800d556   0x00000002   PAD
    0x0800d558   0x00000008   Code   RO         2286    .text               c_w.l(rt_errno_addr_intlibspace.o)
    0x0800d560   0x00000070   Code   RO         2288    .text               c_w.l(strtol.o)
    0x0800d5d0   0x00000008   Code   RO         2290    .text               c_w.l(libspace.o)
    0x0800d5d8   0x00000010   Code   RO         2308    .text               c_w.l(rt_ctype_table.o)
    0x0800d5e8   0x0000009e   Code   RO         2310    .text               c_w.l(_strtoul.o)
    0x0800d686   0x0000004a   Code   RO         2312    .text               c_w.l(sys_stackheap_outer.o)
    0x0800d6d0   0x00000008   Code   RO         2317    .text               c_w.l(rt_locale_intlibspace.o)
    0x0800d6d8   0x0000001c   Code   RO         2319    .text               c_w.l(_chval.o)
    0x0800d6f4   0x00000012   Code   RO         2324    .text               c_w.l(exit.o)
    0x0800d706   0x00000002   PAD
    0x0800d708   0x0000000c   Code   RO         2390    .text               c_w.l(sys_exit.o)
    0x0800d714   0x00000002   Code   RO         2401    .text               c_w.l(use_no_semi.o)
    0x0800d716   0x00000000   Code   RO         2403    .text               c_w.l(indicate_semi.o)
    0x0800d716   0x00000002   PAD
    0x0800d718   0x0000002c   Code   RO         2322    locale$$code        c_w.l(lc_ctype_c.o)
    0x0800d744   0x0000000a   Code   RO         2388    x$fpl$fpinit        fz_wm.l(fpinit.o)
    0x0800d74e   0x00000002   PAD
    0x0800d750   0x00000048   Data   RO          161    .constdata          drv_usart.o
    0x0800d798   0x00000010   Data   RO          226    .constdata          system_stm32f4xx.o
    0x0800d7a8   0x00000008   Data   RO          520    .constdata          stm32f4xx_hal_dma.o
    0x0800d7b0   0x00000010   Data   RO         1149    .constdata          stm32f4xx_hal_rcc.o
    0x0800d7c0   0x00000014   Data   RO         1586    .constdata          components.o
    0x0800d7d4   0x000000a8   Data   RO         1614    .constdata          device.o
    0x0800d87c   0x00000016   Data   RO         1629    .constdata          idle.o
    0x0800d892   0x000001d7   Data   RO         1648    .constdata          ipc.o
    0x0800da69   0x00000122   Data   RO         1681    .constdata          kservice.o
    0x0800db8b   0x00000046   Data   RO         1701    .constdata          mem.o
    0x0800dbd1   0x0000005e   Data   RO         1752    .constdata          object.o
    0x0800dc2f   0x0000004e   Data   RO         1772    .constdata          scheduler.o
    0x0800dc7d   0x000000aa   Data   RO         1792    .constdata          thread.o
    0x0800dd27   0x0000005c   Data   RO         1809    .constdata          timer.o
    0x0800dd83   0x00000013   Data   RO         1828    .constdata          cpuport.o
    0x0800dd96   0x000000d3   Data   RO         1882    .constdata          serial.o
    0x0800de69   0x00000039   Data   RO         1895    .constdata          completion.o
    0x0800dea2   0x0000004b   Data   RO         1911    .constdata          dataqueue.o
    0x0800deed   0x00000060   Data   RO         2001    .constdata          shell.o
    0x0800df4d   0x00000003   PAD
    0x0800df50   0x00000050   Data   RO         2035    .constdata          cmd.o
    0x0800dfa0   0x000000c4   Data   RO         2161    .constdata          finsh_ops.o
    0x0800e064   0x00000040   Data   RO         2244    .constdata          finsh_token.o
    0x0800e0a4   0x000000ed   Data   RO         1702    .conststring        mem.o
    0x0800e191   0x00000003   PAD
    0x0800e194   0x000001ad   Data   RO         2036    .conststring        cmd.o
    0x0800e341   0x00000003   PAD
    0x0800e344   0x000000f3   Data   RO         2096    .conststring        finsh_error.o
    0x0800e437   0x00000001   PAD
    0x0800e438   0x0000003e   Data   RO         2245    .conststring        finsh_token.o
    0x0800e476   0x00000027   Data   RO         1704    .rodata.name        mem.o
    0x0800e49d   0x000001b3   Data   RO         2038    .rodata.name        cmd.o
    0x0800e650   0x00000004   Data   RO         1587    .rti_fn.0           components.o
    0x0800e654   0x00000004   Data   RO         1588    .rti_fn.0.end       components.o
    0x0800e658   0x00000004   Data   RO          162    .rti_fn.1           drv_usart.o
    0x0800e65c   0x00000004   Data   RO         1589    .rti_fn.1.end       components.o
    0x0800e660   0x00000004   Data   RO         2003    .rti_fn.3           shell.o
    0x0800e664   0x00000004   Data   RO         1590    .rti_fn.6.end       components.o
    0x0800e668   0x0000000c   Data   RO         1705    FSymTab             mem.o
    0x0800e674   0x00000090   Data   RO         2039    FSymTab             cmd.o
    0x0800e704   0x00000020   Data   RO         2456    Region$$Table       anon$$obj.o
    0x0800e724   0x00000010   Data   RO         2040    VSymTab             cmd.o
    0x0800e734   0x00000110   Data   RO         2321    locale$$data        c_w.l(lc_ctype_c.o)


    Execution Region RW_IRAM1 (Base: 0x20000000, Size: 0x00002260, Max: 0x00020000, ABSOLUTE, COMPRESSED[0x00000088])

    Base Addr    Size         Type   Attr      Idx    E Section Name        Object

    0x20000000   0x00000004   Data   RW          227    .data               system_stm32f4xx.o
    0x20000004   0x00000004   Data   RW          268    .data               stm32f4xx_hal.o
    0x20000008   0x00000004   Data   RW         1569    .data               clock.o
    0x2000000c   0x00000004   Data   RW         1630    .data               idle.o
    0x20000010   0x00000001   Data   RW         1665    .data               irq.o
    0x20000011   0x00000003   PAD
    0x20000014   0x0000000c   Data   RW         1682    .data               kservice.o
    0x20000020   0x00000020   Data   RW         1703    .data               mem.o
    0x20000040   0x000000a4   Data   RW         1753    .data               object.o
    0x200000e4   0x0000001c   Data   RW         1773    .data               scheduler.o
    0x20000100   0x00000010   Data   RW         1810    .data               timer.o
    0x20000110   0x00000010   Data   RW         1829    .data               cpuport.o
    0x20000120   0x00000004   Data   RW         2002    .data               shell.o
    0x20000124   0x00000010   Data   RW         2021    .data               symbol.o
    0x20000134   0x00000004   Data   RW         2037    .data               cmd.o
    0x20000138   0x00000008   Data   RW         2059    .data               finsh_compiler.o
    0x20000140   0x00000040   Data   RW         2097    .data               finsh_error.o
    0x20000180   0x00000008   Data   RW         2113    .data               finsh_heap.o
    0x20000188   0x00000004   Data   RW         2195    .data               finsh_var.o
    0x2000018c   0x0000000c   Data   RW         2218    .data               finsh_vm.o
    0x20000198   0x000001c8   Zero   RW          160    .bss                drv_usart.o
    0x20000360   0x00000480   Zero   RW         1628    .bss                idle.o
    0x200007e0   0x00000080   Zero   RW         1680    .bss                kservice.o
    0x20000860   0x00000020   Zero   RW         1700    .bss                mem.o
    0x20000880   0x00000100   Zero   RW         1771    .bss                scheduler.o
    0x20000980   0x00000880   Zero   RW         2000    .bss                shell.o
    0x20001200   0x00000080   Zero   RW         2112    .bss                finsh_heap.o
    0x20001280   0x00000140   Zero   RW         2146    .bss                finsh_node.o
    0x200013c0   0x000000c0   Zero   RW         2194    .bss                finsh_var.o
    0x20001480   0x00000180   Zero   RW         2217    .bss                finsh_vm.o
    0x20001600   0x00000060   Zero   RW         2291    .bss                c_w.l(libspace.o)
    0x20001660   0x00000800   Zero   RW          258    HEAP                startup_stm32f407xx.o
    0x20001e60   0x00000400   Zero   RW          257    STACK               startup_stm32f407xx.o


==============================================================================

Image component sizes


      Code (inc. data)   RO Data    RW Data    ZI Data      Debug   Object Name

       284         26          0          0          0     345329   board.o
       100          6          0          4          0       1608   clock.o
      3012       1244       1104          4          0      10527   cmd.o
       456        124         57          0          0       2895   completion.o
       212         40         36          0          0       2590   components.o
       268         24          0          0          0        812   context_rvds.o
       400        188         19         16          0       3751   cpuport.o
      1044        114         75          0          0       6309   dataqueue.o
       804        132        168          0          0       4941   device.o
      1540        194         76          0        456      36911   drv_usart.o
      6168        154          0          8          0      10934   finsh_compiler.o
        44         10        243         64          0       1721   finsh_error.o
       528         18          0          8        128       3447   finsh_heap.o
        88          6          0          0          0       1676   finsh_init.o
       388          4          0          0        320       3472   finsh_node.o
      2780         36        196          0          0       8872   finsh_ops.o
      2428         32          0          0          0       9793   finsh_parser.o
      1664         16        126          0          0       6272   finsh_token.o
       412         18          0          4        192       7445   finsh_var.o
       228         34          0         12        384       7062   finsh_vm.o
       308         74         22          4       1152       2903   idle.o
      5716        422        471          0          0      20147   ipc.o
        72          6          0          1          0       1406   irq.o
      2636        230        290         12        128      11988   kservice.o
         4          0          0          0          0      11051   main.o
      2164        560        358         32         32      11094   mem.o
       732        150         94        164          0       5792   object.o
       736        150         78         28        256       4753   scheduler.o
      2180        314        211          0          0       7889   serial.o
      2532        276        100          4       2176       6119   shell.o
        64         26        392          0       3072        820   startup_stm32f407xx.o
       416         26          0          4          0       4814   stm32f4xx_hal.o
       796         20          0          0          0      32199   stm32f4xx_hal_cortex.o
      1560         16          8          0          0       5112   stm32f4xx_hal_dma.o
       964         50          0          0          0       3747   stm32f4xx_hal_gpio.o
         8          0          0          0          0        818   stm32f4xx_hal_msp_template.o
      2628         66         16          0          0       5670   stm32f4xx_hal_rcc.o
      3918         28          0          0          0      12779   stm32f4xx_hal_uart.o
        16          0          0          0          0        856   stm32f4xx_it.o
         0          0          0         16          0       4321   symbol.o
       288         32         16          4          0       1747   system_stm32f4xx.o
      1436        208        170          0          0       7593   thread.o
      1116        100         92         16          0       6911   timer.o

    ----------------------------------------------------------------------
     53140       5174       4460        408       8296     646896   Object Totals
         0          0         32          0          0          0   (incl. Generated)
         2          0         10          3          0          0   (incl. Padding)

    ----------------------------------------------------------------------

      Code (inc. data)   RO Data    RW Data    ZI Data      Debug   Library Member Name

        90          0          0          0          0          0   __dczerorl2.o
         8          0          0          0          0         68   __main.o
         0          0          0          0          0          0   __rtentry.o
        12          0          0          0          0          0   __rtentry2.o
         6          0          0          0          0          0   __rtentry4.o
        52          8          0          0          0          0   __scatter.o
        28          0          0          0          0          0   __scatter_zi.o
        28          0          0          0          0         68   _chval.o
       158          0          0          0          0         92   _strtoul.o
        26          0          0          0          0         80   atoi.o
        18          0          0          0          0         80   exit.o
         6          0          0          0          0        152   heapauxi.o
         0          0          0          0          0          0   indicate_semi.o
        44         10        272          0          0         76   lc_ctype_c.o
         2          0          0          0          0          0   libinit.o
        24          0          0          0          0          0   libinit2.o
         2          0          0          0          0          0   libshutdown.o
         2          0          0          0          0          0   libshutdown2.o
         8          4          0          0         96         68   libspace.o
        16          4          0          0          0         76   rt_ctype_table.o
         8          4          0          0          0         68   rt_errno_addr_intlibspace.o
         8          4          0          0          0         68   rt_locale_intlibspace.o
        68          0          0          0          0         68   rt_memclr.o
        78          0          0          0          0         80   rt_memclr_w.o
       138          0          0          0          0         68   rt_memcpy_v6.o
       100          0          0          0          0         80   rt_memcpy_w.o
         2          0          0          0          0          0   rtexit.o
        10          0          0          0          0          0   rtexit2.o
       128          0          0          0          0         68   strcmpv7m.o
        62          0          0          0          0         76   strlen.o
       150          0          0          0          0         80   strncmp.o
        86          0          0          0          0         76   strncpy.o
       112          0          0          0          0         88   strtol.o
        12          4          0          0          0         68   sys_exit.o
        74          0          0          0          0         80   sys_stackheap_outer.o
         2          0          0          0          0         68   use_no_semi.o
        10          0          0          0          0        116   fpinit.o

    ----------------------------------------------------------------------
      1588         38        272          0         96       1912   Library Totals
        10          0          0          0          0          0   (incl. Padding)

    ----------------------------------------------------------------------

      Code (inc. data)   RO Data    RW Data    ZI Data      Debug   Library Name

      1568         38        272          0         96       1796   c_w.l
        10          0          0          0          0        116   fz_wm.l

    ----------------------------------------------------------------------
      1588         38        272          0         96       1912   Library Totals

    ----------------------------------------------------------------------

==============================================================================


      Code (inc. data)   RO Data    RW Data    ZI Data      Debug   

     54728       5212       4732        408       8392     639820   Grand Totals
     54728       5212       4732        136       8392     639820   ELF Image Totals (compressed)
     54728       5212       4732        136          0          0   ROM Totals

==============================================================================

    Total RO  Size (Code + RO Data)                59460 (  58.07kB)
    Total RW  Size (RW Data + ZI Data)              8800 (   8.59kB)
    Total ROM Size (Code + RO Data + RW Data)      59596 (  58.20kB)

==============================================================================

