Component: ARM Compiler 5.06 update 1 (build 61) Tool: armlink [4d35a8]

==============================================================================

Removing Unused input sections from the image.

    Removing board.o(.rev16_text), (4 bytes).
    Removing board.o(.revsh_text), (4 bytes).
    Removing board.o(.rrx_text), (6 bytes).
    Removing stm32f4xx_it.o(.rev16_text), (4 bytes).
    Removing stm32f4xx_it.o(.revsh_text), (4 bytes).
    Removing stm32f4xx_it.o(.rrx_text), (6 bytes).
    Removing drv_usart.o(.rev16_text), (4 bytes).
    Removing drv_usart.o(.revsh_text), (4 bytes).
    Removing drv_usart.o(.rrx_text), (6 bytes).
    Removing TFT_lcd.o(.rev16_text), (4 bytes).
    Removing TFT_lcd.o(.revsh_text), (4 bytes).
    Removing TFT_lcd.o(.rrx_text), (6 bytes).
    Removing drv_lcd_st7735.o(.rev16_text), (4 bytes).
    Removing drv_lcd_st7735.o(.revsh_text), (4 bytes).
    Removing drv_lcd_st7735.o(.rrx_text), (6 bytes).
    Removing drv_lcd_st7735.o(.data), (56 bytes).
    Removing system_stm32f4xx.o(.rev16_text), (4 bytes).
    Removing system_stm32f4xx.o(.revsh_text), (4 bytes).
    Removing system_stm32f4xx.o(.rrx_text), (6 bytes).
    Removing stm32f4xx_hal.o(.rev16_text), (4 bytes).
    Removing stm32f4xx_hal.o(.revsh_text), (4 bytes).
    Removing stm32f4xx_hal.o(.rrx_text), (6 bytes).
    Removing stm32f4xx_hal_adc.o(.rev16_text), (4 bytes).
    Removing stm32f4xx_hal_adc.o(.revsh_text), (4 bytes).
    Removing stm32f4xx_hal_adc.o(.rrx_text), (6 bytes).
    Removing stm32f4xx_hal_adc_ex.o(.rev16_text), (4 bytes).
    Removing stm32f4xx_hal_adc_ex.o(.revsh_text), (4 bytes).
    Removing stm32f4xx_hal_adc_ex.o(.rrx_text), (6 bytes).
    Removing stm32f4xx_hal_can.o(.rev16_text), (4 bytes).
    Removing stm32f4xx_hal_can.o(.revsh_text), (4 bytes).
    Removing stm32f4xx_hal_can.o(.rrx_text), (6 bytes).
    Removing stm32f4xx_hal_cec.o(.rev16_text), (4 bytes).
    Removing stm32f4xx_hal_cec.o(.revsh_text), (4 bytes).
    Removing stm32f4xx_hal_cec.o(.rrx_text), (6 bytes).
    Removing stm32f4xx_hal_cortex.o(.rev16_text), (4 bytes).
    Removing stm32f4xx_hal_cortex.o(.revsh_text), (4 bytes).
    Removing stm32f4xx_hal_cortex.o(.rrx_text), (6 bytes).
    Removing stm32f4xx_hal_crc.o(.rev16_text), (4 bytes).
    Removing stm32f4xx_hal_crc.o(.revsh_text), (4 bytes).
    Removing stm32f4xx_hal_crc.o(.rrx_text), (6 bytes).
    Removing stm32f4xx_hal_cryp.o(.rev16_text), (4 bytes).
    Removing stm32f4xx_hal_cryp.o(.revsh_text), (4 bytes).
    Removing stm32f4xx_hal_cryp.o(.rrx_text), (6 bytes).
    Removing stm32f4xx_hal_cryp_ex.o(.rev16_text), (4 bytes).
    Removing stm32f4xx_hal_cryp_ex.o(.revsh_text), (4 bytes).
    Removing stm32f4xx_hal_cryp_ex.o(.rrx_text), (6 bytes).
    Removing stm32f4xx_hal_dac.o(.rev16_text), (4 bytes).
    Removing stm32f4xx_hal_dac.o(.revsh_text), (4 bytes).
    Removing stm32f4xx_hal_dac.o(.rrx_text), (6 bytes).
    Removing stm32f4xx_hal_dac_ex.o(.rev16_text), (4 bytes).
    Removing stm32f4xx_hal_dac_ex.o(.revsh_text), (4 bytes).
    Removing stm32f4xx_hal_dac_ex.o(.rrx_text), (6 bytes).
    Removing stm32f4xx_hal_dcmi.o(.rev16_text), (4 bytes).
    Removing stm32f4xx_hal_dcmi.o(.revsh_text), (4 bytes).
    Removing stm32f4xx_hal_dcmi.o(.rrx_text), (6 bytes).
    Removing stm32f4xx_hal_dcmi_ex.o(.rev16_text), (4 bytes).
    Removing stm32f4xx_hal_dcmi_ex.o(.revsh_text), (4 bytes).
    Removing stm32f4xx_hal_dcmi_ex.o(.rrx_text), (6 bytes).
    Removing stm32f4xx_hal_dma.o(.rev16_text), (4 bytes).
    Removing stm32f4xx_hal_dma.o(.revsh_text), (4 bytes).
    Removing stm32f4xx_hal_dma.o(.rrx_text), (6 bytes).
    Removing stm32f4xx_hal_dma2d.o(.rev16_text), (4 bytes).
    Removing stm32f4xx_hal_dma2d.o(.revsh_text), (4 bytes).
    Removing stm32f4xx_hal_dma2d.o(.rrx_text), (6 bytes).
    Removing stm32f4xx_hal_dma_ex.o(.rev16_text), (4 bytes).
    Removing stm32f4xx_hal_dma_ex.o(.revsh_text), (4 bytes).
    Removing stm32f4xx_hal_dma_ex.o(.rrx_text), (6 bytes).
    Removing stm32f4xx_hal_dma_ex.o(.text), (370 bytes).
    Removing stm32f4xx_hal_dsi.o(.rev16_text), (4 bytes).
    Removing stm32f4xx_hal_dsi.o(.revsh_text), (4 bytes).
    Removing stm32f4xx_hal_dsi.o(.rrx_text), (6 bytes).
    Removing stm32f4xx_hal_eth.o(.rev16_text), (4 bytes).
    Removing stm32f4xx_hal_eth.o(.revsh_text), (4 bytes).
    Removing stm32f4xx_hal_eth.o(.rrx_text), (6 bytes).
    Removing stm32f4xx_hal_flash.o(.rev16_text), (4 bytes).
    Removing stm32f4xx_hal_flash.o(.revsh_text), (4 bytes).
    Removing stm32f4xx_hal_flash.o(.rrx_text), (6 bytes).
    Removing stm32f4xx_hal_flash.o(.text), (1156 bytes).
    Removing stm32f4xx_hal_flash.o(.bss), (32 bytes).
    Removing stm32f4xx_hal_flash_ex.o(.rev16_text), (4 bytes).
    Removing stm32f4xx_hal_flash_ex.o(.revsh_text), (4 bytes).
    Removing stm32f4xx_hal_flash_ex.o(.rrx_text), (6 bytes).
    Removing stm32f4xx_hal_flash_ex.o(.text), (1004 bytes).
    Removing stm32f4xx_hal_flash_ramfunc.o(.rev16_text), (4 bytes).
    Removing stm32f4xx_hal_flash_ramfunc.o(.revsh_text), (4 bytes).
    Removing stm32f4xx_hal_flash_ramfunc.o(.rrx_text), (6 bytes).
    Removing stm32f4xx_hal_fmpi2c.o(.rev16_text), (4 bytes).
    Removing stm32f4xx_hal_fmpi2c.o(.revsh_text), (4 bytes).
    Removing stm32f4xx_hal_fmpi2c.o(.rrx_text), (6 bytes).
    Removing stm32f4xx_hal_fmpi2c_ex.o(.rev16_text), (4 bytes).
    Removing stm32f4xx_hal_fmpi2c_ex.o(.revsh_text), (4 bytes).
    Removing stm32f4xx_hal_fmpi2c_ex.o(.rrx_text), (6 bytes).
    Removing stm32f4xx_hal_gpio.o(.rev16_text), (4 bytes).
    Removing stm32f4xx_hal_gpio.o(.revsh_text), (4 bytes).
    Removing stm32f4xx_hal_gpio.o(.rrx_text), (6 bytes).
    Removing stm32f4xx_hal_hash.o(.rev16_text), (4 bytes).
    Removing stm32f4xx_hal_hash.o(.revsh_text), (4 bytes).
    Removing stm32f4xx_hal_hash.o(.rrx_text), (6 bytes).
    Removing stm32f4xx_hal_hash_ex.o(.rev16_text), (4 bytes).
    Removing stm32f4xx_hal_hash_ex.o(.revsh_text), (4 bytes).
    Removing stm32f4xx_hal_hash_ex.o(.rrx_text), (6 bytes).
    Removing stm32f4xx_hal_hcd.o(.rev16_text), (4 bytes).
    Removing stm32f4xx_hal_hcd.o(.revsh_text), (4 bytes).
    Removing stm32f4xx_hal_hcd.o(.rrx_text), (6 bytes).
    Removing stm32f4xx_hal_i2c.o(.rev16_text), (4 bytes).
    Removing stm32f4xx_hal_i2c.o(.revsh_text), (4 bytes).
    Removing stm32f4xx_hal_i2c.o(.rrx_text), (6 bytes).
    Removing stm32f4xx_hal_i2c_ex.o(.rev16_text), (4 bytes).
    Removing stm32f4xx_hal_i2c_ex.o(.revsh_text), (4 bytes).
    Removing stm32f4xx_hal_i2c_ex.o(.rrx_text), (6 bytes).
    Removing stm32f4xx_hal_i2s.o(.rev16_text), (4 bytes).
    Removing stm32f4xx_hal_i2s.o(.revsh_text), (4 bytes).
    Removing stm32f4xx_hal_i2s.o(.rrx_text), (6 bytes).
    Removing stm32f4xx_hal_i2s_ex.o(.rev16_text), (4 bytes).
    Removing stm32f4xx_hal_i2s_ex.o(.revsh_text), (4 bytes).
    Removing stm32f4xx_hal_i2s_ex.o(.rrx_text), (6 bytes).
    Removing stm32f4xx_hal_irda.o(.rev16_text), (4 bytes).
    Removing stm32f4xx_hal_irda.o(.revsh_text), (4 bytes).
    Removing stm32f4xx_hal_irda.o(.rrx_text), (6 bytes).
    Removing stm32f4xx_hal_iwdg.o(.rev16_text), (4 bytes).
    Removing stm32f4xx_hal_iwdg.o(.revsh_text), (4 bytes).
    Removing stm32f4xx_hal_iwdg.o(.rrx_text), (6 bytes).
    Removing stm32f4xx_hal_lptim.o(.rev16_text), (4 bytes).
    Removing stm32f4xx_hal_lptim.o(.revsh_text), (4 bytes).
    Removing stm32f4xx_hal_lptim.o(.rrx_text), (6 bytes).
    Removing stm32f4xx_hal_ltdc.o(.rev16_text), (4 bytes).
    Removing stm32f4xx_hal_ltdc.o(.revsh_text), (4 bytes).
    Removing stm32f4xx_hal_ltdc.o(.rrx_text), (6 bytes).
    Removing stm32f4xx_hal_ltdc_ex.o(.rev16_text), (4 bytes).
    Removing stm32f4xx_hal_ltdc_ex.o(.revsh_text), (4 bytes).
    Removing stm32f4xx_hal_ltdc_ex.o(.rrx_text), (6 bytes).
    Removing stm32f4xx_hal_msp_template.o(.rev16_text), (4 bytes).
    Removing stm32f4xx_hal_msp_template.o(.revsh_text), (4 bytes).
    Removing stm32f4xx_hal_msp_template.o(.rrx_text), (6 bytes).
    Removing stm32f4xx_hal_nand.o(.rev16_text), (4 bytes).
    Removing stm32f4xx_hal_nand.o(.revsh_text), (4 bytes).
    Removing stm32f4xx_hal_nand.o(.rrx_text), (6 bytes).
    Removing stm32f4xx_hal_nor.o(.rev16_text), (4 bytes).
    Removing stm32f4xx_hal_nor.o(.revsh_text), (4 bytes).
    Removing stm32f4xx_hal_nor.o(.rrx_text), (6 bytes).
    Removing stm32f4xx_hal_pccard.o(.rev16_text), (4 bytes).
    Removing stm32f4xx_hal_pccard.o(.revsh_text), (4 bytes).
    Removing stm32f4xx_hal_pccard.o(.rrx_text), (6 bytes).
    Removing stm32f4xx_hal_pcd.o(.rev16_text), (4 bytes).
    Removing stm32f4xx_hal_pcd.o(.revsh_text), (4 bytes).
    Removing stm32f4xx_hal_pcd.o(.rrx_text), (6 bytes).
    Removing stm32f4xx_hal_pcd_ex.o(.rev16_text), (4 bytes).
    Removing stm32f4xx_hal_pcd_ex.o(.revsh_text), (4 bytes).
    Removing stm32f4xx_hal_pcd_ex.o(.rrx_text), (6 bytes).
    Removing stm32f4xx_hal_pwr.o(.rev16_text), (4 bytes).
    Removing stm32f4xx_hal_pwr.o(.revsh_text), (4 bytes).
    Removing stm32f4xx_hal_pwr.o(.rrx_text), (6 bytes).
    Removing stm32f4xx_hal_pwr.o(.text), (524 bytes).
    Removing stm32f4xx_hal_pwr_ex.o(.rev16_text), (4 bytes).
    Removing stm32f4xx_hal_pwr_ex.o(.revsh_text), (4 bytes).
    Removing stm32f4xx_hal_pwr_ex.o(.rrx_text), (6 bytes).
    Removing stm32f4xx_hal_pwr_ex.o(.text), (312 bytes).
    Removing stm32f4xx_hal_qspi.o(.rev16_text), (4 bytes).
    Removing stm32f4xx_hal_qspi.o(.revsh_text), (4 bytes).
    Removing stm32f4xx_hal_qspi.o(.rrx_text), (6 bytes).
    Removing stm32f4xx_hal_rcc.o(.rev16_text), (4 bytes).
    Removing stm32f4xx_hal_rcc.o(.revsh_text), (4 bytes).
    Removing stm32f4xx_hal_rcc.o(.rrx_text), (6 bytes).
    Removing stm32f4xx_hal_rcc_ex.o(.rev16_text), (4 bytes).
    Removing stm32f4xx_hal_rcc_ex.o(.revsh_text), (4 bytes).
    Removing stm32f4xx_hal_rcc_ex.o(.rrx_text), (6 bytes).
    Removing stm32f4xx_hal_rcc_ex.o(.text), (616 bytes).
    Removing stm32f4xx_hal_rng.o(.rev16_text), (4 bytes).
    Removing stm32f4xx_hal_rng.o(.revsh_text), (4 bytes).
    Removing stm32f4xx_hal_rng.o(.rrx_text), (6 bytes).
    Removing stm32f4xx_hal_rtc.o(.rev16_text), (4 bytes).
    Removing stm32f4xx_hal_rtc.o(.revsh_text), (4 bytes).
    Removing stm32f4xx_hal_rtc.o(.rrx_text), (6 bytes).
    Removing stm32f4xx_hal_rtc_ex.o(.rev16_text), (4 bytes).
    Removing stm32f4xx_hal_rtc_ex.o(.revsh_text), (4 bytes).
    Removing stm32f4xx_hal_rtc_ex.o(.rrx_text), (6 bytes).
    Removing stm32f4xx_hal_sai.o(.rev16_text), (4 bytes).
    Removing stm32f4xx_hal_sai.o(.revsh_text), (4 bytes).
    Removing stm32f4xx_hal_sai.o(.rrx_text), (6 bytes).
    Removing stm32f4xx_hal_sai_ex.o(.rev16_text), (4 bytes).
    Removing stm32f4xx_hal_sai_ex.o(.revsh_text), (4 bytes).
    Removing stm32f4xx_hal_sai_ex.o(.rrx_text), (6 bytes).
    Removing stm32f4xx_hal_sd.o(.rev16_text), (4 bytes).
    Removing stm32f4xx_hal_sd.o(.revsh_text), (4 bytes).
    Removing stm32f4xx_hal_sd.o(.rrx_text), (6 bytes).
    Removing stm32f4xx_hal_sdram.o(.rev16_text), (4 bytes).
    Removing stm32f4xx_hal_sdram.o(.revsh_text), (4 bytes).
    Removing stm32f4xx_hal_sdram.o(.rrx_text), (6 bytes).
    Removing stm32f4xx_hal_smartcard.o(.rev16_text), (4 bytes).
    Removing stm32f4xx_hal_smartcard.o(.revsh_text), (4 bytes).
    Removing stm32f4xx_hal_smartcard.o(.rrx_text), (6 bytes).
    Removing stm32f4xx_hal_spdifrx.o(.rev16_text), (4 bytes).
    Removing stm32f4xx_hal_spdifrx.o(.revsh_text), (4 bytes).
    Removing stm32f4xx_hal_spdifrx.o(.rrx_text), (6 bytes).
    Removing stm32f4xx_hal_spi.o(.rev16_text), (4 bytes).
    Removing stm32f4xx_hal_spi.o(.revsh_text), (4 bytes).
    Removing stm32f4xx_hal_spi.o(.rrx_text), (6 bytes).
    Removing stm32f4xx_hal_sram.o(.rev16_text), (4 bytes).
    Removing stm32f4xx_hal_sram.o(.revsh_text), (4 bytes).
    Removing stm32f4xx_hal_sram.o(.rrx_text), (6 bytes).
    Removing stm32f4xx_hal_tim.o(.rev16_text), (4 bytes).
    Removing stm32f4xx_hal_tim.o(.revsh_text), (4 bytes).
    Removing stm32f4xx_hal_tim.o(.rrx_text), (6 bytes).
    Removing stm32f4xx_hal_tim_ex.o(.rev16_text), (4 bytes).
    Removing stm32f4xx_hal_tim_ex.o(.revsh_text), (4 bytes).
    Removing stm32f4xx_hal_tim_ex.o(.rrx_text), (6 bytes).
    Removing stm32f4xx_hal_uart.o(.rev16_text), (4 bytes).
    Removing stm32f4xx_hal_uart.o(.revsh_text), (4 bytes).
    Removing stm32f4xx_hal_uart.o(.rrx_text), (6 bytes).
    Removing stm32f4xx_hal_usart.o(.rev16_text), (4 bytes).
    Removing stm32f4xx_hal_usart.o(.revsh_text), (4 bytes).
    Removing stm32f4xx_hal_usart.o(.rrx_text), (6 bytes).
    Removing stm32f4xx_hal_usart.o(.text), (3750 bytes).
    Removing stm32f4xx_hal_wwdg.o(.rev16_text), (4 bytes).
    Removing stm32f4xx_hal_wwdg.o(.revsh_text), (4 bytes).
    Removing stm32f4xx_hal_wwdg.o(.rrx_text), (6 bytes).
    Removing stm32f4xx_ll_fmc.o(.rev16_text), (4 bytes).
    Removing stm32f4xx_ll_fmc.o(.revsh_text), (4 bytes).
    Removing stm32f4xx_ll_fmc.o(.rrx_text), (6 bytes).
    Removing stm32f4xx_ll_fsmc.o(.rev16_text), (4 bytes).
    Removing stm32f4xx_ll_fsmc.o(.revsh_text), (4 bytes).
    Removing stm32f4xx_ll_fsmc.o(.rrx_text), (6 bytes).
    Removing stm32f4xx_ll_sdmmc.o(.rev16_text), (4 bytes).
    Removing stm32f4xx_ll_sdmmc.o(.revsh_text), (4 bytes).
    Removing stm32f4xx_ll_sdmmc.o(.rrx_text), (6 bytes).
    Removing stm32f4xx_ll_usb.o(.rev16_text), (4 bytes).
    Removing stm32f4xx_ll_usb.o(.revsh_text), (4 bytes).
    Removing stm32f4xx_ll_usb.o(.rrx_text), (6 bytes).
    Removing mempool.o(.text), (1028 bytes).
    Removing mempool.o(.constdata), (62 bytes).
    Removing mempool.o(.data), (8 bytes).
    Removing backtrace.o(.text), (2 bytes).
    Removing div0.o(.text), (4 bytes).
    Removing showmem.o(.text), (120 bytes).
    Removing showmem.o(.constdata), (18 bytes).
    Removing spi_core.o(.text), (1544 bytes).
    Removing spi_core.o(.constdata), (163 bytes).
    Removing spi_dev.o(.text), (524 bytes).
    Removing spi_dev.o(.constdata), (129 bytes).
    Removing pipe.o(.text), (1148 bytes).
    Removing pipe.o(.constdata), (86 bytes).
    Removing portal.o(.text), (712 bytes).
    Removing portal.o(.constdata), (95 bytes).
    Removing ringbuffer.o(.text), (1176 bytes).
    Removing ringbuffer.o(.constdata), (151 bytes).
    Removing workqueue.o(.text), (396 bytes).
    Removing workqueue.o(.constdata), (90 bytes).
    Removing GUI_X.o(.rev16_text), (4 bytes).
    Removing GUI_X.o(.revsh_text), (4 bytes).
    Removing GUI_X.o(.rrx_text), (6 bytes).
    Removing guicc_m565.o(i.GUICC_M565_SetCustColorConv), (12 bytes).
    Removing gui_alloc.o(i.GUI_ALLOC_GetNumFreeBlocks), (12 bytes).
    Removing gui_alloc.o(i.GUI_ALLOC_GetNumUsedBlocks), (16 bytes).
    Removing gui_alloc.o(i.GUI_ALLOC_GetNumUsedBytes), (16 bytes).
    Removing gui_alloc.o(i.GUI_ALLOC_Lock), (16 bytes).
    Removing gui_alloc.o(i.GUI_ALLOC_SetMaxPercentage), (24 bytes).
    Removing gui_alloc.o(i.GUI_ALLOC_Unlock), (16 bytes).
    Removing gui_alloc.o(i.GUI_ALLOC_p2h), (6 bytes).
    Removing gui_char.o(i.GL_DispChar), (60 bytes).
    Removing gui_char.o(i.GUI_DispNextLine), (28 bytes).
    Removing gui_circ.o(i.GL_DrawEllipse), (208 bytes).
    Removing gui_circ.o(i.GL_FillEllipse), (126 bytes).
    Removing gui_circ.o(i.GUI_DrawEllipse), (140 bytes).
    Removing gui_circ.o(i.GUI_FillCircle), (48 bytes).
    Removing gui_circ.o(i.GUI_FillEllipse), (100 bytes).
    Removing gui_core.o(i.GUI_Exit), (32 bytes).
    Removing gui_core.o(i.GUI_SetDefaultFont), (12 bytes).
    Removing gui_core.o(i.GUI_SetFuncGetpPalConvTable), (12 bytes).
    Removing gui_curs1.o(i.GUI_CURSOR_GetState), (16 bytes).
    Removing gui_curs1.o(i.GUI_CURSOR_GetStateEx), (20 bytes).
    Removing gui_curs1.o(i.GUI_CURSOR_Select), (16 bytes).
    Removing gui_curs1.o(i.GUI_CURSOR_SelectEx), (200 bytes).
    Removing gui_curs1.o(i.GUI_CURSOR_SetBitmap), (16 bytes).
    Removing gui_curs1.o(i.GUI_CURSOR_SetBitmapEx), (80 bytes).
    Removing gui_curs1.o(i.GUI_CURSOR_SetPosition), (16 bytes).
    Removing gui_curs1.o(i.GUI_CURSOR_SetPositionEx), (112 bytes).
    Removing gui_curs1.o(i.GUI_CURSOR_Show), (16 bytes).
    Removing gui_curs1.o(i.GUI_CURSOR_ShowEx), (48 bytes).
    Removing gui_curs1.o(i.GUI_CURSOR__GetSpriteEx), (28 bytes).
    Removing gui_curs1.o(i.GUI_CURSOR__SetSpriteEx), (24 bytes).
    Removing gui_curs1.o(i._OnExit), (24 bytes).
    Removing gui_curs1.o(i._Show), (56 bytes).
    Removing gui_curs1.o(.data), (12 bytes).
    Removing gui_device.o(i.GUI_DEVICE_LinkDevices), (18 bytes).
    Removing gui_device.o(i.GUI_DEVICE_UnlinkTaskDevices), (68 bytes).
    Removing gui_device.o(i.GUI_DEVICE__GetpDevice), (36 bytes).
    Removing gui_device.o(.constdata), (8 bytes).
    Removing gui_pid.o(i.GUI_PID_GetCurrentState), (32 bytes).
    Removing gui_pid.o(i.GUI_PID_IsEmpty), (24 bytes).
    Removing gui_pid.o(i.GUI_PID_IsPressed), (20 bytes).
    Removing gui_pid.o(i.GUI_PID_StoreState), (28 bytes).
    Removing gui_pid.o(i._DecPointer), (20 bytes).
    Removing gui_pid.o(i._StoreState), (88 bytes).
    Removing lcd_getex.o(i.LCD_GetBitsPerPixelMax), (6 bytes).
    Removing lcd_getex.o(i.LCD_GetDevFunc), (24 bytes).
    Removing lcd_getex.o(i.LCD_GetMirrorX), (16 bytes).
    Removing lcd_getex.o(i.LCD_GetMirrorXEx), (6 bytes).
    Removing lcd_getex.o(i.LCD_GetMirrorY), (16 bytes).
    Removing lcd_getex.o(i.LCD_GetMirrorYEx), (6 bytes).
    Removing lcd_getex.o(i.LCD_GetSwapXY), (16 bytes).
    Removing lcd_getex.o(i.LCD_GetSwapXYEx), (6 bytes).
    Removing lcd_getex.o(i.LCD_GetVXSize), (16 bytes).
    Removing lcd_getex.o(i.LCD_GetVYSizeMax), (6 bytes).
    Removing lcd_getex.o(i.LCD_GetXMag), (16 bytes).
    Removing lcd_getex.o(i.LCD_GetXMagEx), (6 bytes).
    Removing lcd_getex.o(i.LCD_GetXSizeEx), (6 bytes).
    Removing lcd_getex.o(i.LCD_GetXSizeMax), (6 bytes).
    Removing lcd_getex.o(i.LCD_GetYMag), (16 bytes).
    Removing lcd_getex.o(i.LCD_GetYMagEx), (6 bytes).
    Removing lcd_getex.o(i.LCD_GetYSizeEx), (6 bytes).
    Removing lcd_getex.o(i.LCD_GetYSizeMax), (6 bytes).
    Removing lcd_getex.o(i.LCD_GetpfColor2IndexEx), (16 bytes).
    Removing lcd_getex.o(i.LCD_GetpfIndex2ColorEx), (16 bytes).
    Removing lcd_set.o(i.LCD_GetPos), (20 bytes).
    Removing lcd_set.o(i.LCD_GetPosEx), (44 bytes).
    Removing lcd_set.o(i.LCD_Refresh), (16 bytes).
    Removing lcd_set.o(i.LCD_RefreshEx), (36 bytes).
    Removing lcd_set.o(i.LCD_SetAlpha), (16 bytes).
    Removing lcd_set.o(i.LCD_SetAlphaEx), (40 bytes).
    Removing lcd_set.o(i.LCD_SetAlphaMode), (16 bytes).
    Removing lcd_set.o(i.LCD_SetAlphaModeEx), (40 bytes).
    Removing lcd_set.o(i.LCD_SetChroma), (20 bytes).
    Removing lcd_set.o(i.LCD_SetChromaEx), (44 bytes).
    Removing lcd_set.o(i.LCD_SetChromaMode), (16 bytes).
    Removing lcd_set.o(i.LCD_SetChromaModeEx), (40 bytes).
    Removing lcd_set.o(i.LCD_SetDevFunc), (44 bytes).
    Removing lcd_set.o(i.LCD_SetLUTEntry), (20 bytes).
    Removing lcd_set.o(i.LCD_SetPos), (20 bytes).
    Removing lcd_set.o(i.LCD_SetPosEx), (44 bytes).
    Removing lcd_set.o(i.LCD_SetSize), (20 bytes).
    Removing lcd_set.o(i.LCD_SetVRAMAddr), (16 bytes).
    Removing lcd_set.o(i.LCD_SetVRAMAddrEx), (40 bytes).
    Removing lcd_set.o(i.LCD_SetVSize), (20 bytes).
    Removing lcd_set.o(i.LCD_SetVis), (16 bytes).
    Removing f6x8.o(.constdata), (36 bytes).
    Removing guidev.o(i.GUI_MEMDEV_Create), (12 bytes).
    Removing guidev.o(i.GUI_MEMDEV_MarkDirty), (74 bytes).
    Removing guidev_moveandfade.o(i.GUI_MEMDEV_FadeDevices), (256 bytes).
    Removing guidev_moveandfade.o(i.GUI_MEMDEV__FadeDevice), (14 bytes).
    Removing guidev_moveandfade.o(i.GUI_MEMDEV__FadeDeviceEx), (100 bytes).
    Removing guidev_perspective.o(i.GUI_MEMDEV__DrawSizedAt), (74 bytes).
    Removing button.o(i.BUTTON_CreateEx), (28 bytes).
    Removing button.o(i.BUTTON_GetUserData), (6 bytes).
    Removing button.o(i.BUTTON_GetpWidget), (20 bytes).
    Removing button.o(i.BUTTON_SetFont), (30 bytes).
    Removing button.o(i.BUTTON_SetReactOnTouch), (20 bytes).
    Removing button.o(i.BUTTON_SetState), (4 bytes).
    Removing button.o(i.BUTTON_SetTextOffset), (36 bytes).
    Removing button.o(i.BUTTON_SetUserData), (6 bytes).
    Removing button_skin.o(i.BUTTON_SetSkin), (44 bytes).
    Removing button_skinflex.o(i.BUTTON_GetSkinFlexProps), (24 bytes).
    Removing button_skinflex.o(i.BUTTON_SetSkinFlexProps), (28 bytes).
    Removing dialog.o(i.DIALOG_GetBkColor), (12 bytes).
    Removing dialog.o(i.DIALOG_SetBkColor), (16 bytes).
    Removing dialog.o(i.GUI_EndDialog), (28 bytes).
    Removing dialog.o(i.GUI_ExecCreatedDialog), (36 bytes).
    Removing dialog.o(i.GUI_ExecDialogBox), (22 bytes).
    Removing dialog.o(i.GUI_GetDialogStatusPtr), (26 bytes).
    Removing dialog.o(i.GUI_SetDialogStatusPtr), (22 bytes).
    Removing dialog.o(.data), (4 bytes).
    Removing framewin.o(i.FRAMEWIN_CreateEx), (40 bytes).
    Removing framewin.o(i.FRAMEWIN_GetUserData), (6 bytes).
    Removing framewin.o(i.FRAMEWIN_SetMoveable), (40 bytes).
    Removing framewin.o(i.FRAMEWIN_SetUserData), (6 bytes).
    Removing framewin.o(i.FRAMEWIN__UpdatePositions), (110 bytes).
    Removing framewin_setcolors.o(i.FRAMEWIN_SetBarColor), (40 bytes).
    Removing framewin_setcolors.o(i.FRAMEWIN_SetClientColor), (36 bytes).
    Removing framewin_setcolors.o(i.FRAMEWIN_SetTextColorEx), (40 bytes).
    Removing framewin_skin.o(i.FRAMEWIN_SetSkin), (124 bytes).
    Removing header_skin.o(i.HEADER_SetSkin), (44 bytes).
    Removing header_skinflex.o(i.HEADER_GetSkinFlexProps), (20 bytes).
    Removing header_skinflex.o(i.HEADER_SetSkinFlexProps), (24 bytes).
    Removing progbar.o(i.PROGBAR_Callback), (86 bytes).
    Removing progbar.o(i.PROGBAR_CreateEx), (28 bytes).
    Removing progbar.o(i.PROGBAR_CreateUser), (172 bytes).
    Removing progbar.o(i.PROGBAR_GetUserData), (6 bytes).
    Removing progbar.o(i.PROGBAR_SetUserData), (6 bytes).
    Removing progbar_skin.o(i.PROGBAR_SetSkin), (44 bytes).
    Removing progbar_skinflex.o(i.PROGBAR_GetSkinFlexProps), (20 bytes).
    Removing progbar_skinflex.o(i.PROGBAR_SetSkinFlexProps), (24 bytes).
    Removing scrollbar_skin.o(i.SCROLLBAR_SetSkin), (52 bytes).
    Removing scrollbar_skinflex.o(i.SCROLLBAR_GetSkinFlexProps), (24 bytes).
    Removing scrollbar_skinflex.o(i.SCROLLBAR_SetSkinFlexProps), (28 bytes).
    Removing scrollbar_skinflex.o(.constdata), (8 bytes).
    Removing slider_skin.o(i.SLIDER_SetSkin), (44 bytes).
    Removing slider_skinflex.o(i.SLIDER_GetSkinFlexProps), (24 bytes).
    Removing slider_skinflex.o(i.SLIDER_SetSkinFlexProps), (28 bytes).
    Removing slider_skinflex.o(.constdata), (8 bytes).
    Removing wm.o(i.WM_CreateWindow), (30 bytes).
    Removing wm.o(i.WM__DeleteSecure), (28 bytes).
    Removing gui_2dlib.o(i.GL_MoveTo), (16 bytes).
    Removing gui_2dlib.o(i.GUI_MoveRel), (24 bytes).
    Removing gui_2dlib.o(i.GUI_MoveTo), (20 bytes).
    Removing gui__alpha.o(i.GUI_SetFuncAlphaBlending), (12 bytes).
    Removing gui__alpha.o(i.GUI_SetFuncMixColors), (12 bytes).
    Removing gui__alpha.o(i.GUI_SetFuncMixColorsBulk), (12 bytes).
    Removing gui__alpha.o(i.GUI__SetAlphaBufferSize), (12 bytes).
    Removing gui__drawtwinarc.o(i.GUI__FillTrippleArc), (100 bytes).
    Removing gui__drawtwinarc.o(i._FillTrippleArc), (572 bytes).
    Removing gui__drawtwinarc.o(i._GetTrippleArcPara), (116 bytes).
    Removing gui_cursorarrowm.o(.constdata), (20 bytes).
    Removing gui_cursorarrowm.o(.constdata), (12 bytes).
    Removing gui_drawbitmap.o(i.GL_DrawBitmap), (156 bytes).
    Removing gui_drawbitmap.o(i.GUI_DrawBitmap), (76 bytes).
    Removing gui_drawline.o(i.GL_DrawLine1), (16 bytes).
    Removing gui_drawline.o(i.GL_DrawLineTo), (14 bytes).
    Removing gui_drawline.o(i.GL_DrawLineToEx), (40 bytes).
    Removing gui_drawline.o(i.GUI_DrawLineRel), (60 bytes).
    Removing gui_drawline.o(i.GUI_DrawLineTo), (64 bytes).
    Removing gui_getcolor.o(i.GUI_GetBkColorIndex), (4 bytes).
    Removing gui_getcolor.o(i.GUI_GetColorIndex), (4 bytes).
    Removing gui_getysizeoffont.o(i.GUI_GetYDistOfFont), (10 bytes).
    Removing gui_goto.o(i.GUI_GotoX), (4 bytes).
    Removing gui_goto.o(i.GUI_GotoY), (4 bytes).
    Removing gui_onkey.o(i.GUI_ClearKeyBuffer), (28 bytes).
    Removing gui_onkey.o(i.GUI_GetKey), (16 bytes).
    Removing gui_onkey.o(i.GUI_GetKeyState), (24 bytes).
    Removing gui_onkey.o(i.GUI_SendKeyMsg), (28 bytes).
    Removing gui_onkey.o(i.GUI_StoreKeyMsg), (36 bytes).
    Removing gui_pen.o(i.GUI_GetPenShape), (12 bytes).
    Removing gui_pen.o(i.GUI_GetPenSize), (12 bytes).
    Removing gui_pen.o(i.GUI_SetPenShape), (16 bytes).
    Removing gui_selectlayer.o(i.GUI_AssignCursorLayer), (44 bytes).
    Removing gui_selectlayer.o(i.GUI_GetLayerPosEx), (22 bytes).
    Removing gui_selectlayer.o(i.GUI_SetLayerAlphaEx), (4 bytes).
    Removing gui_selectlayer.o(i.GUI_SetLayerPosEx), (4 bytes).
    Removing gui_selectlayer.o(i.GUI_SetLayerSizeEx), (4 bytes).
    Removing gui_setdefault.o(i.GUI_SetDefault), (4 bytes).
    Removing gui_sprite.o(i.GUI_SPRITE_Create), (24 bytes).
    Removing gui_sprite.o(i.GUI_SPRITE_CreateEx), (12 bytes).
    Removing gui_sprite.o(i.GUI_SPRITE_CreateHidden), (24 bytes).
    Removing gui_sprite.o(i.GUI_SPRITE_CreateHiddenEx), (12 bytes).
    Removing gui_sprite.o(i.GUI_SPRITE_Delete), (60 bytes).
    Removing gui_sprite.o(i.GUI_SPRITE_GetState), (28 bytes).
    Removing gui_sprite.o(i.GUI_SPRITE_SetBitmap), (72 bytes).
    Removing gui_sprite.o(i.GUI_SPRITE_SetBitmapAndPosition), (96 bytes).
    Removing gui_sprite.o(i.GUI_SPRITE_Show), (60 bytes).
    Removing gui_sprite.o(i.GUI_SPRITE__CreateEx), (164 bytes).
    Removing gui_sprite.o(i.GUI_SPRITE__SetCallback), (28 bytes).
    Removing gui_sprite.o(i._DoColorConversion), (132 bytes).
    Removing gui_sprite.o(i._DrawBitmap), (608 bytes).
    Removing gui_sprite.o(i._DrawHLine), (276 bytes).
    Removing gui_sprite.o(i._DrawVLine), (272 bytes).
    Removing gui_sprite.o(i._FillRect), (308 bytes).
    Removing gui_sprite.o(i._GetClipParam), (320 bytes).
    Removing gui_sprite.o(i._GetClipRect), (212 bytes).
    Removing gui_sprite.o(i._GetDevData), (4 bytes).
    Removing gui_sprite.o(i._GetDevFunc), (4 bytes).
    Removing gui_sprite.o(i._GetDevProp), (14 bytes).
    Removing gui_sprite.o(i._GetPixelIndex), (94 bytes).
    Removing gui_sprite.o(i._GetRect), (14 bytes).
    Removing gui_sprite.o(i._Link), (22 bytes).
    Removing gui_sprite.o(i._PixelExists), (58 bytes).
    Removing gui_sprite.o(i._SetBitmap), (268 bytes).
    Removing gui_sprite.o(i._SetBitmapAndPosition), (536 bytes).
    Removing gui_sprite.o(i._SetOrg), (14 bytes).
    Removing gui_sprite.o(i._SetPixelIndex), (98 bytes).
    Removing gui_sprite.o(i._SpriteDraw), (264 bytes).
    Removing gui_sprite.o(i._XorPixel), (102 bytes).
    Removing gui_sprite.o(.constdata), (52 bytes).
    Removing gui_uc_encodenone.o(i.GUI_UC_SetEncodeNone), (16 bytes).
    Removing gui_waitevent.o(i.GUI_SetSignalEventFunc), (12 bytes).
    Removing gui_waitevent.o(i.GUI_SetWaitEventFunc), (12 bytes).
    Removing gui_waitevent.o(i.GUI_SetWaitEventTimedFunc), (12 bytes).
    Removing gui_waitevent.o(i.GUI_WaitEvent), (56 bytes).
    Removing gui_waitevent.o(i._WaitEvent), (16 bytes).
    Removing guicc_888.o(i._Color2IndexBulk), (18 bytes).
    Removing guicc_888.o(i._Color2Index_888), (6 bytes).
    Removing guicc_888.o(i._GetIndexMask_888), (6 bytes).
    Removing guicc_888.o(i._Index2ColorBulk), (14 bytes).
    Removing guicc_888.o(.constdata), (24 bytes).
    Removing lcd_color.o(i.LCD_GetpPalConvTable), (4 bytes).
    Removing lcd_color.o(i.LCD_SetMaxNumColors), (24 bytes).
    Removing guidev_banding.o(i.GUI_MEMDEV__SetAlphaCallback), (12 bytes).
    Removing guidev_getpos.o(i.GUI_MEMDEV_GetXPos), (40 bytes).
    Removing guidev_getpos.o(i.GUI_MEMDEV_GetYPos), (40 bytes).
    Removing guidev_getxsize.o(i.GUI_MEMDEV_GetXSize), (40 bytes).
    Removing guidev_staticdevices.o(i.GUIDEV_StaticDevices_C), (2 bytes).
    Removing guidev_staticdevices.o(i.GUI_MEMDEV_CreateStatic), (16 bytes).
    Removing guidev_staticdevices.o(i.GUI_MEMDEV_GetStaticDevice), (24 bytes).
    Removing guidev_staticdevices.o(i.GUI_MEMDEV_GetWindowDevice), (16 bytes).
    Removing guidev_staticdevices.o(i._AddContent), (160 bytes).
    Removing guidev_staticdevices.o(i._CopyContent), (456 bytes).
    Removing guidev_staticdevices.o(i._CreateStatic), (124 bytes).
    Removing guidev_staticdevices.o(i._GetWindowDevice), (104 bytes).
    Removing guidev_usage.o(i.GUI_USAGE_Select), (32 bytes).
    Removing button_skinclassic.o(i.BUTTON_SetDefaultSkinClassic), (16 bytes).
    Removing button_skinclassic.o(i.BUTTON_SetSkinClassic), (36 bytes).
    Removing framewin__updatebuttons.o(i.FRAMEWIN__UpdateButtons), (226 bytes).
    Removing framewin_get.o(i.FRAMEWIN_GetBarColor), (34 bytes).
    Removing framewin_get.o(i.FRAMEWIN_GetBorderSize), (40 bytes).
    Removing framewin_get.o(i.FRAMEWIN_GetBorderSizeEx), (42 bytes).
    Removing framewin_get.o(i.FRAMEWIN_GetFont), (34 bytes).
    Removing framewin_get.o(i.FRAMEWIN_GetText), (68 bytes).
    Removing framewin_get.o(i.FRAMEWIN_GetTextAlign), (26 bytes).
    Removing framewin_get.o(i.FRAMEWIN_GetTitleHeight), (48 bytes).
    Removing framewin_skinclassic.o(i.FRAMEWIN_SetDefaultSkinClassic), (16 bytes).
    Removing framewin_skinclassic.o(i.FRAMEWIN_SetSkinClassic), (124 bytes).
    Removing gui_array.o(i.GUI_ARRAY_AddItem), (122 bytes).
    Removing gui_array.o(i.GUI_ARRAY_Create), (6 bytes).
    Removing gui_array.o(i.GUI_ARRAY_Delete), (80 bytes).
    Removing gui_array.o(i.GUI_ARRAY_GethItem), (32 bytes).
    Removing gui_array.o(i.GUI_ARRAY_SetItem), (138 bytes).
    Removing gui_array.o(i.GUI_ARRAY__SethItem), (52 bytes).
    Removing header.o(i.HEADER_AddItem), (184 bytes).
    Removing header.o(i.HEADER_Callback), (298 bytes).
    Removing header.o(i.HEADER_Create), (32 bytes).
    Removing header.o(i.HEADER_CreateEx), (28 bytes).
    Removing header.o(i.HEADER_CreateUser), (216 bytes).
    Removing header.o(i.HEADER_DeleteItem), (58 bytes).
    Removing header.o(i.HEADER_GetHeight), (50 bytes).
    Removing header.o(i.HEADER_GetItemWidth), (54 bytes).
    Removing header.o(i.HEADER_GetNumItems), (30 bytes).
    Removing header.o(i.HEADER_GetUserData), (6 bytes).
    Removing header.o(i.HEADER_SetDirIndicator), (46 bytes).
    Removing header.o(i.HEADER_SetFont), (52 bytes).
    Removing header.o(i.HEADER_SetHeight), (46 bytes).
    Removing header.o(i.HEADER_SetItemText), (74 bytes).
    Removing header.o(i.HEADER_SetItemWidth), (110 bytes).
    Removing header.o(i.HEADER_SetScrollPos), (50 bytes).
    Removing header.o(i.HEADER_SetTextAlign), (60 bytes).
    Removing header.o(i.HEADER_SetUserData), (6 bytes).
    Removing header.o(i._GetDividerIndex), (164 bytes).
    Removing header.o(i._GetItemIndex), (134 bytes).
    Removing header.o(i._HandlePID), (236 bytes).
    Removing header.o(i._LimitDragWitdh), (134 bytes).
    Removing header.o(i._RestoreOldCursor), (44 bytes).
    Removing progbar_skinclassic.o(i.PROGBAR_SetDefaultSkinClassic), (16 bytes).
    Removing progbar_skinclassic.o(i.PROGBAR_SetSkinClassic), (36 bytes).
    Removing scrollbar.o(i.SCROLLBAR_AddValue), (32 bytes).
    Removing scrollbar.o(i.SCROLLBAR_Callback), (316 bytes).
    Removing scrollbar.o(i.SCROLLBAR_CreateEx), (28 bytes).
    Removing scrollbar.o(i.SCROLLBAR_CreateUser), (220 bytes).
    Removing scrollbar.o(i.SCROLLBAR_Dec), (8 bytes).
    Removing scrollbar.o(i.SCROLLBAR_GetUserData), (6 bytes).
    Removing scrollbar.o(i.SCROLLBAR_Inc), (6 bytes).
    Removing scrollbar.o(i.SCROLLBAR_SetNumItems), (36 bytes).
    Removing scrollbar.o(i.SCROLLBAR_SetPageSize), (36 bytes).
    Removing scrollbar.o(i.SCROLLBAR_SetState), (36 bytes).
    Removing scrollbar.o(i.SCROLLBAR_SetUserData), (6 bytes).
    Removing scrollbar.o(i.SCROLLBAR_SetValue), (74 bytes).
    Removing scrollbar.o(i.SCROLLBAR__InvalidatePartner), (28 bytes).
    Removing scrollbar.o(i._DeleteTimer), (30 bytes).
    Removing scrollbar.o(i._OnTimer), (102 bytes).
    Removing scrollbar.o(i._OnTouch), (522 bytes).
    Removing slider.o(i.SLIDER_Callback), (112 bytes).
    Removing slider.o(i.SLIDER_CreateEx), (28 bytes).
    Removing slider.o(i.SLIDER_CreateUser), (136 bytes).
    Removing slider.o(i.SLIDER_Dec), (54 bytes).
    Removing slider.o(i.SLIDER_GetUserData), (6 bytes).
    Removing slider.o(i.SLIDER_GetValue), (24 bytes).
    Removing slider.o(i.SLIDER_Inc), (54 bytes).
    Removing slider.o(i.SLIDER_SetNumTicks), (34 bytes).
    Removing slider.o(i.SLIDER_SetRange), (56 bytes).
    Removing slider.o(i.SLIDER_SetUserData), (6 bytes).
    Removing slider.o(i.SLIDER_SetValue), (68 bytes).
    Removing slider.o(i.SLIDER_SetWidth), (40 bytes).
    Removing slider.o(i._OnTouch), (214 bytes).
    Removing widget.o(i.WIDGET_GetDefaultEffect), (12 bytes).
    Removing widget.o(i.WIDGET_GetState), (24 bytes).
    Removing widget.o(i.WIDGET_SetDefaultEffect), (16 bytes).
    Removing widget.o(i.WIDGET__DrawHLine), (68 bytes).
    Removing widget.o(i.WIDGET__EFFECT_DrawDown), (6 bytes).
    Removing widget.o(i.WIDGET__GetBkColor), (28 bytes).
    Removing widget.o(i.WIDGET__GetWindowSizeX), (42 bytes).
    Removing widget.o(i.WIDGET__SetScrollState), (38 bytes).
    Removing widget_effect_none.o(i._DrawDown), (2 bytes).
    Removing widget_effect_none.o(i._DrawDownRect), (2 bytes).
    Removing widget_effect_none.o(i._DrawFlat), (2 bytes).
    Removing widget_effect_none.o(i._DrawUp), (2 bytes).
    Removing widget_effect_none.o(i._DrawUpRect), (2 bytes).
    Removing widget_effect_none.o(.constdata), (28 bytes).
    Removing widget_seteffect.o(i.WIDGET_SetEffect), (22 bytes).
    Removing wm_criticalhandle.o(i.WM__RemoveCriticalHandle), (44 bytes).
    Removing wm_getwindowrect.o(i.WM_GetWindowRect), (40 bytes).
    Removing wm_movechildto.o(i.WM_MoveChildTo), (82 bytes).
    Removing wm_settrans.o(i.WM_ClrHasTrans), (52 bytes).
    Removing wm_timer.o(i.WM_CreateTimer), (84 bytes).
    Removing wm_timer.o(i.WM_GetTimerId), (24 bytes).
    Removing wm_timer.o(i.WM_RestartTimer), (40 bytes).
    Removing wm_timer.o(i._cbTimer), (44 bytes).
    Removing wm_touch.o(i.WM_HandlePID), (868 bytes).
    Removing wm_touch.o(i.WM__SendTouchMessage), (54 bytes).
    Removing wm_touch.o(i.WM__SetLastTouched), (32 bytes).
    Removing wm_touch.o(i.WM__SetMotionCallback), (12 bytes).
    Removing wm_touch.o(i.WM__SetToolTipCallback), (12 bytes).
    Removing wm_touch.o(.data), (8 bytes).
    Removing wm_userdata.o(i.WM_GetUserData), (6 bytes).
    Removing wm_userdata.o(i.WM_SetUserData), (6 bytes).
    Removing wm_userdata.o(i.WM__GetUserDataEx), (50 bytes).
    Removing wm_userdata.o(i.WM__SetUserDataEx), (50 bytes).
    Removing wm_userdata.o(i._CalcNumBytes), (22 bytes).
    Removing gui__expandpixelindices.o(i.GUI__ExpandPixelIndices), (218 bytes).
    Removing gui_adddecshift.o(i.GUI_AddSign), (24 bytes).
    Removing gui_alloc_allocinit.o(i.GUI_ALLOC_AllocInit), (56 bytes).
    Removing gui_cursorarrowmpx.o(.constdata), (60 bytes).
    Removing gui_drawpoint.o(i.GUI_DrawPoint), (44 bytes).
    Removing gui_fillpolygon.o(i.GUI_FillPolygon), (104 bytes).
    Removing gui_setalpha.o(i.GUI_SetAlpha), (120 bytes).
    Removing gui_setalpha.o(i._Color2Index), (28 bytes).
    Removing gui_setalpha.o(i._Color2IndexBulk), (152 bytes).
    Removing gui_setalpha.o(i._DrawBitLine16BPP), (104 bytes).
    Removing gui_setalpha.o(i._DrawBitLine1BPP), (376 bytes).
    Removing gui_setalpha.o(i._DrawBitLine2BPP), (276 bytes).
    Removing gui_setalpha.o(i._DrawBitLine32BPP), (100 bytes).
    Removing gui_setalpha.o(i._DrawBitLine4BPP), (276 bytes).
    Removing gui_setalpha.o(i._DrawBitLine8BPP), (156 bytes).
    Removing gui_setalpha.o(i._DrawBitmap), (202 bytes).
    Removing gui_setalpha.o(i._DrawBitmapLine), (84 bytes).
    Removing gui_setalpha.o(i._DrawHLine), (124 bytes).
    Removing gui_setalpha.o(i._DrawVLine), (72 bytes).
    Removing gui_setalpha.o(i._FillRect), (38 bytes).
    Removing gui_setalpha.o(i._GetBitsPerPixel), (24 bytes).
    Removing gui_setalpha.o(i._GetDevData), (4 bytes).
    Removing gui_setalpha.o(i._GetDevFunc), (12 bytes).
    Removing gui_setalpha.o(i._GetDevProp), (8 bytes).
    Removing gui_setalpha.o(i._GetIndexMask), (28 bytes).
    Removing gui_setalpha.o(i._GetLine), (164 bytes).
    Removing gui_setalpha.o(i._GetPixelIndex), (8 bytes).
    Removing gui_setalpha.o(i._GetPointers), (18 bytes).
    Removing gui_setalpha.o(i._GetRect), (8 bytes).
    Removing gui_setalpha.o(i._Index2Color), (28 bytes).
    Removing gui_setalpha.o(i._Index2ColorBulk), (152 bytes).
    Removing gui_setalpha.o(i._InitAlpha), (152 bytes).
    Removing gui_setalpha.o(i._MixColors), (60 bytes).
    Removing gui_setalpha.o(i._OnExit), (56 bytes).
    Removing gui_setalpha.o(i._ReadRectFromMemdev), (148 bytes).
    Removing gui_setalpha.o(i._SetOrg), (8 bytes).
    Removing gui_setalpha.o(i._SetPixelIndex), (68 bytes).
    Removing gui_setalpha.o(i._XorPixel), (42 bytes).
    Removing gui_setalpha.o(.constdata), (76 bytes).
    Removing gui_timer.o(i.GUI_TIMER_Create), (136 bytes).
    Removing gui_timer.o(i.GUI_TIMER_Exec), (108 bytes).
    Removing gui_timer.o(i.GUI_TIMER_GetPeriod), (24 bytes).
    Removing gui_timer.o(i.GUI_TIMER_Restart), (46 bytes).
    Removing gui_timer.o(i.GUI_TIMER_SetDelay), (36 bytes).
    Removing gui_timer.o(i.GUI_TIMER_SetPeriod), (24 bytes).
    Removing gui_timer.o(i.GUI_TIMER_SetTime), (24 bytes).
    Removing gui_timer.o(i.GUI_TIMER__GetNextTimer), (60 bytes).
    Removing gui_timer.o(i.GUI_TIMER__GetPeriod), (44 bytes).
    Removing gui_timer.o(i.GUI_TIMER__IsActive), (20 bytes).
    Removing gui_timer.o(i._Link), (136 bytes).
    Removing gui_timer.o(i._OnExit), (16 bytes).
    Removing gui_uc.o(i.GUI_UC_Encode), (12 bytes).
    Removing gui_uc.o(i.GUI_UC_GetCharCode), (12 bytes).
    Removing gui_uc.o(i.GUI_UC_GetCharSize), (12 bytes).
    Removing gui_uc.o(i.GUI_UC__CalcSizeOfChar), (12 bytes).
    Removing gui_uc.o(i.GUI_UC__NumBytes2NumChars), (44 bytes).
    Removing guicc_0.o(i.LCD_SetLUT), (16 bytes).
    Removing guicc_0.o(i.LCD_SetLUTEx), (34 bytes).
    Removing lcd_readrect.o(i.GUI_ReadRect), (56 bytes).
    Removing lcd_readrect.o(i.LCD_ReadRect), (92 bytes).
    Removing lcd_readrect.o(i.LCD_ReadRectNoClip), (32 bytes).
    Removing f08_ascii.o(.constdata), (36 bytes).
    Removing f13_ascii.o(.constdata), (36 bytes).
    Removing gui_array_deleteitem.o(i.GUI_ARRAY_DeleteItem), (82 bytes).
    Removing gui_array_resizeitem.o(i.GUI_ARRAY_ResizeItemLocked), (108 bytes).
    Removing header_skinclassic.o(i.HEADER_SetDefaultSkinClassic), (16 bytes).
    Removing header_skinclassic.o(i.HEADER_SetSkinClassic), (36 bytes).
    Removing scrollbar_skinclassic.o(i.SCROLLBAR_SetDefaultSkinClassic), (16 bytes).
    Removing scrollbar_skinclassic.o(i.SCROLLBAR_SetSkinClassic), (44 bytes).
    Removing slider_skinclassic.o(i.SLIDER_SetDefaultSkinClassic), (16 bytes).
    Removing slider_skinclassic.o(i.SLIDER_SetSkinClassic), (36 bytes).
    Removing widget_effect_3d.o(i.WIDGET_EFFECT_3D_GetColor), (20 bytes).
    Removing widget_effect_3d.o(i.WIDGET_EFFECT_3D_GetNumColors), (4 bytes).
    Removing widget_effect_3d.o(i.WIDGET_EFFECT_3D_SetColor), (16 bytes).
    Removing wm_getbkcolor.o(i.WM_GetBkColor), (26 bytes).
    Removing wm_getinsiderect.o(i.WM_GetInsideRect), (16 bytes).
    Removing wm_getinsiderect.o(i.WM_GetInsideRectEx), (16 bytes).
    Removing wm_getscrollpartner.o(i.WM_GetScrollPartner), (42 bytes).
    Removing wm_pid__getprevstate.o(i.WM_PID__GetPrevState), (28 bytes).
    Removing wm_pid__getprevstate.o(i.WM_PID__SetPrevState), (28 bytes).
    Removing wm_pid__getprevstate.o(.bss), (24 bytes).
    Removing wm_screen2win.o(i.WM_Screen2hWin), (10 bytes).
    Removing wm_screen2win.o(i.WM_Screen2hWinEx), (4 bytes).
    Removing wm_screen2win.o(i.WM__IsInWindow), (48 bytes).
    Removing wm_screen2win.o(i._Screen2hWin), (90 bytes).
    Removing wm_screen2win.o(i._Screen2hWinStop), (36 bytes).
    Removing wm_setscrollstate.o(i.WM_SetScrollState), (24 bytes).
    Removing lcd_aa.o(i.LCD_AA_MixColors), (32 bytes).
    Removing lcd_aa.o(i.LCD_SetPixelAA), (136 bytes).
    Removing lcd_aa.o(i.LCD_SetPixelAA_NoTrans), (144 bytes).
    Removing lcd_aa.o(i.LCD_SetPixelAA_Xor), (156 bytes).
    Removing lcd_getp.o(i.GUI_GetPixelIndex), (4 bytes).
    Removing wm_getdesktopwindowex.o(i.WM_GetDesktopWindowEx), (20 bytes).

685 unused section(s) (total 41838 bytes) removed from the image.

==============================================================================

Image component sizes


      Code (inc. data)   RO Data    RW Data    ZI Data      Debug   Object Name

        28          6          0          0     102400        587   GUIConf.o
      2748        236        205         60         28       9611   GUIDEMO.o
        18          0          0          0          0        547   GUIDEMO_Start.o
      2220         66         52          0          0      59230   GUIDRV_Template.o
        30          0          0          0          0       1450   GUI_X.o
       216         72          4          0       5248      18716   GUI_init.o
       132         10          0          0          0       1963   LCDConf_Lin_Template.o
       844         28          0          4         88       3371   TFT_lcd.o
       336         24          0          0          0     352416   board.o
       100          6          0          4          0       1588   clock.o
      3012       1244       1104          4          0      10611   cmd.o
       456        124         57          0          0       3003   completion.o
       216         42         36          0          0      50878   components.o
       268         24          0          0          0        872   context_rvds.o
       400        188         19         16          0       3771   cpuport.o
      1044        114         75          0          0       6473   dataqueue.o
       804        132        168          0          0       4981   device.o
       936        130         39          0        212       9071   dfs.o
      2484        356        143          0        292      13851   dfs_file.o
      1520        264        116          0          0       5912   dfs_fs.o
      1512         50         37          0          0       9927   dfs_posix.o
      1284          4          0          0        640       4944   drv_lcd_st7735.o
      1308        138         76          0        152      36587   drv_usart.o
      6168        154          0          8          0      10998   finsh_compiler.o
        44         10        243         64          0       1741   finsh_error.o
       528         18          0          8        128       3463   finsh_heap.o
        88          6          0          0          0       1716   finsh_init.o
       388          4          0          0        320       3492   finsh_node.o
      2780         36        196          0          0       8892   finsh_ops.o
      2428         32          0          0          0       9845   finsh_parser.o
      1664         16        126          0          0       6292   finsh_token.o
       412         18          0          4        192       7501   finsh_var.o
       228         34          0         12        384       7126   finsh_vm.o
       308         74         22          4       1152       2955   idle.o
      5716        422        471          0          0      20223   ipc.o
        72          6          0          1          0       1426   irq.o
      2636        230        290         12        128      12004   kservice.o
         4          0          0          0          0      11051   main.o
      2164        560        358         32         32      11178   mem.o
       732        150         94        164          0       5844   object.o
       736        150         78         28        256       4805   scheduler.o
      2180        314        211          0          0       7965   serial.o
      2532        276        100          4       2176       6199   shell.o
        64         26        392          0       3072        852   startup_stm32f407xx.o
       416         26          0          4          0       4814   stm32f4xx_hal.o
       796         20          0          0          0      32199   stm32f4xx_hal_cortex.o
      1560         16          8          0          0       5112   stm32f4xx_hal_dma.o
       964         50          0          0          0       3747   stm32f4xx_hal_gpio.o
         8          0          0          0          0        818   stm32f4xx_hal_msp_template.o
      2620         64         16          0          0       5666   stm32f4xx_hal_rcc.o
      5528         54          0          0          0      13748   stm32f4xx_hal_spi.o
      3918         28          0          0          0      12779   stm32f4xx_hal_uart.o
        16          0          0          0          0        856   stm32f4xx_it.o
         0          0          0         16          0       4333   symbol.o
       288         32         16          4          0       1747   system_stm32f4xx.o
      1436        208        170          0          0       7669   thread.o
      1116        100         92         16          0       6963   timer.o

    ----------------------------------------------------------------------
     72458       6392       5056        472     116900     856379   Object Totals
         0          0         32          0          0          0   (incl. Generated)
         4          0         10          3          0          0   (incl. Padding)

    ----------------------------------------------------------------------

      Code (inc. data)   RO Data    RW Data    ZI Data      Debug   Library Member Name

       740         28          0         60          0       1440   button.o
        68          0          0          0          0        136   button_createindirect.o
       206         12          0         12          0        388   button_skin.o
       336          0         12          0          0        252   button_skinclassic.o
       568          6         16        128          0        140   button_skinflex.o
       164          0          0          0          0        136   dialog.o
         0          0       1592          0          0          0   f08_1.o
         0          0       1532          0          0          0   f08_ascii.o
         0          0       2155          0          0          0   f13_1.o
         0          0       2046          0          0          0   f13_ascii.o
         0          0       2720          0          0          0   f16_ascii.o
         0          0       1816          0          0          0   f6x8.o
         0          0       2328          0          0          0   f8x16_ascii.o
      1668         28          0         48          0       1600   framewin.o
        64          0          0          0          0        136   framewin_createindirect.o
        32          0          0          0          0        128   framewin_get.o
        42          0          0          0          0        128   framewin_setcolors.o
        30          0          0          0          0        128   framewin_setownerdraw.o
       382         14          0         20          0        528   framewin_skin.o
       492         12         12          8          0        516   framewin_skinclassic.o
       996         16          8         88          0        384   framewin_skinflex.o
       124          4          0          0          0        132   gui_2dlib.o
       830         34          0         40          0        796   gui__alpha.o
       158          0          0          0          0        132   gui__calctextrect.o
       668          0          0          0          0        256   gui__compactpixelindices.o
        26          0          0          0          0        116   gui__divideround32.o
         0          0        256          0          0          0   gui__divtbl_255_31.o
         0          0        256          0          0          0   gui__divtbl_255_63.o
         0          0         32          0          0          0   gui__divtbl_31_255.o
         0          0         64          0          0          0   gui__divtbl_63_255.o
       908         10          0          0          0        712   gui__drawtwinarc.o
       320          0          0          0          0        156   gui__expandpixelindices.o
        20          4          0          0          0        116   gui__getfontsizey.o
        26          0          0          0          0        128   gui__getnumchars.o
        24          0          0          0          0        116   gui__handleeoline.o
        58          0          0          0          0        116   gui__intersectrect.o
        82          0          0          0          0        128   gui__intersectrects.o
       188          8          0          8          0        248   gui__managecache.o
        76          0          0          0          0        124   gui__memset.o
        58          0          0          0          0        124   gui__memset16.o
        26          0          0          0          0        116   gui__reducerect.o
       112         10          0          0          0        144   gui__setpixelalpha.o
       108          0          0          0          0        136   gui__settext.o
        26          0          0          0          0        116   gui__sqrt32.o
        68          4          0          0          0        244   gui__strcmp.o
        20          0          0          0          0        116   gui__strlen.o
        26          0          0          0          0        136   gui_adddecmin.o
       196         16         40          0          0        256   gui_adddecshift.o
      1858        112          0          8        200       3356   gui_alloc.o
        36          0          0          0          0        128   gui_alloc_alloczero.o
       112          0          0          0          0        508   gui_array.o
        68          0          0          0          0        124   gui_calccolordist.o
        96         22          0          0          0        464   gui_char.o
       458         36          0          4          0        760   gui_charline.o
       394         12          0          0          0        492   gui_charm.o
       312         12          0          0          0        624   gui_charp.o
       532         14          0          0          0        560   gui_circ.o
        20          0          0          0          0        116   gui_clearrectex.o
       448         72          8         64        120        888   gui_core.o
        96         10          0          0         40        244   gui_curs1.o
         0          0         32          0          0          0   gui_cursorheaderm.o
         0          0         85          0          0          0   gui_cursorheadermpx.o
         0          0         24          0          0          0   gui_cursorpal.o
       340         22          0          0          0        852   gui_device.o
       256          4          0          0          0        136   gui_dispstring.o
        16          4          0          0          0        116   gui_dispstringat.o
        52          4          0          0          0        140   gui_dispstringhcenter.o
       400          4          0          0          0        392   gui_dispstringinrect.o
       112          0          0          0          0        392   gui_draw.o
       164          4          0          0          0        124   gui_drawfocusrect.o
       586         18          0          0          0        444   gui_drawgradient.o
        76          6          0          0          0        132   gui_drawhline.o
      1180         34         68          0          0       1304   gui_drawline.o
        64          4          0          0          0        128   gui_drawpixel.o
        32          4          0          0          0        116   gui_drawpoint.o
        64          4          0          0          0        128   gui_drawvline.o
        52          4          0          0          0        248   gui_exec.o
       536         24          0          4         24        272   gui_fillpolygon.o
        72          4          0          0          0        132   gui_fillrect.o
        20          0          0          0          0        116   gui_fillrectex.o
       160          0          0          0          0        248   gui_getbitmappixelindex.o
        10          0          0          0          0        116   gui_getclientrect.o
        28          0          0          0          0        256   gui_getcolor.o
         4          0          0          0          0        116   gui_getfontsizey.o
        32         10          0          0          0        232   gui_getorg.o
        20          0          0          0          0        128   gui_getstringdistx.o
        10          0          0          0          0        116   gui_getysizeoffont.o
        52         12          0          0          0        360   gui_goto.o
        88          0          0          0          0        124   gui_mergerect.o
        30          0          0          0          0        116   gui_moverect.o
        94         14          0         12         88        476   gui_onkey.o
        16          4          0          0          0        116   gui_pen.o
        96         12          0          8         72        244   gui_pid.o
        78          0          0          0          0        128   gui_realloc.o
        56          0          0          0          0        116   gui_rectsintersect.o
        32         10          0          0          0        232   gui_savecontext.o
        60         12          0          8          0        360   gui_selectlayer.o
        18          0          0          0          0        128   gui_selectlcd.o
        36          4          0         32          0        124   gui_setalpha.o
         8          0          0          0          0        232   gui_setcolor.o
        64          6          0          0          0        128   gui_setdefault.o
         4          0          0          0          0        116   gui_setdrawmode.o
        20          6          0          0          0        116   gui_setfont.o
        16          4          0          0          0        116   gui_setlinestyle.o
        56         18          0          0          0        128   gui_setorg.o
        76          8          0          0          0        136   gui_setpixelindex.o
        20          6          0          0          0        116   gui_settextalign.o
        20          6          0          0          0        116   gui_settextmode.o
      1480         10          0          0          0       1456   gui_sprite.o
        46          0          0          0          0        244   gui_time.o
       332         16          0         20          0        772   gui_timer.o
        84         10          0          0          0        264   gui_uc.o
        18          0         16          0          0        464   gui_uc_encodenone.o
        16          4          0         12          0        116   gui_waitevent.o
       198          0         24          0          0        388   guicc_0.o
        36          0         24          0          0        480   guicc_8888.o
         2          0          0          0          0        116   guicc_8888_index2color.o
         2          0          0          0          0        116   guicc_888_index2color.o
       214         36         24          8          0        528   guicc_m565.o
        44         10          0          0          0        124   guicc_m565_index2color.o
       760         38          0          0          0       1060   guidev.o
      2268         60        116          0          0       2092   guidev_16.o
      2320         62        116          0          0       2244   guidev_32.o
       300         10          0          4          0        260   guidev_banding.o
        60          6          0          0          0        124   guidev_clear.o
        30          0          0          0          0        132   guidev_createfixed.o
        22          0          0          0          0        128   guidev_getdataptr.o
        40          6          0          0          0        128   guidev_getysize.o
        12          4          0          8          0        116   guidev_moveandfade.o
       834          8          0          0          0        584   guidev_perspective.o
        44          4          0          0          0        128   guidev_reduceysize.o
        88          4          0          0          0        128   guidev_setorg.o
       308         12          0          1          0        272   guidev_staticdevices.o
        76          0          0          0          0        260   guidev_usage.o
       452          6         24          0          0        748   guidev_usagebm.o
       106          4          0          0          0        244   guidev_write.o
       280         14          0          0          0        144   guidev_writetoactivealpha.o
      1698         18          8          0          0        576   guidev_writetoactiveopaque.o
         0          0          0         40          0          0   header.o
       336         12          0         12          0        392   header_skin.o
       678          8         12          0          0        396   header_skinclassic.o
       738         12          4         28          0        908   header_skinflex.o
      1734        118         12          4          0       2292   lcd.o
        16          6          0          4          0        116   lcd_aa.o
       260         26          0         16          0        628   lcd_color.o
        32         12          0          0          0        232   lcd_getcolorindex.o
       404         40          0          0          0       2252   lcd_getex.o
        26          0          0          0          0        128   lcd_getnumdisplays.o
        96         10          0          0          0        132   lcd_getp.o
        14          0          0          0          0        128   lcd_getpixelcolor.o
         0          0        256          0          0          0   lcd_mirror.o
       504         18          0          0          0        276   lcd_readrect.o
        68         10          0          0          0        128   lcd_selectlcd.o
       172          0          0          0          0        524   lcd_set.o
        48         10          0          0          0        128   lcd_setcliprectex.o
        36          4          0          0          0        128   lcd_updatecolorindices.o
       580          0          0         28          0        636   progbar.o
        30          0          0          0          0        128   progbar_setfont.o
        50          0          0          0          0        132   progbar_setminmax.o
        32          0          0          0          0        128   progbar_settextalign.o
       386         12          0         12          0        384   progbar_skin.o
       326          0         12          0          0        392   progbar_skinclassic.o
       392         10          4         40          0        264   progbar_skinflex.o
        44          0          0         26          0        124   scrollbar.o
       610         22          0         12          0        524   scrollbar_skin.o
       712         10         12          0          0        396   scrollbar_skinclassic.o
      1064         30          0         88          0        924   scrollbar_skinflex.o
         0          0          0         24          0          0   slider.o
       504         12          0         12          0        504   slider_skin.o
       318          0         12          0          0        256   slider_skinclassic.o
      1006          4          0         88          0        684   slider_skinflex.o
        74          0          0          0          0        128   text_settext.o
       968          4          0          4          0       2160   widget.o
       284          8         28         20          0        532   widget_effect_3d.o
       264          4          0          0          0        132   widget_fillstringinrect.o
      4600        230          0         89         24       6796   wm.o
        44          0          0          0          0        128   wm__foreachdesc.o
        18          0          0          0          0        124   wm__getfirstsibling.o
        40          8          0          0          0        128   wm__getfocussedchild.o
        24          0          0          0          0        124   wm__getlastsibling.o
        36          0          0          0          0        128   wm__getprevsibling.o
        46          0          0          0          0        244   wm__isancestor.o
        34          0          0          0          0        128   wm__ischild.o
        22          0          0          0          0        124   wm__isenabled.o
        20          0          0          0          0        116   wm__screen2client.o
        60          6          0          4          0        136   wm__sendmessage.o
        28          0          0          0          0        140   wm__sendmessageifenabled.o
        38          0          0          0          0        128   wm__sendmessagenopara.o
       220          0          0          0          0        144   wm__updatechildpositions.o
       126          0          0          0          0        140   wm_bringtobottom.o
       120          6          0          0          0        360   wm_bringtotop.o
        16          6          0          0          0        116   wm_criticalhandle.o
         4          0          0          0          0        116   wm_foreachdesc.o
        64         10          0          0          0        360   wm_getclientrect.o
        22          0          0          0          0        128   wm_getclientwindow.o
        24         10          0          0          0        116   wm_getdesktopwindow.o
        80          0          0          0          0        248   wm_getdialogitem.o
        14          0          0          0          0        124   wm_getfirstchild.o
        20          8          0          0          0        116   wm_getfocussedwindow.o
        26          0          0          0          0        128   wm_getid.o
        14          0          0          0          0        124   wm_getnextsibling.o
        14          0          0          0          0        124   wm_getparent.o
       116          0          0          0          0        364   wm_getscrollbar.o
        26          0          0          0          0        124   wm_getwindowrect.o
       106          0          0          0          0        604   wm_getwindowsize.o
        32         10          0          0          0        116   wm_hascaptured.o
        32         10          0          0          0        116   wm_hasfocus.o
        40          0          0          0          0        124   wm_hide.o
        30          0          0          0          0        128   wm_isfocussable.o
        26          0          0          0          0        124   wm_isvisible.o
         4          0          0          0          0        116   wm_iswindow.o
        92         14          0          0          0        128   wm_makemodal.o
        42          0          0          0          0        248   wm_memdev.o
       316          0          0          0          0        644   wm_move.o
        16          0          0          0          0        124   wm_notifyparent.o
        56          8          0          0          0        132   wm_onkey.o
       238          0          0          0          0        136   wm_resizewindow.o
         4          0          0          0          0        116   wm_sendmessagenopara.o
        30          0          0          0          0        140   wm_sendtoparent.o
        38          0          0          0          0        132   wm_setcallback.o
       100         20          0          0          0        376   wm_setcapture.o
       168          4          0          4          0        164   wm_setcapturemove.o
        16          6          0          0          0        116   wm_setcreateflags.o
       156          8          0          0          0        136   wm_setfocus.o
       146          6          0          0          0        372   wm_setfocusonnextchild.o
        90          0          0          0          0        252   wm_setfocusonprevchild.o
        62          0          0          0          0        132   wm_setsize.o
        90          6          0          0          0        252   wm_settrans.o
        24          6          0          0          0        124   wm_setusercliprect.o
        30          0          0          0          0        136   wm_setwindowpos.o
        78          0          0          0          0        252   wm_show.o
       106          0          0          0          0        260   wm_timer.o
       134          8          0          0         72        256   wm_touch.o
        44          4          0          0          0        124   wm_validatewindow.o
        90          0          0          0          0          0   __dczerorl2.o
         8          0          0          0          0         68   __main.o
         0          0          0          0          0          0   __rtentry.o
        12          0          0          0          0          0   __rtentry2.o
         6          0          0          0          0          0   __rtentry4.o
        52          8          0          0          0          0   __scatter.o
        28          0          0          0          0          0   __scatter_zi.o
        28          0          0          0          0         68   _chval.o
        22          0          0          0          0        100   _rserrno.o
       158          0          0          0          0         92   _strtoul.o
        16          0          0          0          0         68   aeabi_memset.o
        26          0          0          0          0         80   atoi.o
        18          0          0          0          0         80   exit.o
         6          0          0          0          0        152   heapauxi.o
         0          0          0          0          0          0   indicate_semi.o
        44         10        272          0          0         76   lc_ctype_c.o
         2          0          0          0          0          0   libinit.o
        24          0          0          0          0          0   libinit2.o
         2          0          0          0          0          0   libshutdown.o
         2          0          0          0          0          0   libshutdown2.o
         8          4          0          0         96         68   libspace.o
        16          4          0          0          0         76   rt_ctype_table.o
         8          4          0          0          0         68   rt_errno_addr_intlibspace.o
         8          4          0          0          0         68   rt_locale_intlibspace.o
        68          0          0          0          0         68   rt_memclr.o
        78          0          0          0          0         80   rt_memclr_w.o
       138          0          0          0          0         68   rt_memcpy_v6.o
       100          0          0          0          0         80   rt_memcpy_w.o
       132          0          0          0          0         68   rt_memmove_v6.o
       122          0          0          0          0         80   rt_memmove_w.o
         2          0          0          0          0          0   rtexit.o
        10          0          0          0          0          0   rtexit2.o
       128          0          0          0          0         68   strcmpv7m.o
        72          0          0          0          0         80   strcpy.o
        62          0          0          0          0         76   strlen.o
       150          0          0          0          0         80   strncmp.o
        86          0          0          0          0         76   strncpy.o
        22          0          0          0          0         68   strrchr.o
       112          0          0          0          0         88   strtol.o
        12          4          0          0          0         68   sys_exit.o
        74          0          0          0          0         80   sys_stackheap_outer.o
         2          0          0          0          0         68   use_no_semi.o
        98          4          0          0          0        140   d2f.o
       156          4          0          0          0        140   dnaninf.o
        12          0          0          0          0        116   dretinf.o
       408         56          0          0          0        168   dsqrt_umaal.o
        86          4          0          0          0        132   f2d.o
       140          4          0          0          0        132   fnaninf.o
        10          0          0          0          0        116   fpinit.o
        10          0          0          0          0        116   fretinf.o
         0          0          0          0          0          0   usenofp.o
       122          0          0          0          0        148   sqrt.o

    ----------------------------------------------------------------------
     55978       2020      16084       1168        740      81556   Library Totals
       152          0          6          8          4          0   (incl. Padding)

    ----------------------------------------------------------------------

      Code (inc. data)   RO Data    RW Data    ZI Data      Debug   Library Name

     52830       1910      15806       1160        640      78088   STemWin522_CM4_Keil.lib
      1954         38        272          0         96       2260   c_w.l
       920         72          0          0          0       1060   fz_wm.l
       122          0          0          0          0        148   m_wm.l

    ----------------------------------------------------------------------
     55978       2020      16084       1168        740      81556   Library Totals

    ----------------------------------------------------------------------

==============================================================================


      Code (inc. data)   RO Data    RW Data    ZI Data      Debug   

    128436       8412      21140       1640     117640     864635   Grand Totals
    128436       8412      21140        664     117640     864635   ELF Image Totals (compressed)
    128436       8412      21140        664          0          0   ROM Totals

==============================================================================

    Total RO  Size (Code + RO Data)               149576 ( 146.07kB)
    Total RW  Size (RW Data + ZI Data)            119280 ( 116.48kB)
    Total ROM Size (Code + RO Data + RW Data)     150240 ( 146.72kB)

==============================================================================

