Component: ARM Compiler 5.06 update 1 (build 61) Tool: armlink [4d35a8]

==============================================================================

Section Cross References

    board.o(.text) refers to stm32f4xx_hal_rcc.o(.text) for HAL_RCC_OscConfig
    board.o(.text) refers to irq.o(.text) for rt_interrupt_enter
    board.o(.text) refers to stm32f4xx_hal.o(.text) for HAL_IncTick
    board.o(.text) refers to clock.o(.text) for rt_tick_increase
    board.o(.text) refers to stm32f4xx_hal_cortex.o(.text) for HAL_SYSTICK_Config
    board.o(.text) refers to thread.o(.text) for rt_thread_delay
    board.o(.text) refers to drv_usart.o(.text) for hw_usart_init
    board.o(.text) refers to mem.o(.text) for rt_system_heap_init
    board.o(.text) refers to components.o(.text) for rt_components_board_init
    board.o(.text) refers to kservice.o(.text) for rt_console_set_device
    drv_usart.o(.text) refers to kservice.o(.text) for rt_assert_handler
    drv_usart.o(.text) refers to stm32f4xx_hal_uart.o(.text) for HAL_UART_Init
    drv_usart.o(.text) refers to irq.o(.text) for rt_interrupt_enter
    drv_usart.o(.text) refers to serial.o(.text) for rt_hw_serial_isr
    drv_usart.o(.text) refers to stm32f4xx_hal_gpio.o(.text) for HAL_GPIO_Init
    drv_usart.o(.text) refers to stm32f4xx_hal_cortex.o(.text) for HAL_NVIC_SetPriority
    drv_usart.o(.text) refers to drv_usart.o(.constdata) for __FUNCTION__
    drv_usart.o(.text) refers to drv_usart.o(.bss) for uart1
    drv_usart.o(.constdata) refers to drv_usart.o(.text) for drv_configure
    drv_usart.o(.rti_fn.1) refers to drv_usart.o(.text) for hw_usart_init
    tft_lcd.o(.text) refers to stm32f4xx_hal_gpio.o(.text) for HAL_GPIO_Init
    tft_lcd.o(.text) refers to stm32f4xx_hal_spi.o(.text) for HAL_SPI_Init
    tft_lcd.o(.text) refers to tft_lcd.o(.bss) for hnucleo_Spi
    tft_lcd.o(.text) refers to tft_lcd.o(.data) for SpixTimeout
    drv_lcd_st7735.o(.text) refers to tft_lcd.o(.text) for LCD_IO_WriteReg
    drv_lcd_st7735.o(.text) refers to kservice.o(.text) for rt_assert_handler
    drv_lcd_st7735.o(.text) refers to device.o(.text) for rt_device_register
    drv_lcd_st7735.o(.text) refers to drv_lcd_st7735.o(.bss) for ArrayRGB
    drv_lcd_st7735.o(.text) refers to drv_lcd_st7735.o(.constdata) for __FUNCTION__
    drv_lcd_st7735.o(.text) refers to drv_lcd_st7735.o(.data) for lcd_st7735_ops
    drv_lcd_st7735.o(.data) refers to drv_lcd_st7735.o(.text) for st7735_Init
    system_stm32f4xx.o(.text) refers to system_stm32f4xx.o(.data) for SystemCoreClock
    system_stm32f4xx.o(.text) refers to system_stm32f4xx.o(.constdata) for AHBPrescTable
    startup_stm32f407xx.o(STACK) refers (Special) to heapauxi.o(.text) for __use_two_region_memory
    startup_stm32f407xx.o(HEAP) refers (Special) to heapauxi.o(.text) for __use_two_region_memory
    startup_stm32f407xx.o(RESET) refers (Special) to heapauxi.o(.text) for __use_two_region_memory
    startup_stm32f407xx.o(RESET) refers to startup_stm32f407xx.o(STACK) for __initial_sp
    startup_stm32f407xx.o(RESET) refers to startup_stm32f407xx.o(.text) for Reset_Handler
    startup_stm32f407xx.o(RESET) refers to stm32f4xx_it.o(.text) for NMI_Handler
    startup_stm32f407xx.o(RESET) refers to context_rvds.o(.text) for HardFault_Handler
    startup_stm32f407xx.o(RESET) refers to board.o(.text) for SysTick_Handler
    startup_stm32f407xx.o(RESET) refers to drv_usart.o(.text) for USART1_IRQHandler
    startup_stm32f407xx.o(.text) refers (Special) to heapauxi.o(.text) for __use_two_region_memory
    startup_stm32f407xx.o(.text) refers to system_stm32f4xx.o(.text) for SystemInit
    startup_stm32f407xx.o(.text) refers to __main.o(!!!main) for __main
    startup_stm32f407xx.o(.text) refers to startup_stm32f407xx.o(HEAP) for Heap_Mem
    startup_stm32f407xx.o(.text) refers to startup_stm32f407xx.o(STACK) for Stack_Mem
    stm32f4xx_hal.o(.text) refers to stm32f4xx_hal_rcc.o(.text) for HAL_RCC_GetHCLKFreq
    stm32f4xx_hal.o(.text) refers to stm32f4xx_hal_cortex.o(.text) for HAL_SYSTICK_Config
    stm32f4xx_hal.o(.text) refers to board.o(.text) for HAL_InitTick
    stm32f4xx_hal.o(.text) refers to stm32f4xx_hal_msp_template.o(.text) for HAL_MspInit
    stm32f4xx_hal.o(.text) refers to stm32f4xx_hal.o(.data) for uwTick
    stm32f4xx_hal_dma.o(.text) refers to stm32f4xx_hal.o(.text) for HAL_GetTick
    stm32f4xx_hal_dma.o(.text) refers to stm32f4xx_hal_dma.o(.constdata) for flagBitshiftOffset
    stm32f4xx_hal_flash.o(.text) refers to stm32f4xx_hal.o(.text) for HAL_GetTick
    stm32f4xx_hal_flash.o(.text) refers to stm32f4xx_hal_flash_ex.o(.text) for FLASH_Erase_Sector
    stm32f4xx_hal_flash.o(.text) refers to stm32f4xx_hal_flash.o(.bss) for pFlash
    stm32f4xx_hal_flash_ex.o(.text) refers to stm32f4xx_hal_flash.o(.text) for FLASH_WaitForLastOperation
    stm32f4xx_hal_flash_ex.o(.text) refers to stm32f4xx_hal_flash.o(.bss) for pFlash
    stm32f4xx_hal_pwr_ex.o(.text) refers to stm32f4xx_hal.o(.text) for HAL_GetTick
[...]
    __rt_lib_shutdown_fp_trap_1              0x08000259   Thumb Code     0  libshutdown2.o(.ARM.Collect$$libshutdown$$00000007)
    __rt_lib_shutdown_heap_1                 0x08000259   Thumb Code     0  libshutdown2.o(.ARM.Collect$$libshutdown$$0000000F)
    __rt_lib_shutdown_return                 0x08000259   Thumb Code     0  libshutdown2.o(.ARM.Collect$$libshutdown$$00000010)
    __rt_lib_shutdown_signal_1               0x08000259   Thumb Code     0  libshutdown2.o(.ARM.Collect$$libshutdown$$0000000A)
    __rt_lib_shutdown_stdio_1                0x08000259   Thumb Code     0  libshutdown2.o(.ARM.Collect$$libshutdown$$00000004)
    __rt_lib_shutdown_user_alloc_1           0x08000259   Thumb Code     0  libshutdown2.o(.ARM.Collect$$libshutdown$$0000000C)
    __rt_entry                               0x0800025b   Thumb Code     0  __rtentry.o(.ARM.Collect$$rtentry$$00000000)
    __rt_entry_presh_1                       0x0800025b   Thumb Code     0  __rtentry2.o(.ARM.Collect$$rtentry$$00000002)
    __rt_entry_sh                            0x0800025b   Thumb Code     0  __rtentry4.o(.ARM.Collect$$rtentry$$00000004)
    __rt_entry_li                            0x08000261   Thumb Code     0  __rtentry2.o(.ARM.Collect$$rtentry$$0000000A)
    __rt_entry_postsh_1                      0x08000261   Thumb Code     0  __rtentry2.o(.ARM.Collect$$rtentry$$00000009)
    __rt_entry_main                          0x08000265   Thumb Code     0  __rtentry2.o(.ARM.Collect$$rtentry$$0000000D)
    __rt_entry_postli_1                      0x08000265   Thumb Code     0  __rtentry2.o(.ARM.Collect$$rtentry$$0000000C)
    __rt_exit                                0x0800026d   Thumb Code     0  rtexit.o(.ARM.Collect$$rtexit$$00000000)
    __rt_exit_ls                             0x0800026f   Thumb Code     0  rtexit2.o(.ARM.Collect$$rtexit$$00000003)
    __rt_exit_prels_1                        0x0800026f   Thumb Code     0  rtexit2.o(.ARM.Collect$$rtexit$$00000002)
    __rt_exit_exit                           0x08000273   Thumb Code     0  rtexit2.o(.ARM.Collect$$rtexit$$00000004)
    $Super$$main                             0x08000279   Thumb Code     4  main.o(.text)
    SysTick_Handler                          0x08000319   Thumb Code    20  board.o(.text)
    HAL_InitTick                             0x0800032d   Thumb Code    34  board.o(.text)
    RT_HAL_Delay                             0x0800034f   Thumb Code    10  board.o(.text)
    HAL_SuspendTick                          0x08000359   Thumb Code     2  board.o(.text)
    HAL_ResumeTick                           0x0800035b   Thumb Code     2  board.o(.text)
    rt_hw_board_init                         0x0800035d   Thumb Code    34  board.o(.text)
    NMI_Handler                              0x08000399   Thumb Code     2  stm32f4xx_it.o(.text)
    MemManage_Handler                        0x0800039b   Thumb Code     4  stm32f4xx_it.o(.text)
    BusFault_Handler                         0x0800039f   Thumb Code     4  stm32f4xx_it.o(.text)
    UsageFault_Handler                       0x080003a3   Thumb Code     4  stm32f4xx_it.o(.text)
    SVC_Handler                              0x080003a7   Thumb Code     2  stm32f4xx_it.o(.text)
    USART1_IRQHandler                        0x0800052b   Thumb Code    50  drv_usart.o(.text)
    HAL_UART_MspInit                         0x0800055d   Thumb Code   514  drv_usart.o(.text)
    HAL_UART_MspDeInit                       0x0800075f   Thumb Code   264  drv_usart.o(.text)
    hw_usart_init                            0x08000867   Thumb Code    48  drv_usart.o(.text)
    LCD_IO_Init                              0x080009ef   Thumb Code   208  tft_lcd.o(.text)
    LCD_IO_WriteReg                          0x08000abf   Thumb Code    44  tft_lcd.o(.text)
    LCD_IO_WriteData                         0x08000aeb   Thumb Code    42  tft_lcd.o(.text)
    LCD_IO_WriteMultipleData                 0x08000b15   Thumb Code   144  tft_lcd.o(.text)
    LCD_Delay                                0x08000ba5   Thumb Code     2  tft_lcd.o(.text)
    LCD_Reset                                0x08000ba7   Thumb Code    38  tft_lcd.o(.text)
    LCD_BL_light_On                          0x08000bcd   Thumb Code    16  tft_lcd.o(.text)
    LCD_BL_light_Off                         0x08000bdd   Thumb Code    14  tft_lcd.o(.text)
    st7735_SetDisplayWindow                  0x08000c09   Thumb Code   144  drv_lcd_st7735.o(.text)
    Lcd_Clear                                0x08000c99   Thumb Code    56  drv_lcd_st7735.o(.text)
    st7735_WriteReg                          0x08000cd1   Thumb Code    20  drv_lcd_st7735.o(.text)
    st7735_Init                              0x08000ce5   Thumb Code   630  drv_lcd_st7735.o(.text)
    st7735_DisplayOn                         0x08000f5b   Thumb Code    50  drv_lcd_st7735.o(.text)
    st7735_DisplayOff                        0x08000f8d   Thumb Code    50  drv_lcd_st7735.o(.text)
    st7735_SetCursor                         0x08000fbf   Thumb Code    78  drv_lcd_st7735.o(.text)
    st7735_WritePixel                        0x0800100d   Thumb Code    58  drv_lcd_st7735.o(.text)
    st7735_DrawHLine                         0x08001047   Thumb Code    62  drv_lcd_st7735.o(.text)
    st7735_DrawVLine                         0x08001085   Thumb Code    52  drv_lcd_st7735.o(.text)
    st7735_GetLcdPixelWidth                  0x080010b9   Thumb Code     4  drv_lcd_st7735.o(.text)
    st7735_GetLcdPixelHeight                 0x080010bd   Thumb Code     4  drv_lcd_st7735.o(.text)
    st7735_DrawBitmap                        0x080010c1   Thumb Code    72  drv_lcd_st7735.o(.text)
    rt_hw_lcd_set_pixel                      0x08001109   Thumb Code    20  drv_lcd_st7735.o(.text)
    rt_hw_lcd_get_pixel                      0x0800111d   Thumb Code     2  drv_lcd_st7735.o(.text)
    rt_hw_lcd_draw_hline                     0x0800111f   Thumb Code    34  drv_lcd_st7735.o(.text)
    rt_hw_lcd_draw_vline                     0x08001141   Thumb Code    34  drv_lcd_st7735.o(.text)
    hw_lcd_init                              0x080011b7   Thumb Code    58  drv_lcd_st7735.o(.text)
    SystemInit                               0x08001225   Thumb Code    82  system_stm32f4xx.o(.text)
    SystemCoreClockUpdate                    0x08001277   Thumb Code   174  system_stm32f4xx.o(.text)
    Reset_Handler                            0x08001345   Thumb Code     8  startup_stm32f407xx.o(.text)
    DebugMon_Handler                         0x08001359   Thumb Code     2  startup_stm32f407xx.o(.text)
    ADC_IRQHandler                           0x0800135f   Thumb Code     0  startup_stm32f407xx.o(.text)
    CAN1_RX0_IRQHandler                      0x0800135f   Thumb Code     0  startup_stm32f407xx.o(.text)
    CAN1_RX1_IRQHandler                      0x0800135f   Thumb Code     0  startup_stm32f407xx.o(.text)
    CAN1_SCE_IRQHandler                      0x0800135f   Thumb Code     0  startup_stm32f407xx.o(.text)
    CAN1_TX_IRQHandler                       0x0800135f   Thumb Code     0  startup_stm32f407xx.o(.text)
    CAN2_RX0_IRQHandler                      0x0800135f   Thumb Code     0  startup_stm32f407xx.o(.text)
    CAN2_RX1_IRQHandler                      0x0800135f   Thumb Code     0  startup_stm32f407xx.o(.text)
    CAN2_SCE_IRQHandler                      0x0800135f   Thumb Code     0  startup_stm32f407xx.o(.text)
    CAN2_TX_IRQHandler                       0x0800135f   Thumb Code     0  startup_stm32f407xx.o(.text)
    DCMI_IRQHandler                          0x0800135f   Thumb Code     0  startup_stm32f407xx.o(.text)
    DMA1_Stream0_IRQHandler                  0x0800135f   Thumb Code     0  startup_stm32f407xx.o(.text)
    DMA1_Stream1_IRQHandler                  0x0800135f   Thumb Code     0  startup_stm32f407xx.o(.text)
    DMA1_Stream2_IRQHandler                  0x0800135f   Thumb Code     0  startup_stm32f407xx.o(.text)
    DMA1_Stream3_IRQHandler                  0x0800135f   Thumb Code     0  startup_stm32f407xx.o(.text)
    DMA1_Stream4_IRQHandler                  0x0800135f   Thumb Code     0  startup_stm32f407xx.o(.text)
    DMA1_Stream5_IRQHandler                  0x0800135f   Thumb Code     0  startup_stm32f407xx.o(.text)
    DMA1_Stream6_IRQHandler                  0x0800135f   Thumb Code     0  startup_stm32f407xx.o(.text)
    DMA1_Stream7_IRQHandler                  0x0800135f   Thumb Code     0  startup_stm32f407xx.o(.text)
    DMA2_Stream0_IRQHandler                  0x0800135f   Thumb Code     0  startup_stm32f407xx.o(.text)
    DMA2_Stream1_IRQHandler                  0x0800135f   Thumb Code     0  startup_stm32f407xx.o(.text)
    DMA2_Stream2_IRQHandler                  0x0800135f   Thumb Code     0  startup_stm32f407xx.o(.text)
    DMA2_Stream3_IRQHandler                  0x0800135f   Thumb Code     0  startup_stm32f407xx.o(.text)
    DMA2_Stream4_IRQHandler                  0x0800135f   Thumb Code     0  startup_stm32f407xx.o(.text)
    DMA2_Stream5_IRQHandler                  0x0800135f   Thumb Code     0  startup_stm32f407xx.o(.text)
    DMA2_Stream6_IRQHandler                  0x0800135f   Thumb Code     0  startup_stm32f407xx.o(.text)
    DMA2_Stream7_IRQHandler                  0x0800135f   Thumb Code     0  startup_stm32f407xx.o(.text)
    ETH_IRQHandler                           0x0800135f   Thumb Code     0  startup_stm32f407xx.o(.text)
    ETH_WKUP_IRQHandler                      0x0800135f   Thumb Code     0  startup_stm32f407xx.o(.text)
    EXTI0_IRQHandler                         0x0800135f   Thumb Code     0  startup_stm32f407xx.o(.text)
    EXTI15_10_IRQHandler                     0x0800135f   Thumb Code     0  startup_stm32f407xx.o(.text)
    EXTI1_IRQHandler                         0x0800135f   Thumb Code     0  startup_stm32f407xx.o(.text)
    EXTI2_IRQHandler                         0x0800135f   Thumb Code     0  startup_stm32f407xx.o(.text)
    EXTI3_IRQHandler                         0x0800135f   Thumb Code     0  startup_stm32f407xx.o(.text)
    EXTI4_IRQHandler                         0x0800135f   Thumb Code     0  startup_stm32f407xx.o(.text)
    EXTI9_5_IRQHandler                       0x0800135f   Thumb Code     0  startup_stm32f407xx.o(.text)
    FLASH_IRQHandler                         0x0800135f   Thumb Code     0  startup_stm32f407xx.o(.text)
    FMC_IRQHandler                           0x0800135f   Thumb Code     0  startup_stm32f407xx.o(.text)
    FPU_IRQHandler                           0x0800135f   Thumb Code     0  startup_stm32f407xx.o(.text)
    HASH_RNG_IRQHandler                      0x0800135f   Thumb Code     0  startup_stm32f407xx.o(.text)
    I2C1_ER_IRQHandler                       0x0800135f   Thumb Code     0  startup_stm32f407xx.o(.text)
    I2C1_EV_IRQHandler                       0x0800135f   Thumb Code     0  startup_stm32f407xx.o(.text)
    I2C2_ER_IRQHandler                       0x0800135f   Thumb Code     0  startup_stm32f407xx.o(.text)
    I2C2_EV_IRQHandler                       0x0800135f   Thumb Code     0  startup_stm32f407xx.o(.text)
    I2C3_ER_IRQHandler                       0x0800135f   Thumb Code     0  startup_stm32f407xx.o(.text)
    I2C3_EV_IRQHandler                       0x0800135f   Thumb Code     0  startup_stm32f407xx.o(.text)
    OTG_FS_IRQHandler                        0x0800135f   Thumb Code     0  startup_stm32f407xx.o(.text)
    OTG_FS_WKUP_IRQHandler                   0x0800135f   Thumb Code     0  startup_stm32f407xx.o(.text)
    OTG_HS_EP1_IN_IRQHandler                 0x0800135f   Thumb Code     0  startup_stm32f407xx.o(.text)
    OTG_HS_EP1_OUT_IRQHandler                0x0800135f   Thumb Code     0  startup_stm32f407xx.o(.text)
    OTG_HS_IRQHandler                        0x0800135f   Thumb Code     0  startup_stm32f407xx.o(.text)
    OTG_HS_WKUP_IRQHandler                   0x0800135f   Thumb Code     0  startup_stm32f407xx.o(.text)
    PVD_IRQHandler                           0x0800135f   Thumb Code     0  startup_stm32f407xx.o(.text)
    RCC_IRQHandler                           0x0800135f   Thumb Code     0  startup_stm32f407xx.o(.text)
    RTC_Alarm_IRQHandler                     0x0800135f   Thumb Code     0  startup_stm32f407xx.o(.text)
    RTC_WKUP_IRQHandler                      0x0800135f   Thumb Code     0  startup_stm32f407xx.o(.text)
    SDIO_IRQHandler                          0x0800135f   Thumb Code     0  startup_stm32f407xx.o(.text)
    SPI1_IRQHandler                          0x0800135f   Thumb Code     0  startup_stm32f407xx.o(.text)
    SPI2_IRQHandler                          0x0800135f   Thumb Code     0  startup_stm32f407xx.o(.text)
    SPI3_IRQHandler                          0x0800135f   Thumb Code     0  startup_stm32f407xx.o(.text)
    TAMP_STAMP_IRQHandler                    0x0800135f   Thumb Code     0  startup_stm32f407xx.o(.text)
    TIM1_BRK_TIM9_IRQHandler                 0x0800135f   Thumb Code     0  startup_stm32f407xx.o(.text)
    TIM1_CC_IRQHandler                       0x0800135f   Thumb Code     0  startup_stm32f407xx.o(.text)
    TIM1_TRG_COM_TIM11_IRQHandler            0x0800135f   Thumb Code     0  startup_stm32f407xx.o(.text)
    TIM1_UP_TIM10_IRQHandler                 0x0800135f   Thumb Code     0  startup_stm32f407xx.o(.text)
    TIM2_IRQHandler                          0x0800135f   Thumb Code     0  startup_stm32f407xx.o(.text)
    TIM3_IRQHandler                          0x0800135f   Thumb Code     0  startup_stm32f407xx.o(.text)
    TIM4_IRQHandler                          0x0800135f   Thumb Code     0  startup_stm32f407xx.o(.text)
    TIM5_IRQHandler                          0x0800135f   Thumb Code     0  startup_stm32f407xx.o(.text)
    TIM6_DAC_IRQHandler                      0x0800135f   Thumb Code     0  startup_stm32f407xx.o(.text)
    TIM7_IRQHandler                          0x0800135f   Thumb Code     0  startup_stm32f407xx.o(.text)
    TIM8_BRK_TIM12_IRQHandler                0x0800135f   Thumb Code     0  startup_stm32f407xx.o(.text)
    TIM8_CC_IRQHandler                       0x0800135f   Thumb Code     0  startup_stm32f407xx.o(.text)
    TIM8_TRG_COM_TIM14_IRQHandler            0x0800135f   Thumb Code     0  startup_stm32f407xx.o(.text)
    TIM8_UP_TIM13_IRQHandler                 0x0800135f   Thumb Code     0  startup_stm32f407xx.o(.text)
    UART4_IRQHandler                         0x0800135f   Thumb Code     0  startup_stm32f407xx.o(.text)
    UART5_IRQHandler                         0x0800135f   Thumb Code     0  startup_stm32f407xx.o(.text)
    USART2_IRQHandler                        0x0800135f   Thumb Code     0  startup_stm32f407xx.o(.text)
    USART3_IRQHandler                        0x0800135f   Thumb Code     0  startup_stm32f407xx.o(.text)
    USART6_IRQHandler                        0x0800135f   Thumb Code     0  startup_stm32f407xx.o(.text)
    WWDG_IRQHandler                          0x0800135f   Thumb Code     0  startup_stm32f407xx.o(.text)
    __user_initial_stackheap                 0x08001361   Thumb Code     0  startup_stm32f407xx.o(.text)
    HAL_Init                                 0x080013ab   Thumb Code    54  stm32f4xx_hal.o(.text)
    HAL_DeInit                               0x080013e3   Thumb Code    64  stm32f4xx_hal.o(.text)
    HAL_IncTick                              0x08001423   Thumb Code    12  stm32f4xx_hal.o(.text)
    HAL_GetTick                              0x0800142f   Thumb Code     6  stm32f4xx_hal.o(.text)
    HAL_Delay                                0x08001435   Thumb Code    26  stm32f4xx_hal.o(.text)
    HAL_GetHalVersion                        0x08001473   Thumb Code     4  stm32f4xx_hal.o(.text)
    HAL_GetREVID                             0x08001477   Thumb Code     8  stm32f4xx_hal.o(.text)
    HAL_GetDEVID                             0x0800147f   Thumb Code    10  stm32f4xx_hal.o(.text)
    HAL_DBGMCU_EnableDBGSleepMode            0x08001489   Thumb Code    14  stm32f4xx_hal.o(.text)
    HAL_DBGMCU_DisableDBGSleepMode           0x08001497   Thumb Code    14  stm32f4xx_hal.o(.text)
    HAL_DBGMCU_EnableDBGStopMode             0x080014a5   Thumb Code    14  stm32f4xx_hal.o(.text)
    HAL_DBGMCU_DisableDBGStopMode            0x080014b3   Thumb Code    14  stm32f4xx_hal.o(.text)
    HAL_DBGMCU_EnableDBGStandbyMode          0x080014c1   Thumb Code    14  stm32f4xx_hal.o(.text)
    HAL_DBGMCU_DisableDBGStandbyMode         0x080014cf   Thumb Code    14  stm32f4xx_hal.o(.text)
    HAL_EnableCompensationCell               0x080014dd   Thumb Code    22  stm32f4xx_hal.o(.text)
    HAL_DisableCompensationCell              0x080014f3   Thumb Code    24  stm32f4xx_hal.o(.text)
    HAL_NVIC_SetPriorityGrouping             0x08001545   Thumb Code    36  stm32f4xx_hal_cortex.o(.text)
    HAL_NVIC_SetPriority                     0x08001569   Thumb Code   124  stm32f4xx_hal_cortex.o(.text)
    HAL_NVIC_EnableIRQ                       0x080015e5   Thumb Code    26  stm32f4xx_hal_cortex.o(.text)
    HAL_NVIC_DisableIRQ                      0x080015ff   Thumb Code    22  stm32f4xx_hal_cortex.o(.text)
    HAL_NVIC_SystemReset                     0x08001615   Thumb Code    64  stm32f4xx_hal_cortex.o(.text)
    HAL_SYSTICK_Config                       0x08001655   Thumb Code    52  stm32f4xx_hal_cortex.o(.text)
    HAL_MPU_ConfigRegion                     0x08001689   Thumb Code    90  stm32f4xx_hal_cortex.o(.text)
    HAL_NVIC_GetPriorityGrouping             0x080016e3   Thumb Code     8  stm32f4xx_hal_cortex.o(.text)
    HAL_NVIC_GetPriority                     0x080016eb   Thumb Code   138  stm32f4xx_hal_cortex.o(.text)
    HAL_NVIC_SetPendingIRQ                   0x08001775   Thumb Code    24  stm32f4xx_hal_cortex.o(.text)
    HAL_NVIC_GetPendingIRQ                   0x0800178d   Thumb Code    38  stm32f4xx_hal_cortex.o(.text)
    HAL_NVIC_ClearPendingIRQ                 0x080017b3   Thumb Code    22  stm32f4xx_hal_cortex.o(.text)
    HAL_NVIC_GetActive                       0x080017c9   Thumb Code    38  stm32f4xx_hal_cortex.o(.text)
    HAL_SYSTICK_CLKSourceConfig              0x080017ef   Thumb Code    40  stm32f4xx_hal_cortex.o(.text)
    HAL_SYSTICK_Callback                     0x08001817   Thumb Code     2  stm32f4xx_hal_cortex.o(.text)
    HAL_SYSTICK_IRQHandler                   0x08001819   Thumb Code     8  stm32f4xx_hal_cortex.o(.text)
    HAL_DMA_Init                             0x0800186f   Thumb Code   128  stm32f4xx_hal_dma.o(.text)
    HAL_DMA_DeInit                           0x080018ef   Thumb Code   100  stm32f4xx_hal_dma.o(.text)
    HAL_DMA_Start                            0x0800197f   Thumb Code    82  stm32f4xx_hal_dma.o(.text)
    HAL_DMA_Start_IT                         0x080019d1   Thumb Code   106  stm32f4xx_hal_dma.o(.text)
    HAL_DMA_Abort                            0x08001a3b   Thumb Code    94  stm32f4xx_hal_dma.o(.text)
    HAL_DMA_PollForTransfer                  0x08001a99   Thumb Code   412  stm32f4xx_hal_dma.o(.text)
    HAL_DMA_IRQHandler                       0x08001c35   Thumb Code   530  stm32f4xx_hal_dma.o(.text)
    HAL_DMA_GetState                         0x08001e47   Thumb Code     8  stm32f4xx_hal_dma.o(.text)
    HAL_DMA_GetError                         0x08001e4f   Thumb Code     6  stm32f4xx_hal_dma.o(.text)
    HAL_GPIO_Init                            0x08001e59   Thumb Code   476  stm32f4xx_hal_gpio.o(.text)
    HAL_GPIO_DeInit                          0x08002035   Thumb Code   326  stm32f4xx_hal_gpio.o(.text)
    HAL_GPIO_ReadPin                         0x0800217b   Thumb Code    16  stm32f4xx_hal_gpio.o(.text)
    HAL_GPIO_WritePin                        0x0800218b   Thumb Code    12  stm32f4xx_hal_gpio.o(.text)
    HAL_GPIO_TogglePin                       0x08002197   Thumb Code     8  stm32f4xx_hal_gpio.o(.text)
    HAL_GPIO_LockPin                         0x0800219f   Thumb Code    46  stm32f4xx_hal_gpio.o(.text)
    HAL_GPIO_EXTI_Callback                   0x080021cd   Thumb Code     2  stm32f4xx_hal_gpio.o(.text)
    HAL_GPIO_EXTI_IRQHandler                 0x080021cf   Thumb Code    28  stm32f4xx_hal_gpio.o(.text)
    HAL_MspInit                              0x0800221d   Thumb Code     2  stm32f4xx_hal_msp_template.o(.text)
    HAL_MspDeInit                            0x0800221f   Thumb Code     2  stm32f4xx_hal_msp_template.o(.text)
    HAL_PPP_MspInit                          0x08002221   Thumb Code     2  stm32f4xx_hal_msp_template.o(.text)
    HAL_PPP_MspDeInit                        0x08002223   Thumb Code     2  stm32f4xx_hal_msp_template.o(.text)
    HAL_RCC_OscConfig                        0x08002227   Thumb Code  1032  stm32f4xx_hal_rcc.o(.text)
    HAL_RCC_ClockConfig                      0x0800262f   Thumb Code   680  stm32f4xx_hal_rcc.o(.text)
    HAL_RCC_MCOConfig                        0x080028d7   Thumb Code   178  stm32f4xx_hal_rcc.o(.text)
    HAL_RCC_EnableCSS                        0x08002989   Thumb Code     8  stm32f4xx_hal_rcc.o(.text)
    HAL_RCC_DisableCSS                       0x08002991   Thumb Code     8  stm32f4xx_hal_rcc.o(.text)
    HAL_RCC_GetSysClockFreq                  0x08002999   Thumb Code   198  stm32f4xx_hal_rcc.o(.text)
    HAL_RCC_GetHCLKFreq                      0x08002a5f   Thumb Code    42  stm32f4xx_hal_rcc.o(.text)
    HAL_RCC_GetPCLK1Freq                     0x08002a89   Thumb Code    36  stm32f4xx_hal_rcc.o(.text)
    HAL_RCC_GetPCLK2Freq                     0x08002aad   Thumb Code    36  stm32f4xx_hal_rcc.o(.text)
    HAL_RCC_GetOscConfig                     0x08002ad1   Thumb Code   296  stm32f4xx_hal_rcc.o(.text)
    HAL_RCC_GetClockConfig                   0x08002bf9   Thumb Code    58  stm32f4xx_hal_rcc.o(.text)
    HAL_RCC_CSSCallback                      0x08002c33   Thumb Code     2  stm32f4xx_hal_rcc.o(.text)
    HAL_RCC_NMI_IRQHandler                   0x08002c35   Thumb Code    30  stm32f4xx_hal_rcc.o(.text)
    HAL_SPI_MspInit                          0x08002c69   Thumb Code     2  stm32f4xx_hal_spi.o(.text)
    HAL_SPI_Init                             0x08002c6b   Thumb Code   136  stm32f4xx_hal_spi.o(.text)
    HAL_SPI_MspDeInit                        0x08002cf3   Thumb Code     2  stm32f4xx_hal_spi.o(.text)
    HAL_SPI_DeInit                           0x08002cf5   Thumb Code    48  stm32f4xx_hal_spi.o(.text)
    HAL_SPI_Transmit                         0x08002e39   Thumb Code   450  stm32f4xx_hal_spi.o(.text)
    HAL_SPI_TransmitReceive                  0x08002ffb   Thumb Code   850  stm32f4xx_hal_spi.o(.text)
    HAL_SPI_Receive                          0x0800334d   Thumb Code   572  stm32f4xx_hal_spi.o(.text)
    HAL_SPI_ErrorCallback                    0x08003589   Thumb Code     2  stm32f4xx_hal_spi.o(.text)
    HAL_SPI_TxCpltCallback                   0x0800358b   Thumb Code     2  stm32f4xx_hal_spi.o(.text)
    HAL_SPI_TxRxCpltCallback                 0x0800358d   Thumb Code     2  stm32f4xx_hal_spi.o(.text)
    HAL_SPI_Transmit_IT                      0x0800367d   Thumb Code   198  stm32f4xx_hal_spi.o(.text)
    HAL_SPI_RxCpltCallback                   0x08003743   Thumb Code     2  stm32f4xx_hal_spi.o(.text)
    HAL_SPI_TransmitReceive_IT               0x0800386b   Thumb Code   192  stm32f4xx_hal_spi.o(.text)
    HAL_SPI_Receive_IT                       0x0800397d   Thumb Code   222  stm32f4xx_hal_spi.o(.text)
    HAL_SPI_TxHalfCpltCallback               0x08003b0b   Thumb Code     2  stm32f4xx_hal_spi.o(.text)
    HAL_SPI_Transmit_DMA                     0x08003b1b   Thumb Code   218  stm32f4xx_hal_spi.o(.text)
    HAL_SPI_RxHalfCpltCallback               0x08003d6d   Thumb Code     2  stm32f4xx_hal_spi.o(.text)
    HAL_SPI_TxRxHalfCpltCallback             0x08003db5   Thumb Code     2  stm32f4xx_hal_spi.o(.text)
    HAL_SPI_TransmitReceive_DMA              0x08003dc5   Thumb Code   324  stm32f4xx_hal_spi.o(.text)
    HAL_SPI_Receive_DMA                      0x08003f09   Thumb Code   288  stm32f4xx_hal_spi.o(.text)
    HAL_SPI_DMAPause                         0x08004029   Thumb Code    62  stm32f4xx_hal_spi.o(.text)
    HAL_SPI_DMAResume                        0x08004067   Thumb Code    62  stm32f4xx_hal_spi.o(.text)
    HAL_SPI_DMAStop                          0x080040a5   Thumb Code    58  stm32f4xx_hal_spi.o(.text)
    HAL_SPI_IRQHandler                       0x080040df   Thumb Code   262  stm32f4xx_hal_spi.o(.text)
    HAL_SPI_GetState                         0x080041e5   Thumb Code     8  stm32f4xx_hal_spi.o(.text)
    HAL_SPI_GetError                         0x080041ed   Thumb Code     6  stm32f4xx_hal_spi.o(.text)
    HAL_UART_Init                            0x0800441d   Thumb Code   110  stm32f4xx_hal_uart.o(.text)
    HAL_HalfDuplex_Init                      0x0800448b   Thumb Code   114  stm32f4xx_hal_uart.o(.text)
    HAL_LIN_Init                             0x080044fd   Thumb Code   138  stm32f4xx_hal_uart.o(.text)
    HAL_MultiProcessor_Init                  0x08004587   Thumb Code   150  stm32f4xx_hal_uart.o(.text)
    HAL_UART_DeInit                          0x0800461f   Thumb Code    50  stm32f4xx_hal_uart.o(.text)
    HAL_UART_Transmit                        0x0800474b   Thumb Code   240  stm32f4xx_hal_uart.o(.text)
    HAL_UART_Receive                         0x0800483b   Thumb Code   248  stm32f4xx_hal_uart.o(.text)
    HAL_UART_Transmit_IT                     0x08004933   Thumb Code   110  stm32f4xx_hal_uart.o(.text)
    HAL_UART_Receive_IT                      0x080049a1   Thumb Code   134  stm32f4xx_hal_uart.o(.text)
    HAL_UART_ErrorCallback                   0x08004a27   Thumb Code     2  stm32f4xx_hal_uart.o(.text)
    HAL_UART_TxHalfCpltCallback              0x08004a4b   Thumb Code     2  stm32f4xx_hal_uart.o(.text)
    HAL_UART_TxCpltCallback                  0x08004a5b   Thumb Code     2  stm32f4xx_hal_uart.o(.text)
    HAL_UART_Transmit_DMA                    0x08004a93   Thumb Code   156  stm32f4xx_hal_uart.o(.text)
    HAL_UART_RxHalfCpltCallback              0x08004b2f   Thumb Code     2  stm32f4xx_hal_uart.o(.text)
    HAL_UART_RxCpltCallback                  0x08004b3f   Thumb Code     2  stm32f4xx_hal_uart.o(.text)
    HAL_UART_Receive_DMA                     0x08004b7f   Thumb Code   146  stm32f4xx_hal_uart.o(.text)
    HAL_UART_DMAPause                        0x08004c11   Thumb Code   114  stm32f4xx_hal_uart.o(.text)
    HAL_UART_DMAResume                       0x08004c83   Thumb Code   160  stm32f4xx_hal_uart.o(.text)
    HAL_UART_DMAStop                         0x08004d23   Thumb Code    58  stm32f4xx_hal_uart.o(.text)
    HAL_UART_IRQHandler                      0x08004eb9   Thumb Code   326  stm32f4xx_hal_uart.o(.text)
    HAL_LIN_SendBreak                        0x08004fff   Thumb Code    62  stm32f4xx_hal_uart.o(.text)
    HAL_MultiProcessor_EnterMuteMode         0x0800503d   Thumb Code    62  stm32f4xx_hal_uart.o(.text)
    HAL_MultiProcessor_ExitMuteMode          0x0800507b   Thumb Code    62  stm32f4xx_hal_uart.o(.text)
    HAL_HalfDuplex_EnableTransmitter         0x080050b9   Thumb Code    68  stm32f4xx_hal_uart.o(.text)
    HAL_HalfDuplex_EnableReceiver            0x080050fd   Thumb Code    68  stm32f4xx_hal_uart.o(.text)
    HAL_UART_GetState                        0x08005141   Thumb Code     8  stm32f4xx_hal_uart.o(.text)
    HAL_UART_GetError                        0x08005149   Thumb Code     6  stm32f4xx_hal_uart.o(.text)
    rt_system_tick_init                      0x08005151   Thumb Code     2  clock.o(.text)
    rt_tick_get                              0x08005153   Thumb Code     6  clock.o(.text)
    rt_tick_set                              0x08005159   Thumb Code    22  clock.o(.text)
    rt_tick_increase                         0x0800516f   Thumb Code    42  clock.o(.text)
    rt_tick_from_millisecond                 0x08005199   Thumb Code    22  clock.o(.text)
    rt_components_board_init                 0x080051c5   Thumb Code    20  components.o(.text)
    rt_components_init                       0x080051d9   Thumb Code    20  components.o(.text)
    main_thread_entry                        0x080051ed   Thumb Code    14  components.o(.text)
    rt_application_init                      0x080051fb   Thumb Code    48  components.o(.text)
    rtthread_startup                         0x0800522b   Thumb Code    46  components.o(.text)
    main                                     0x08005259   Thumb Code    14  components.o(.text)
    rt_device_find                           0x08005291   Thumb Code    76  device.o(.text)
    rt_device_register                       0x080052dd   Thumb Code    52  device.o(.text)
    rt_device_unregister                     0x08005311   Thumb Code    26  device.o(.text)
    rt_device_init_all                       0x0800532b   Thumb Code     4  device.o(.text)
    rt_device_init                           0x0800532f   Thumb Code    64  device.o(.text)
    rt_device_open                           0x0800536f   Thumb Code   136  device.o(.text)
    rt_device_close                          0x080053f7   Thumb Code    68  device.o(.text)
    rt_device_read                           0x0800543b   Thumb Code    76  device.o(.text)
    rt_device_write                          0x08005487   Thumb Code    76  device.o(.text)
    rt_device_control                        0x080054d3   Thumb Code    42  device.o(.text)
    rt_device_set_rx_indicate                0x080054fd   Thumb Code    26  device.o(.text)
    rt_device_set_tx_complete                0x08005517   Thumb Code    26  device.o(.text)
    rt_thread_idle_sethook                   0x080055b5   Thumb Code     6  idle.o(.text)
    rt_thread_idle_excute                    0x080055bb   Thumb Code   154  idle.o(.text)
    rt_thread_idle_init                      0x08005669   Thumb Code    38  idle.o(.text)
    rt_sem_init                              0x08005795   Thumb Code    50  ipc.o(.text)
    rt_sem_detach                            0x080057c7   Thumb Code    34  ipc.o(.text)
    rt_sem_create                            0x080057e9   Thumb Code    84  ipc.o(.text)
    rt_sem_delete                            0x0800583d   Thumb Code    78  ipc.o(.text)
    rt_sem_take                              0x0800588b   Thumb Code   266  ipc.o(.text)
    rt_sem_trytake                           0x08005995   Thumb Code    14  ipc.o(.text)
    rt_sem_release                           0x080059a3   Thumb Code    80  ipc.o(.text)
    rt_sem_control                           0x080059f3   Thumb Code    68  ipc.o(.text)
    rt_mutex_init                            0x08005a37   Thumb Code    58  ipc.o(.text)
    rt_mutex_detach                          0x08005a71   Thumb Code    36  ipc.o(.text)
    rt_mutex_create                          0x08005a95   Thumb Code    96  ipc.o(.text)
    rt_mutex_delete                          0x08005af5   Thumb Code    78  ipc.o(.text)
    rt_mutex_take                            0x08005b43   Thumb Code   524  ipc.o(.text)
    rt_mutex_release                         0x08005d4f   Thumb Code   272  ipc.o(.text)
    rt_mutex_control                         0x08005e5f   Thumb Code     8  ipc.o(.text)
    rt_event_init                            0x08005e67   Thumb Code    46  ipc.o(.text)
    rt_event_detach                          0x08005e95   Thumb Code    36  ipc.o(.text)
    rt_event_create                          0x08005eb9   Thumb Code    88  ipc.o(.text)
    rt_event_delete                          0x08005f11   Thumb Code    82  ipc.o(.text)
    rt_event_send                            0x08005f63   Thumb Code   210  ipc.o(.text)
    rt_event_recv                            0x08006035   Thumb Code   448  ipc.o(.text)
    rt_event_control                         0x080061f5   Thumb Code    70  ipc.o(.text)
    rt_mb_init                               0x0800623b   Thumb Code    76  ipc.o(.text)
    rt_mb_detach                             0x08006287   Thumb Code    44  ipc.o(.text)
    rt_mb_create                             0x080062b3   Thumb Code   128  ipc.o(.text)
    rt_mb_delete                             0x08006333   Thumb Code    96  ipc.o(.text)
    rt_mb_send_wait                          0x08006393   Thumb Code   436  ipc.o(.text)
    rt_mb_send                               0x08006547   Thumb Code    18  ipc.o(.text)
    rt_mb_recv                               0x08006559   Thumb Code   412  ipc.o(.text)
    rt_mb_control                            0x080066f5   Thumb Code    82  ipc.o(.text)
    rt_mq_init                               0x08006747   Thumb Code   118  ipc.o(.text)
    rt_mq_detach                             0x080067bd   Thumb Code    36  ipc.o(.text)
    rt_mq_delete                             0x080067e1   Thumb Code    88  ipc.o(.text)
    rt_mq_create                             0x08006839   Thumb Code   174  ipc.o(.text)
    rt_mq_send                               0x080068e7   Thumb Code   290  ipc.o(.text)
    rt_mq_urgent                             0x08006a09   Thumb Code   198  ipc.o(.text)
    rt_mq_recv                               0x08006acf   Thumb Code   438  ipc.o(.text)
    rt_mq_control                            0x08006c85   Thumb Code    98  ipc.o(.text)
    rt_interrupt_enter                       0x08006d3d   Thumb Code    30  irq.o(.text)
    rt_interrupt_leave                       0x08006d5b   Thumb Code    30  irq.o(.text)
    rt_interrupt_get_nest                    0x08006d79   Thumb Code     6  irq.o(.text)
    rt_get_errno                             0x08006d85   Thumb Code    32  kservice.o(.text)
    rt_set_errno                             0x08006da5   Thumb Code    36  kservice.o(.text)
    _rt_errno                                0x08006dc9   Thumb Code    30  kservice.o(.text)
    rt_memset                                0x08006de7   Thumb Code    72  kservice.o(.text)
    rt_memcpy                                0x08006e2f   Thumb Code   124  kservice.o(.text)
    rt_memmove                               0x08006eab   Thumb Code    66  kservice.o(.text)
    rt_memcmp                                0x08006eed   Thumb Code    38  kservice.o(.text)
    rt_strlen                                0x08006f13   Thumb Code    18  kservice.o(.text)
    rt_strstr                                0x08006f25   Thumb Code    58  kservice.o(.text)
    rt_strcasecmp                            0x08006f5f   Thumb Code    48  kservice.o(.text)
    rt_strncpy                               0x08006f8f   Thumb Code    52  kservice.o(.text)
    rt_strncmp                               0x08006fc3   Thumb Code    40  kservice.o(.text)
    rt_strcmp                                0x08006feb   Thumb Code    28  kservice.o(.text)
    rt_strdup                                0x08007007   Thumb Code    40  kservice.o(.text)
    rt_hw_console_output                     0x0800702f   Thumb Code     2  kservice.o(.text)
    rt_vsnprintf                             0x080071e7   Thumb Code   800  kservice.o(.text)
    rt_kprintf                               0x08007507   Thumb Code    96  kservice.o(.text)
    rt_show_version                          0x08007567   Thumb Code    38  kservice.o(.text)
    rt_snprintf                              0x0800758d   Thumb Code    38  kservice.o(.text)
    rt_vsprintf                              0x080075b3   Thumb Code    22  kservice.o(.text)
    rt_sprintf                               0x080075c9   Thumb Code    34  kservice.o(.text)
    rt_console_get_device                    0x080075eb   Thumb Code     6  kservice.o(.text)
    rt_console_set_device                    0x080075f1   Thumb Code    48  kservice.o(.text)
    rt_malloc_align                          0x08007621   Thumb Code    66  kservice.o(.text)
    rt_free_align                            0x08007663   Thumb Code    16  kservice.o(.text)
    __rt_ffs                                 0x08007673   Thumb Code    70  kservice.o(.text)
    rt_assert_set_hook                       0x080076b9   Thumb Code     6  kservice.o(.text)
    rt_assert_handler                        0x080076bf   Thumb Code    56  kservice.o(.text)
    rt_malloc_sethook                        0x080077d1   Thumb Code     6  mem.o(.text)
    rt_free_sethook                          0x080077d7   Thumb Code     6  mem.o(.text)
    rt_system_heap_init                      0x0800787d   Thumb Code   204  mem.o(.text)
    rt_malloc                                0x08007949   Thumb Code   520  mem.o(.text)
    rt_free                                  0x08007b51   Thumb Code   602  mem.o(.text)
    rt_realloc                               0x08007dab   Thumb Code   312  mem.o(.text)
    rt_calloc                                0x08007ee3   Thumb Code    84  mem.o(.text)
    rt_memory_info                           0x08007f37   Thumb Code    26  mem.o(.text)
    list_mem                                 0x08007f51   Thumb Code    34  mem.o(.text)
    rt_object_attach_sethook                 0x08008065   Thumb Code     6  object.o(.text)
    rt_object_detach_sethook                 0x0800806b   Thumb Code     6  object.o(.text)
    rt_object_trytake_sethook                0x08008071   Thumb Code     6  object.o(.text)
    rt_object_take_sethook                   0x08008077   Thumb Code     6  object.o(.text)
    rt_object_put_sethook                    0x0800807d   Thumb Code     6  object.o(.text)
    rt_system_object_init                    0x08008083   Thumb Code     2  object.o(.text)
    rt_object_get_information                0x08008085   Thumb Code    10  object.o(.text)
    rt_object_init                           0x0800808f   Thumb Code    76  object.o(.text)
    rt_object_detach                         0x080080db   Thumb Code    56  object.o(.text)
    rt_object_allocate                       0x08008113   Thumb Code   132  object.o(.text)
    rt_object_delete                         0x08008197   Thumb Code    84  object.o(.text)
    rt_object_is_systemobject                0x080081eb   Thumb Code    34  object.o(.text)
    rt_object_find                           0x0800820d   Thumb Code   126  object.o(.text)
    rt_scheduler_sethook                     0x08008321   Thumb Code     6  scheduler.o(.text)
    rt_system_scheduler_init                 0x08008379   Thumb Code    56  scheduler.o(.text)
    rt_system_scheduler_start                0x080083b1   Thumb Code    36  scheduler.o(.text)
    rt_schedule                              0x080083d5   Thumb Code   134  scheduler.o(.text)
    rt_schedule_insert_thread                0x0800845b   Thumb Code    82  scheduler.o(.text)
    rt_schedule_remove_thread                0x080084ad   Thumb Code    94  scheduler.o(.text)
    rt_enter_critical                        0x0800850b   Thumb Code    28  scheduler.o(.text)
    rt_exit_critical                         0x08008527   Thumb Code    54  scheduler.o(.text)
    rt_critical_level                        0x0800855d   Thumb Code     8  scheduler.o(.text)
    rt_thread_exit                           0x08008621   Thumb Code    76  thread.o(.text)
    rt_thread_timeout                        0x0800866d   Thumb Code    66  thread.o(.text)
    rt_thread_init                           0x0800873d   Thumb Code    74  thread.o(.text)
    rt_thread_self                           0x08008787   Thumb Code     6  thread.o(.text)
    rt_thread_resume                         0x0800878d   Thumb Code    78  thread.o(.text)
    rt_thread_startup                        0x080087db   Thumb Code    80  thread.o(.text)
    rt_thread_detach                         0x0800882b   Thumb Code    72  thread.o(.text)
    rt_thread_create                         0x08008873   Thumb Code    80  thread.o(.text)
    rt_thread_delete                         0x080088c3   Thumb Code    64  thread.o(.text)
    rt_thread_yield                          0x08008903   Thumb Code    88  thread.o(.text)
    rt_thread_suspend                        0x0800895b   Thumb Code    76  thread.o(.text)
    rt_thread_sleep                          0x080089a7   Thumb Code    76  thread.o(.text)
    rt_thread_delay                          0x080089f3   Thumb Code   210  thread.o(.text)
    rt_thread_control                        0x08008ac5   Thumb Code   130  thread.o(.text)
    rt_thread_find                           0x08008b47   Thumb Code    76  thread.o(.text)
    rt_timer_timeout_sethook                 0x08008bab   Thumb Code     6  timer.o(.text)
    rt_timer_init                            0x08008c3d   Thumb Code    58  timer.o(.text)
    rt_timer_detach                          0x08008c77   Thumb Code    44  timer.o(.text)
    rt_timer_create                          0x08008ca3   Thumb Code    54  timer.o(.text)
    rt_timer_delete                          0x08008cd9   Thumb Code    46  timer.o(.text)
    rt_timer_start                           0x08008d07   Thumb Code   292  timer.o(.text)
    rt_timer_stop                            0x08008e2b   Thumb Code    80  timer.o(.text)
    rt_timer_control                         0x08008e7b   Thumb Code    76  timer.o(.text)
    rt_timer_check                           0x08008ec7   Thumb Code   148  timer.o(.text)
    rt_timer_next_timeout_tick               0x08008f5b   Thumb Code    10  timer.o(.text)
    rt_system_timer_init                     0x08008f65   Thumb Code    24  timer.o(.text)
    rt_system_timer_thread_init              0x08008f7d   Thumb Code     2  timer.o(.text)
    rt_hw_stack_init                         0x08008ff9   Thumb Code    74  cpuport.o(.text)
    rt_hw_exception_install                  0x08009043   Thumb Code     6  cpuport.o(.text)
    rt_hw_hard_fault_exception               0x08009049   Thumb Code   112  cpuport.o(.text)
    rt_hw_cpu_shutdown                       0x080090b9   Thumb Code    20  cpuport.o(.text)
    rt_hw_interrupt_disable                  0x08009189   Thumb Code     8  context_rvds.o(.text)
    rt_hw_interrupt_enable                   0x08009191   Thumb Code     6  context_rvds.o(.text)
    rt_hw_context_switch                     0x08009197   Thumb Code    32  context_rvds.o(.text)
    rt_hw_context_switch_interrupt           0x08009197   Thumb Code     0  context_rvds.o(.text)
    PendSV_Handler                           0x080091b7   Thumb Code   108  context_rvds.o(.text)
    rt_hw_context_switch_to                  0x08009223   Thumb Code    68  context_rvds.o(.text)
    rt_hw_interrupt_thread_switch            0x08009267   Thumb Code     2  context_rvds.o(.text)
    HardFault_Handler                        0x08009269   Thumb Code    20  context_rvds.o(.text)
    rt_hw_serial_register                    0x0800963f   Thumb Code   246  serial.o(.text)
    rt_hw_serial_isr                         0x08009735   Thumb Code   302  serial.o(.text)
    rt_completion_init                       0x08009b19   Thumb Code    42  completion.o(.text)
    rt_completion_wait                       0x08009b43   Thumb Code   198  completion.o(.text)
    rt_completion_done                       0x08009c09   Thumb Code    76  completion.o(.text)
    rt_data_queue_init                       0x08009cef   Thumb Code    78  dataqueue.o(.text)
    rt_data_queue_push                       0x08009d3d   Thumb Code   276  dataqueue.o(.text)
    rt_data_queue_pop                        0x08009e51   Thumb Code   340  dataqueue.o(.text)
    rt_data_queue_peak                       0x08009fa5   Thumb Code    94  dataqueue.o(.text)
    rt_data_queue_reset                      0x0800a003   Thumb Code   106  dataqueue.o(.text)
    finsh_set_device                         0x0800a117   Thumb Code   156  shell.o(.text)
    finsh_get_device                         0x0800a1b3   Thumb Code    28  shell.o(.text)
    finsh_set_echo                           0x0800a1cf   Thumb Code    30  shell.o(.text)
    finsh_get_echo                           0x0800a1ed   Thumb Code    32  shell.o(.text)
    finsh_run_line                           0x0800a229   Thumb Code   164  shell.o(.text)
    finsh_thread_entry                       0x0800a389   Thumb Code  1646  shell.o(.text)
    finsh_system_function_init               0x0800a9f7   Thumb Code    10  shell.o(.text)
    finsh_system_var_init                    0x0800aa01   Thumb Code    10  shell.o(.text)
    finsh_system_init                        0x0800aa0b   Thumb Code   122  shell.o(.text)
    hello                                    0x0800aaed   Thumb Code    12  cmd.o(.text)
    version                                  0x0800aaf9   Thumb Code    10  cmd.o(.text)
    list_thread                              0x0800abaf   Thumb Code    10  cmd.o(.text)
    list_sem                                 0x0800ac4d   Thumb Code    12  cmd.o(.text)
    list_event                               0x0800acb9   Thumb Code    12  cmd.o(.text)
    list_mutex                               0x0800ad07   Thumb Code    12  cmd.o(.text)
    list_mailbox                             0x0800ad8b   Thumb Code    12  cmd.o(.text)
    list_msgqueue                            0x0800ae03   Thumb Code    12  cmd.o(.text)
    list_mempool                             0x0800ae75   Thumb Code    12  cmd.o(.text)
    list_timer                               0x0800b2b9   Thumb Code    10  cmd.o(.text)
    list_device                              0x0800b315   Thumb Code    12  cmd.o(.text)
    list                                     0x0800b321   Thumb Code   126  cmd.o(.text)
    list_prefix                              0x0800b3e1   Thumb Code   434  cmd.o(.text)
    finsh_compiler_run                       0x0800ce4b   Thumb Code    88  finsh_compiler.o(.text)
    finsh_error_init                         0x0800ceb5   Thumb Code     8  finsh_error.o(.text)
    finsh_error_set                          0x0800cebd   Thumb Code    10  finsh_error.o(.text)
    finsh_errno                              0x0800cec7   Thumb Code     6  finsh_error.o(.text)
    finsh_error_string                       0x0800cecd   Thumb Code    10  finsh_error.o(.text)
    finsh_heap_init                          0x0800cee1   Thumb Code    36  finsh_heap.o(.text)
    finsh_heap_free                          0x0800d005   Thumb Code    34  finsh_heap.o(.text)
    finsh_heap_allocate                      0x0800d075   Thumb Code   106  finsh_heap.o(.text)
    finsh_init                               0x0800d0f1   Thumb Code    30  finsh_init.o(.text)
    finsh_stack_bottom                       0x0800d10f   Thumb Code     6  finsh_init.o(.text)
    finsh_flush                              0x0800d115   Thumb Code    22  finsh_init.o(.text)
    finsh_reset                              0x0800d12b   Thumb Code    24  finsh_init.o(.text)
    finsh_node_init                          0x0800d149   Thumb Code    16  finsh_node.o(.text)
    finsh_node_allocate                      0x0800d159   Thumb Code    56  finsh_node.o(.text)
    finsh_node_new_id                        0x0800d191   Thumb Code   118  finsh_node.o(.text)
    finsh_node_new_char                      0x0800d207   Thumb Code    30  finsh_node.o(.text)
    finsh_node_new_int                       0x0800d225   Thumb Code    30  finsh_node.o(.text)
    finsh_node_new_long                      0x0800d243   Thumb Code    30  finsh_node.o(.text)
    finsh_node_new_string                    0x0800d261   Thumb Code    74  finsh_node.o(.text)
    finsh_node_new_ptr                       0x0800d2ab   Thumb Code    30  finsh_node.o(.text)
    OP_no_op                                 0x0800d2cd   Thumb Code     2  finsh_ops.o(.text)
    OP_add_byte                              0x0800d2cf   Thumb Code    42  finsh_ops.o(.text)
    OP_add_word                              0x0800d2f9   Thumb Code    44  finsh_ops.o(.text)
    OP_add_dword                             0x0800d325   Thumb Code    42  finsh_ops.o(.text)
    OP_sub_byte                              0x0800d34f   Thumb Code    42  finsh_ops.o(.text)
    OP_sub_word                              0x0800d379   Thumb Code    44  finsh_ops.o(.text)
    OP_sub_dword                             0x0800d3a5   Thumb Code    42  finsh_ops.o(.text)
    OP_div_byte                              0x0800d3cf   Thumb Code    44  finsh_ops.o(.text)
    OP_div_word                              0x0800d3fb   Thumb Code    46  finsh_ops.o(.text)
    OP_div_dword                             0x0800d429   Thumb Code    44  finsh_ops.o(.text)
    OP_mod_byte                              0x0800d455   Thumb Code    48  finsh_ops.o(.text)
    OP_mod_word                              0x0800d485   Thumb Code    48  finsh_ops.o(.text)
    OP_mod_dword                             0x0800d4b5   Thumb Code    48  finsh_ops.o(.text)
    OP_mul_byte                              0x0800d4e5   Thumb Code    44  finsh_ops.o(.text)
    OP_mul_word                              0x0800d511   Thumb Code    46  finsh_ops.o(.text)
    OP_mul_dword                             0x0800d53f   Thumb Code    42  finsh_ops.o(.text)
    OP_and_byte                              0x0800d569   Thumb Code    42  finsh_ops.o(.text)
    OP_and_word                              0x0800d593   Thumb Code    42  finsh_ops.o(.text)
    OP_and_dword                             0x0800d5bd   Thumb Code    42  finsh_ops.o(.text)
    OP_or_byte                               0x0800d5e7   Thumb Code    42  finsh_ops.o(.text)
    OP_or_word                               0x0800d611   Thumb Code    42  finsh_ops.o(.text)
    OP_or_dword                              0x0800d63b   Thumb Code    42  finsh_ops.o(.text)
    OP_xor_byte                              0x0800d665   Thumb Code    42  finsh_ops.o(.text)
    OP_xor_word                              0x0800d68f   Thumb Code    46  finsh_ops.o(.text)
    OP_xor_dword                             0x0800d6bd   Thumb Code    42  finsh_ops.o(.text)
    OP_bw_byte                               0x0800d6e7   Thumb Code    20  finsh_ops.o(.text)
    OP_bw_word                               0x0800d6fb   Thumb Code    20  finsh_ops.o(.text)
    OP_bw_dword                              0x0800d70f   Thumb Code    20  finsh_ops.o(.text)
    OP_shl_byte                              0x0800d723   Thumb Code    42  finsh_ops.o(.text)
    OP_shl_word                              0x0800d74d   Thumb Code    44  finsh_ops.o(.text)
    OP_shl_dword                             0x0800d779   Thumb Code    42  finsh_ops.o(.text)
    OP_shr_byte                              0x0800d7a3   Thumb Code    42  finsh_ops.o(.text)
    OP_shr_word                              0x0800d7cd   Thumb Code    42  finsh_ops.o(.text)
    OP_shr_dword                             0x0800d7f7   Thumb Code    42  finsh_ops.o(.text)
    OP_ld_byte                               0x0800d821   Thumb Code    34  finsh_ops.o(.text)
    OP_ld_word                               0x0800d843   Thumb Code    46  finsh_ops.o(.text)
    OP_ld_dword                              0x0800d871   Thumb Code    64  finsh_ops.o(.text)
    OP_ld_value_byte                         0x0800d8b1   Thumb Code    66  finsh_ops.o(.text)
    OP_ld_value_byte_stack                   0x0800d8f3   Thumb Code    20  finsh_ops.o(.text)
    OP_ld_value_word                         0x0800d907   Thumb Code    66  finsh_ops.o(.text)
    OP_ld_value_word_stack                   0x0800d949   Thumb Code    20  finsh_ops.o(.text)
    OP_ld_value_dword                        0x0800d95d   Thumb Code    66  finsh_ops.o(.text)
    OP_ld_value_dword_stack                  0x0800d99f   Thumb Code    20  finsh_ops.o(.text)
    OP_st_byte                               0x0800d9b3   Thumb Code    30  finsh_ops.o(.text)
    OP_st_word                               0x0800d9d1   Thumb Code    30  finsh_ops.o(.text)
    OP_st_dword                              0x0800d9ef   Thumb Code    30  finsh_ops.o(.text)
    OP_pop                                   0x0800da0d   Thumb Code    12  finsh_ops.o(.text)
    OP_call                                  0x0800da19   Thumb Code   906  finsh_ops.o(.text)
    finsh_parser_run                         0x0800e639   Thumb Code   220  finsh_parser.o(.text)
    finsh_parser_init                        0x0800e715   Thumb Code    16  finsh_parser.o(.text)
    finsh_var_init                           0x0800e725   Thumb Code    14  finsh_var.o(.text)
    finsh_var_insert                         0x0800e733   Thumb Code   114  finsh_var.o(.text)
    finsh_var_delete                         0x0800e7a5   Thumb Code    68  finsh_var.o(.text)
    finsh_var_lookup                         0x0800e7e9   Thumb Code    58  finsh_var.o(.text)
    finsh_sysvar_append                      0x0800e823   Thumb Code    62  finsh_var.o(.text)
    finsh_sysvar_lookup                      0x0800e861   Thumb Code    78  finsh_var.o(.text)
    finsh_vm_run                             0x0800e8c1   Thumb Code    62  finsh_vm.o(.text)
    finsh_syscall_append                     0x0800e8ff   Thumb Code    54  finsh_vm.o(.text)
    finsh_syscall_lookup                     0x0800e935   Thumb Code    78  finsh_vm.o(.text)
    finsh_token_init                         0x0800e9a5   Thumb Code    20  finsh_token.o(.text)
    token_get_string                         0x0800edbd   Thumb Code   120  finsh_token.o(.text)
    finsh_token_token                        0x0800eff5   Thumb Code    24  finsh_token.o(.text)
    finsh_token_get_token                    0x0800f00d   Thumb Code    20  finsh_token.o(.text)
    atoi                                     0x0800f025   Thumb Code    26  atoi.o(.text)
    strlen                                   0x0800f03f   Thumb Code    62  strlen.o(.text)
    strncmp                                  0x0800f07d   Thumb Code   150  strncmp.o(.text)
    __aeabi_memcpy                           0x0800f113   Thumb Code     0  rt_memcpy_v6.o(.text)
    __rt_memcpy                              0x0800f113   Thumb Code   138  rt_memcpy_v6.o(.text)
    _memcpy_lastbytes                        0x0800f179   Thumb Code     0  rt_memcpy_v6.o(.text)
    __aeabi_memcpy4                          0x0800f19d   Thumb Code     0  rt_memcpy_w.o(.text)
    __aeabi_memcpy8                          0x0800f19d   Thumb Code     0  rt_memcpy_w.o(.text)
    __rt_memcpy_w                            0x0800f19d   Thumb Code   100  rt_memcpy_w.o(.text)
    _memcpy_lastbytes_aligned                0x0800f1e5   Thumb Code     0  rt_memcpy_w.o(.text)
    __aeabi_memclr                           0x0800f201   Thumb Code     0  rt_memclr.o(.text)
    __rt_memclr                              0x0800f201   Thumb Code    68  rt_memclr.o(.text)
    _memset                                  0x0800f205   Thumb Code     0  rt_memclr.o(.text)
    __aeabi_memclr4                          0x0800f245   Thumb Code     0  rt_memclr_w.o(.text)
    __aeabi_memclr8                          0x0800f245   Thumb Code     0  rt_memclr_w.o(.text)
    __rt_memclr_w                            0x0800f245   Thumb Code    78  rt_memclr_w.o(.text)
    _memset_w                                0x0800f249   Thumb Code     0  rt_memclr_w.o(.text)
    strncpy                                  0x0800f293   Thumb Code    86  strncpy.o(.text)
    strcmp                                   0x0800f2e9   Thumb Code   128  strcmpv7m.o(.text)
    __use_two_region_memory                  0x0800f369   Thumb Code     2  heapauxi.o(.text)
    __rt_heap_escrow$2region                 0x0800f36b   Thumb Code     2  heapauxi.o(.text)
    __rt_heap_expand$2region                 0x0800f36d   Thumb Code     2  heapauxi.o(.text)
    __aeabi_errno_addr                       0x0800f371   Thumb Code     8  rt_errno_addr_intlibspace.o(.text)
    __errno$intlibspace                      0x0800f371   Thumb Code     0  rt_errno_addr_intlibspace.o(.text)
    __rt_errno_addr$intlibspace              0x0800f371   Thumb Code     0  rt_errno_addr_intlibspace.o(.text)
    strtol                                   0x0800f379   Thumb Code   112  strtol.o(.text)
    __user_libspace                          0x0800f3e9   Thumb Code     8  libspace.o(.text)
    __user_perproc_libspace                  0x0800f3e9   Thumb Code     0  libspace.o(.text)
    __user_perthread_libspace                0x0800f3e9   Thumb Code     0  libspace.o(.text)
    __rt_ctype_table                         0x0800f3f1   Thumb Code    16  rt_ctype_table.o(.text)
    _strtoul                                 0x0800f401   Thumb Code   158  _strtoul.o(.text)
    __user_setup_stackheap                   0x0800f49f   Thumb Code    74  sys_stackheap_outer.o(.text)
    __rt_locale                              0x0800f4e9   Thumb Code     8  rt_locale_intlibspace.o(.text)
    _chval                                   0x0800f4f1   Thumb Code    28  _chval.o(.text)
    exit                                     0x0800f50d   Thumb Code    18  exit.o(.text)
    _sys_exit                                0x0800f521   Thumb Code     8  sys_exit.o(.text)
    __I$use$semihosting                      0x0800f52d   Thumb Code     0  use_no_semi.o(.text)
    __use_no_semihosting_swi                 0x0800f52d   Thumb Code     2  use_no_semi.o(.text)
    __semihosting_library_function           0x0800f52f   Thumb Code     0  indicate_semi.o(.text)
    _get_lc_ctype                            0x0800f531   Thumb Code    44  lc_ctype_c.o(locale$$code)
    _fp_init                                 0x0800f55d   Thumb Code    10  fpinit.o(x$fpl$fpinit)
    __fplib_config_fpu_vfp                   0x0800f565   Thumb Code     0  fpinit.o(x$fpl$fpinit)
    __fplib_config_pureend_doubles           0x0800f565   Thumb Code     0  fpinit.o(x$fpl$fpinit)
    AHBPrescTable                            0x0800f5bc   Data          16  system_stm32f4xx.o(.constdata)
    APBAHBPrescTable                         0x0800f5d4   Data          16  stm32f4xx_hal_rcc.o(.constdata)
    __lowest_bit_bitmap                      0x0800f88d   Data         256  kservice.o(.constdata)
    op_table                                 0x0800fdc4   Data         196  finsh_ops.o(.constdata)
    __fsym_list_mem_name                     0x0801029a   Data           9  mem.o(.rodata.name)
    __fsym_list_mem_desc                     0x080102a3   Data          30  mem.o(.rodata.name)
    __fsym_hello_name                        0x080102c1   Data           6  cmd.o(.rodata.name)
    __fsym_hello_desc                        0x080102c7   Data          16  cmd.o(.rodata.name)
    __fsym_version_name                      0x080102d7   Data           8  cmd.o(.rodata.name)
    __fsym_version_desc                      0x080102df   Data          35  cmd.o(.rodata.name)
    __fsym_list_thread_name                  0x08010302   Data          12  cmd.o(.rodata.name)
    __fsym_list_thread_desc                  0x0801030e   Data          12  cmd.o(.rodata.name)
    __fsym_list_sem_name                     0x0801031a   Data           9  cmd.o(.rodata.name)
    __fsym_list_sem_desc                     0x08010323   Data          25  cmd.o(.rodata.name)
    __fsym_list_event_name                   0x0801033c   Data          11  cmd.o(.rodata.name)
    __fsym_list_event_desc                   0x08010347   Data          21  cmd.o(.rodata.name)
    __fsym_list_mutex_name                   0x0801035c   Data          11  cmd.o(.rodata.name)
    __fsym_list_mutex_desc                   0x08010367   Data          21  cmd.o(.rodata.name)
    __fsym_list_mailbox_name                 0x0801037c   Data          13  cmd.o(.rodata.name)
    __fsym_list_mailbox_desc                 0x08010389   Data          24  cmd.o(.rodata.name)
    __fsym_list_msgqueue_name                0x080103a1   Data          14  cmd.o(.rodata.name)
    __fsym_list_msgqueue_desc                0x080103af   Data          29  cmd.o(.rodata.name)
    __fsym_list_mempool_name                 0x080103cc   Data          13  cmd.o(.rodata.name)
    __fsym_list_mempool_desc                 0x080103d9   Data          27  cmd.o(.rodata.name)
    __fsym_list_timer_name                   0x080103f4   Data          11  cmd.o(.rodata.name)
    __fsym_list_timer_desc                   0x080103ff   Data          21  cmd.o(.rodata.name)
    __fsym_list_device_name                  0x08010414   Data          12  cmd.o(.rodata.name)
    __fsym_list_device_desc                  0x08010420   Data          22  cmd.o(.rodata.name)
    __fsym_list_name                         0x08010436   Data           5  cmd.o(.rodata.name)
    __fsym_list_desc                         0x0801043b   Data          26  cmd.o(.rodata.name)
    __vsym_dummy_name                        0x08010455   Data           6  cmd.o(.rodata.name)
    __vsym_dummy_desc                        0x0801045b   Data          25  cmd.o(.rodata.name)
    __rt_init_rti_start                      0x08010474   Data           4  components.o(.rti_fn.0)
    __rt_init_rti_board_start                0x08010478   Data           4  components.o(.rti_fn.0.end)
    __rt_init_hw_usart_init                  0x0801047c   Data           4  drv_usart.o(.rti_fn.1)
    __rt_init_rti_board_end                  0x08010480   Data           4  components.o(.rti_fn.1.end)
    __rt_init_finsh_system_init              0x08010484   Data           4  shell.o(.rti_fn.3)
    __rt_init_rti_end                        0x08010488   Data           4  components.o(.rti_fn.6.end)
    FSymTab$$Base                            0x0801048c   Number         0  mem.o(FSymTab)
    __fsym_list_mem                          0x0801048c   Data          12  mem.o(FSymTab)
    __fsym_hello                             0x08010498   Data          12  cmd.o(FSymTab)
    __fsym_version                           0x080104a4   Data          12  cmd.o(FSymTab)
    __fsym_list_thread                       0x080104b0   Data          12  cmd.o(FSymTab)
    __fsym_list_sem                          0x080104bc   Data          12  cmd.o(FSymTab)
    __fsym_list_event                        0x080104c8   Data          12  cmd.o(FSymTab)
    __fsym_list_mutex                        0x080104d4   Data          12  cmd.o(FSymTab)
    __fsym_list_mailbox                      0x080104e0   Data          12  cmd.o(FSymTab)
    __fsym_list_msgqueue                     0x080104ec   Data          12  cmd.o(FSymTab)
    __fsym_list_mempool                      0x080104f8   Data          12  cmd.o(FSymTab)
    __fsym_list_timer                        0x08010504   Data          12  cmd.o(FSymTab)
    __fsym_list_device                       0x08010510   Data          12  cmd.o(FSymTab)
    __fsym_list                              0x0801051c   Data          12  cmd.o(FSymTab)
    FSymTab$$Limit                           0x08010528   Number         0  cmd.o(FSymTab)
    Region$$Table$$Base                      0x08010528   Number         0  anon$$obj.o(Region$$Table)
    Region$$Table$$Limit                     0x08010548   Number         0  anon$$obj.o(Region$$Table)
    VSymTab$$Base                            0x08010548   Number         0  cmd.o(VSymTab)
    __vsym_dummy                             0x08010548   Data          16  cmd.o(VSymTab)
    VSymTab$$Limit                           0x08010558   Number         0  cmd.o(VSymTab)
    __ctype                                  0x08010565   Data           0  lc_ctype_c.o(locale$$data)
    SpixTimeout                              0x20000000   Data           4  tft_lcd.o(.data)
    st7735_drv                               0x20000004   Data          56  drv_lcd_st7735.o(.data)
    lcd_st7735_ops                           0x2000003c   Data          20  drv_lcd_st7735.o(.data)
    SystemCoreClock                          0x20000050   Data           4  system_stm32f4xx.o(.data)
    rt_interrupt_nest                        0x20000060   Data           1  irq.o(.data)
    rt_assert_hook                           0x2000006c   Data           4  kservice.o(.data)
    rt_object_container                      0x20000090   Data         144  object.o(.data)
    rt_object_trytake_hook                   0x20000128   Data           4  object.o(.data)
    rt_object_take_hook                      0x2000012c   Data           4  object.o(.data)
    rt_object_put_hook                       0x20000130   Data           4  object.o(.data)
    rt_current_thread                        0x20000138   Data           4  scheduler.o(.data)
    rt_current_priority                      0x2000013c   Data           1  scheduler.o(.data)
    rt_thread_ready_priority_group           0x20000140   Data           4  scheduler.o(.data)
    rt_thread_defunct                        0x20000144   Data           8  scheduler.o(.data)
    rt_interrupt_from_thread                 0x20000160   Data           4  cpuport.o(.data)
    rt_interrupt_to_thread                   0x20000164   Data           4  cpuport.o(.data)
    rt_thread_switch_interrupt_flag          0x20000168   Data           4  cpuport.o(.data)
    shell                                    0x20000170   Data           4  shell.o(.data)
    _syscall_table_begin                     0x20000174   Data           4  symbol.o(.data)
    _syscall_table_end                       0x20000178   Data           4  symbol.o(.data)
    _sysvar_table_begin                      0x2000017c   Data           4  symbol.o(.data)
    _sysvar_table_end                        0x20000180   Data           4  symbol.o(.data)
    finsh_compile_sp                         0x20000188   Data           4  finsh_compiler.o(.data)
    finsh_compile_pc                         0x2000018c   Data           4  finsh_compiler.o(.data)
    global_errno                             0x20000190   Data           1  finsh_error.o(.data)
    global_sysvar_list                       0x200001d8   Data           4  finsh_var.o(.data)
    finsh_sp                                 0x200001dc   Data           4  finsh_vm.o(.data)
    finsh_pc                                 0x200001e0   Data           4  finsh_vm.o(.data)
    global_syscall_list                      0x200001e4   Data           4  finsh_vm.o(.data)
    serial1                                  0x2000022c   Data          84  drv_usart.o(.bss)
    rt_thread_priority_table                 0x20000ab8   Data         256  scheduler.o(.bss)
    finsh_heap                               0x20001438   Data         128  finsh_heap.o(.bss)
    global_node_table                        0x200014b8   Data         320  finsh_node.o(.bss)
    global_variable                          0x200015f8   Data         192  finsh_var.o(.bss)
    finsh_vm_stack                           0x200016b8   Data         256  finsh_vm.o(.bss)
    text_segment                             0x200017b8   Data         128  finsh_vm.o(.bss)
    __libspace_start                         0x20001838   Data          96  libspace.o(.bss)
    __temporary_stack_top$libspace           0x20001898   Data           0  libspace.o(.bss)
    Image$$RW_IRAM1$$ZI$$Limit               0x20002498   Number         0  anon$$obj.o ABSOLUTE



==============================================================================

Memory Map of the image

  Image Entry point : 0x08000189

  Load Region LR_IROM1 (Base: 0x08000000, Size: 0x00010850, Max: 0x00100000, ABSOLUTE, COMPRESSED[0x00010728])

    Execution Region ER_IROM1 (Base: 0x08000000, Size: 0x00010668, Max: 0x00100000, ABSOLUTE)

    Base Addr    Size         Type   Attr      Idx    E Section Name        Object

    0x08000000   0x00000188   Data   RO          332    RESET               startup_stm32f407xx.o
    0x08000188   0x00000008   Code   RO         2347  * !!!main             c_w.l(__main.o)
    0x08000190   0x00000034   Code   RO         2527    !!!scatter          c_w.l(__scatter.o)
    0x080001c4   0x0000005a   Code   RO         2525    !!dczerorl2         c_w.l(__dczerorl2.o)
    0x0800021e   0x00000002   PAD
    0x08000220   0x0000001c   Code   RO         2529    !!handler_zi        c_w.l(__scatter_zi.o)
    0x0800023c   0x00000002   Code   RO         2398    .ARM.Collect$$libinit$$00000000  c_w.l(libinit.o)
    0x0800023e   0x00000004   Code   RO         2401    .ARM.Collect$$libinit$$00000001  c_w.l(libinit2.o)
    0x08000242   0x00000000   Code   RO         2404    .ARM.Collect$$libinit$$00000004  c_w.l(libinit2.o)
    0x08000242   0x00000000   Code   RO         2407    .ARM.Collect$$libinit$$0000000A  c_w.l(libinit2.o)
    0x08000242   0x00000000   Code   RO         2409    .ARM.Collect$$libinit$$0000000C  c_w.l(libinit2.o)
    0x08000242   0x00000000   Code   RO         2411    .ARM.Collect$$libinit$$0000000E  c_w.l(libinit2.o)
    0x08000242   0x00000006   Code   RO         2412    .ARM.Collect$$libinit$$0000000F  c_w.l(libinit2.o)
    0x08000248   0x00000000   Code   RO         2414    .ARM.Collect$$libinit$$00000011  c_w.l(libinit2.o)
    0x08000248   0x0000000c   Code   RO         2415    .ARM.Collect$$libinit$$00000012  c_w.l(libinit2.o)
    0x08000254   0x00000000   Code   RO         2416    .ARM.Collect$$libinit$$00000013  c_w.l(libinit2.o)
    0x08000254   0x00000000   Code   RO         2418    .ARM.Collect$$libinit$$00000015  c_w.l(libinit2.o)
    0x08000254   0x00000000   Code   RO         2420    .ARM.Collect$$libinit$$00000017  c_w.l(libinit2.o)
    0x08000254   0x00000000   Code   RO         2422    .ARM.Collect$$libinit$$00000019  c_w.l(libinit2.o)
    0x08000254   0x00000000   Code   RO         2424    .ARM.Collect$$libinit$$0000001B  c_w.l(libinit2.o)
    0x08000254   0x00000000   Code   RO         2426    .ARM.Collect$$libinit$$0000001D  c_w.l(libinit2.o)
    0x08000254   0x00000000   Code   RO         2428    .ARM.Collect$$libinit$$0000001F  c_w.l(libinit2.o)
    0x08000254   0x00000000   Code   RO         2430    .ARM.Collect$$libinit$$00000021  c_w.l(libinit2.o)
    0x08000254   0x00000000   Code   RO         2432    .ARM.Collect$$libinit$$00000023  c_w.l(libinit2.o)
    0x08000254   0x00000000   Code   RO         2434    .ARM.Collect$$libinit$$00000025  c_w.l(libinit2.o)
    0x08000254   0x00000000   Code   RO         2438    .ARM.Collect$$libinit$$0000002C  c_w.l(libinit2.o)
    0x08000254   0x00000000   Code   RO         2440    .ARM.Collect$$libinit$$0000002E  c_w.l(libinit2.o)
    0x08000254   0x00000000   Code   RO         2442    .ARM.Collect$$libinit$$00000030  c_w.l(libinit2.o)
    0x08000254   0x00000000   Code   RO         2444    .ARM.Collect$$libinit$$00000032  c_w.l(libinit2.o)
    0x08000254   0x00000002   Code   RO         2445    .ARM.Collect$$libinit$$00000033  c_w.l(libinit2.o)
    0x08000256   0x00000002   Code   RO         2465    .ARM.Collect$$libshutdown$$00000000  c_w.l(libshutdown.o)
    0x08000258   0x00000000   Code   RO         2478    .ARM.Collect$$libshutdown$$00000002  c_w.l(libshutdown2.o)
    0x08000258   0x00000000   Code   RO         2480    .ARM.Collect$$libshutdown$$00000004  c_w.l(libshutdown2.o)
    0x08000258   0x00000000   Code   RO         2483    .ARM.Collect$$libshutdown$$00000007  c_w.l(libshutdown2.o)
    0x08000258   0x00000000   Code   RO         2486    .ARM.Collect$$libshutdown$$0000000A  c_w.l(libshutdown2.o)
    0x08000258   0x00000000   Code   RO         2488    .ARM.Collect$$libshutdown$$0000000C  c_w.l(libshutdown2.o)
    0x08000258   0x00000000   Code   RO         2491    .ARM.Collect$$libshutdown$$0000000F  c_w.l(libshutdown2.o)
    0x08000258   0x00000002   Code   RO         2492    .ARM.Collect$$libshutdown$$00000010  c_w.l(libshutdown2.o)
    0x0800025a   0x00000000   Code   RO         2349    .ARM.Collect$$rtentry$$00000000  c_w.l(__rtentry.o)
    0x0800025a   0x00000000   Code   RO         2361    .ARM.Collect$$rtentry$$00000002  c_w.l(__rtentry2.o)
    0x0800025a   0x00000006   Code   RO         2373    .ARM.Collect$$rtentry$$00000004  c_w.l(__rtentry4.o)
    0x08000260   0x00000000   Code   RO         2363    .ARM.Collect$$rtentry$$00000009  c_w.l(__rtentry2.o)
    0x08000260   0x00000004   Code   RO         2364    .ARM.Collect$$rtentry$$0000000A  c_w.l(__rtentry2.o)
    0x08000264   0x00000000   Code   RO         2366    .ARM.Collect$$rtentry$$0000000C  c_w.l(__rtentry2.o)
    0x08000264   0x00000008   Code   RO         2367    .ARM.Collect$$rtentry$$0000000D  c_w.l(__rtentry2.o)
    0x0800026c   0x00000002   Code   RO         2399    .ARM.Collect$$rtexit$$00000000  c_w.l(rtexit.o)
    0x0800026e   0x00000000   Code   RO         2447    .ARM.Collect$$rtexit$$00000002  c_w.l(rtexit2.o)
    0x0800026e   0x00000004   Code   RO         2448    .ARM.Collect$$rtexit$$00000003  c_w.l(rtexit2.o)
    0x08000272   0x00000006   Code   RO         2449    .ARM.Collect$$rtexit$$00000004  c_w.l(rtexit2.o)
    0x08000278   0x00000004   Code   RO            1    .text               main.o
    0x0800027c   0x0000011c   Code   RO           40    .text               board.o
    0x08000398   0x00000010   Code   RO          169    .text               stm32f4xx_it.o
    0x080003a8   0x0000051c   Code   RO          193    .text               drv_usart.o
    0x080008c4   0x00000344   Code   RO          235    .text               tft_lcd.o
    0x08000c08   0x0000061c   Code   RO          270    .text               drv_lcd_st7735.o
    0x08001224   0x00000120   Code   RO          302    .text               system_stm32f4xx.o
    0x08001344   0x00000040   Code   RO          333    .text               startup_stm32f407xx.o
    0x08001384   0x000001a0   Code   RO          340    .text               stm32f4xx_hal.o
    0x08001524   0x0000031c   Code   RO          438    .text               stm32f4xx_hal_cortex.o
    0x08001840   0x00000618   Code   RO          592    .text               stm32f4xx_hal_dma.o
    0x08001e58   0x000003c4   Code   RO          801    .text               stm32f4xx_hal_gpio.o
    0x0800221c   0x00000008   Code   RO         1041    .text               stm32f4xx_hal_msp_template.o
    0x08002224   0x00000a44   Code   RO         1221    .text               stm32f4xx_hal_rcc.o
    0x08002c68   0x00001598   Code   RO         1434    .text               stm32f4xx_hal_spi.o
    0x08004200   0x00000f4e   Code   RO         1512    .text               stm32f4xx_hal_uart.o
    0x0800514e   0x00000002   PAD
    0x08005150   0x00000064   Code   RO         1647    .text               clock.o
    0x080051b4   0x000000dc   Code   RO         1661    .text               components.o
    0x08005290   0x00000324   Code   RO         1680    .text               device.o
    0x080055b4   0x00000134   Code   RO         1694    .text               idle.o
    0x080056e8   0x00001654   Code   RO         1714    .text               ipc.o
    0x08006d3c   0x00000048   Code   RO         1731    .text               irq.o
    0x08006d84   0x00000a4c   Code   RO         1746    .text               kservice.o
    0x080077d0   0x00000874   Code   RO         1766    .text               mem.o
    0x08008044   0x000002dc   Code   RO         1818    .text               object.o
    0x08008320   0x000002e0   Code   RO         1837    .text               scheduler.o
    0x08008600   0x0000059c   Code   RO         1858    .text               thread.o
    0x08008b9c   0x0000045c   Code   RO         1875    .text               timer.o
    0x08008ff8   0x00000190   Code   RO         1894    .text               cpuport.o
    0x08009188   0x0000010c   Code   RO         1910    .text               context_rvds.o
    0x08009294   0x00000884   Code   RO         1948    .text               serial.o
    0x08009b18   0x000001c8   Code   RO         1961    .text               completion.o
    0x08009ce0   0x00000414   Code   RO         1977    .text               dataqueue.o
    0x0800a0f4   0x000009e4   Code   RO         2066    .text               shell.o
    0x0800aad8   0x00000bc4   Code   RO         2101    .text               cmd.o
    0x0800b69c   0x00001818   Code   RO         2125    .text               finsh_compiler.o
    0x0800ceb4   0x0000002c   Code   RO         2162    .text               finsh_error.o
    0x0800cee0   0x00000210   Code   RO         2178    .text               finsh_heap.o
    0x0800d0f0   0x00000058   Code   RO         2194    .text               finsh_init.o
    0x0800d148   0x00000184   Code   RO         2212    .text               finsh_node.o
    0x0800d2cc   0x00000adc   Code   RO         2227    .text               finsh_ops.o
    0x0800dda8   0x0000097c   Code   RO         2245    .text               finsh_parser.o
    0x0800e724   0x0000019c   Code   RO         2260    .text               finsh_var.o
    0x0800e8c0   0x000000e4   Code   RO         2283    .text               finsh_vm.o
    0x0800e9a4   0x00000680   Code   RO         2310    .text               finsh_token.o
    0x0800f024   0x0000001a   Code   RO         2327    .text               c_w.l(atoi.o)
    0x0800f03e   0x0000003e   Code   RO         2329    .text               c_w.l(strlen.o)
    0x0800f07c   0x00000096   Code   RO         2331    .text               c_w.l(strncmp.o)
    0x0800f112   0x0000008a   Code   RO         2333    .text               c_w.l(rt_memcpy_v6.o)
    0x0800f19c   0x00000064   Code   RO         2335    .text               c_w.l(rt_memcpy_w.o)
    0x0800f200   0x00000044   Code   RO         2337    .text               c_w.l(rt_memclr.o)
    0x0800f244   0x0000004e   Code   RO         2339    .text               c_w.l(rt_memclr_w.o)
    0x0800f292   0x00000056   Code   RO         2341    .text               c_w.l(strncpy.o)
    0x0800f2e8   0x00000080   Code   RO         2343    .text               c_w.l(strcmpv7m.o)
    0x0800f368   0x00000006   Code   RO         2345    .text               c_w.l(heapauxi.o)
    0x0800f36e   0x00000002   PAD
    0x0800f370   0x00000008   Code   RO         2353    .text               c_w.l(rt_errno_addr_intlibspace.o)
    0x0800f378   0x00000070   Code   RO         2355    .text               c_w.l(strtol.o)
    0x0800f3e8   0x00000008   Code   RO         2357    .text               c_w.l(libspace.o)
    0x0800f3f0   0x00000010   Code   RO         2375    .text               c_w.l(rt_ctype_table.o)
    0x0800f400   0x0000009e   Code   RO         2377    .text               c_w.l(_strtoul.o)
    0x0800f49e   0x0000004a   Code   RO         2379    .text               c_w.l(sys_stackheap_outer.o)
    0x0800f4e8   0x00000008   Code   RO         2384    .text               c_w.l(rt_locale_intlibspace.o)
    0x0800f4f0   0x0000001c   Code   RO         2386    .text               c_w.l(_chval.o)
    0x0800f50c   0x00000012   Code   RO         2391    .text               c_w.l(exit.o)
    0x0800f51e   0x00000002   PAD
    0x0800f520   0x0000000c   Code   RO         2457    .text               c_w.l(sys_exit.o)
    0x0800f52c   0x00000002   Code   RO         2468    .text               c_w.l(use_no_semi.o)
    0x0800f52e   0x00000000   Code   RO         2470    .text               c_w.l(indicate_semi.o)
    0x0800f52e   0x00000002   PAD
    0x0800f530   0x0000002c   Code   RO         2389    locale$$code        c_w.l(lc_ctype_c.o)
    0x0800f55c   0x0000000a   Code   RO         2455    x$fpl$fpinit        fz_wm.l(fpinit.o)
    0x0800f566   0x00000002   PAD
    0x0800f568   0x00000048   Data   RO          195    .constdata          drv_usart.o
    0x0800f5b0   0x0000000c   Data   RO          272    .constdata          drv_lcd_st7735.o
    0x0800f5bc   0x00000010   Data   RO          303    .constdata          system_stm32f4xx.o
    0x0800f5cc   0x00000008   Data   RO          593    .constdata          stm32f4xx_hal_dma.o
    0x0800f5d4   0x00000010   Data   RO         1222    .constdata          stm32f4xx_hal_rcc.o
    0x0800f5e4   0x00000014   Data   RO         1662    .constdata          components.o
    0x0800f5f8   0x000000a8   Data   RO         1681    .constdata          device.o
    0x0800f6a0   0x00000016   Data   RO         1696    .constdata          idle.o
    0x0800f6b6   0x000001d7   Data   RO         1715    .constdata          ipc.o
    0x0800f88d   0x00000122   Data   RO         1748    .constdata          kservice.o
    0x0800f9af   0x00000046   Data   RO         1768    .constdata          mem.o
    0x0800f9f5   0x0000005e   Data   RO         1819    .constdata          object.o
    0x0800fa53   0x0000004e   Data   RO         1839    .constdata          scheduler.o
    0x0800faa1   0x000000aa   Data   RO         1859    .constdata          thread.o
    0x0800fb4b   0x0000005c   Data   RO         1876    .constdata          timer.o
    0x0800fba7   0x00000013   Data   RO         1895    .constdata          cpuport.o
    0x0800fbba   0x000000d3   Data   RO         1949    .constdata          serial.o
    0x0800fc8d   0x00000039   Data   RO         1962    .constdata          completion.o
    0x0800fcc6   0x0000004b   Data   RO         1978    .constdata          dataqueue.o
    0x0800fd11   0x00000060   Data   RO         2068    .constdata          shell.o
    0x0800fd71   0x00000003   PAD
    0x0800fd74   0x00000050   Data   RO         2102    .constdata          cmd.o
    0x0800fdc4   0x000000c4   Data   RO         2228    .constdata          finsh_ops.o
    0x0800fe88   0x00000040   Data   RO         2311    .constdata          finsh_token.o
    0x0800fec8   0x000000ed   Data   RO         1769    .conststring        mem.o
    0x0800ffb5   0x00000003   PAD
    0x0800ffb8   0x000001ad   Data   RO         2103    .conststring        cmd.o
    0x08010165   0x00000003   PAD
    0x08010168   0x000000f3   Data   RO         2163    .conststring        finsh_error.o
    0x0801025b   0x00000001   PAD
    0x0801025c   0x0000003e   Data   RO         2312    .conststring        finsh_token.o
    0x0801029a   0x00000027   Data   RO         1771    .rodata.name        mem.o
    0x080102c1   0x000001b3   Data   RO         2105    .rodata.name        cmd.o
    0x08010474   0x00000004   Data   RO         1663    .rti_fn.0           components.o
    0x08010478   0x00000004   Data   RO         1664    .rti_fn.0.end       components.o
    0x0801047c   0x00000004   Data   RO          196    .rti_fn.1           drv_usart.o
    0x08010480   0x00000004   Data   RO         1665    .rti_fn.1.end       components.o
    0x08010484   0x00000004   Data   RO         2070    .rti_fn.3           shell.o
    0x08010488   0x00000004   Data   RO         1666    .rti_fn.6.end       components.o
    0x0801048c   0x0000000c   Data   RO         1772    FSymTab             mem.o
    0x08010498   0x00000090   Data   RO         2106    FSymTab             cmd.o
    0x08010528   0x00000020   Data   RO         2523    Region$$Table       anon$$obj.o
    0x08010548   0x00000010   Data   RO         2107    VSymTab             cmd.o
    0x08010558   0x00000110   Data   RO         2388    locale$$data        c_w.l(lc_ctype_c.o)


    Execution Region RW_IRAM1 (Base: 0x20000000, Size: 0x00002498, Max: 0x00020000, ABSOLUTE, COMPRESSED[0x000000c0])

    Base Addr    Size         Type   Attr      Idx    E Section Name        Object

    0x20000000   0x00000004   Data   RW          237    .data               tft_lcd.o
    0x20000004   0x0000004c   Data   RW          273    .data               drv_lcd_st7735.o
    0x20000050   0x00000004   Data   RW          304    .data               system_stm32f4xx.o
    0x20000054   0x00000004   Data   RW          341    .data               stm32f4xx_hal.o
    0x20000058   0x00000004   Data   RW         1648    .data               clock.o
    0x2000005c   0x00000004   Data   RW         1697    .data               idle.o
    0x20000060   0x00000001   Data   RW         1732    .data               irq.o
    0x20000061   0x00000003   PAD
    0x20000064   0x0000000c   Data   RW         1749    .data               kservice.o
    0x20000070   0x00000020   Data   RW         1770    .data               mem.o
    0x20000090   0x000000a4   Data   RW         1820    .data               object.o
    0x20000134   0x0000001c   Data   RW         1840    .data               scheduler.o
    0x20000150   0x00000010   Data   RW         1877    .data               timer.o
    0x20000160   0x00000010   Data   RW         1896    .data               cpuport.o
    0x20000170   0x00000004   Data   RW         2069    .data               shell.o
    0x20000174   0x00000010   Data   RW         2088    .data               symbol.o
    0x20000184   0x00000004   Data   RW         2104    .data               cmd.o
    0x20000188   0x00000008   Data   RW         2126    .data               finsh_compiler.o
    0x20000190   0x00000040   Data   RW         2164    .data               finsh_error.o
    0x200001d0   0x00000008   Data   RW         2180    .data               finsh_heap.o
    0x200001d8   0x00000004   Data   RW         2262    .data               finsh_var.o
    0x200001dc   0x0000000c   Data   RW         2285    .data               finsh_vm.o
    0x200001e8   0x00000098   Zero   RW          194    .bss                drv_usart.o
    0x20000280   0x00000058   Zero   RW          236    .bss                tft_lcd.o
    0x200002d8   0x000002c0   Zero   RW          271    .bss                drv_lcd_st7735.o
    0x20000598   0x00000480   Zero   RW         1695    .bss                idle.o
    0x20000a18   0x00000080   Zero   RW         1747    .bss                kservice.o
    0x20000a98   0x00000020   Zero   RW         1767    .bss                mem.o
    0x20000ab8   0x00000100   Zero   RW         1838    .bss                scheduler.o
    0x20000bb8   0x00000880   Zero   RW         2067    .bss                shell.o
    0x20001438   0x00000080   Zero   RW         2179    .bss                finsh_heap.o
    0x200014b8   0x00000140   Zero   RW         2213    .bss                finsh_node.o
    0x200015f8   0x000000c0   Zero   RW         2261    .bss                finsh_var.o
    0x200016b8   0x00000180   Zero   RW         2284    .bss                finsh_vm.o
    0x20001838   0x00000060   Zero   RW         2358    .bss                c_w.l(libspace.o)
    0x20001898   0x00000800   Zero   RW          331    HEAP                startup_stm32f407xx.o
    0x20002098   0x00000400   Zero   RW          330    STACK               startup_stm32f407xx.o


==============================================================================

Image component sizes


      Code (inc. data)   RO Data    RW Data    ZI Data      Debug   Object Name

       284         26          0          0          0     352348   board.o
       100          6          0          4          0       1608   clock.o
      3012       1244       1104          4          0      10527   cmd.o
       456        124         57          0          0       2895   completion.o
       220         42         36          0          0       2570   components.o
       268         24          0          0          0        812   context_rvds.o
       400        188         19         16          0       3751   cpuport.o
      1044        114         75          0          0       6309   dataqueue.o
       804        132        168          0          0       4941   device.o
      1564         52         12         76        704       7217   drv_lcd_st7735.o
      1308        138         76          0        152      36431   drv_usart.o
      6168        154          0          8          0      10934   finsh_compiler.o
        44         10        243         64          0       1721   finsh_error.o
       528         18          0          8        128       3447   finsh_heap.o
        88          6          0          0          0       1676   finsh_init.o
       388          4          0          0        320       3472   finsh_node.o
      2780         36        196          0          0       8872   finsh_ops.o
      2428         32          0          0          0       9793   finsh_parser.o
      1664         16        126          0          0       6272   finsh_token.o
       412         18          0          4        192       7445   finsh_var.o
       228         34          0         12        384       7062   finsh_vm.o
       308         74         22          4       1152       2903   idle.o
      5716        422        471          0          0      20147   ipc.o
        72          6          0          1          0       1406   irq.o
      2636        230        290         12        128      11988   kservice.o
         4          0          0          0          0      11047   main.o
      2164        560        358         32         32      11094   mem.o
       732        150         94        164          0       5792   object.o
       736        150         78         28        256       4753   scheduler.o
      2180        314        211          0          0       7889   serial.o
      2532        276        100          4       2176       6119   shell.o
        64         26        392          0       3072        852   startup_stm32f407xx.o
       416         26          0          4          0       4814   stm32f4xx_hal.o
       796         20          0          0          0      32199   stm32f4xx_hal_cortex.o
      1560         16          8          0          0       5112   stm32f4xx_hal_dma.o
       964         50          0          0          0       3747   stm32f4xx_hal_gpio.o
         8          0          0          0          0        818   stm32f4xx_hal_msp_template.o
      2628         66         16          0          0       5670   stm32f4xx_hal_rcc.o
      5528         54          0          0          0      13748   stm32f4xx_hal_spi.o
      3918         28          0          0          0      12779   stm32f4xx_hal_uart.o
        16          0          0          0          0        856   stm32f4xx_it.o
         0          0          0         16          0       4321   symbol.o
       288         32         16          4          0       1747   system_stm32f4xx.o
       836         30          0          4         88       3427   tft_lcd.o
      1436        208        170          0          0       7593   thread.o
      1116        100         92         16          0       6911   timer.o

    ----------------------------------------------------------------------
     60844       5256       4472        488       8784     677835   Object Totals
         0          0         32          0          0          0   (incl. Generated)
         2          0         10          3          0          0   (incl. Padding)

    ----------------------------------------------------------------------

      Code (inc. data)   RO Data    RW Data    ZI Data      Debug   Library Member Name

        90          0          0          0          0          0   __dczerorl2.o
         8          0          0          0          0         68   __main.o
         0          0          0          0          0          0   __rtentry.o
        12          0          0          0          0          0   __rtentry2.o
         6          0          0          0          0          0   __rtentry4.o
        52          8          0          0          0          0   __scatter.o
        28          0          0          0          0          0   __scatter_zi.o
        28          0          0          0          0         68   _chval.o
       158          0          0          0          0         92   _strtoul.o
        26          0          0          0          0         80   atoi.o
        18          0          0          0          0         80   exit.o
         6          0          0          0          0        152   heapauxi.o
         0          0          0          0          0          0   indicate_semi.o
        44         10        272          0          0         76   lc_ctype_c.o
         2          0          0          0          0          0   libinit.o
        24          0          0          0          0          0   libinit2.o
         2          0          0          0          0          0   libshutdown.o
         2          0          0          0          0          0   libshutdown2.o
         8          4          0          0         96         68   libspace.o
        16          4          0          0          0         76   rt_ctype_table.o
         8          4          0          0          0         68   rt_errno_addr_intlibspace.o
         8          4          0          0          0         68   rt_locale_intlibspace.o
        68          0          0          0          0         68   rt_memclr.o
        78          0          0          0          0         80   rt_memclr_w.o
       138          0          0          0          0         68   rt_memcpy_v6.o
       100          0          0          0          0         80   rt_memcpy_w.o
         2          0          0          0          0          0   rtexit.o
        10          0          0          0          0          0   rtexit2.o
       128          0          0          0          0         68   strcmpv7m.o
        62          0          0          0          0         76   strlen.o
       150          0          0          0          0         80   strncmp.o
        86          0          0          0          0         76   strncpy.o
       112          0          0          0          0         88   strtol.o
        12          4          0          0          0         68   sys_exit.o
        74          0          0          0          0         80   sys_stackheap_outer.o
         2          0          0          0          0         68   use_no_semi.o
        10          0          0          0          0        116   fpinit.o

    ----------------------------------------------------------------------
      1588         38        272          0         96       1912   Library Totals
        10          0          0          0          0          0   (incl. Padding)

    ----------------------------------------------------------------------

      Code (inc. data)   RO Data    RW Data    ZI Data      Debug   Library Name

      1568         38        272          0         96       1796   c_w.l
        10          0          0          0          0        116   fz_wm.l

    ----------------------------------------------------------------------
      1588         38        272          0         96       1912   Library Totals

    ----------------------------------------------------------------------

==============================================================================


      Code (inc. data)   RO Data    RW Data    ZI Data      Debug   

     62432       5294       4744        488       8880     669859   Grand Totals
     62432       5294       4744        192       8880     669859   ELF Image Totals (compressed)
     62432       5294       4744        192          0          0   ROM Totals

==============================================================================

    Total RO  Size (Code + RO Data)                67176 (  65.60kB)
    Total RW  Size (RW Data + ZI Data)              9368 (   9.15kB)
    Total ROM Size (Code + RO Data + RW Data)      67368 (  65.79kB)

==============================================================================

