Component: ARM Compiler 5.06 update 1 (build 61) Tool: armlink [4d35a8]

==============================================================================

Section Cross References

    board.o(.text) refers to stm32f4xx_hal_rcc.o(.text) for HAL_RCC_OscConfig
    board.o(.text) refers to irq.o(.text) for rt_interrupt_enter
    board.o(.text) refers to stm32f4xx_hal.o(.text) for HAL_IncTick
    board.o(.text) refers to clock.o(.text) for rt_tick_increase
    board.o(.text) refers to stm32f4xx_hal_cortex.o(.text) for HAL_SYSTICK_Config
    board.o(.text) refers to thread.o(.text) for rt_thread_delay
    board.o(.text) refers to drv_usart.o(.text) for hw_usart_init
    board.o(.text) refers to mem.o(.text) for rt_system_heap_init
    board.o(.text) refers to drv_lcd_st7735.o(.text) for hw_lcd_init
    board.o(.text) refers to components.o(.text) for rt_components_board_init
    board.o(.text) refers to kservice.o(.text) for rt_console_set_device
    drv_usart.o(.text) refers to kservice.o(.text) for rt_assert_handler
    drv_usart.o(.text) refers to stm32f4xx_hal_uart.o(.text) for HAL_UART_Init
    drv_usart.o(.text) refers to irq.o(.text) for rt_interrupt_enter
    drv_usart.o(.text) refers to serial.o(.text) for rt_hw_serial_isr
    drv_usart.o(.text) refers to stm32f4xx_hal_gpio.o(.text) for HAL_GPIO_Init
    drv_usart.o(.text) refers to stm32f4xx_hal_cortex.o(.text) for HAL_NVIC_SetPriority
    drv_usart.o(.text) refers to drv_usart.o(.constdata) for __FUNCTION__
    drv_usart.o(.text) refers to drv_usart.o(.bss) for uart1
    drv_usart.o(.constdata) refers to drv_usart.o(.text) for drv_configure
    drv_usart.o(.rti_fn.1) refers to drv_usart.o(.text) for hw_usart_init
    tft_lcd.o(.text) refers to stm32f4xx_hal_gpio.o(.text) for HAL_GPIO_Init
    tft_lcd.o(.text) refers to stm32f4xx_hal_spi.o(.text) for HAL_SPI_Init
    tft_lcd.o(.text) refers to board.o(.text) for HAL_Delay
    tft_lcd.o(.text) refers to tft_lcd.o(.bss) for hnucleo_Spi
    tft_lcd.o(.text) refers to tft_lcd.o(.data) for SpixTimeout
    drv_lcd_st7735.o(.text) refers to tft_lcd.o(.text) for LCD_IO_WriteReg
    drv_lcd_st7735.o(.text) refers to kservice.o(.text) for rt_assert_handler
    drv_lcd_st7735.o(.text) refers to device.o(.text) for rt_device_register
    drv_lcd_st7735.o(.text) refers to drv_lcd_st7735.o(.bss) for ArrayRGB
    drv_lcd_st7735.o(.text) refers to drv_lcd_st7735.o(.constdata) for __FUNCTION__
    drv_lcd_st7735.o(.text) refers to drv_lcd_st7735.o(.data) for lcd_st7735_ops
    drv_lcd_st7735.o(.data) refers to drv_lcd_st7735.o(.text) for st7735_Init
    system_stm32f4xx.o(.text) refers to system_stm32f4xx.o(.data) for SystemCoreClock
    system_stm32f4xx.o(.text) refers to system_stm32f4xx.o(.constdata) for AHBPrescTable
    startup_stm32f407xx.o(STACK) refers (Special) to heapauxi.o(.text) for __use_two_region_memory
    startup_stm32f407xx.o(HEAP) refers (Special) to heapauxi.o(.text) for __use_two_region_memory
    startup_stm32f407xx.o(RESET) refers (Special) to heapauxi.o(.text) for __use_two_region_memory
    startup_stm32f407xx.o(RESET) refers to startup_stm32f407xx.o(STACK) for __initial_sp
    startup_stm32f407xx.o(RESET) refers to startup_stm32f407xx.o(.text) for Reset_Handler
    startup_stm32f407xx.o(RESET) refers to stm32f4xx_it.o(.text) for NMI_Handler
    startup_stm32f407xx.o(RESET) refers to context_rvds.o(.text) for HardFault_Handler
    startup_stm32f407xx.o(RESET) refers to board.o(.text) for SysTick_Handler
    startup_stm32f407xx.o(RESET) refers to drv_usart.o(.text) for USART1_IRQHandler
    startup_stm32f407xx.o(.text) refers (Special) to heapauxi.o(.text) for __use_two_region_memory
    startup_stm32f407xx.o(.text) refers to system_stm32f4xx.o(.text) for SystemInit
    startup_stm32f407xx.o(.text) refers to __main.o(!!!main) for __main
    startup_stm32f407xx.o(.text) refers to startup_stm32f407xx.o(HEAP) for Heap_Mem
    startup_stm32f407xx.o(.text) refers to startup_stm32f407xx.o(STACK) for Stack_Mem
    stm32f4xx_hal.o(.text) refers to stm32f4xx_hal_rcc.o(.text) for HAL_RCC_GetHCLKFreq
    stm32f4xx_hal.o(.text) refers to stm32f4xx_hal_cortex.o(.text) for HAL_SYSTICK_Config
    stm32f4xx_hal.o(.text) refers to board.o(.text) for HAL_InitTick
    stm32f4xx_hal.o(.text) refers to stm32f4xx_hal_msp_template.o(.text) for HAL_MspInit
    stm32f4xx_hal.o(.text) refers to stm32f4xx_hal.o(.data) for uwTick
    stm32f4xx_hal_dma.o(.text) refers to stm32f4xx_hal.o(.text) for HAL_GetTick
    stm32f4xx_hal_dma.o(.text) refers to stm32f4xx_hal_dma.o(.constdata) for flagBitshiftOffset
    stm32f4xx_hal_flash.o(.text) refers to stm32f4xx_hal.o(.text) for HAL_GetTick
    stm32f4xx_hal_flash.o(.text) refers to stm32f4xx_hal_flash_ex.o(.text) for FLASH_Erase_Sector
    stm32f4xx_hal_flash.o(.text) refers to stm32f4xx_hal_flash.o(.bss) for pFlash
    stm32f4xx_hal_flash_ex.o(.text) refers to stm32f4xx_hal_flash.o(.text) for FLASH_WaitForLastOperation
[...]
    Removing gui__alpha.o(i.GUI__GetAlphaBuffer), (144 bytes).
    Removing gui__alpha.o(i.GUI__MixColors), (102 bytes).
    Removing gui__alpha.o(i.GUI__MixColorsBulk), (78 bytes).
    Removing gui__alpha.o(i.GUI__SetAlphaBufferSize), (12 bytes).
    Removing gui__alpha.o(i._OnExit), (40 bytes).
    Removing gui__alpha.o(.data), (40 bytes).
    Removing gui__divideround32.o(i.GUI__DivideRound32), (26 bytes).
    Removing gui__drawtwinarc.o(i.GUI__DrawTwinArc2), (116 bytes).
    Removing gui__drawtwinarc.o(i.GUI__DrawTwinArc4), (108 bytes).
    Removing gui__drawtwinarc.o(i.GUI__FillTrippleArc), (116 bytes).
    Removing gui__drawtwinarc.o(i._DrawTwinArc2), (262 bytes).
    Removing gui__drawtwinarc.o(i._DrawTwinArc4), (370 bytes).
    Removing gui__drawtwinarc.o(i._FillTrippleArc), (572 bytes).
    Removing gui__drawtwinarc.o(i._GetTrippleArcPara), (116 bytes).
    Removing gui__drawtwinarc.o(i._GetTwinArcPara), (84 bytes).
    Removing gui__managecache.o(i.GUI__ManageCache), (16 bytes).
    Removing gui__managecache.o(i.GUI__ManageCacheEx), (172 bytes).
    Removing gui__managecache.o(.data), (8 bytes).
    Removing gui__reducerect.o(i.GUI__ReduceRect), (26 bytes).
    Removing gui__setpixelalpha.o(i.GUI__SetPixelAlpha), (112 bytes).
    Removing gui__settext.o(i.GUI__SetText), (108 bytes).
    Removing gui__sqrt32.o(i.GUI__sqrt32), (26 bytes).
    Removing gui_adddecmin.o(i.GUI_AddDecMin), (26 bytes).
    Removing gui_charp.o(i.GUIPROP_DispChar), (200 bytes).
    Removing gui_charp.o(i.GUIPROP_GetCharDistX), (68 bytes).
    Removing gui_charp.o(i.GUIPROP_GetFontInfo), (6 bytes).
    Removing gui_charp.o(i.GUIPROP_IsInFont), (16 bytes).
    Removing gui_charp.o(i.GUIPROP__FindChar), (22 bytes).
    Removing gui_cursorarrowm.o(.constdata), (20 bytes).
    Removing gui_cursorarrowm.o(.constdata), (12 bytes).
    Removing gui_dispstringat.o(i.GUI_DispStringAt), (40 bytes).
    Removing gui_dispstringinrect.o(i.GUI_DispStringInRect), (8 bytes).
    Removing gui_dispstringinrect.o(i.GUI_DispStringInRectMax), (76 bytes).
    Removing gui_dispstringinrect.o(i.GUI__DispStringInRect), (324 bytes).
    Removing gui_drawfocusrect.o(i.GUI_DrawFocusRect), (172 bytes).
    Removing gui_drawhline.o(i.GUI_DrawHLine), (88 bytes).
    Removing gui_drawline.o(i.Abs), (8 bytes).
    Removing gui_drawline.o(i.GL_DrawLine), (16 bytes).
    Removing gui_drawline.o(i.GL_DrawLine1), (16 bytes).
    Removing gui_drawline.o(i.GL_DrawLine1Ex), (460 bytes).
    Removing gui_drawline.o(i.GL_DrawLineEx), (268 bytes).
    Removing gui_drawline.o(i.GL_DrawLineTo), (14 bytes).
    Removing gui_drawline.o(i.GL_DrawLineToEx), (40 bytes).
    Removing gui_drawline.o(i.GUI_DrawLine), (72 bytes).
    Removing gui_drawline.o(i.GUI_DrawLineRel), (68 bytes).
    Removing gui_drawline.o(i.GUI_DrawLineTo), (76 bytes).
    Removing gui_drawline.o(i.GUI_cos), (8 bytes).
    Removing gui_drawline.o(i.GUI_sin), (84 bytes).
    Removing gui_drawline.o(i._DrawLineEnd), (20 bytes).
    Removing gui_drawline.o(i._SetLineColor), (120 bytes).
    Removing gui_drawline.o(i._atan2), (140 bytes).
    Removing gui_drawline.o(.constdata), (68 bytes).
    Removing gui_drawpixel.o(i.GUI_DrawPixel), (76 bytes).
    Removing gui_drawvline.o(i.GUI_DrawVLine), (80 bytes).
    Removing gui_fillrect.o(i.GUI_FillRect), (88 bytes).
    Removing gui_fillrectex.o(i.GUI_FillRectEx), (20 bytes).
    Removing gui_getclientrect.o(i.GUI_GetClientRect), (10 bytes).
    Removing gui_getcolor.o(i.GUI_GetBkColor), (24 bytes).
    Removing gui_getcolor.o(i.GUI_GetBkColorIndex), (20 bytes).
    Removing gui_getcolor.o(i.GUI_GetColor), (24 bytes).
    Removing gui_getcolor.o(i.GUI_GetColorIndex), (20 bytes).
    Removing gui_getfontsizey.o(i.GUI_GetFontSizeY), (20 bytes).
    Removing gui_getstringdistx.o(i.GUI_GetStringDistX), (20 bytes).
    Removing gui_getysizeoffont.o(i.GUI_GetYDistOfFont), (10 bytes).
    Removing gui_getysizeoffont.o(i.GUI_GetYSizeOfFont), (10 bytes).
    Removing gui_goto.o(i.GUI_GotoX), (24 bytes).
    Removing gui_goto.o(i.GUI_GotoY), (24 bytes).
    Removing gui_onkey.o(i.GUI_ClearKeyBuffer), (36 bytes).
    Removing gui_onkey.o(i.GUI_GetKey), (16 bytes).
    Removing gui_onkey.o(i.GUI_GetKeyState), (24 bytes).
    Removing gui_onkey.o(i.GUI_PollKeyMsg), (52 bytes).
    Removing gui_onkey.o(i.GUI_SendKeyMsg), (28 bytes).
    Removing gui_onkey.o(i.GUI_StoreKeyMsg), (36 bytes).
    Removing gui_onkey.o(i._IncPointer), (28 bytes).
    Removing gui_onkey.o(i._IncReadPointer), (6 bytes).
    Removing gui_pen.o(i.GUI_GetPenShape), (24 bytes).
    Removing gui_pen.o(i.GUI_GetPenSize), (24 bytes).
    Removing gui_pen.o(i.GUI_SetPenShape), (28 bytes).
    Removing gui_pen.o(i.GUI_SetPenSize), (28 bytes).
    Removing gui_realloc.o(i.GUI_ALLOC_Realloc), (86 bytes).
    Removing gui_savecontext.o(i.GUI_RestoreContext), (16 bytes).
    Removing gui_savecontext.o(i.GUI_SaveContext_W), (16 bytes).
    Removing gui_selectlayer.o(i.GUI_AssignCursorLayer), (44 bytes).
    Removing gui_selectlayer.o(i.GUI_GetCursorLayer), (20 bytes).
    Removing gui_selectlayer.o(i.GUI_GetLayerPosEx), (38 bytes).
    Removing gui_selectlayer.o(i.GUI_SetLayerAlphaEx), (28 bytes).
    Removing gui_selectlayer.o(i.GUI_SetLayerPosEx), (32 bytes).
    Removing gui_selectlayer.o(i.GUI_SetLayerSizeEx), (32 bytes).
    Removing gui_selectlayer.o(i.GUI_SetLayerVisEx), (28 bytes).
    Removing gui_selectlayer.o(.data), (8 bytes).
    Removing gui_setdefault.o(i.GL_SetDefault), (64 bytes).
    Removing gui_setdefault.o(i.GUI_SetDefault), (18 bytes).
    Removing gui_setdrawmode.o(i.GUI_SetDrawMode), (24 bytes).
    Removing gui_setpixelindex.o(i.LCD_SetPixelIndex), (76 bytes).
    Removing gui_settextalign.o(i.GUI_SetTextAlign), (32 bytes).
    Removing gui_sprite.o(i.GUI_SPRITE_Create), (24 bytes).
    Removing gui_sprite.o(i.GUI_SPRITE_CreateEx), (12 bytes).
    Removing gui_sprite.o(i.GUI_SPRITE_CreateHidden), (24 bytes).
    Removing gui_sprite.o(i.GUI_SPRITE_CreateHiddenEx), (12 bytes).
    Removing gui_sprite.o(i.GUI_SPRITE_Delete), (74 bytes).
    Removing gui_sprite.o(i.GUI_SPRITE_GetState), (42 bytes).
    Removing gui_sprite.o(i.GUI_SPRITE_Hide), (58 bytes).
    Removing gui_sprite.o(i.GUI_SPRITE_SetBitmap), (82 bytes).
    Removing gui_sprite.o(i.GUI_SPRITE_SetBitmapAndPosition), (106 bytes).
    Removing gui_sprite.o(i.GUI_SPRITE_SetPosition), (34 bytes).
    Removing gui_sprite.o(i.GUI_SPRITE_Show), (70 bytes).
    Removing gui_sprite.o(i.GUI_SPRITE__CreateEx), (180 bytes).
    Removing gui_sprite.o(i.GUI_SPRITE__SetCallback), (38 bytes).
    Removing gui_sprite.o(i._ClipRectEx), (22 bytes).
    Removing gui_sprite.o(i._CreateBuffer), (152 bytes).
    Removing gui_sprite.o(i._DoColorConversion), (132 bytes).
    Removing gui_sprite.o(i._DrawBitmap), (608 bytes).
    Removing gui_sprite.o(i._DrawHLine), (276 bytes).
    Removing gui_sprite.o(i._DrawVLine), (272 bytes).
    Removing gui_sprite.o(i._FillRect), (308 bytes).
    Removing gui_sprite.o(i._FlushBuffer), (116 bytes).
    Removing gui_sprite.o(i._GetBkPixel), (108 bytes).
    Removing gui_sprite.o(i._GetClipParam), (320 bytes).
    Removing gui_sprite.o(i._GetClipRect), (212 bytes).
    Removing gui_sprite.o(i._GetDevData), (4 bytes).
    Removing gui_sprite.o(i._GetDevFunc), (4 bytes).
    Removing gui_sprite.o(i._GetDevProp), (14 bytes).
    Removing gui_sprite.o(i._GetPixelIndex), (94 bytes).
    Removing gui_sprite.o(i._GetRect), (14 bytes).
    Removing gui_sprite.o(i._Link), (22 bytes).
    Removing gui_sprite.o(i._PixelExists), (58 bytes).
    Removing gui_sprite.o(i._ReleaseBuffer), (28 bytes).
    Removing gui_sprite.o(i._SetBitmap), (268 bytes).
    Removing gui_sprite.o(i._SetBitmapAndPosition), (536 bytes).
    Removing gui_sprite.o(i._SetOrg), (14 bytes).
    Removing gui_sprite.o(i._SetPixelIndex), (98 bytes).
    Removing gui_sprite.o(i._SetPosition), (684 bytes).
    Removing gui_sprite.o(i._SetSpriteBkPixel), (74 bytes).
    Removing gui_sprite.o(i._SpriteDraw), (264 bytes).
    Removing gui_sprite.o(i._Undraw), (216 bytes).
    Removing gui_sprite.o(i._Unlink), (22 bytes).
    Removing gui_sprite.o(i._XorPixel), (102 bytes).
    Removing gui_sprite.o(.constdata), (52 bytes).
    Removing gui_task.o(i.GUITASK_GetpContext), (40 bytes).
    Removing gui_task.o(i.GUITASK_SetMaxTask), (16 bytes).
    Removing gui_uc_encodenone.o(i.GUI_UC_SetEncodeNone), (28 bytes).
    Removing gui_waitevent.o(i.GUI_SetSignalEventFunc), (12 bytes).
    Removing gui_waitevent.o(i.GUI_SetWaitEventFunc), (12 bytes).
    Removing gui_waitevent.o(i.GUI_SetWaitEventTimedFunc), (12 bytes).
    Removing gui_waitevent.o(i.GUI_WaitEvent), (96 bytes).
    Removing gui_waitevent.o(i._WaitEvent), (16 bytes).
    Removing guicc_888.o(i._Color2IndexBulk), (18 bytes).
    Removing guicc_888.o(i._Color2Index_888), (6 bytes).
    Removing guicc_888.o(i._GetIndexMask_888), (6 bytes).
    Removing guicc_888.o(i._Index2ColorBulk), (14 bytes).
    Removing guicc_888.o(.constdata), (24 bytes).
    Removing guicc_8888_index2color.o(i.LCD_Index2Color_8888), (2 bytes).
    Removing lcd.o(i.LCD_DrawVLine), (84 bytes).
    Removing lcd_color.o(i.LCD_GetpPalConvTable), (4 bytes).
    Removing lcd_color.o(i.LCD_SetMaxNumColors), (24 bytes).
    Removing f08_1.o(.constdata), (8 bytes).
    Removing f08_1.o(.constdata), (8 bytes).
    Removing f08_1.o(.constdata), (8 bytes).
    Removing f08_1.o(.constdata), (8 bytes).
    Removing f08_1.o(.constdata), (8 bytes).
    Removing f08_1.o(.constdata), (8 bytes).
    Removing f08_1.o(.constdata), (8 bytes).
    Removing f08_1.o(.constdata), (8 bytes).
    Removing f08_1.o(.constdata), (8 bytes).
    Removing f08_1.o(.constdata), (8 bytes).
    Removing f08_1.o(.constdata), (8 bytes).
    Removing f08_1.o(.constdata), (8 bytes).
    Removing f08_1.o(.constdata), (8 bytes).
    Removing f08_1.o(.constdata), (8 bytes).
    Removing f08_1.o(.constdata), (8 bytes).
    Removing f08_1.o(.constdata), (8 bytes).
    Removing f08_1.o(.constdata), (8 bytes).
    Removing f08_1.o(.constdata), (8 bytes).
    Removing f08_1.o(.constdata), (8 bytes).
    Removing f08_1.o(.constdata), (8 bytes).
    Removing f08_1.o(.constdata), (8 bytes).
    Removing f08_1.o(.constdata), (8 bytes).
    Removing f08_1.o(.constdata), (8 bytes).
    Removing f08_1.o(.constdata), (8 bytes).
    Removing f08_1.o(.constdata), (8 bytes).
    Removing f08_1.o(.constdata), (8 bytes).
    Removing f08_1.o(.constdata), (8 bytes).
    Removing f08_1.o(.constdata), (8 bytes).
    Removing f08_1.o(.constdata), (8 bytes).
    Removing f08_1.o(.constdata), (8 bytes).
    Removing f08_1.o(.constdata), (8 bytes).
    Removing f08_1.o(.constdata), (8 bytes).
    Removing f08_1.o(.constdata), (8 bytes).
    Removing f08_1.o(.constdata), (8 bytes).
    Removing f08_1.o(.constdata), (8 bytes).
    Removing f08_1.o(.constdata), (8 bytes).
    Removing f08_1.o(.constdata), (8 bytes).
    Removing f08_1.o(.constdata), (8 bytes).
    Removing f08_1.o(.constdata), (8 bytes).
    Removing f08_1.o(.constdata), (8 bytes).
    Removing f08_1.o(.constdata), (8 bytes).
    Removing f08_1.o(.constdata), (8 bytes).
    Removing f08_1.o(.constdata), (8 bytes).
    Removing f08_1.o(.constdata), (8 bytes).
    Removing f08_1.o(.constdata), (8 bytes).
    Removing f08_1.o(.constdata), (8 bytes).
    Removing f08_1.o(.constdata), (8 bytes).
    Removing f08_1.o(.constdata), (8 bytes).
    Removing f08_1.o(.constdata), (8 bytes).
    Removing f08_1.o(.constdata), (8 bytes).
    Removing f08_1.o(.constdata), (8 bytes).
    Removing f08_1.o(.constdata), (8 bytes).
    Removing f08_1.o(.constdata), (8 bytes).
    Removing f08_1.o(.constdata), (8 bytes).
    Removing f08_1.o(.constdata), (8 bytes).
    Removing f08_1.o(.constdata), (8 bytes).
    Removing f08_1.o(.constdata), (8 bytes).
    Removing f08_1.o(.constdata), (8 bytes).
    Removing f08_1.o(.constdata), (8 bytes).
    Removing f08_1.o(.constdata), (8 bytes).
    Removing f08_1.o(.constdata), (8 bytes).
    Removing f08_1.o(.constdata), (8 bytes).
    Removing f08_1.o(.constdata), (8 bytes).
    Removing f08_1.o(.constdata), (8 bytes).
    Removing f08_1.o(.constdata), (8 bytes).
    Removing f08_1.o(.constdata), (8 bytes).
    Removing f08_1.o(.constdata), (8 bytes).
    Removing f08_1.o(.constdata), (8 bytes).
    Removing f08_1.o(.constdata), (8 bytes).
    Removing f08_1.o(.constdata), (8 bytes).
    Removing f08_1.o(.constdata), (16 bytes).
    Removing f08_1.o(.constdata), (8 bytes).
    Removing f08_1.o(.constdata), (8 bytes).
    Removing f08_1.o(.constdata), (8 bytes).
    Removing f08_1.o(.constdata), (8 bytes).
    Removing f08_1.o(.constdata), (8 bytes).
    Removing f08_1.o(.constdata), (8 bytes).
    Removing f08_1.o(.constdata), (8 bytes).
    Removing f08_1.o(.constdata), (8 bytes).
    Removing f08_1.o(.constdata), (8 bytes).
    Removing f08_1.o(.constdata), (8 bytes).
    Removing f08_1.o(.constdata), (8 bytes).
    Removing f08_1.o(.constdata), (8 bytes).
    Removing f08_1.o(.constdata), (8 bytes).
    Removing f08_1.o(.constdata), (8 bytes).
    Removing f08_1.o(.constdata), (8 bytes).
    Removing f08_1.o(.constdata), (8 bytes).
    Removing f08_1.o(.constdata), (8 bytes).
    Removing f08_1.o(.constdata), (8 bytes).
    Removing f08_1.o(.constdata), (8 bytes).
    Removing f08_1.o(.constdata), (8 bytes).
    Removing f08_1.o(.constdata), (8 bytes).
    Removing f08_1.o(.constdata), (8 bytes).
    Removing f08_1.o(.constdata), (8 bytes).
    Removing f08_1.o(.constdata), (8 bytes).
    Removing f08_1.o(.constdata), (8 bytes).
    Removing f08_1.o(.constdata), (768 bytes).
    Removing f08_1.o(.constdata), (12 bytes).
    Removing f08_1.o(.constdata), (36 bytes).
    Removing f13_1.o(.constdata), (13 bytes).
    Removing f13_1.o(.constdata), (13 bytes).
    Removing f13_1.o(.constdata), (13 bytes).
    Removing f13_1.o(.constdata), (13 bytes).
    Removing f13_1.o(.constdata), (13 bytes).
    Removing f13_1.o(.constdata), (13 bytes).
    Removing f13_1.o(.constdata), (13 bytes).
    Removing f13_1.o(.constdata), (13 bytes).
    Removing f13_1.o(.constdata), (13 bytes).
    Removing f13_1.o(.constdata), (26 bytes).
    Removing f13_1.o(.constdata), (13 bytes).
    Removing f13_1.o(.constdata), (13 bytes).
    Removing f13_1.o(.constdata), (13 bytes).
    Removing f13_1.o(.constdata), (13 bytes).
    Removing f13_1.o(.constdata), (26 bytes).
    Removing f13_1.o(.constdata), (13 bytes).
    Removing f13_1.o(.constdata), (13 bytes).
    Removing f13_1.o(.constdata), (13 bytes).
    Removing f13_1.o(.constdata), (13 bytes).
    Removing f13_1.o(.constdata), (13 bytes).
    Removing f13_1.o(.constdata), (13 bytes).
    Removing f13_1.o(.constdata), (13 bytes).
    Removing f13_1.o(.constdata), (13 bytes).
    Removing f13_1.o(.constdata), (13 bytes).
    Removing f13_1.o(.constdata), (13 bytes).
    Removing f13_1.o(.constdata), (13 bytes).
    Removing f13_1.o(.constdata), (13 bytes).
    Removing f13_1.o(.constdata), (13 bytes).
    Removing f13_1.o(.constdata), (26 bytes).
    Removing f13_1.o(.constdata), (26 bytes).
    Removing f13_1.o(.constdata), (26 bytes).
    Removing f13_1.o(.constdata), (13 bytes).
    Removing f13_1.o(.constdata), (13 bytes).
    Removing f13_1.o(.constdata), (13 bytes).
    Removing f13_1.o(.constdata), (13 bytes).
    Removing f13_1.o(.constdata), (13 bytes).
    Removing f13_1.o(.constdata), (13 bytes).
    Removing f13_1.o(.constdata), (13 bytes).
    Removing f13_1.o(.constdata), (26 bytes).
    Removing f13_1.o(.constdata), (13 bytes).
    Removing f13_1.o(.constdata), (13 bytes).
    Removing f13_1.o(.constdata), (13 bytes).
    Removing f13_1.o(.constdata), (13 bytes).
    Removing f13_1.o(.constdata), (13 bytes).
    Removing f13_1.o(.constdata), (13 bytes).
    Removing f13_1.o(.constdata), (13 bytes).
    Removing f13_1.o(.constdata), (13 bytes).
    Removing f13_1.o(.constdata), (13 bytes).
    Removing f13_1.o(.constdata), (13 bytes).
    Removing f13_1.o(.constdata), (13 bytes).
    Removing f13_1.o(.constdata), (13 bytes).
    Removing f13_1.o(.constdata), (13 bytes).
    Removing f13_1.o(.constdata), (13 bytes).
    Removing f13_1.o(.constdata), (13 bytes).
    Removing f13_1.o(.constdata), (13 bytes).
    Removing f13_1.o(.constdata), (13 bytes).
    Removing f13_1.o(.constdata), (13 bytes).
    Removing f13_1.o(.constdata), (13 bytes).
    Removing f13_1.o(.constdata), (13 bytes).
    Removing f13_1.o(.constdata), (13 bytes).
    Removing f13_1.o(.constdata), (13 bytes).
    Removing f13_1.o(.constdata), (13 bytes).
    Removing f13_1.o(.constdata), (13 bytes).
    Removing f13_1.o(.constdata), (13 bytes).
    Removing f13_1.o(.constdata), (13 bytes).
    Removing f13_1.o(.constdata), (13 bytes).
    Removing f13_1.o(.constdata), (13 bytes).
    Removing f13_1.o(.constdata), (13 bytes).
    Removing f13_1.o(.constdata), (13 bytes).
    Removing f13_1.o(.constdata), (13 bytes).
    Removing f13_1.o(.constdata), (26 bytes).
    Removing f13_1.o(.constdata), (13 bytes).
    Removing f13_1.o(.constdata), (13 bytes).
    Removing f13_1.o(.constdata), (13 bytes).
    Removing f13_1.o(.constdata), (13 bytes).
    Removing f13_1.o(.constdata), (13 bytes).
    Removing f13_1.o(.constdata), (13 bytes).
    Removing f13_1.o(.constdata), (13 bytes).
    Removing f13_1.o(.constdata), (13 bytes).
    Removing f13_1.o(.constdata), (13 bytes).
    Removing f13_1.o(.constdata), (13 bytes).
    Removing f13_1.o(.constdata), (13 bytes).
    Removing f13_1.o(.constdata), (13 bytes).
    Removing f13_1.o(.constdata), (13 bytes).
    Removing f13_1.o(.constdata), (13 bytes).
    Removing f13_1.o(.constdata), (13 bytes).
    Removing f13_1.o(.constdata), (13 bytes).
    Removing f13_1.o(.constdata), (13 bytes).
    Removing f13_1.o(.constdata), (13 bytes).
    Removing f13_1.o(.constdata), (13 bytes).
    Removing f13_1.o(.constdata), (13 bytes).
    Removing f13_1.o(.constdata), (13 bytes).
    Removing f13_1.o(.constdata), (13 bytes).
    Removing f13_1.o(.constdata), (13 bytes).
    Removing f13_1.o(.constdata), (13 bytes).
    Removing f13_1.o(.constdata), (13 bytes).
    Removing f13_1.o(.constdata), (768 bytes).
    Removing f13_1.o(.constdata), (12 bytes).
    Removing f13_1.o(.constdata), (36 bytes).
    Removing f6x8.o(.constdata), (36 bytes).
    Removing guidev_banding.o(i.GUI_MEMDEV_Draw), (292 bytes).
    Removing guidev_banding.o(i.GUI_MEMDEV__SetAlphaCallback), (12 bytes).
    Removing guidev_banding.o(i._Min), (8 bytes).
    Removing guidev_banding.o(.data), (4 bytes).
    Removing guidev_getpos.o(i.GUI_MEMDEV_GetXPos), (52 bytes).
    Removing guidev_getpos.o(i.GUI_MEMDEV_GetYPos), (52 bytes).
    Removing guidev_getxsize.o(i.GUI_MEMDEV_GetXSize), (52 bytes).
    Removing guidev_getysize.o(i.GUI_MEMDEV_GetYSize), (52 bytes).
    Removing guidev_setorg.o(i.GUI_MEMDEV_SetOrg), (100 bytes).
    Removing guidev_staticdevices.o(i.GUIDEV_StaticDevices_C), (2 bytes).
    Removing guidev_staticdevices.o(i.GUI_MEMDEV_CreateStatic), (16 bytes).
    Removing guidev_staticdevices.o(i.GUI_MEMDEV_GetStaticDevice), (36 bytes).
    Removing guidev_staticdevices.o(i.GUI_MEMDEV_GetWindowDevice), (16 bytes).
    Removing guidev_staticdevices.o(i.GUI_MEMDEV_Paint1Static), (20 bytes).
    Removing guidev_staticdevices.o(i._AddContent), (160 bytes).
    Removing guidev_staticdevices.o(i._CopyContent), (456 bytes).
    Removing guidev_staticdevices.o(i._CreateStatic), (124 bytes).
    Removing guidev_staticdevices.o(i._CreateStaticDevice), (288 bytes).
    Removing guidev_staticdevices.o(i._GetWindowDevice), (104 bytes).
    Removing guidev_staticdevices.o(.data), (1 bytes).
    Removing guidev_usage.o(i.GUI_USAGE_Select), (40 bytes).
    Removing guidev_usagebm.o(i.GUI_USAGE_BM_AddHLine), (116 bytes).
    Removing guidev_usagebm.o(i.GUI_USAGE_BM_AddPixel), (44 bytes).
    Removing guidev_usagebm.o(i.GUI_USAGE_BM_Clear), (14 bytes).
    Removing guidev_usagebm.o(i.GUI_USAGE_BM_Create), (92 bytes).
    Removing guidev_usagebm.o(i.GUI_USAGE_BM_GetNextDirty), (190 bytes).
    Removing guidev_usagebm.o(i._GUI_USAGE_BM_Delete), (4 bytes).
    Removing guidev_usagebm.o(.constdata), (24 bytes).
    Removing guidev_writetoactivealpha.o(i.GUI_MEMDEV__WriteToActiveAlpha), (280 bytes).
    Removing button_skinclassic.o(i.BUTTON_SetDefaultSkinClassic), (16 bytes).
    Removing button_skinclassic.o(i.BUTTON_SetSkinClassic), (44 bytes).
    Removing button_skinclassic.o(i._Create), (2 bytes).
    Removing button_skinclassic.o(i._Paint), (334 bytes).
    Removing button_skinclassic.o(.constdata), (12 bytes).
    Removing framewin__updatebuttons.o(i.FRAMEWIN__UpdateButtons), (226 bytes).
    Removing framewin_get.o(i.FRAMEWIN_GetActive), (46 bytes).
    Removing framewin_get.o(i.FRAMEWIN_GetBarColor), (48 bytes).
    Removing framewin_get.o(i.FRAMEWIN_GetBorderSize), (50 bytes).
    Removing framewin_get.o(i.FRAMEWIN_GetBorderSizeEx), (52 bytes).
    Removing framewin_get.o(i.FRAMEWIN_GetFont), (42 bytes).
    Removing framewin_get.o(i.FRAMEWIN_GetText), (78 bytes).
    Removing framewin_get.o(i.FRAMEWIN_GetTextAlign), (40 bytes).
    Removing framewin_get.o(i.FRAMEWIN_GetTitleHeight), (58 bytes).
    Removing framewin_skinclassic.o(i.FRAMEWIN_OwnerDraw), (182 bytes).
    Removing framewin_skinclassic.o(i.FRAMEWIN_SetDefaultSkinClassic), (16 bytes).
    Removing framewin_skinclassic.o(i.FRAMEWIN_SetSkinClassic), (136 bytes).
    Removing framewin_skinclassic.o(i._Create), (12 bytes).
    Removing framewin_skinclassic.o(i._GetBorderSize), (22 bytes).
    Removing framewin_skinclassic.o(i._Paint), (276 bytes).
    Removing framewin_skinclassic.o(.constdata), (12 bytes).
    Removing framewin_skinclassic.o(.data), (8 bytes).
    Removing gui_array.o(i.GUI_ARRAY_AddItem), (122 bytes).
    Removing gui_array.o(i.GUI_ARRAY_Create), (6 bytes).
    Removing gui_array.o(i.GUI_ARRAY_Delete), (80 bytes).
    Removing gui_array.o(i.GUI_ARRAY_GetNumItems), (24 bytes).
    Removing gui_array.o(i.GUI_ARRAY_GethItem), (32 bytes).
    Removing gui_array.o(i.GUI_ARRAY_GetpItemLocked), (32 bytes).
    Removing gui_array.o(i.GUI_ARRAY_SetItem), (138 bytes).
    Removing gui_array.o(i.GUI_ARRAY__GethItem), (36 bytes).
    Removing gui_array.o(i.GUI_ARRAY__GetpItemLocked), (20 bytes).
    Removing gui_array.o(i.GUI_ARRAY__SethItem), (52 bytes).
    Removing gui_draw.o(i.GUI_DRAW__Draw), (44 bytes).
    Removing gui_draw.o(i.GUI_DRAW__GetXSize), (34 bytes).
    Removing gui_draw.o(i.GUI_DRAW__GetYSize), (34 bytes).
    Removing header.o(i.HEADER_AddItem), (192 bytes).
    Removing header.o(i.HEADER_Callback), (306 bytes).
    Removing header.o(i.HEADER_Create), (32 bytes).
    Removing header.o(i.HEADER_CreateEx), (28 bytes).
    Removing header.o(i.HEADER_CreateUser), (224 bytes).
    Removing header.o(i.HEADER_DeleteItem), (68 bytes).
    Removing header.o(i.HEADER_GetHeight), (50 bytes).
    Removing header.o(i.HEADER_GetItemWidth), (68 bytes).
    Removing header.o(i.HEADER_GetNumItems), (44 bytes).
    Removing header.o(i.HEADER_GetUserData), (6 bytes).
    Removing header.o(i.HEADER_SetDirIndicator), (56 bytes).
    Removing header.o(i.HEADER_SetFont), (62 bytes).
    Removing header.o(i.HEADER_SetHeight), (46 bytes).
    Removing header.o(i.HEADER_SetItemText), (82 bytes).
    Removing header.o(i.HEADER_SetItemWidth), (120 bytes).
    Removing header.o(i.HEADER_SetScrollPos), (60 bytes).
    Removing header.o(i.HEADER_SetTextAlign), (70 bytes).
    Removing header.o(i.HEADER_SetUserData), (6 bytes).
    Removing header.o(i._GetDividerIndex), (164 bytes).
    Removing header.o(i._GetItemIndex), (134 bytes).
    Removing header.o(i._HandlePID), (236 bytes).
    Removing header.o(i._LimitDragWitdh), (134 bytes).
    Removing header.o(i._RestoreOldCursor), (44 bytes).
    Removing header.o(.data), (40 bytes).
    Removing progbar_skinclassic.o(i.PROGBAR_SetDefaultSkinClassic), (16 bytes).
    Removing progbar_skinclassic.o(i.PROGBAR_SetSkinClassic), (44 bytes).
    Removing progbar_skinclassic.o(i._Create), (2 bytes).
    Removing progbar_skinclassic.o(i._DrawPart), (56 bytes).
    Removing progbar_skinclassic.o(i._Paint), (268 bytes).
    Removing progbar_skinclassic.o(.constdata), (12 bytes).
    Removing scrollbar.o(i.SCROLLBAR_AddValue), (42 bytes).
    Removing scrollbar.o(i.SCROLLBAR_Callback), (316 bytes).
    Removing scrollbar.o(i.SCROLLBAR_CreateEx), (28 bytes).
    Removing scrollbar.o(i.SCROLLBAR_CreateUser), (252 bytes).
    Removing scrollbar.o(i.SCROLLBAR_Dec), (8 bytes).
    Removing scrollbar.o(i.SCROLLBAR_GetUserData), (6 bytes).
    Removing scrollbar.o(i.SCROLLBAR_Inc), (6 bytes).
    Removing scrollbar.o(i.SCROLLBAR_SetNumItems), (46 bytes).
    Removing scrollbar.o(i.SCROLLBAR_SetPageSize), (46 bytes).
    Removing scrollbar.o(i.SCROLLBAR_SetState), (36 bytes).
    Removing scrollbar.o(i.SCROLLBAR_SetUserData), (6 bytes).
    Removing scrollbar.o(i.SCROLLBAR_SetValue), (84 bytes).
    Removing scrollbar.o(i.SCROLLBAR__InvalidatePartner), (28 bytes).
    Removing scrollbar.o(i.SCROLLBAR__Rect2VRect), (44 bytes).
    Removing scrollbar.o(i._DeleteTimer), (30 bytes).
    Removing scrollbar.o(i._OnTimer), (102 bytes).
    Removing scrollbar.o(i._OnTouch), (522 bytes).
    Removing scrollbar.o(.data), (24 bytes).
    Removing scrollbar.o(.data), (2 bytes).
    Removing slider.o(i.SLIDER_Callback), (112 bytes).
    Removing slider.o(i.SLIDER_CreateEx), (28 bytes).
    Removing slider.o(i.SLIDER_CreateUser), (152 bytes).
    Removing slider.o(i.SLIDER_Dec), (64 bytes).
    Removing slider.o(i.SLIDER_GetUserData), (6 bytes).
    Removing slider.o(i.SLIDER_GetValue), (38 bytes).
    Removing slider.o(i.SLIDER_Inc), (64 bytes).
    Removing slider.o(i.SLIDER_SetNumTicks), (44 bytes).
    Removing slider.o(i.SLIDER_SetRange), (66 bytes).
    Removing slider.o(i.SLIDER_SetUserData), (6 bytes).
    Removing slider.o(i.SLIDER_SetValue), (78 bytes).
    Removing slider.o(i.SLIDER_SetWidth), (50 bytes).
    Removing slider.o(i._OnTouch), (214 bytes).
    Removing slider.o(.data), (24 bytes).
    Removing text.o(i.TEXT_Callback), (102 bytes).
    Removing text.o(i.TEXT_CreateEx), (28 bytes).
    Removing text.o(i.TEXT_CreateUser), (160 bytes).
    Removing text.o(i.TEXT_GetUserData), (6 bytes).
    Removing text.o(i.TEXT_SetUserData), (6 bytes).
    Removing text.o(i._Paint), (106 bytes).
    Removing text.o(.data), (16 bytes).
    Removing widget.o(i.WIDGET_AndState), (50 bytes).
    Removing widget.o(i.WIDGET_GetDefaultEffect), (12 bytes).
    Removing widget.o(i.WIDGET_GetState), (38 bytes).
    Removing widget.o(i.WIDGET_HandleActive), (286 bytes).
    Removing widget.o(i.WIDGET_OrState), (50 bytes).
    Removing widget.o(i.WIDGET_SetDefaultEffect), (16 bytes).
    Removing widget.o(i.WIDGET_SetState), (44 bytes).
    Removing widget.o(i.WIDGET__DrawFocusRect), (32 bytes).
    Removing widget.o(i.WIDGET__DrawHLine), (68 bytes).
    Removing widget.o(i.WIDGET__DrawTriangle), (64 bytes).
    Removing widget.o(i.WIDGET__DrawVLine), (72 bytes).
    Removing widget.o(i.WIDGET__EFFECT_DrawDown), (6 bytes).
    Removing widget.o(i.WIDGET__EFFECT_DrawDownRect), (58 bytes).
    Removing widget.o(i.WIDGET__EFFECT_DrawUpRect), (48 bytes).
    Removing widget.o(i.WIDGET__FillRectEx), (28 bytes).
    Removing widget.o(i.WIDGET__GetBkColor), (28 bytes).
    Removing widget.o(i.WIDGET__GetClientRect), (54 bytes).
    Removing widget.o(i.WIDGET__GetInsideRect), (26 bytes).
    Removing widget.o(i.WIDGET__GetWindowSizeX), (42 bytes).
    Removing widget.o(i.WIDGET__GetXSize), (32 bytes).
    Removing widget.o(i.WIDGET__GetYSize), (32 bytes).
    Removing widget.o(i.WIDGET__Init), (16 bytes).
    Removing widget.o(i.WIDGET__RotateRect90), (30 bytes).
    Removing widget.o(i.WIDGET__SetScrollState), (38 bytes).
    Removing widget.o(i._EffectRequiresRedraw), (86 bytes).
    Removing widget.o(.data), (4 bytes).
    Removing widget_effect_none.o(i._DrawDown), (2 bytes).
    Removing widget_effect_none.o(i._DrawDownRect), (2 bytes).
    Removing widget_effect_none.o(i._DrawFlat), (2 bytes).
    Removing widget_effect_none.o(i._DrawUp), (2 bytes).
    Removing widget_effect_none.o(i._DrawUpRect), (2 bytes).
    Removing widget_effect_none.o(.constdata), (28 bytes).
    Removing widget_seteffect.o(i.WIDGET_SetEffect), (22 bytes).
    Removing wm__isancestor.o(i.WM__IsAncestor), (34 bytes).
    Removing wm__isancestor.o(i.WM__IsAncestorOrSelf), (12 bytes).
    Removing wm__isenabled.o(i.WM__IsEnabled), (22 bytes).
    Removing wm_bringtotop.o(i.WM_BringToTop), (22 bytes).
    Removing wm_bringtotop.o(i._BringToTop), (112 bytes).
    Removing wm_bringtotop.o(i._cbInvalidateOne), (4 bytes).
    Removing wm_criticalhandle.o(i.WM__RemoveCriticalHandle), (44 bytes).
    Removing wm_getclientrect.o(i.WM_GetClientRect), (44 bytes).
    Removing wm_getclientrect.o(i.WM_GetClientRectEx), (26 bytes).
    Removing wm_getclientwindow.o(i.WM_GetClientWindow), (22 bytes).
    Removing wm_getfocussedwindow.o(i.WM_GetFocussedWindow), (32 bytes).
    Removing wm_getnextsibling.o(i.WM_GetNextSibling), (26 bytes).
    Removing wm_getscrollbar.o(i.WM_GetScrollbarH), (32 bytes).
    Removing wm_getscrollbar.o(i.WM_GetScrollbarV), (32 bytes).
    Removing wm_getscrollbar.o(i._GetDialogItem), (80 bytes).
    Removing wm_getwindowrect.o(i.WM_GetWindowRect), (52 bytes).
    Removing wm_getwindowrect.o(i.WM_GetWindowRectEx), (40 bytes).
    Removing wm_hasfocus.o(i.WM_HasFocus), (32 bytes).
    Removing wm_iswindow.o(i.WM_IsWindow), (24 bytes).
    Removing wm_move.o(i.WM_MoveTo), (30 bytes).
    Removing wm_move.o(i.WM_MoveWindow), (30 bytes).
    Removing wm_move.o(i.WM__MoveTo), (46 bytes).
    Removing wm_move.o(i.WM__MoveWindow), (152 bytes).
    Removing wm_move.o(i._MoveDescendents), (110 bytes).
    Removing wm_movechildto.o(i.WM_MoveChildTo), (90 bytes).
    Removing wm_notifyparent.o(i.WM_NotifyParent), (16 bytes).
    Removing wm_sendmessagenopara.o(i.WM_SendMessageNoPara), (26 bytes).
    Removing wm_setcapture.o(i.WM_ReleaseCapture), (18 bytes).
    Removing wm_setcapture.o(i.WM_SetCapture), (60 bytes).
    Removing wm_setcapture.o(i.WM__ReleaseCapture), (44 bytes).
    Removing wm_setcapturemove.o(i.WM_SetCaptureMove), (168 bytes).
    Removing wm_setcapturemove.o(.data), (4 bytes).
    Removing wm_setfocus.o(i.WM_SetFocus), (168 bytes).
    Removing wm_setfocusonnextchild.o(i.WM_SetFocusOnNextChild), (30 bytes).
    Removing wm_setfocusonnextchild.o(i._GetNextChild), (34 bytes).
    Removing wm_setfocusonnextchild.o(i._SetFocusOnNextChild), (96 bytes).
    Removing wm_setfocusonprevchild.o(i.WM_SetFocusOnPrevChild), (70 bytes).
    Removing wm_setfocusonprevchild.o(i._GetPrevChild), (26 bytes).
    Removing wm_setsize.o(i.WM_SetSize), (72 bytes).
    Removing wm_settrans.o(i.WM_ClrHasTrans), (60 bytes).
    Removing wm_settrans.o(i.WM_GetHasTrans), (34 bytes).
    Removing wm_settrans.o(i.WM_SetHasTrans), (72 bytes).
    Removing wm_setusercliprect.o(i.WM_SetUserClipRect), (32 bytes).
    Removing wm_timer.o(i.WM_CreateTimer), (92 bytes).
    Removing wm_timer.o(i.WM_DeleteTimer), (42 bytes).
    Removing wm_timer.o(i.WM_GetTimerId), (38 bytes).
    Removing wm_timer.o(i.WM_RestartTimer), (50 bytes).
    Removing wm_timer.o(i.WM__DeleteAssocTimer), (82 bytes).
    Removing wm_timer.o(i._cbTimer), (44 bytes).
    Removing wm_touch.o(i.WM_HandlePID), (876 bytes).
    Removing wm_touch.o(i.WM__IsInModalArea), (72 bytes).
    Removing wm_touch.o(i.WM__SendPIDMessage), (62 bytes).
    Removing wm_touch.o(i.WM__SendTouchMessage), (54 bytes).
    Removing wm_touch.o(i.WM__SetLastTouched), (32 bytes).
    Removing wm_touch.o(i.WM__SetMotionCallback), (12 bytes).
    Removing wm_touch.o(i.WM__SetToolTipCallback), (12 bytes).
    Removing wm_touch.o(.data), (8 bytes).
    Removing wm_userdata.o(i.WM_GetUserData), (6 bytes).
    Removing wm_userdata.o(i.WM_SetUserData), (6 bytes).
    Removing wm_userdata.o(i.WM__GetUserDataEx), (58 bytes).
    Removing wm_userdata.o(i.WM__SetUserDataEx), (58 bytes).
    Removing wm_userdata.o(i._CalcNumBytes), (22 bytes).
    Removing gui__calctextrect.o(i.GUI__CalcTextRect), (158 bytes).
    Removing gui__compactpixelindices.o(i.GUI__CompactPixelIndicesEx), (372 bytes).
    Removing gui__expandpixelindices.o(i.GUI__ExpandPixelIndices), (218 bytes).
    Removing gui__expandpixelindices.o(i.GUI__ExpandPixelIndicesEx), (320 bytes).
    Removing gui__getfontsizey.o(i.GUI__GetFontSizeY), (20 bytes).
    Removing gui__getnumchars.o(i.GUI__GetNumChars), (26 bytes).
    Removing gui__handleeoline.o(i.GUI__HandleEOLine), (24 bytes).
    Removing gui__strcmp.o(i.GUI__strcmp), (36 bytes).
    Removing gui__strcmp.o(i.GUI__strcmp_hp), (32 bytes).
    Removing gui__strlen.o(i.GUI__strlen), (20 bytes).
    Removing gui_adddecshift.o(i.GUI_AddDecShift), (152 bytes).
    Removing gui_adddecshift.o(i.GUI_AddSign), (24 bytes).
    Removing gui_adddecshift.o(i.GUI_Long2Len), (44 bytes).
    Removing gui_adddecshift.o(.constdata), (40 bytes).
    Removing gui_alloc_allocinit.o(i.GUI_ALLOC_AllocInit), (64 bytes).
    Removing gui_charline.o(i.GUI__DispLine), (176 bytes).
    Removing gui_charline.o(i.GUI__GetLineDistX), (84 bytes).
    Removing gui_charline.o(i.GUI__GetLineNumChars), (56 bytes).
    Removing gui_charline.o(i.GUI__GetOverlap), (24 bytes).
    Removing gui_charline.o(i._DispLine), (116 bytes).
    Removing gui_charline.o(i._Log2VisBuffered), (2 bytes).
    Removing gui_charline.o(.data), (4 bytes).
    Removing gui_cursorarrowmpx.o(.constdata), (60 bytes).
    Removing gui_cursorheaderm.o(.constdata), (20 bytes).
    Removing gui_cursorheaderm.o(.constdata), (12 bytes).
    Removing gui_cursorpal.o(.constdata), (12 bytes).
    Removing gui_cursorpal.o(.constdata), (12 bytes).
    Removing gui_dispstring.o(i.GUI_DispString), (264 bytes).
    Removing gui_dispstringinrectwrap.o(i.GUI_DispStringInRectWrap), (272 bytes).
    Removing gui_dispstringinrectwrap.o(i.GUI_WrapGetNumLines), (44 bytes).
    Removing gui_drawpoint.o(i.GL_DrawPoint), (32 bytes).
    Removing gui_drawpoint.o(i.GUI_DrawPoint), (60 bytes).
    Removing gui_fillpolygon.o(i.GL_FillPolygon), (480 bytes).
    Removing gui_fillpolygon.o(i.GUI_FillPolygon), (116 bytes).
    Removing gui_fillpolygon.o(i._Add), (56 bytes).
    Removing gui_fillpolygon.o(.bss), (24 bytes).
    Removing gui_fillpolygon.o(.data), (4 bytes).
    Removing gui_getbitmappixelindex.o(i.GUI_GetBitmapPixelIndex), (22 bytes).
    Removing gui_getbitmappixelindex.o(i.GUI_GetBitmapPixelIndexEx), (138 bytes).
    Removing gui_getorg.o(i.GUI_GetOrg), (26 bytes).
    Removing gui_getorg.o(i.GUI__GetOrg), (28 bytes).
    Removing gui_setalpha.o(i.GUI_SetAlpha), (120 bytes).
    Removing gui_setalpha.o(i.GUI__AlphaSuppressMixing), (36 bytes).
    Removing gui_setalpha.o(i._Color2Index), (28 bytes).
    Removing gui_setalpha.o(i._Color2IndexBulk), (152 bytes).
    Removing gui_setalpha.o(i._DrawBitLine16BPP), (104 bytes).
    Removing gui_setalpha.o(i._DrawBitLine1BPP), (376 bytes).
    Removing gui_setalpha.o(i._DrawBitLine2BPP), (276 bytes).
    Removing gui_setalpha.o(i._DrawBitLine32BPP), (100 bytes).
    Removing gui_setalpha.o(i._DrawBitLine4BPP), (276 bytes).
    Removing gui_setalpha.o(i._DrawBitLine8BPP), (156 bytes).
    Removing gui_setalpha.o(i._DrawBitmap), (202 bytes).
    Removing gui_setalpha.o(i._DrawBitmapLine), (84 bytes).
    Removing gui_setalpha.o(i._DrawHLine), (124 bytes).
    Removing gui_setalpha.o(i._DrawVLine), (72 bytes).
    Removing gui_setalpha.o(i._FillRect), (38 bytes).
    Removing gui_setalpha.o(i._GetBitsPerPixel), (24 bytes).
    Removing gui_setalpha.o(i._GetDevData), (4 bytes).
    Removing gui_setalpha.o(i._GetDevFunc), (12 bytes).
    Removing gui_setalpha.o(i._GetDevProp), (8 bytes).
    Removing gui_setalpha.o(i._GetIndexMask), (28 bytes).
    Removing gui_setalpha.o(i._GetLine), (164 bytes).
    Removing gui_setalpha.o(i._GetPixelIndex), (8 bytes).
    Removing gui_setalpha.o(i._GetPointers), (18 bytes).
    Removing gui_setalpha.o(i._GetRect), (8 bytes).
    Removing gui_setalpha.o(i._Index2Color), (28 bytes).
    Removing gui_setalpha.o(i._Index2ColorBulk), (152 bytes).
    Removing gui_setalpha.o(i._InitAlpha), (152 bytes).
    Removing gui_setalpha.o(i._MixColors), (60 bytes).
    Removing gui_setalpha.o(i._OnExit), (56 bytes).
    Removing gui_setalpha.o(i._ReadRectFromMemdev), (148 bytes).
    Removing gui_setalpha.o(i._SetOrg), (8 bytes).
    Removing gui_setalpha.o(i._SetPixelIndex), (68 bytes).
    Removing gui_setalpha.o(i._XorPixel), (42 bytes).
    Removing gui_setalpha.o(.constdata), (76 bytes).
    Removing gui_setalpha.o(.data), (32 bytes).
    Removing gui_setlinestyle.o(i.GUI_SetLineStyle), (28 bytes).
    Removing gui_timer.o(i.GUI_TIMER_Create), (144 bytes).
    Removing gui_timer.o(i.GUI_TIMER_Delete), (38 bytes).
    Removing gui_timer.o(i.GUI_TIMER_Exec), (116 bytes).
    Removing gui_timer.o(i.GUI_TIMER_GetFlag), (50 bytes).
    Removing gui_timer.o(i.GUI_TIMER_GetPeriod), (38 bytes).
    Removing gui_timer.o(i.GUI_TIMER_Restart), (56 bytes).
    Removing gui_timer.o(i.GUI_TIMER_SetDelay), (46 bytes).
    Removing gui_timer.o(i.GUI_TIMER_SetPeriod), (34 bytes).
    Removing gui_timer.o(i.GUI_TIMER_SetTime), (34 bytes).
    Removing gui_timer.o(i.GUI_TIMER__GetFirstTimer), (40 bytes).
    Removing gui_timer.o(i.GUI_TIMER__GetNextTimer), (60 bytes).
    Removing gui_timer.o(i.GUI_TIMER__GetNextTimerLin), (54 bytes).
    Removing gui_timer.o(i.GUI_TIMER__GetPeriod), (52 bytes).
    Removing gui_timer.o(i.GUI_TIMER__IsActive), (28 bytes).
    Removing gui_timer.o(i._Link), (136 bytes).
    Removing gui_timer.o(i._OnExit), (16 bytes).
    Removing gui_timer.o(i._RemoveFromLinList), (92 bytes).
    Removing gui_timer.o(i._Unlink), (80 bytes).
    Removing gui_timer.o(.data), (20 bytes).
    Removing gui_uc.o(i.GUI_UC_Encode), (36 bytes).
    Removing gui_uc.o(i.GUI_UC_GetCharCode), (32 bytes).
    Removing gui_uc.o(i.GUI_UC_GetCharSize), (32 bytes).
    Removing gui_uc.o(i.GUI_UC__CalcSizeOfChar), (12 bytes).
    Removing gui_uc.o(i.GUI_UC__GetCharCodeInc), (44 bytes).
    Removing gui_uc.o(i.GUI_UC__NumBytes2NumChars), (44 bytes).
    Removing gui_uc.o(i.GUI_UC__NumChars2NumBytes), (40 bytes).
    Removing guicc_0.o(i.LCD_SetLUT), (16 bytes).
    Removing guicc_0.o(i.LCD_SetLUTEx), (34 bytes).
    Removing guicc_888_index2color.o(i.LCD_Index2Color_888), (2 bytes).
    Removing lcd_getcolorindex.o(i.LCD_GetBkColorIndex), (16 bytes).
    Removing lcd_getcolorindex.o(i.LCD_GetColorIndex), (16 bytes).
    Removing lcd_getpixelcolor.o(i.LCD_GetPixelColor), (14 bytes).
    Removing lcd_readrect.o(i.GUI_ReadRect), (56 bytes).
    Removing lcd_readrect.o(i.GUI_ReadRectEx), (96 bytes).
    Removing lcd_readrect.o(i.LCD_ReadRect), (92 bytes).
    Removing lcd_readrect.o(i.LCD_ReadRectEx), (408 bytes).
    Removing lcd_readrect.o(i.LCD_ReadRectNoClip), (32 bytes).
    Removing f13_ascii.o(.constdata), (13 bytes).
    Removing f13_ascii.o(.constdata), (13 bytes).
    Removing f13_ascii.o(.constdata), (13 bytes).
    Removing f13_ascii.o(.constdata), (13 bytes).
    Removing f13_ascii.o(.constdata), (13 bytes).
    Removing f13_ascii.o(.constdata), (26 bytes).
    Removing f13_ascii.o(.constdata), (13 bytes).
    Removing f13_ascii.o(.constdata), (13 bytes).
    Removing f13_ascii.o(.constdata), (13 bytes).
    Removing f13_ascii.o(.constdata), (13 bytes).
    Removing f13_ascii.o(.constdata), (13 bytes).
    Removing f13_ascii.o(.constdata), (13 bytes).
    Removing f13_ascii.o(.constdata), (13 bytes).
    Removing f13_ascii.o(.constdata), (13 bytes).
    Removing f13_ascii.o(.constdata), (13 bytes).
    Removing f13_ascii.o(.constdata), (13 bytes).
    Removing f13_ascii.o(.constdata), (13 bytes).
    Removing f13_ascii.o(.constdata), (13 bytes).
    Removing f13_ascii.o(.constdata), (13 bytes).
    Removing f13_ascii.o(.constdata), (13 bytes).
    Removing f13_ascii.o(.constdata), (13 bytes).
    Removing f13_ascii.o(.constdata), (13 bytes).
    Removing f13_ascii.o(.constdata), (13 bytes).
    Removing f13_ascii.o(.constdata), (13 bytes).
    Removing f13_ascii.o(.constdata), (13 bytes).
    Removing f13_ascii.o(.constdata), (13 bytes).
    Removing f13_ascii.o(.constdata), (13 bytes).
    Removing f13_ascii.o(.constdata), (13 bytes).
    Removing f13_ascii.o(.constdata), (13 bytes).
    Removing f13_ascii.o(.constdata), (13 bytes).
    Removing f13_ascii.o(.constdata), (13 bytes).
    Removing f13_ascii.o(.constdata), (13 bytes).
    Removing f13_ascii.o(.constdata), (26 bytes).
    Removing f13_ascii.o(.constdata), (13 bytes).
    Removing f13_ascii.o(.constdata), (13 bytes).
    Removing f13_ascii.o(.constdata), (13 bytes).
    Removing f13_ascii.o(.constdata), (13 bytes).
    Removing f13_ascii.o(.constdata), (13 bytes).
    Removing f13_ascii.o(.constdata), (13 bytes).
    Removing f13_ascii.o(.constdata), (13 bytes).
    Removing f13_ascii.o(.constdata), (13 bytes).
    Removing f13_ascii.o(.constdata), (13 bytes).
    Removing f13_ascii.o(.constdata), (13 bytes).
    Removing f13_ascii.o(.constdata), (13 bytes).
    Removing f13_ascii.o(.constdata), (13 bytes).
    Removing f13_ascii.o(.constdata), (13 bytes).
    Removing f13_ascii.o(.constdata), (13 bytes).
    Removing f13_ascii.o(.constdata), (13 bytes).
    Removing f13_ascii.o(.constdata), (13 bytes).
    Removing f13_ascii.o(.constdata), (13 bytes).
    Removing f13_ascii.o(.constdata), (13 bytes).
    Removing f13_ascii.o(.constdata), (13 bytes).
    Removing f13_ascii.o(.constdata), (13 bytes).
    Removing f13_ascii.o(.constdata), (13 bytes).
    Removing f13_ascii.o(.constdata), (13 bytes).
    Removing f13_ascii.o(.constdata), (26 bytes).
    Removing f13_ascii.o(.constdata), (13 bytes).
    Removing f13_ascii.o(.constdata), (13 bytes).
    Removing f13_ascii.o(.constdata), (13 bytes).
    Removing f13_ascii.o(.constdata), (13 bytes).
    Removing f13_ascii.o(.constdata), (13 bytes).
    Removing f13_ascii.o(.constdata), (13 bytes).
    Removing f13_ascii.o(.constdata), (13 bytes).
    Removing f13_ascii.o(.constdata), (13 bytes).
    Removing f13_ascii.o(.constdata), (13 bytes).
    Removing f13_ascii.o(.constdata), (13 bytes).
    Removing f13_ascii.o(.constdata), (13 bytes).
    Removing f13_ascii.o(.constdata), (13 bytes).
    Removing f13_ascii.o(.constdata), (13 bytes).
    Removing f13_ascii.o(.constdata), (13 bytes).
    Removing f13_ascii.o(.constdata), (13 bytes).
    Removing f13_ascii.o(.constdata), (13 bytes).
    Removing f13_ascii.o(.constdata), (13 bytes).
    Removing f13_ascii.o(.constdata), (13 bytes).
    Removing f13_ascii.o(.constdata), (13 bytes).
    Removing f13_ascii.o(.constdata), (13 bytes).
    Removing f13_ascii.o(.constdata), (13 bytes).
    Removing f13_ascii.o(.constdata), (13 bytes).
    Removing f13_ascii.o(.constdata), (13 bytes).
    Removing f13_ascii.o(.constdata), (13 bytes).
    Removing f13_ascii.o(.constdata), (13 bytes).
    Removing f13_ascii.o(.constdata), (13 bytes).
    Removing f13_ascii.o(.constdata), (13 bytes).
    Removing f13_ascii.o(.constdata), (13 bytes).
    Removing f13_ascii.o(.constdata), (13 bytes).
    Removing f13_ascii.o(.constdata), (13 bytes).
    Removing f13_ascii.o(.constdata), (13 bytes).
    Removing f13_ascii.o(.constdata), (13 bytes).
    Removing f13_ascii.o(.constdata), (13 bytes).
    Removing f13_ascii.o(.constdata), (13 bytes).
    Removing f13_ascii.o(.constdata), (13 bytes).
    Removing f13_ascii.o(.constdata), (13 bytes).
    Removing f13_ascii.o(.constdata), (13 bytes).
    Removing f13_ascii.o(.constdata), (13 bytes).
    Removing f13_ascii.o(.constdata), (13 bytes).
    Removing f13_ascii.o(.constdata), (760 bytes).
    Removing f13_ascii.o(.constdata), (12 bytes).
    Removing f13_ascii.o(.constdata), (36 bytes).
    Removing guidev_clear.o(i.GUI_MEMDEV_Clear), (68 bytes).
    Removing guidev_reduceysize.o(i.GUI_MEMDEV_ReduceYSize), (56 bytes).
    Removing framewin_setownerdraw.o(i.FRAMEWIN_SetOwnerDraw), (42 bytes).
    Removing gui_array_deleteitem.o(i.GUI_ARRAY_DeleteItem), (90 bytes).
    Removing gui_array_resizeitem.o(i.GUI_ARRAY_ResizeItemLocked), (108 bytes).
    Removing header_skinclassic.o(i.HEADER_SetDefaultSkinClassic), (16 bytes).
    Removing header_skinclassic.o(i.HEADER_SetSkinClassic), (44 bytes).
    Removing header_skinclassic.o(i._Create), (2 bytes).
    Removing header_skinclassic.o(i._DrawTriangle), (36 bytes).
    Removing header_skinclassic.o(i._Paint), (640 bytes).
    Removing header_skinclassic.o(.constdata), (12 bytes).
    Removing scrollbar_skinclassic.o(i.SCROLLBAR_SetDefaultSkinClassic), (16 bytes).
    Removing scrollbar_skinclassic.o(i.SCROLLBAR_SetSkinClassic), (52 bytes).
    Removing scrollbar_skinclassic.o(i._CalcPositions), (316 bytes).
    Removing scrollbar_skinclassic.o(i._Create), (24 bytes).
    Removing scrollbar_skinclassic.o(i._Paint), (372 bytes).
    Removing scrollbar_skinclassic.o(.constdata), (12 bytes).
    Removing slider_skinclassic.o(i.SLIDER_SetDefaultSkinClassic), (16 bytes).
    Removing slider_skinclassic.o(i.SLIDER_SetSkinClassic), (44 bytes).
    Removing slider_skinclassic.o(i._Create), (2 bytes).
    Removing slider_skinclassic.o(i._Paint), (316 bytes).
    Removing slider_skinclassic.o(.constdata), (12 bytes).
    Removing widget_effect_3d.o(i.WIDGET_EFFECT_3D_DrawUp), (16 bytes).
    Removing widget_effect_3d.o(i.WIDGET_EFFECT_3D_GetColor), (20 bytes).
    Removing widget_effect_3d.o(i.WIDGET_EFFECT_3D_GetNumColors), (4 bytes).
    Removing widget_effect_3d.o(i.WIDGET_EFFECT_3D_SetColor), (16 bytes).
    Removing widget_effect_3d.o(i._DrawDown), (16 bytes).
    Removing widget_effect_3d.o(i._DrawDownRect), (148 bytes).
    Removing widget_effect_3d.o(i._DrawUpRect), (104 bytes).
    Removing widget_effect_3d.o(.constdata), (28 bytes).
    Removing widget_effect_3d.o(.data), (20 bytes).
    Removing widget_fillstringinrect.o(i.WIDGET__FillStringInRect), (264 bytes).
    Removing wm__getfocussedchild.o(i.WM__GetFocussedChild), (40 bytes).
    Removing wm__getlastsibling.o(i.WM__GetLastSibling), (24 bytes).
    Removing wm__screen2client.o(i.WM__Screen2Client), (20 bytes).
    Removing wm__sendmessageifenabled.o(i.WM__SendMessageIfEnabled), (28 bytes).
    Removing wm__sendmessagenopara.o(i.WM__SendMessageNoPara), (38 bytes).
    Removing wm__updatechildpositions.o(i.WM__UpdateChildPositions), (220 bytes).
    Removing wm_foreachdesc.o(i.WM_ForEachDesc), (30 bytes).
    Removing wm_getbkcolor.o(i.WM_GetBkColor), (26 bytes).
    Removing wm_getinsiderect.o(i.WM_GetInsideRect), (16 bytes).
    Removing wm_getinsiderect.o(i.WM_GetInsideRectEx), (16 bytes).
    Removing wm_getscrollpartner.o(i.WM_GetScrollPartner), (42 bytes).
    Removing wm_hascaptured.o(i.WM_HasCaptured), (32 bytes).
    Removing wm_isfocussable.o(i.WM_IsFocussable), (30 bytes).
    Removing wm_onkey.o(i.WM_OnKey), (64 bytes).
    Removing wm_pid__getprevstate.o(i.WM_PID__GetPrevState), (28 bytes).
    Removing wm_pid__getprevstate.o(i.WM_PID__SetPrevState), (28 bytes).
    Removing wm_pid__getprevstate.o(.bss), (24 bytes).
    Removing wm_resizewindow.o(i.WM_ResizeWindow), (246 bytes).
    Removing wm_screen2win.o(i.WM_Screen2hWin), (30 bytes).
    Removing wm_screen2win.o(i.WM_Screen2hWinEx), (32 bytes).
    Removing wm_screen2win.o(i.WM__IsInWindow), (48 bytes).
    Removing wm_screen2win.o(i._Screen2hWin), (90 bytes).
    Removing wm_screen2win.o(i._Screen2hWinStop), (36 bytes).
    Removing wm_setscrollstate.o(i.WM_SetScrollState), (24 bytes).
    Removing gui__wrap.o(i.GUI__WrapGetNumBytesToNextLine), (20 bytes).
    Removing gui__wrap.o(i.GUI__WrapGetNumCharsDisp), (6 bytes).
    Removing gui__wrap.o(i.GUI__WrapGetNumCharsToNextLine), (92 bytes).
    Removing gui__wrap.o(i._GetCharWrap), (46 bytes).
    Removing gui__wrap.o(i._GetWordWrap), (100 bytes).
    Removing gui__wrap.o(i._WrapGetNumCharsDisp), (40 bytes).
    Removing gui__wrap.o(.data), (8 bytes).
    Removing gui_clearrectex.o(i.GUI_ClearRectEx), (20 bytes).
    Removing gui_cursorheadermpx.o(.constdata), (85 bytes).
    Removing gui_setcliprect.o(i.GUI_SetClipRect), (24 bytes).
    Removing lcd_aa.o(i.LCD_AA_MixColors), (32 bytes).
    Removing lcd_aa.o(i.LCD_AA_SetAndMask), (16 bytes).
    Removing lcd_aa.o(i.LCD_SetPixelAA), (136 bytes).
    Removing lcd_aa.o(i.LCD_SetPixelAA_NoTrans), (144 bytes).
    Removing lcd_aa.o(i.LCD_SetPixelAA_Xor), (156 bytes).
    Removing lcd_aa.o(.data), (4 bytes).
    Removing lcd_getp.o(i.GUI_GetPixelIndex), (28 bytes).
    Removing lcd_getp.o(i.LCD_GetPixelIndex), (96 bytes).
    Removing wm__foreachdesc.o(i.WM__ForEachDesc), (44 bytes).
    Removing wm__ischild.o(i.WM__IsChild), (34 bytes).
    Removing wm_getdesktopwindowex.o(i.WM_GetDesktopWindowEx), (20 bytes).

1602 unused section(s) (total 96541 bytes) removed from the image.

==============================================================================

Memory Map of the image

  Image Entry point : 0x00000000

  Load Region LR_IROM1 (Base: 0x08000000, Size: 0x00015a6c, Max: 0x00080000, ABSOLUTE)

    Execution Region ER_IROM1 (Base: 0x08000000, Size: 0x00015794, Max: 0x00080000, ABSOLUTE)

    Base Addr    Size         Type   Attr      Idx    E Section Name        Object

    0x08000000   0x00000188   Data   RO          332    RESET               startup_stm32f407xx.o
    0x08000188   0x00000008   Code   RO         5202  * !!!main             c_w.l(__main.o)
    0x08000190   0x00000002   Code   RO         5288    .ARM.Collect$$libinit$$00000000  c_w.l(libinit.o)
    0x08000192   0x00000004   Code   RO         5291    .ARM.Collect$$libinit$$00000001  c_w.l(libinit2.o)
    0x08000196   0x00000000   Code   RO         5294    .ARM.Collect$$libinit$$00000004  c_w.l(libinit2.o)
    0x08000196   0x00000000   Code   RO         5297    .ARM.Collect$$libinit$$0000000A  c_w.l(libinit2.o)
    0x08000196   0x00000000   Code   RO         5299    .ARM.Collect$$libinit$$0000000C  c_w.l(libinit2.o)
    0x08000196   0x00000000   Code   RO         5301    .ARM.Collect$$libinit$$0000000E  c_w.l(libinit2.o)
    0x08000196   0x00000006   Code   RO         5302    .ARM.Collect$$libinit$$0000000F  c_w.l(libinit2.o)
    0x0800019c   0x00000000   Code   RO         5304    .ARM.Collect$$libinit$$00000011  c_w.l(libinit2.o)
    0x0800019c   0x0000000c   Code   RO         5305    .ARM.Collect$$libinit$$00000012  c_w.l(libinit2.o)
    0x080001a8   0x00000000   Code   RO         5306    .ARM.Collect$$libinit$$00000013  c_w.l(libinit2.o)
    0x080001a8   0x00000000   Code   RO         5308    .ARM.Collect$$libinit$$00000015  c_w.l(libinit2.o)
    0x080001a8   0x00000000   Code   RO         5310    .ARM.Collect$$libinit$$00000017  c_w.l(libinit2.o)
    0x080001a8   0x00000000   Code   RO         5312    .ARM.Collect$$libinit$$00000019  c_w.l(libinit2.o)
    0x080001a8   0x00000000   Code   RO         5314    .ARM.Collect$$libinit$$0000001B  c_w.l(libinit2.o)
    0x080001a8   0x00000000   Code   RO         5316    .ARM.Collect$$libinit$$0000001D  c_w.l(libinit2.o)
    0x080001a8   0x00000000   Code   RO         5318    .ARM.Collect$$libinit$$0000001F  c_w.l(libinit2.o)
    0x080001a8   0x00000000   Code   RO         5320    .ARM.Collect$$libinit$$00000021  c_w.l(libinit2.o)
    0x080001a8   0x00000000   Code   RO         5322    .ARM.Collect$$libinit$$00000023  c_w.l(libinit2.o)
    0x080001a8   0x00000000   Code   RO         5324    .ARM.Collect$$libinit$$00000025  c_w.l(libinit2.o)
    0x080001a8   0x00000000   Code   RO         5328    .ARM.Collect$$libinit$$0000002C  c_w.l(libinit2.o)
    0x080001a8   0x00000000   Code   RO         5330    .ARM.Collect$$libinit$$0000002E  c_w.l(libinit2.o)
    0x080001a8   0x00000000   Code   RO         5332    .ARM.Collect$$libinit$$00000030  c_w.l(libinit2.o)
    0x080001a8   0x00000000   Code   RO         5334    .ARM.Collect$$libinit$$00000032  c_w.l(libinit2.o)
    0x080001a8   0x00000002   Code   RO         5335    .ARM.Collect$$libinit$$00000033  c_w.l(libinit2.o)
    0x080001aa   0x00000002   Code   RO         5355    .ARM.Collect$$libshutdown$$00000000  c_w.l(libshutdown.o)
    0x080001ac   0x00000000   Code   RO         5368    .ARM.Collect$$libshutdown$$00000002  c_w.l(libshutdown2.o)
    0x080001ac   0x00000000   Code   RO         5370    .ARM.Collect$$libshutdown$$00000004  c_w.l(libshutdown2.o)
    0x080001ac   0x00000000   Code   RO         5373    .ARM.Collect$$libshutdown$$00000007  c_w.l(libshutdown2.o)
    0x080001ac   0x00000000   Code   RO         5376    .ARM.Collect$$libshutdown$$0000000A  c_w.l(libshutdown2.o)
    0x080001ac   0x00000000   Code   RO         5378    .ARM.Collect$$libshutdown$$0000000C  c_w.l(libshutdown2.o)
    0x080001ac   0x00000000   Code   RO         5381    .ARM.Collect$$libshutdown$$0000000F  c_w.l(libshutdown2.o)
    0x080001ac   0x00000002   Code   RO         5382    .ARM.Collect$$libshutdown$$00000010  c_w.l(libshutdown2.o)
    0x080001ae   0x00000000   Code   RO         5220    .ARM.Collect$$rtentry$$00000000  c_w.l(__rtentry.o)
    0x080001ae   0x00000000   Code   RO         5249    .ARM.Collect$$rtentry$$00000002  c_w.l(__rtentry2.o)
    0x080001ae   0x00000006   Code   RO         5261    .ARM.Collect$$rtentry$$00000004  c_w.l(__rtentry4.o)
    0x080001b4   0x00000000   Code   RO         5251    .ARM.Collect$$rtentry$$00000009  c_w.l(__rtentry2.o)
    0x080001b4   0x00000004   Code   RO         5252    .ARM.Collect$$rtentry$$0000000A  c_w.l(__rtentry2.o)
    0x080001b8   0x00000000   Code   RO         5254    .ARM.Collect$$rtentry$$0000000C  c_w.l(__rtentry2.o)
    0x080001b8   0x00000008   Code   RO         5255    .ARM.Collect$$rtentry$$0000000D  c_w.l(__rtentry2.o)
    0x080001c0   0x00000002   Code   RO         5289    .ARM.Collect$$rtexit$$00000000  c_w.l(rtexit.o)
    0x080001c2   0x00000000   Code   RO         5337    .ARM.Collect$$rtexit$$00000002  c_w.l(rtexit2.o)
    0x080001c2   0x00000004   Code   RO         5338    .ARM.Collect$$rtexit$$00000003  c_w.l(rtexit2.o)
    0x080001c6   0x00000006   Code   RO         5339    .ARM.Collect$$rtexit$$00000004  c_w.l(rtexit2.o)
    0x080001cc   0x00000004   Code   RO            1    .text               main.o
    0x080001d0   0x00000120   Code   RO           40    .text               board.o
    0x080002f0   0x00000604   Code   RO          169    .text               drv_usart.o
    0x080008f4   0x00000010   Code   RO          211    .text               stm32f4xx_it.o
    0x08000904   0x0000034c   Code   RO          235    .text               tft_lcd.o
    0x08000c50   0x00000618   Code   RO          270    .text               drv_lcd_st7735.o
    0x08001268   0x00000120   Code   RO          302    .text               system_stm32f4xx.o
    0x08001388   0x00000040   Code   RO          333    .text               startup_stm32f407xx.o
    0x080013c8   0x000001a0   Code   RO          340    .text               stm32f4xx_hal.o
    0x08001568   0x0000031c   Code   RO          438    .text               stm32f4xx_hal_cortex.o
    0x08001884   0x00000618   Code   RO          592    .text               stm32f4xx_hal_dma.o
    0x08001e9c   0x000003c4   Code   RO          801    .text               stm32f4xx_hal_gpio.o
    0x08002260   0x00000008   Code   RO         1041    .text               stm32f4xx_hal_msp_template.o
    0x08002268   0x00000a44   Code   RO         1221    .text               stm32f4xx_hal_rcc.o
    0x08002cac   0x00001598   Code   RO         1434    .text               stm32f4xx_hal_spi.o
    0x08004244   0x00000f4e   Code   RO         1512    .text               stm32f4xx_hal_uart.o
    0x08005192   0x00000002   PAD
    0x08005194   0x00000064   Code   RO         1647    .text               clock.o
    0x080051f8   0x000000d8   Code   RO         1664    .text               components.o
    0x080052d0   0x00000324   Code   RO         1716    .text               device.o
    0x080055f4   0x00000134   Code   RO         1730    .text               idle.o
    0x08005728   0x00001654   Code   RO         1750    .text               ipc.o
    0x08006d7c   0x00000048   Code   RO         1767    .text               irq.o
    0x08006dc4   0x00000a4c   Code   RO         1782    .text               kservice.o
    0x08007810   0x00000874   Code   RO         1802    .text               mem.o
    0x08008084   0x0000045c   Code   RO         1836    .text               timer.o
    0x080084e0   0x000002dc   Code   RO         1873    .text               object.o
    0x080087bc   0x000002e0   Code   RO         1892    .text               scheduler.o
    0x08008a9c   0x0000059c   Code   RO         1913    .text               thread.o
    0x08009038   0x00000190   Code   RO         1930    .text               cpuport.o
    0x080091c8   0x0000010c   Code   RO         1946    .text               context_rvds.o
    0x080092d4   0x00000884   Code   RO         1984    .text               serial.o
    0x08009b58   0x000001c8   Code   RO         1997    .text               completion.o
    0x08009d20   0x00000414   Code   RO         2013    .text               dataqueue.o
    0x0800a134   0x000009e4   Code   RO         2102    .text               shell.o
    0x0800ab18   0x00000bc4   Code   RO         2137    .text               cmd.o
    0x0800b6dc   0x00001818   Code   RO         2161    .text               finsh_compiler.o
    0x0800cef4   0x0000002c   Code   RO         2198    .text               finsh_error.o
    0x0800cf20   0x00000210   Code   RO         2214    .text               finsh_heap.o
    0x0800d130   0x00000058   Code   RO         2230    .text               finsh_init.o
    0x0800d188   0x00000184   Code   RO         2248    .text               finsh_node.o
    0x0800d30c   0x00000adc   Code   RO         2263    .text               finsh_ops.o
    0x0800dde8   0x0000097c   Code   RO         2281    .text               finsh_parser.o
    0x0800e764   0x0000019c   Code   RO         2296    .text               finsh_var.o
    0x0800e900   0x000000e4   Code   RO         2319    .text               finsh_vm.o
    0x0800e9e4   0x00000680   Code   RO         2346    .text               finsh_token.o
    0x0800f064   0x0000001c   Code   RO         2361    .text               guiconf.o
    0x0800f080   0x000008ac   Code   RO         2374    .text               guidrv_template.o
    0x0800f92c   0x00000084   Code   RO         2427    .text               lcdconf_lin_template.o
    0x0800f9b0   0x00000098   Code   RO         2442    .text               gui_x_os.o
    0x0800fa48   0x0000001a   Code   RO         5176    .text               c_w.l(atoi.o)
    0x0800fa62   0x0000003e   Code   RO         5180    .text               c_w.l(strlen.o)
    0x0800faa0   0x00000096   Code   RO         5182    .text               c_w.l(strncmp.o)
    0x0800fb36   0x0000008a   Code   RO         5184    .text               c_w.l(rt_memcpy_v6.o)
    0x0800fbc0   0x00000084   Code   RO         5186    .text               c_w.l(rt_memmove_v6.o)
    0x0800fc44   0x00000064   Code   RO         5188    .text               c_w.l(rt_memcpy_w.o)
    0x0800fca8   0x00000044   Code   RO         5192    .text               c_w.l(rt_memclr.o)
    0x0800fcec   0x0000004e   Code   RO         5194    .text               c_w.l(rt_memclr_w.o)
    0x0800fd3a   0x00000056   Code   RO         5196    .text               c_w.l(strncpy.o)
    0x0800fd90   0x00000080   Code   RO         5198    .text               c_w.l(strcmpv7m.o)
    0x0800fe10   0x00000006   Code   RO         5200    .text               c_w.l(heapauxi.o)
    0x0800fe16   0x00000002   PAD
    0x0800fe18   0x00000008   Code   RO         5224    .text               c_w.l(rt_errno_addr_intlibspace.o)
    0x0800fe20   0x00000070   Code   RO         5228    .text               c_w.l(strtol.o)
    0x0800fe90   0x0000007a   Code   RO         5230    .text               c_w.l(rt_memmove_w.o)
    0x0800ff0a   0x00000002   PAD
    0x0800ff0c   0x00000008   Code   RO         5245    .text               c_w.l(libspace.o)
    0x0800ff14   0x00000010   Code   RO         5263    .text               c_w.l(rt_ctype_table.o)
    0x0800ff24   0x0000009e   Code   RO         5265    .text               c_w.l(_strtoul.o)
    0x0800ffc2   0x0000004a   Code   RO         5269    .text               c_w.l(sys_stackheap_outer.o)
    0x0801000c   0x00000008   Code   RO         5274    .text               c_w.l(rt_locale_intlibspace.o)
    0x08010014   0x0000001c   Code   RO         5276    .text               c_w.l(_chval.o)
    0x08010030   0x00000012   Code   RO         5281    .text               c_w.l(exit.o)
    0x08010042   0x00000002   PAD
    0x08010044   0x0000000c   Code   RO         5347    .text               c_w.l(sys_exit.o)
    0x08010050   0x00000002   Code   RO         5358    .text               c_w.l(use_no_semi.o)
    0x08010052   0x00000000   Code   RO         5360    .text               c_w.l(indicate_semi.o)
    0x08010052   0x00000002   PAD
    0x08010054   0x00000134   Code   RO         4732    i.GUIMONO_DispChar  STemWin522_CM4_OS_Keil.lib(gui_charm.o)
    0x08010188   0x00000018   Code   RO         4733    i.GUIMONO_GetCharDistX  STemWin522_CM4_OS_Keil.lib(gui_charm.o)
    0x080101a0   0x00000006   Code   RO         4734    i.GUIMONO_GetFontInfo  STemWin522_CM4_OS_Keil.lib(gui_charm.o)
    0x080101a6   0x00000038   Code   RO         4735    i.GUIMONO_IsInFont  STemWin522_CM4_OS_Keil.lib(gui_charm.o)
    0x080101de   0x00000002   PAD
    0x080101e0   0x00000048   Code   RO         3903    i.GUITASK_CopyContext  STemWin522_CM4_OS_Keil.lib(gui_task.o)
    0x08010228   0x0000003c   Code   RO         3905    i.GUITASK_Init      STemWin522_CM4_OS_Keil.lib(gui_task.o)
    0x08010264   0x0000001e   Code   RO         2560    i.GUI_ALLOC_AllocNoInit  STemWin522_CM4_OS_Keil.lib(gui_alloc.o)
    0x08010282   0x0000002e   Code   RO         3654    i.GUI_ALLOC_AllocZero  STemWin522_CM4_OS_Keil.lib(gui_alloc_alloczero.o)
    0x080102b0   0x00000010   Code   RO         2561    i.GUI_ALLOC_AssignMemory  STemWin522_CM4_OS_Keil.lib(gui_alloc.o)
    0x080102c0   0x0000003c   Code   RO         2562    i.GUI_ALLOC_Free    STemWin522_CM4_OS_Keil.lib(gui_alloc.o)
    0x080102fc   0x00000018   Code   RO         2563    i.GUI_ALLOC_FreeFixedBlock  STemWin522_CM4_OS_Keil.lib(gui_alloc.o)
    0x08010314   0x000000a8   Code   RO         2566    i.GUI_ALLOC_GetFixedBlock  STemWin522_CM4_OS_Keil.lib(gui_alloc.o)
    0x080103bc   0x0000001c   Code   RO         2574    i.GUI_ALLOC_LockH   STemWin522_CM4_OS_Keil.lib(gui_alloc.o)
    0x080103d8   0x0000001c   Code   RO         2576    i.GUI_ALLOC_SetAvBlockSize  STemWin522_CM4_OS_Keil.lib(gui_alloc.o)
    0x080103f4   0x00000030   Code   RO         2579    i.GUI_ALLOC_UnlockH  STemWin522_CM4_OS_Keil.lib(gui_alloc.o)
    0x08010424   0x00000018   Code   RO         2580    i.GUI_ALLOC_h2p     STemWin522_CM4_OS_Keil.lib(gui_alloc.o)
    0x0801043c   0x00000044   Code   RO         5144    i.GUI_CalcColorDist  STemWin522_CM4_OS_Keil.lib(gui_calccolordist.o)
    0x08010480   0x0000001c   Code   RO         2660    i.GUI_Clear         STemWin522_CM4_OS_Keil.lib(gui_core.o)
    0x0801049c   0x00000068   Code   RO         2661    i.GUI_ClearRect     STemWin522_CM4_OS_Keil.lib(gui_core.o)
    0x08010504   0x00000050   Code   RO         2723    i.GUI_DEVICE_Create  STemWin522_CM4_OS_Keil.lib(gui_device.o)
    0x08010554   0x00000028   Code   RO         2724    i.GUI_DEVICE_CreateAndLink  STemWin522_CM4_OS_Keil.lib(gui_device.o)
    0x0801057c   0x00000004   Code   RO         2725    i.GUI_DEVICE_Delete  STemWin522_CM4_OS_Keil.lib(gui_device.o)
    0x08010580   0x00000080   Code   RO         2726    i.GUI_DEVICE_Link   STemWin522_CM4_OS_Keil.lib(gui_device.o)
    0x08010600   0x00000012   Code   RO         2727    i.GUI_DEVICE_LinkDevices  STemWin522_CM4_OS_Keil.lib(gui_device.o)
    0x08010612   0x00000004   Code   RO         2728    i.GUI_DEVICE_Unlink  STemWin522_CM4_OS_Keil.lib(gui_device.o)
    0x08010616   0x00000002   PAD
    0x08010618   0x00000044   Code   RO         2729    i.GUI_DEVICE_UnlinkTaskDevices  STemWin522_CM4_OS_Keil.lib(gui_device.o)
    0x0801065c   0x00000024   Code   RO         2731    i.GUI_DEVICE__GetpDriver  STemWin522_CM4_OS_Keil.lib(gui_device.o)
    0x08010680   0x00000014   Code   RO         2799    i.GUI_GetBitsPerPixelEx  STemWin522_CM4_OS_Keil.lib(lcd_getex.o)
    0x08010694   0x00000010   Code   RO         2800    i.GUI_GetpfColor2IndexEx  STemWin522_CM4_OS_Keil.lib(lcd_getex.o)
    0x080106a4   0x00000010   Code   RO         2801    i.GUI_GetpfIndex2ColorEx  STemWin522_CM4_OS_Keil.lib(lcd_getex.o)
    0x080106b4   0x00000022   Code   RO         3738    i.GUI_GotoXY        STemWin522_CM4_OS_Keil.lib(gui_goto.o)
    0x080106d6   0x00000002   PAD
    0x080106d8   0x0000006c   Code   RO         2663    i.GUI_Init          STemWin522_CM4_OS_Keil.lib(gui_core.o)
    0x08010744   0x00000088   Code   RO         3907    i.GUI_Lock          STemWin522_CM4_OS_Keil.lib(gui_task.o)
    0x080107cc   0x00000048   Code   RO         3033    i.GUI_MEMDEV_Delete  STemWin522_CM4_OS_Keil.lib(guidev.o)
    0x08010814   0x00000032   Code   RO         3034    i.GUI_MEMDEV_GetBitsPerPixel  STemWin522_CM4_OS_Keil.lib(guidev.o)
    0x08010846   0x00000022   Code   RO         3119    i.GUI_MEMDEV_GetDataPtr  STemWin522_CM4_OS_Keil.lib(guidev_getdataptr.o)
    0x08010868   0x0000003c   Code   RO         4276    i.GUI_MEMDEV__WriteToActiveOpaque  STemWin522_CM4_OS_Keil.lib(guidev_writetoactiveopaque.o)
    0x080108a4   0x00000058   Code   RO         3747    i.GUI_MergeRect     STemWin522_CM4_OS_Keil.lib(gui_mergerect.o)
    0x080108fc   0x0000001e   Code   RO         3749    i.GUI_MoveRect      STemWin522_CM4_OS_Keil.lib(gui_moverect.o)
    0x0801091a   0x00000038   Code   RO         3781    i.GUI_RectsIntersect  STemWin522_CM4_OS_Keil.lib(gui_rectsintersect.o)
    0x08010952   0x0000001a   Code   RO         3804    i.GUI_SelectLCD     STemWin522_CM4_OS_Keil.lib(gui_selectlcd.o)
    0x0801096c   0x00000030   Code   RO         3790    i.GUI_SelectLayer   STemWin522_CM4_OS_Keil.lib(gui_selectlayer.o)
    0x0801099c   0x00000016   Code   RO         2778    i.GUI_SetBkColor    STemWin522_CM4_OS_Keil.lib(gui_setcolor.o)
    0x080109b2   0x00000002   PAD
    0x080109b4   0x00000040   Code   RO         3812    i.GUI_SetOrg        STemWin522_CM4_OS_Keil.lib(gui_setorg.o)
    0x080109f4   0x00000010   Code   RO         3932    i.GUI_SignalEvent   STemWin522_CM4_OS_Keil.lib(gui_waitevent.o)
    0x08010a04   0x00000010   Code   RO         3756    i.GUI_StoreKey      STemWin522_CM4_OS_Keil.lib(gui_onkey.o)
    0x08010a14   0x00000028   Code   RO         4255    i.GUI_USAGE_AddRect  STemWin522_CM4_OS_Keil.lib(guidev_usage.o)
    0x08010a3c   0x0000002c   Code   RO         4256    i.GUI_USAGE_DecUseCnt  STemWin522_CM4_OS_Keil.lib(guidev_usage.o)
    0x08010a68   0x00000014   Code   RO         3908    i.GUI_Unlock        STemWin522_CM4_OS_Keil.lib(gui_task.o)
    0x08010a7c   0x00000128   Code   RO         4690    i.GUI__CompactPixelIndices  STemWin522_CM4_OS_Keil.lib(gui__compactpixelindices.o)
    0x08010ba4   0x00000034   Code   RO         2666    i.GUI__Config       STemWin522_CM4_OS_Keil.lib(gui_core.o)
    0x08010bd8   0x0000003a   Code   RO         3631    i.GUI__IntersectRect  STemWin522_CM4_OS_Keil.lib(gui__intersectrect.o)
    0x08010c12   0x00000052   Code   RO         3633    i.GUI__IntersectRects  STemWin522_CM4_OS_Keil.lib(gui__intersectrects.o)
    0x08010c64   0x00000010   Code   RO         2667    i.GUI__RegisterExit  STemWin522_CM4_OS_Keil.lib(gui_core.o)
    0x08010c74   0x0000004c   Code   RO         3640    i.GUI__memset       STemWin522_CM4_OS_Keil.lib(gui__memset.o)
    0x08010cc0   0x0000003a   Code   RO         3642    i.GUI__memset16     STemWin522_CM4_OS_Keil.lib(gui__memset16.o)
    0x08010cfa   0x00000002   PAD
    0x08010cfc   0x0000001c   Code   RO         3955    i.LCD_Color2Index   STemWin522_CM4_OS_Keil.lib(lcd.o)
    0x08010d18   0x00000208   Code   RO         3956    i.LCD_DrawBitmap    STemWin522_CM4_OS_Keil.lib(lcd.o)
    0x08010f20   0x00000058   Code   RO         3957    i.LCD_DrawHLine     STemWin522_CM4_OS_Keil.lib(lcd.o)
    0x08010f78   0x00000068   Code   RO         3958    i.LCD_DrawPixel     STemWin522_CM4_OS_Keil.lib(lcd.o)
    0x08010fe0   0x00000058   Code   RO         3960    i.LCD_FillRect      STemWin522_CM4_OS_Keil.lib(lcd.o)
    0x08011038   0x00000006   Code   RO         2803    i.LCD_GetBitsPerPixelEx  STemWin522_CM4_OS_Keil.lib(lcd_getex.o)
    0x0801103e   0x00000002   PAD
    0x08011040   0x00000010   Code   RO         2810    i.LCD_GetNumColors  STemWin522_CM4_OS_Keil.lib(lcd_getex.o)
    0x08011050   0x00000006   Code   RO         2811    i.LCD_GetNumColorsEx  STemWin522_CM4_OS_Keil.lib(lcd_getex.o)
    0x08011056   0x0000001a   Code   RO         4909    i.LCD_GetNumLayers  STemWin522_CM4_OS_Keil.lib(lcd_getnumdisplays.o)
    0x08011070   0x00000010   Code   RO         2812    i.LCD_GetPalette    STemWin522_CM4_OS_Keil.lib(lcd_getex.o)
    0x08011080   0x00000018   Code   RO         2813    i.LCD_GetPaletteEx  STemWin522_CM4_OS_Keil.lib(lcd_getex.o)
    0x08011098   0x00000004   Code   RO         3994    i.LCD_GetpPalConvTableBM  STemWin522_CM4_OS_Keil.lib(lcd_color.o)
    0x0801109c   0x00000048   Code   RO         3995    i.LCD_GetpPalConvTableUncached  STemWin522_CM4_OS_Keil.lib(lcd_color.o)
    0x080110e4   0x0000001c   Code   RO         3961    i.LCD_Index2Color   STemWin522_CM4_OS_Keil.lib(lcd.o)
    0x08011100   0x0000002c   Code   RO         3953    i.LCD_Index2Color_M565  STemWin522_CM4_OS_Keil.lib(guicc_m565_index2color.o)
    0x0801112c   0x00000034   Code   RO         3996    i.LCD_InitColors    STemWin522_CM4_OS_Keil.lib(lcd_color.o)
    0x08011160   0x00000070   Code   RO         3997    i.LCD_InitLUT       STemWin522_CM4_OS_Keil.lib(lcd_color.o)
    0x080111d0   0x00000044   Code   RO         4923    i.LCD_SelectLCD     STemWin522_CM4_OS_Keil.lib(lcd_selectlcd.o)
    0x08011214   0x0000000c   Code   RO         3962    i.LCD_SetBkColor    STemWin522_CM4_OS_Keil.lib(lcd.o)
    0x08011220   0x00000018   Code   RO         3963    i.LCD_SetBkColorIndex  STemWin522_CM4_OS_Keil.lib(lcd.o)
    0x08011238   0x00000030   Code   RO         4009    i.LCD_SetClipRectEx  STemWin522_CM4_OS_Keil.lib(lcd_setcliprectex.o)
    0x08011268   0x0000001c   Code   RO         3964    i.LCD_SetClipRectMax  STemWin522_CM4_OS_Keil.lib(lcd.o)
    0x08011284   0x0000000c   Code   RO         3965    i.LCD_SetColor      STemWin522_CM4_OS_Keil.lib(lcd.o)
    0x08011290   0x00000018   Code   RO         3966    i.LCD_SetColorIndex  STemWin522_CM4_OS_Keil.lib(lcd.o)
    0x080112a8   0x0000000c   Code   RO         3967    i.LCD_SetDrawMode   STemWin522_CM4_OS_Keil.lib(lcd.o)
    0x080112b4   0x0000002c   Code   RO         2891    i.LCD_SetLUTEntryEx  STemWin522_CM4_OS_Keil.lib(lcd_set.o)
    0x080112e0   0x0000002c   Code   RO         2895    i.LCD_SetSizeEx     STemWin522_CM4_OS_Keil.lib(lcd_set.o)
    0x0801130c   0x0000002c   Code   RO         2899    i.LCD_SetVSizeEx    STemWin522_CM4_OS_Keil.lib(lcd_set.o)
    0x08011338   0x00000024   Code   RO         4011    i.LCD_UpdateColorIndices  STemWin522_CM4_OS_Keil.lib(lcd_updatecolorindices.o)
    0x0801135c   0x000001b4   Code   RO         3968    i.LCD__DrawBitmap_1bpp  STemWin522_CM4_OS_Keil.lib(lcd.o)
    0x08011510   0x0000005c   Code   RO         2834    i.LCD__GetBPP       STemWin522_CM4_OS_Keil.lib(lcd_getex.o)
    0x0801156c   0x00000032   Code   RO         2835    i.LCD__GetBPPDevice  STemWin522_CM4_OS_Keil.lib(lcd_getex.o)
    0x0801159e   0x00000002   PAD
    0x080115a0   0x00000010   Code   RO         3427    i.WM_Activate       STemWin522_CM4_OS_Keil.lib(wm.o)
    0x080115b0   0x00000088   Code   RO         4559    i.WM_BringToBottom  STemWin522_CM4_OS_Keil.lib(wm_bringtobottom.o)
    0x08011638   0x00000154   Code   RO         3429    i.WM_CreateWindowAsChild  STemWin522_CM4_OS_Keil.lib(wm.o)
    0x0801178c   0x00000046   Code   RO         3431    i.WM_DefaultProc    STemWin522_CM4_OS_Keil.lib(wm.o)
    0x080117d2   0x00000002   PAD
    0x080117d4   0x00000018   Code   RO         3540    i.WM_GetDesktopWindow  STemWin522_CM4_OS_Keil.lib(wm_getdesktopwindow.o)
    0x080117ec   0x0000001a   Code   RO         4579    i.WM_GetFirstChild  STemWin522_CM4_OS_Keil.lib(wm_getfirstchild.o)
    0x08011806   0x0000001a   Code   RO         4585    i.WM_GetParent      STemWin522_CM4_OS_Keil.lib(wm_getparent.o)
    0x08011820   0x000000d4   Code   RO         3435    i.WM_Init           STemWin522_CM4_OS_Keil.lib(wm.o)
    0x080118f4   0x00000080   Code   RO         3436    i.WM_InvalidateRect  STemWin522_CM4_OS_Keil.lib(wm.o)
    0x08011974   0x00000006   Code   RO         3437    i.WM_InvalidateWindow  STemWin522_CM4_OS_Keil.lib(wm.o)
    0x0801197a   0x0000005e   Code   RO         3438    i.WM_InvalidateWindowAndDescsEx  STemWin522_CM4_OS_Keil.lib(wm.o)
    0x080119d8   0x00000044   Code   RO         3439    i.WM_SelectWindow   STemWin522_CM4_OS_Keil.lib(wm.o)
    0x08011a1c   0x00000026   Code   RO         4617    i.WM_SendToParent   STemWin522_CM4_OS_Keil.lib(wm_sendtoparent.o)
    0x08011a42   0x00000002   PAD
    0x08011a44   0x00000048   Code   RO         3442    i.WM__ActivateClipRect  STemWin522_CM4_OS_Keil.lib(wm.o)
    0x08011a8c   0x00000010   Code   RO         4567    i.WM__AddCriticalHandle  STemWin522_CM4_OS_Keil.lib(wm_criticalhandle.o)
    0x08011a9c   0x00000010   Code   RO         3443    i.WM__Client2Screen  STemWin522_CM4_OS_Keil.lib(wm.o)
    0x08011aac   0x0000004e   Code   RO         3444    i.WM__ClipAtParentBorders  STemWin522_CM4_OS_Keil.lib(wm.o)
    0x08011afa   0x00000020   Code   RO         4573    i.WM__GetClientRectEx  STemWin522_CM4_OS_Keil.lib(wm_getclientrect.o)
    0x08011b1a   0x00000018   Code   RO         3447    i.WM__GetClientRectWin  STemWin522_CM4_OS_Keil.lib(wm.o)
    0x08011b32   0x00000012   Code   RO         5168    i.WM__GetFirstSibling  STemWin522_CM4_OS_Keil.lib(wm__getfirstsibling.o)
    0x08011b44   0x00000040   Code   RO         3448    i.WM__GetNextIVR    STemWin522_CM4_OS_Keil.lib(wm.o)
    0x08011b84   0x00000024   Code   RO         5086    i.WM__GetPrevSibling  STemWin522_CM4_OS_Keil.lib(wm__getprevsibling.o)
    0x08011ba8   0x00000018   Code   RO         3449    i.WM__GetTopLevelLayer  STemWin522_CM4_OS_Keil.lib(wm.o)
    0x08011bc0   0x000000f0   Code   RO         3450    i.WM__InitIVRSearch  STemWin522_CM4_OS_Keil.lib(wm.o)
    0x08011cb0   0x000000a4   Code   RO         3451    i.WM__InsertWindowIntoList  STemWin522_CM4_OS_Keil.lib(wm.o)
    0x08011d54   0x00000006   Code   RO         3452    i.WM__Invalidate1Abs  STemWin522_CM4_OS_Keil.lib(wm.o)
    0x08011d5a   0x00000046   Code   RO         3453    i.WM__InvalidateDrawAndDescs  STemWin522_CM4_OS_Keil.lib(wm.o)
    0x08011da0   0x00000076   Code   RO         3455    i.WM__InvalidateRect  STemWin522_CM4_OS_Keil.lib(wm.o)
    0x08011e16   0x00000006   Code   RO         3456    i.WM__InvalidateRectEx  STemWin522_CM4_OS_Keil.lib(wm.o)
    0x08011e1c   0x00000020   Code   RO         3461    i.WM__RectIsNZ      STemWin522_CM4_OS_Keil.lib(wm.o)
    0x08011e3c   0x00000014   Code   RO         3464    i.WM__SelectTopLevelLayer  STemWin522_CM4_OS_Keil.lib(wm.o)
    0x08011e50   0x0000003c   Code   RO         4556    i.WM__SendMessage   STemWin522_CM4_OS_Keil.lib(wm__sendmessage.o)
    0x08011e8c   0x0000000e   Code   RO         3465    i.WM__SendMsgNoData  STemWin522_CM4_OS_Keil.lib(wm.o)
    0x08011e9a   0x00000002   PAD
    0x08011e9c   0x00000078   Code   RO         2582    i._AddFreeMemory    STemWin522_CM4_OS_Keil.lib(gui_alloc.o)
    0x08011f14   0x000000bc   Code   RO         2583    i._Alloc            STemWin522_CM4_OS_Keil.lib(gui_alloc.o)
    0x08011fd0   0x00000004   Code   RO         3919    i._CalcSizeOfChar   STemWin522_CM4_OS_Keil.lib(gui_uc_encodenone.o)
    0x08011fd4   0x0000004c   Code   RO         2549    i._Color2IndexBulk  STemWin522_CM4_OS_Keil.lib(guicc_m565.o)
    0x08012020   0x00000054   Code   RO         4894    i._Color2Index_0    STemWin522_CM4_OS_Keil.lib(guicc_0.o)
    0x08012074   0x0000002c   Code   RO         2550    i._Color2Index_M565  STemWin522_CM4_OS_Keil.lib(guicc_m565.o)
    0x080120a0   0x0000003e   Code   RO         4277    i._Convert16        STemWin522_CM4_OS_Keil.lib(guidev_writetoactiveopaque.o)
    0x080120de   0x00000002   PAD
    0x080120e0   0x00000020   Code   RO         3467    i._DesktopHandle2Index  STemWin522_CM4_OS_Keil.lib(wm.o)
    0x08012100   0x00000140   Code   RO         3049    i._DrawBitLine1BPP  STemWin522_CM4_OS_Keil.lib(guidev_16.o)
    0x08012240   0x000000e0   Code   RO         3050    i._DrawBitLine2BPP  STemWin522_CM4_OS_Keil.lib(guidev_16.o)
    0x08012320   0x00000158   Code   RO         3051    i._DrawBitLine4BPP  STemWin522_CM4_OS_Keil.lib(guidev_16.o)
    0x08012478   0x000002b0   Code   RO         3052    i._DrawBitmap       STemWin522_CM4_OS_Keil.lib(guidev_16.o)
    0x08012728   0x0000000a   Code   RO         3053    i._DrawHLine        STemWin522_CM4_OS_Keil.lib(guidev_16.o)
    0x08012732   0x00000002   PAD
    0x08012734   0x000000b8   Code   RO         3054    i._DrawVLine        STemWin522_CM4_OS_Keil.lib(guidev_16.o)
    0x080127ec   0x00000006   Code   RO         3920    i._Encode           STemWin522_CM4_OS_Keil.lib(gui_uc_encodenone.o)
    0x080127f2   0x00000002   PAD
    0x080127f4   0x00000094   Code   RO         2584    i._EnlargeBlocks    STemWin522_CM4_OS_Keil.lib(gui_alloc.o)
    0x08012888   0x000000ac   Code   RO         3055    i._FillRect         STemWin522_CM4_OS_Keil.lib(guidev_16.o)
    0x08012934   0x00000148   Code   RO         3470    i._FindNext_IVR     STemWin522_CM4_OS_Keil.lib(wm.o)
    0x08012a7c   0x0000007c   Code   RO         3471    i._Findx0           STemWin522_CM4_OS_Keil.lib(wm.o)
    0x08012af8   0x00000072   Code   RO         3472    i._Findx1           STemWin522_CM4_OS_Keil.lib(wm.o)
    0x08012b6a   0x000000a2   Code   RO         3473    i._Findy1           STemWin522_CM4_OS_Keil.lib(wm.o)
    0x08012c0c   0x00000004   Code   RO         3921    i._GetCharCode      STemWin522_CM4_OS_Keil.lib(gui_uc_encodenone.o)
    0x08012c10   0x00000004   Code   RO         3922    i._GetCharSize      STemWin522_CM4_OS_Keil.lib(gui_uc_encodenone.o)
    0x08012c14   0x00000010   Code   RO         3056    i._GetDevData       STemWin522_CM4_OS_Keil.lib(guidev_16.o)
    0x08012c24   0x00000010   Code   RO         3057    i._GetDevFunc       STemWin522_CM4_OS_Keil.lib(guidev_16.o)
    0x08012c34   0x0000001e   Code   RO         2836    i._GetDevProp       STemWin522_CM4_OS_Keil.lib(lcd_getex.o)
    0x08012c52   0x00000008   Code   RO         3058    i._GetDevProp       STemWin522_CM4_OS_Keil.lib(guidev_16.o)
    0x08012c5a   0x00000052   Code   RO         4895    i._GetIndexMask_0   STemWin522_CM4_OS_Keil.lib(guicc_0.o)
    0x08012cac   0x00000006   Code   RO         2551    i._GetIndexMask_M565  STemWin522_CM4_OS_Keil.lib(guicc_m565.o)
    0x08012cb2   0x00000002   PAD
    0x08012cb4   0x0000001c   Code   RO         2585    i._GetMinIndex      STemWin522_CM4_OS_Keil.lib(gui_alloc.o)
    0x08012cd0   0x0000000e   Code   RO         3059    i._GetPixelIndex    STemWin522_CM4_OS_Keil.lib(guidev_16.o)
    0x08012cde   0x00000030   Code   RO         3060    i._GetRect          STemWin522_CM4_OS_Keil.lib(guidev_16.o)
    0x08012d0e   0x00000002   PAD
    0x08012d10   0x00000010   Code   RO         3740    i._GotoX            STemWin522_CM4_OS_Keil.lib(gui_goto.o)
    0x08012d20   0x00000010   Code   RO         3741    i._GotoY            STemWin522_CM4_OS_Keil.lib(gui_goto.o)
    0x08012d30   0x00000058   Code   RO         2552    i._Index2ColorBulk  STemWin522_CM4_OS_Keil.lib(guicc_m565.o)
    0x08012d88   0x00000020   Code   RO         4896    i._Index2Color_0    STemWin522_CM4_OS_Keil.lib(guicc_0.o)
    0x08012da8   0x00000070   Code   RO         2668    i._InitContext      STemWin522_CM4_OS_Keil.lib(gui_core.o)
    0x08012e18   0x000000a4   Code   RO         2586    i._InitOnce         STemWin522_CM4_OS_Keil.lib(gui_alloc.o)
    0x08012ebc   0x00000080   Code   RO         3474    i._Invalidate1Abs   STemWin522_CM4_OS_Keil.lib(wm.o)
    0x08012f3c   0x00000034   Code   RO         2587    i._OnExit           STemWin522_CM4_OS_Keil.lib(gui_alloc.o)
    0x08012f70   0x0000002c   Code   RO         2669    i._OnExit           STemWin522_CM4_OS_Keil.lib(gui_core.o)
    0x08012f9c   0x00000034   Code   RO         3475    i._OnExit           STemWin522_CM4_OS_Keil.lib(wm.o)
    0x08012fd0   0x00000014   Code   RO         3909    i._OnExit           STemWin522_CM4_OS_Keil.lib(gui_task.o)
    0x08012fe4   0x00000014   Code   RO         3999    i._OnExit           STemWin522_CM4_OS_Keil.lib(lcd_color.o)
    0x08012ff8   0x00000040   Code   RO         2588    i._PopFreeBlock     STemWin522_CM4_OS_Keil.lib(gui_alloc.o)
    0x08013038   0x00000024   Code   RO         2589    i._PushFreeBlock    STemWin522_CM4_OS_Keil.lib(gui_alloc.o)
    0x0801305c   0x00000034   Code   RO         2590    i._RemoveFreeBlock  STemWin522_CM4_OS_Keil.lib(gui_alloc.o)
    0x08013090   0x000000a0   Code   RO         2591    i._RemoveHoles      STemWin522_CM4_OS_Keil.lib(gui_alloc.o)
    0x08013130   0x00000020   Code   RO         3969    i._SetBkColor       STemWin522_CM4_OS_Keil.lib(lcd.o)
    0x08013150   0x0000004c   Code   RO         3479    i._SetClipRectUserIntersect  STemWin522_CM4_OS_Keil.lib(wm.o)
    0x0801319c   0x00000020   Code   RO         3970    i._SetColor         STemWin522_CM4_OS_Keil.lib(lcd.o)
    0x080131bc   0x0000002c   Code   RO         3971    i._SetDrawMode      STemWin522_CM4_OS_Keil.lib(lcd.o)
    0x080131e8   0x00000008   Code   RO         3061    i._SetOrg           STemWin522_CM4_OS_Keil.lib(guidev_16.o)
    0x080131f0   0x00000048   Code   RO         3062    i._SetPixelIndex    STemWin522_CM4_OS_Keil.lib(guidev_16.o)
    0x08013238   0x000000ea   Code   RO         2592    i._TestRAM          STemWin522_CM4_OS_Keil.lib(gui_alloc.o)
    0x08013322   0x00000002   PAD
    0x08013324   0x00000030   Code   RO         2732    i._UnlinkDevice     STemWin522_CM4_OS_Keil.lib(gui_device.o)
    0x08013354   0x0000000e   Code   RO         2593    i._WriteTagData     STemWin522_CM4_OS_Keil.lib(gui_alloc.o)
    0x08013362   0x00000002   PAD
    0x08013364   0x00000330   Code   RO         4278    i._WriteToActiveOpaque_8  STemWin522_CM4_OS_Keil.lib(guidev_writetoactiveopaque.o)
    0x08013694   0x000002f8   Code   RO         4279    i._WriteToActiveOpaque_HT  STemWin522_CM4_OS_Keil.lib(guidev_writetoactiveopaque.o)
    0x0801398c   0x0000003c   Code   RO         3063    i._XY2PTR           STemWin522_CM4_OS_Keil.lib(guidev_16.o)
    0x080139c8   0x00000054   Code   RO         3064    i._XorPixel         STemWin522_CM4_OS_Keil.lib(guidev_16.o)
    0x08013a1c   0x00000050   Code   RO         3481    i.cbBackWin         STemWin522_CM4_OS_Keil.lib(wm.o)
    0x08013a6c   0x0000008a   Code   RO         3972    i.emWin_LCD_Init    STemWin522_CM4_OS_Keil.lib(lcd.o)
    0x08013af6   0x00000002   PAD
    0x08013af8   0x0000002c   Code   RO         5279    locale$$code        c_w.l(lc_ctype_c.o)
    0x08013b24   0x0000000a   Code   RO         5345    x$fpl$fpinit        fz_wm.l(fpinit.o)
    0x08013b2e   0x00000002   PAD
    0x08013b30   0x00000048   Data   RO          171    .constdata          drv_usart.o
    0x08013b78   0x0000000c   Data   RO          272    .constdata          drv_lcd_st7735.o
    0x08013b84   0x00000010   Data   RO          303    .constdata          system_stm32f4xx.o
    0x08013b94   0x00000008   Data   RO          593    .constdata          stm32f4xx_hal_dma.o
    0x08013b9c   0x00000010   Data   RO         1222    .constdata          stm32f4xx_hal_rcc.o
    0x08013bac   0x00000014   Data   RO         1665    .constdata          components.o
    0x08013bc0   0x000000a8   Data   RO         1717    .constdata          device.o
    0x08013c68   0x00000016   Data   RO         1732    .constdata          idle.o
    0x08013c7e   0x000001d7   Data   RO         1751    .constdata          ipc.o
    0x08013e55   0x00000122   Data   RO         1784    .constdata          kservice.o
    0x08013f77   0x00000046   Data   RO         1804    .constdata          mem.o
    0x08013fbd   0x0000005c   Data   RO         1837    .constdata          timer.o
    0x08014019   0x0000005e   Data   RO         1874    .constdata          object.o
    0x08014077   0x0000004e   Data   RO         1894    .constdata          scheduler.o
    0x080140c5   0x000000aa   Data   RO         1914    .constdata          thread.o
    0x0801416f   0x00000013   Data   RO         1931    .constdata          cpuport.o
    0x08014182   0x000000d3   Data   RO         1985    .constdata          serial.o
    0x08014255   0x00000039   Data   RO         1998    .constdata          completion.o
    0x0801428e   0x0000004b   Data   RO         2014    .constdata          dataqueue.o
    0x080142d9   0x00000060   Data   RO         2104    .constdata          shell.o
    0x08014339   0x00000003   PAD
    0x0801433c   0x00000050   Data   RO         2138    .constdata          cmd.o
    0x0801438c   0x000000c4   Data   RO         2264    .constdata          finsh_ops.o
    0x08014450   0x00000040   Data   RO         2347    .constdata          finsh_token.o
    0x08014490   0x00000034   Data   RO         2375    .constdata          guidrv_template.o
    0x080144c4   0x00000018   Data   RO         2553    .constdata          STemWin522_CM4_OS_Keil.lib(guicc_m565.o)
    0x080144dc   0x00000008   Data   RO         2671    .constdata          STemWin522_CM4_OS_Keil.lib(gui_core.o)
    0x080144e4   0x00000008   Data   RO         2733    .constdata          STemWin522_CM4_OS_Keil.lib(gui_device.o)
    0x080144ec   0x00000074   Data   RO         3065    .constdata          STemWin522_CM4_OS_Keil.lib(guidev_16.o)
    0x08014560   0x00000100   Data   RO         3611    .constdata          STemWin522_CM4_OS_Keil.lib(gui__divtbl_255_31.o)
    0x08014660   0x00000100   Data   RO         3612    .constdata          STemWin522_CM4_OS_Keil.lib(gui__divtbl_255_63.o)
    0x08014760   0x00000020   Data   RO         3613    .constdata          STemWin522_CM4_OS_Keil.lib(gui__divtbl_31_255.o)
    0x08014780   0x00000040   Data   RO         3614    .constdata          STemWin522_CM4_OS_Keil.lib(gui__divtbl_63_255.o)
    0x080147c0   0x00000010   Data   RO         3923    .constdata          STemWin522_CM4_OS_Keil.lib(gui_uc_encodenone.o)
    0x080147d0   0x0000000c   Data   RO         3973    .constdata          STemWin522_CM4_OS_Keil.lib(lcd.o)
    0x080147dc   0x00000100   Data   RO         4008    .constdata          STemWin522_CM4_OS_Keil.lib(lcd_mirror.o)
    0x080148dc   0x00000518   Data   RO         4211    .constdata          STemWin522_CM4_OS_Keil.lib(f6x8.o)
    0x08014df4   0x000001c0   Data   RO         4212    .constdata          STemWin522_CM4_OS_Keil.lib(f6x8.o)
    0x08014fb4   0x00000008   Data   RO         4213    .constdata          STemWin522_CM4_OS_Keil.lib(f6x8.o)
    0x08014fbc   0x00000014   Data   RO         4214    .constdata          STemWin522_CM4_OS_Keil.lib(f6x8.o)
    0x08014fd0   0x00000024   Data   RO         4215    .constdata          STemWin522_CM4_OS_Keil.lib(f6x8.o)
    0x08014ff4   0x00000008   Data   RO         4280    .constdata          STemWin522_CM4_OS_Keil.lib(guidev_writetoactiveopaque.o)
    0x08014ffc   0x00000018   Data   RO         4897    .constdata          STemWin522_CM4_OS_Keil.lib(guicc_0.o)
    0x08015014   0x000000ed   Data   RO         1805    .conststring        mem.o
    0x08015101   0x00000003   PAD
    0x08015104   0x000001ad   Data   RO         2139    .conststring        cmd.o
    0x080152b1   0x00000003   PAD
    0x080152b4   0x000000f3   Data   RO         2199    .conststring        finsh_error.o
    0x080153a7   0x00000001   PAD
    0x080153a8   0x0000003e   Data   RO         2348    .conststring        finsh_token.o
    0x080153e6   0x00000027   Data   RO         1807    .rodata.name        mem.o
    0x0801540d   0x000001b3   Data   RO         2141    .rodata.name        cmd.o
    0x080155c0   0x00000004   Data   RO         1666    .rti_fn.0           components.o
    0x080155c4   0x00000004   Data   RO         1667    .rti_fn.0.end       components.o
    0x080155c8   0x00000004   Data   RO          172    .rti_fn.1           drv_usart.o
    0x080155cc   0x00000004   Data   RO         1668    .rti_fn.1.end       components.o
    0x080155d0   0x00000004   Data   RO         2106    .rti_fn.3           shell.o
    0x080155d4   0x00000004   Data   RO         1669    .rti_fn.6.end       components.o
    0x080155d8   0x0000000c   Data   RO         1808    FSymTab             mem.o
    0x080155e4   0x00000090   Data   RO         2142    FSymTab             cmd.o
    0x08015674   0x00000000   Data   RO         5413    Region$$Table       anon$$obj.o
    0x08015674   0x00000010   Data   RO         2143    VSymTab             cmd.o
    0x08015684   0x00000110   Data   RO         5278    locale$$data        c_w.l(lc_ctype_c.o)


    Execution Region RW_IRAM1 (Base: 0x20000000, Size: 0x000078b0, Max: 0x00020000, ABSOLUTE)

    Base Addr    Size         Type   Attr      Idx    E Section Name        Object

    0x20000000   0x00000004   Data   RW          237    .data               tft_lcd.o
    0x20000004   0x0000004c   Data   RW          273    .data               drv_lcd_st7735.o
    0x20000050   0x00000004   Data   RW          304    .data               system_stm32f4xx.o
    0x20000054   0x00000004   Data   RW          341    .data               stm32f4xx_hal.o
    0x20000058   0x00000004   Data   RW         1648    .data               clock.o
    0x2000005c   0x00000004   Data   RW         1733    .data               idle.o
    0x20000060   0x00000001   Data   RW         1768    .data               irq.o
    0x20000061   0x00000003   PAD
    0x20000064   0x0000000c   Data   RW         1785    .data               kservice.o
    0x20000070   0x00000020   Data   RW         1806    .data               mem.o
    0x20000090   0x00000010   Data   RW         1838    .data               timer.o
    0x200000a0   0x000000a4   Data   RW         1875    .data               object.o
    0x20000144   0x0000001c   Data   RW         1895    .data               scheduler.o
    0x20000160   0x00000010   Data   RW         1932    .data               cpuport.o
    0x20000170   0x00000004   Data   RW         2105    .data               shell.o
    0x20000174   0x00000010   Data   RW         2124    .data               symbol.o
    0x20000184   0x00000004   Data   RW         2140    .data               cmd.o
    0x20000188   0x00000008   Data   RW         2162    .data               finsh_compiler.o
    0x20000190   0x00000040   Data   RW         2200    .data               finsh_error.o
    0x200001d0   0x00000008   Data   RW         2216    .data               finsh_heap.o
    0x200001d8   0x00000004   Data   RW         2298    .data               finsh_var.o
    0x200001dc   0x0000000c   Data   RW         2321    .data               finsh_vm.o
    0x200001e8   0x00000008   Data   RW         2443    .data               gui_x_os.o
    0x200001f0   0x00000008   Data   RW         2554    .data               STemWin522_CM4_OS_Keil.lib(guicc_m565.o)
    0x200001f8   0x00000008   Data   RW         2595    .data               STemWin522_CM4_OS_Keil.lib(gui_alloc.o)
    0x20000200   0x0000002c   Data   RW         2672    .data               STemWin522_CM4_OS_Keil.lib(gui_core.o)
    0x2000022c   0x00000004   Data   RW         2676    .data               STemWin522_CM4_OS_Keil.lib(gui_core.o)
    0x20000230   0x00000002   Data   RW         2677    .data               STemWin522_CM4_OS_Keil.lib(gui_core.o)
    0x20000232   0x00000002   Data   RW         2678    .data               STemWin522_CM4_OS_Keil.lib(gui_core.o)
    0x20000234   0x00000058   Data   RW         3483    .data               STemWin522_CM4_OS_Keil.lib(wm.o)
    0x2000028c   0x0000000c   Data   RW         3761    .data               STemWin522_CM4_OS_Keil.lib(gui_onkey.o)
    0x20000298   0x0000001c   Data   RW         3910    .data               STemWin522_CM4_OS_Keil.lib(gui_task.o)
    0x200002b4   0x0000000c   Data   RW         3935    .data               STemWin522_CM4_OS_Keil.lib(gui_waitevent.o)
    0x200002c0   0x00000004   Data   RW         3974    .data               STemWin522_CM4_OS_Keil.lib(lcd.o)
    0x200002c4   0x00000010   Data   RW         4000    .data               STemWin522_CM4_OS_Keil.lib(lcd_color.o)
    0x200002d4   0x00000004   Data   RW         4557    .data               STemWin522_CM4_OS_Keil.lib(wm__sendmessage.o)
    0x200002d8   0x000001c8   Zero   RW          170    .bss                drv_usart.o
    0x200004a0   0x00000058   Zero   RW          236    .bss                tft_lcd.o
    0x200004f8   0x000002c0   Zero   RW          271    .bss                drv_lcd_st7735.o
    0x200007b8   0x00000480   Zero   RW         1731    .bss                idle.o
    0x20000c38   0x00000080   Zero   RW         1783    .bss                kservice.o
    0x20000cb8   0x00000020   Zero   RW         1803    .bss                mem.o
    0x20000cd8   0x00000100   Zero   RW         1893    .bss                scheduler.o
    0x20000dd8   0x00000880   Zero   RW         2103    .bss                shell.o
    0x20001658   0x00000080   Zero   RW         2215    .bss                finsh_heap.o
    0x200016d8   0x00000140   Zero   RW         2249    .bss                finsh_node.o
    0x20001818   0x000000c0   Zero   RW         2297    .bss                finsh_var.o
    0x200018d8   0x00000180   Zero   RW         2320    .bss                finsh_vm.o
    0x20001a58   0x00005000   Zero   RW         2362    .bss                guiconf.o
    0x20006a58   0x000000c8   Zero   RW         2594    .bss                STemWin522_CM4_OS_Keil.lib(gui_alloc.o)
    0x20006b20   0x00000078   Zero   RW         2670    .bss                STemWin522_CM4_OS_Keil.lib(gui_core.o)
    0x20006b98   0x00000018   Zero   RW         3482    .bss                STemWin522_CM4_OS_Keil.lib(wm.o)
    0x20006bb0   0x00000058   Zero   RW         3760    .bss                STemWin522_CM4_OS_Keil.lib(gui_onkey.o)
    0x20006c08   0x00000048   Zero   RW         4669    .bss                STemWin522_CM4_OS_Keil.lib(wm_touch.o)
    0x20006c50   0x00000060   Zero   RW         5246    .bss                c_w.l(libspace.o)
    0x20006cb0   0x00000800   Zero   RW          331    HEAP                startup_stm32f407xx.o
    0x200074b0   0x00000400   Zero   RW          330    STACK               startup_stm32f407xx.o

