Component: ARM Compiler 5.06 update 1 (build 61) Tool: armlink [4d35a8]

==============================================================================

Removing Unused input sections from the image.

    Removing board.o(.rev16_text), (4 bytes).
    Removing board.o(.revsh_text), (4 bytes).
    Removing board.o(.rrx_text), (6 bytes).
    Removing stm32f4xx_it.o(.rev16_text), (4 bytes).
    Removing stm32f4xx_it.o(.revsh_text), (4 bytes).
    Removing stm32f4xx_it.o(.rrx_text), (6 bytes).
    Removing drv_usart.o(.rev16_text), (4 bytes).
    Removing drv_usart.o(.revsh_text), (4 bytes).
    Removing drv_usart.o(.rrx_text), (6 bytes).
    Removing TFT_lcd.o(.rev16_text), (4 bytes).
    Removing TFT_lcd.o(.revsh_text), (4 bytes).
    Removing TFT_lcd.o(.rrx_text), (6 bytes).
    Removing drv_lcd_st7735.o(.rev16_text), (4 bytes).
    Removing drv_lcd_st7735.o(.revsh_text), (4 bytes).
    Removing drv_lcd_st7735.o(.rrx_text), (6 bytes).
    Removing drv_lcd_st7735.o(.data), (56 bytes).
    Removing system_stm32f4xx.o(.rev16_text), (4 bytes).
    Removing system_stm32f4xx.o(.revsh_text), (4 bytes).
    Removing system_stm32f4xx.o(.rrx_text), (6 bytes).
    Removing stm32f4xx_hal.o(.rev16_text), (4 bytes).
    Removing stm32f4xx_hal.o(.revsh_text), (4 bytes).
    Removing stm32f4xx_hal.o(.rrx_text), (6 bytes).
    Removing stm32f4xx_hal_adc.o(.rev16_text), (4 bytes).
    Removing stm32f4xx_hal_adc.o(.revsh_text), (4 bytes).
    Removing stm32f4xx_hal_adc.o(.rrx_text), (6 bytes).
    Removing stm32f4xx_hal_adc_ex.o(.rev16_text), (4 bytes).
    Removing stm32f4xx_hal_adc_ex.o(.revsh_text), (4 bytes).
    Removing stm32f4xx_hal_adc_ex.o(.rrx_text), (6 bytes).
    Removing stm32f4xx_hal_can.o(.rev16_text), (4 bytes).
    Removing stm32f4xx_hal_can.o(.revsh_text), (4 bytes).
    Removing stm32f4xx_hal_can.o(.rrx_text), (6 bytes).
    Removing stm32f4xx_hal_cec.o(.rev16_text), (4 bytes).
    Removing stm32f4xx_hal_cec.o(.revsh_text), (4 bytes).
    Removing stm32f4xx_hal_cec.o(.rrx_text), (6 bytes).
    Removing stm32f4xx_hal_cortex.o(.rev16_text), (4 bytes).
    Removing stm32f4xx_hal_cortex.o(.revsh_text), (4 bytes).
    Removing stm32f4xx_hal_cortex.o(.rrx_text), (6 bytes).
    Removing stm32f4xx_hal_crc.o(.rev16_text), (4 bytes).
    Removing stm32f4xx_hal_crc.o(.revsh_text), (4 bytes).
    Removing stm32f4xx_hal_crc.o(.rrx_text), (6 bytes).
    Removing stm32f4xx_hal_cryp.o(.rev16_text), (4 bytes).
    Removing stm32f4xx_hal_cryp.o(.revsh_text), (4 bytes).
    Removing stm32f4xx_hal_cryp.o(.rrx_text), (6 bytes).
    Removing stm32f4xx_hal_cryp_ex.o(.rev16_text), (4 bytes).
    Removing stm32f4xx_hal_cryp_ex.o(.revsh_text), (4 bytes).
    Removing stm32f4xx_hal_cryp_ex.o(.rrx_text), (6 bytes).
    Removing stm32f4xx_hal_dac.o(.rev16_text), (4 bytes).
    Removing stm32f4xx_hal_dac.o(.revsh_text), (4 bytes).
    Removing stm32f4xx_hal_dac.o(.rrx_text), (6 bytes).
    Removing stm32f4xx_hal_dac_ex.o(.rev16_text), (4 bytes).
    Removing stm32f4xx_hal_dac_ex.o(.revsh_text), (4 bytes).
    Removing stm32f4xx_hal_dac_ex.o(.rrx_text), (6 bytes).
    Removing stm32f4xx_hal_dcmi.o(.rev16_text), (4 bytes).
    Removing stm32f4xx_hal_dcmi.o(.revsh_text), (4 bytes).
    Removing stm32f4xx_hal_dcmi.o(.rrx_text), (6 bytes).
    Removing stm32f4xx_hal_dcmi_ex.o(.rev16_text), (4 bytes).
    Removing stm32f4xx_hal_dcmi_ex.o(.revsh_text), (4 bytes).
    Removing stm32f4xx_hal_dcmi_ex.o(.rrx_text), (6 bytes).
    Removing stm32f4xx_hal_dma.o(.rev16_text), (4 bytes).
    Removing stm32f4xx_hal_dma.o(.revsh_text), (4 bytes).
    Removing stm32f4xx_hal_dma.o(.rrx_text), (6 bytes).
    Removing stm32f4xx_hal_dma2d.o(.rev16_text), (4 bytes).
    Removing stm32f4xx_hal_dma2d.o(.revsh_text), (4 bytes).
    Removing stm32f4xx_hal_dma2d.o(.rrx_text), (6 bytes).
    Removing stm32f4xx_hal_dma_ex.o(.rev16_text), (4 bytes).
    Removing stm32f4xx_hal_dma_ex.o(.revsh_text), (4 bytes).
    Removing stm32f4xx_hal_dma_ex.o(.rrx_text), (6 bytes).
    Removing stm32f4xx_hal_dma_ex.o(.text), (370 bytes).
    Removing stm32f4xx_hal_dsi.o(.rev16_text), (4 bytes).
    Removing stm32f4xx_hal_dsi.o(.revsh_text), (4 bytes).
    Removing stm32f4xx_hal_dsi.o(.rrx_text), (6 bytes).
    Removing stm32f4xx_hal_eth.o(.rev16_text), (4 bytes).
    Removing stm32f4xx_hal_eth.o(.revsh_text), (4 bytes).
    Removing stm32f4xx_hal_eth.o(.rrx_text), (6 bytes).
    Removing stm32f4xx_hal_flash.o(.rev16_text), (4 bytes).
    Removing stm32f4xx_hal_flash.o(.revsh_text), (4 bytes).
    Removing stm32f4xx_hal_flash.o(.rrx_text), (6 bytes).
    Removing stm32f4xx_hal_flash.o(.text), (1156 bytes).
    Removing stm32f4xx_hal_flash.o(.bss), (32 bytes).
    Removing stm32f4xx_hal_flash_ex.o(.rev16_text), (4 bytes).
    Removing stm32f4xx_hal_flash_ex.o(.revsh_text), (4 bytes).
    Removing stm32f4xx_hal_flash_ex.o(.rrx_text), (6 bytes).
    Removing stm32f4xx_hal_flash_ex.o(.text), (1004 bytes).
    Removing stm32f4xx_hal_flash_ramfunc.o(.rev16_text), (4 bytes).
    Removing stm32f4xx_hal_flash_ramfunc.o(.revsh_text), (4 bytes).
    Removing stm32f4xx_hal_flash_ramfunc.o(.rrx_text), (6 bytes).
    Removing stm32f4xx_hal_fmpi2c.o(.rev16_text), (4 bytes).
    Removing stm32f4xx_hal_fmpi2c.o(.revsh_text), (4 bytes).
    Removing stm32f4xx_hal_fmpi2c.o(.rrx_text), (6 bytes).
    Removing stm32f4xx_hal_fmpi2c_ex.o(.rev16_text), (4 bytes).
    Removing stm32f4xx_hal_fmpi2c_ex.o(.revsh_text), (4 bytes).
    Removing stm32f4xx_hal_fmpi2c_ex.o(.rrx_text), (6 bytes).
    Removing stm32f4xx_hal_gpio.o(.rev16_text), (4 bytes).
    Removing stm32f4xx_hal_gpio.o(.revsh_text), (4 bytes).
    Removing stm32f4xx_hal_gpio.o(.rrx_text), (6 bytes).
    Removing stm32f4xx_hal_hash.o(.rev16_text), (4 bytes).
    Removing stm32f4xx_hal_hash.o(.revsh_text), (4 bytes).
    Removing stm32f4xx_hal_hash.o(.rrx_text), (6 bytes).
    Removing stm32f4xx_hal_hash_ex.o(.rev16_text), (4 bytes).
    Removing stm32f4xx_hal_hash_ex.o(.revsh_text), (4 bytes).
    Removing stm32f4xx_hal_hash_ex.o(.rrx_text), (6 bytes).
    Removing stm32f4xx_hal_hcd.o(.rev16_text), (4 bytes).
    Removing stm32f4xx_hal_hcd.o(.revsh_text), (4 bytes).
    Removing stm32f4xx_hal_hcd.o(.rrx_text), (6 bytes).
    Removing stm32f4xx_hal_i2c.o(.rev16_text), (4 bytes).
    Removing stm32f4xx_hal_i2c.o(.revsh_text), (4 bytes).
    Removing stm32f4xx_hal_i2c.o(.rrx_text), (6 bytes).
    Removing stm32f4xx_hal_i2c_ex.o(.rev16_text), (4 bytes).
    Removing stm32f4xx_hal_i2c_ex.o(.revsh_text), (4 bytes).
    Removing stm32f4xx_hal_i2c_ex.o(.rrx_text), (6 bytes).
    Removing stm32f4xx_hal_i2s.o(.rev16_text), (4 bytes).
    Removing stm32f4xx_hal_i2s.o(.revsh_text), (4 bytes).
    Removing stm32f4xx_hal_i2s.o(.rrx_text), (6 bytes).
    Removing stm32f4xx_hal_i2s_ex.o(.rev16_text), (4 bytes).
    Removing stm32f4xx_hal_i2s_ex.o(.revsh_text), (4 bytes).
    Removing stm32f4xx_hal_i2s_ex.o(.rrx_text), (6 bytes).
    Removing stm32f4xx_hal_irda.o(.rev16_text), (4 bytes).
    Removing stm32f4xx_hal_irda.o(.revsh_text), (4 bytes).
    Removing stm32f4xx_hal_irda.o(.rrx_text), (6 bytes).
    Removing stm32f4xx_hal_iwdg.o(.rev16_text), (4 bytes).
    Removing stm32f4xx_hal_iwdg.o(.revsh_text), (4 bytes).
    Removing stm32f4xx_hal_iwdg.o(.rrx_text), (6 bytes).
    Removing stm32f4xx_hal_lptim.o(.rev16_text), (4 bytes).
    Removing stm32f4xx_hal_lptim.o(.revsh_text), (4 bytes).
    Removing stm32f4xx_hal_lptim.o(.rrx_text), (6 bytes).
    Removing stm32f4xx_hal_ltdc.o(.rev16_text), (4 bytes).
    Removing stm32f4xx_hal_ltdc.o(.revsh_text), (4 bytes).
    Removing stm32f4xx_hal_ltdc.o(.rrx_text), (6 bytes).
    Removing stm32f4xx_hal_ltdc_ex.o(.rev16_text), (4 bytes).
    Removing stm32f4xx_hal_ltdc_ex.o(.revsh_text), (4 bytes).
    Removing stm32f4xx_hal_ltdc_ex.o(.rrx_text), (6 bytes).
    Removing stm32f4xx_hal_msp_template.o(.rev16_text), (4 bytes).
    Removing stm32f4xx_hal_msp_template.o(.revsh_text), (4 bytes).
    Removing stm32f4xx_hal_msp_template.o(.rrx_text), (6 bytes).
    Removing stm32f4xx_hal_nand.o(.rev16_text), (4 bytes).
    Removing stm32f4xx_hal_nand.o(.revsh_text), (4 bytes).
    Removing stm32f4xx_hal_nand.o(.rrx_text), (6 bytes).
    Removing stm32f4xx_hal_nor.o(.rev16_text), (4 bytes).
    Removing stm32f4xx_hal_nor.o(.revsh_text), (4 bytes).
    Removing stm32f4xx_hal_nor.o(.rrx_text), (6 bytes).
    Removing stm32f4xx_hal_pccard.o(.rev16_text), (4 bytes).
    Removing stm32f4xx_hal_pccard.o(.revsh_text), (4 bytes).
    Removing stm32f4xx_hal_pccard.o(.rrx_text), (6 bytes).
    Removing stm32f4xx_hal_pcd.o(.rev16_text), (4 bytes).
    Removing stm32f4xx_hal_pcd.o(.revsh_text), (4 bytes).
    Removing stm32f4xx_hal_pcd.o(.rrx_text), (6 bytes).
    Removing stm32f4xx_hal_pcd_ex.o(.rev16_text), (4 bytes).
    Removing stm32f4xx_hal_pcd_ex.o(.revsh_text), (4 bytes).
    Removing stm32f4xx_hal_pcd_ex.o(.rrx_text), (6 bytes).
    Removing stm32f4xx_hal_pwr.o(.rev16_text), (4 bytes).
    Removing stm32f4xx_hal_pwr.o(.revsh_text), (4 bytes).
    Removing stm32f4xx_hal_pwr.o(.rrx_text), (6 bytes).
    Removing stm32f4xx_hal_pwr.o(.text), (524 bytes).
    Removing stm32f4xx_hal_pwr_ex.o(.rev16_text), (4 bytes).
    Removing stm32f4xx_hal_pwr_ex.o(.revsh_text), (4 bytes).
    Removing stm32f4xx_hal_pwr_ex.o(.rrx_text), (6 bytes).
    Removing stm32f4xx_hal_pwr_ex.o(.text), (312 bytes).
    Removing stm32f4xx_hal_qspi.o(.rev16_text), (4 bytes).
    Removing stm32f4xx_hal_qspi.o(.revsh_text), (4 bytes).
    Removing stm32f4xx_hal_qspi.o(.rrx_text), (6 bytes).
    Removing stm32f4xx_hal_rcc.o(.rev16_text), (4 bytes).
    Removing stm32f4xx_hal_rcc.o(.revsh_text), (4 bytes).
    Removing stm32f4xx_hal_rcc.o(.rrx_text), (6 bytes).
    Removing stm32f4xx_hal_rcc_ex.o(.rev16_text), (4 bytes).
    Removing stm32f4xx_hal_rcc_ex.o(.revsh_text), (4 bytes).
    Removing stm32f4xx_hal_rcc_ex.o(.rrx_text), (6 bytes).
    Removing stm32f4xx_hal_rcc_ex.o(.text), (616 bytes).
    Removing stm32f4xx_hal_rng.o(.rev16_text), (4 bytes).
    Removing stm32f4xx_hal_rng.o(.revsh_text), (4 bytes).
    Removing stm32f4xx_hal_rng.o(.rrx_text), (6 bytes).
    Removing stm32f4xx_hal_rtc.o(.rev16_text), (4 bytes).
    Removing stm32f4xx_hal_rtc.o(.revsh_text), (4 bytes).
    Removing stm32f4xx_hal_rtc.o(.rrx_text), (6 bytes).
    Removing stm32f4xx_hal_rtc_ex.o(.rev16_text), (4 bytes).
    Removing stm32f4xx_hal_rtc_ex.o(.revsh_text), (4 bytes).
    Removing stm32f4xx_hal_rtc_ex.o(.rrx_text), (6 bytes).
    Removing stm32f4xx_hal_sai.o(.rev16_text), (4 bytes).
    Removing stm32f4xx_hal_sai.o(.revsh_text), (4 bytes).
    Removing stm32f4xx_hal_sai.o(.rrx_text), (6 bytes).
    Removing stm32f4xx_hal_sai_ex.o(.rev16_text), (4 bytes).
    Removing stm32f4xx_hal_sai_ex.o(.revsh_text), (4 bytes).
    Removing stm32f4xx_hal_sai_ex.o(.rrx_text), (6 bytes).
    Removing stm32f4xx_hal_sd.o(.rev16_text), (4 bytes).
    Removing stm32f4xx_hal_sd.o(.revsh_text), (4 bytes).
    Removing stm32f4xx_hal_sd.o(.rrx_text), (6 bytes).
    Removing stm32f4xx_hal_sdram.o(.rev16_text), (4 bytes).
    Removing stm32f4xx_hal_sdram.o(.revsh_text), (4 bytes).
    Removing stm32f4xx_hal_sdram.o(.rrx_text), (6 bytes).
    Removing stm32f4xx_hal_smartcard.o(.rev16_text), (4 bytes).
    Removing stm32f4xx_hal_smartcard.o(.revsh_text), (4 bytes).
    Removing stm32f4xx_hal_smartcard.o(.rrx_text), (6 bytes).
    Removing stm32f4xx_hal_spdifrx.o(.rev16_text), (4 bytes).
    Removing stm32f4xx_hal_spdifrx.o(.revsh_text), (4 bytes).
    Removing stm32f4xx_hal_spdifrx.o(.rrx_text), (6 bytes).
    Removing stm32f4xx_hal_spi.o(.rev16_text), (4 bytes).
    Removing stm32f4xx_hal_spi.o(.revsh_text), (4 bytes).
    Removing stm32f4xx_hal_spi.o(.rrx_text), (6 bytes).
    Removing stm32f4xx_hal_sram.o(.rev16_text), (4 bytes).
    Removing stm32f4xx_hal_sram.o(.revsh_text), (4 bytes).
    Removing stm32f4xx_hal_sram.o(.rrx_text), (6 bytes).
    Removing stm32f4xx_hal_tim.o(.rev16_text), (4 bytes).
    Removing stm32f4xx_hal_tim.o(.revsh_text), (4 bytes).
    Removing stm32f4xx_hal_tim.o(.rrx_text), (6 bytes).
    Removing stm32f4xx_hal_tim_ex.o(.rev16_text), (4 bytes).
    Removing stm32f4xx_hal_tim_ex.o(.revsh_text), (4 bytes).
    Removing stm32f4xx_hal_tim_ex.o(.rrx_text), (6 bytes).
    Removing stm32f4xx_hal_uart.o(.rev16_text), (4 bytes).
    Removing stm32f4xx_hal_uart.o(.revsh_text), (4 bytes).
    Removing stm32f4xx_hal_uart.o(.rrx_text), (6 bytes).
    Removing stm32f4xx_hal_usart.o(.rev16_text), (4 bytes).
    Removing stm32f4xx_hal_usart.o(.revsh_text), (4 bytes).
    Removing stm32f4xx_hal_usart.o(.rrx_text), (6 bytes).
    Removing stm32f4xx_hal_usart.o(.text), (3750 bytes).
    Removing stm32f4xx_hal_wwdg.o(.rev16_text), (4 bytes).
    Removing stm32f4xx_hal_wwdg.o(.revsh_text), (4 bytes).
    Removing stm32f4xx_hal_wwdg.o(.rrx_text), (6 bytes).
    Removing stm32f4xx_ll_fmc.o(.rev16_text), (4 bytes).
    Removing stm32f4xx_ll_fmc.o(.revsh_text), (4 bytes).
    Removing stm32f4xx_ll_fmc.o(.rrx_text), (6 bytes).
    Removing stm32f4xx_ll_fsmc.o(.rev16_text), (4 bytes).
    Removing stm32f4xx_ll_fsmc.o(.revsh_text), (4 bytes).
    Removing stm32f4xx_ll_fsmc.o(.rrx_text), (6 bytes).
    Removing stm32f4xx_ll_sdmmc.o(.rev16_text), (4 bytes).
    Removing stm32f4xx_ll_sdmmc.o(.revsh_text), (4 bytes).
    Removing stm32f4xx_ll_sdmmc.o(.rrx_text), (6 bytes).
    Removing stm32f4xx_ll_usb.o(.rev16_text), (4 bytes).
    Removing stm32f4xx_ll_usb.o(.revsh_text), (4 bytes).
    Removing stm32f4xx_ll_usb.o(.rrx_text), (6 bytes).
    Removing mempool.o(.text), (1028 bytes).
    Removing mempool.o(.constdata), (62 bytes).
    Removing mempool.o(.data), (8 bytes).
    Removing backtrace.o(.text), (2 bytes).
    Removing div0.o(.text), (4 bytes).
    Removing showmem.o(.text), (120 bytes).
    Removing showmem.o(.constdata), (18 bytes).
    Removing pipe.o(.text), (1148 bytes).
    Removing pipe.o(.constdata), (86 bytes).
    Removing portal.o(.text), (712 bytes).
    Removing portal.o(.constdata), (95 bytes).
    Removing ringbuffer.o(.text), (1176 bytes).
    Removing ringbuffer.o(.constdata), (151 bytes).
    Removing workqueue.o(.text), (396 bytes).
    Removing workqueue.o(.constdata), (90 bytes).
    Removing MainTask.o(.text), (368 bytes).
    Removing MainTask.o(.constdata), (92 bytes).
    Removing MainTask.o(.conststring), (52 bytes).
    Removing guicc_m565.o(i.GUICC_M565_SetCustColorConv), (12 bytes).
    Removing gui_alloc.o(i.GUI_ALLOC_FreePtr), (26 bytes).
    Removing gui_alloc.o(i.GUI_ALLOC_FreePtrArray), (28 bytes).
    Removing gui_alloc.o(i.GUI_ALLOC_GetMaxSize), (64 bytes).
    Removing gui_alloc.o(i.GUI_ALLOC_GetNumFreeBlocks), (12 bytes).
    Removing gui_alloc.o(i.GUI_ALLOC_GetNumFreeBytes), (20 bytes).
    Removing gui_alloc.o(i.GUI_ALLOC_GetNumUsedBlocks), (16 bytes).
    Removing gui_alloc.o(i.GUI_ALLOC_GetNumUsedBytes), (16 bytes).
    Removing gui_alloc.o(i.GUI_ALLOC_GetSize), (28 bytes).
    Removing gui_alloc.o(i.GUI_ALLOC_Lock), (16 bytes).
    Removing gui_alloc.o(i.GUI_ALLOC_RequestSize), (52 bytes).
    Removing gui_alloc.o(i.GUI_ALLOC_SetMaxPercentage), (24 bytes).
    Removing gui_alloc.o(i.GUI_ALLOC_Unlock), (16 bytes).
    Removing gui_alloc.o(i.GUI_ALLOC_p2h), (6 bytes).
    Removing gui_core.o(i.GUI_Exit), (32 bytes).
    Removing gui_core.o(i.GUI_SetDefaultFont), (12 bytes).
    Removing gui_core.o(i.GUI_SetFuncGetpPalConvTable), (12 bytes).
    Removing gui_core.o(.data), (4 bytes).
    Removing gui_core.o(.data), (4 bytes).
    Removing gui_curs1.o(i.GUI_CURSOR_GetState), (16 bytes).
    Removing gui_curs1.o(i.GUI_CURSOR_GetStateEx), (32 bytes).
    Removing gui_curs1.o(i.GUI_CURSOR_Hide), (16 bytes).
    Removing gui_curs1.o(i.GUI_CURSOR_HideEx), (88 bytes).
    Removing gui_curs1.o(i.GUI_CURSOR_Select), (16 bytes).
    Removing gui_curs1.o(i.GUI_CURSOR_SelectEx), (208 bytes).
    Removing gui_curs1.o(i.GUI_CURSOR_SetBitmap), (16 bytes).
    Removing gui_curs1.o(i.GUI_CURSOR_SetBitmapEx), (88 bytes).
    Removing gui_curs1.o(i.GUI_CURSOR_SetPosition), (16 bytes).
    Removing gui_curs1.o(i.GUI_CURSOR_SetPositionEx), (120 bytes).
    Removing gui_curs1.o(i.GUI_CURSOR_Show), (16 bytes).
    Removing gui_curs1.o(i.GUI_CURSOR_ShowEx), (60 bytes).
    Removing gui_curs1.o(i.GUI_CURSOR__GetSpriteEx), (28 bytes).
    Removing gui_curs1.o(i.GUI_CURSOR__SetSpriteEx), (24 bytes).
    Removing gui_curs1.o(i._OnExit), (24 bytes).
    Removing gui_curs1.o(i._Show), (56 bytes).
    Removing gui_curs1.o(.bss), (40 bytes).
    Removing gui_curs1.o(.data), (12 bytes).
    Removing gui_device.o(i.GUI_DEVICE__GetpDevice), (36 bytes).
    Removing gui_dispstringhcenter.o(i.GUI_DispStringHCenterAt), (52 bytes).
    Removing gui_dispstringinrect.o(i.GUI_DispStringInRect), (8 bytes).
    Removing gui_dispstringinrect.o(i.GUI_DispStringInRectMax), (76 bytes).
    Removing gui_dispstringinrect.o(i.GUI__DispStringInRect), (324 bytes).
    Removing gui_drawgradient.o(i.GUI_DrawGradientH), (120 bytes).
    Removing gui_drawgradient.o(i.GUI_DrawGradientV), (120 bytes).
    Removing gui_drawgradient.o(i._DrawGradient), (378 bytes).
    Removing gui_time.o(i.GUI_Delay), (104 bytes).
    Removing gui_time.o(i.GUI_GetTime), (4 bytes).
    Removing lcd_getex.o(i.LCD_GetBitsPerPixel), (16 bytes).
    Removing lcd_getex.o(i.LCD_GetBitsPerPixelMax), (6 bytes).
    Removing lcd_getex.o(i.LCD_GetDevFunc), (24 bytes).
    Removing lcd_getex.o(i.LCD_GetMirrorX), (16 bytes).
    Removing lcd_getex.o(i.LCD_GetMirrorXEx), (6 bytes).
    Removing lcd_getex.o(i.LCD_GetMirrorY), (16 bytes).
    Removing lcd_getex.o(i.LCD_GetMirrorYEx), (6 bytes).
    Removing lcd_getex.o(i.LCD_GetSwapXY), (16 bytes).
    Removing lcd_getex.o(i.LCD_GetSwapXYEx), (6 bytes).
    Removing lcd_getex.o(i.LCD_GetVXSize), (16 bytes).
    Removing lcd_getex.o(i.LCD_GetVXSizeEx), (6 bytes).
    Removing lcd_getex.o(i.LCD_GetVXSizeMax), (6 bytes).
    Removing lcd_getex.o(i.LCD_GetVYSize), (16 bytes).
    Removing lcd_getex.o(i.LCD_GetVYSizeEx), (6 bytes).
    Removing lcd_getex.o(i.LCD_GetVYSizeMax), (6 bytes).
    Removing lcd_getex.o(i.LCD_GetXMag), (16 bytes).
    Removing lcd_getex.o(i.LCD_GetXMagEx), (6 bytes).
    Removing lcd_getex.o(i.LCD_GetXSize), (16 bytes).
    Removing lcd_getex.o(i.LCD_GetXSizeEx), (6 bytes).
    Removing lcd_getex.o(i.LCD_GetXSizeMax), (6 bytes).
    Removing lcd_getex.o(i.LCD_GetYMag), (16 bytes).
    Removing lcd_getex.o(i.LCD_GetYMagEx), (6 bytes).
    Removing lcd_getex.o(i.LCD_GetYSize), (16 bytes).
    Removing lcd_getex.o(i.LCD_GetYSizeEx), (6 bytes).
    Removing lcd_getex.o(i.LCD_GetYSizeMax), (6 bytes).
    Removing lcd_getex.o(i.LCD_GetpfColor2IndexEx), (16 bytes).
    Removing lcd_getex.o(i.LCD_GetpfIndex2ColorEx), (16 bytes).
    Removing lcd_getex.o(i._GetMaxValue), (30 bytes).
    Removing lcd_set.o(i.LCD_GetPos), (20 bytes).
    Removing lcd_set.o(i.LCD_GetPosEx), (44 bytes).
    Removing lcd_set.o(i.LCD_Refresh), (16 bytes).
    Removing lcd_set.o(i.LCD_RefreshEx), (36 bytes).
    Removing lcd_set.o(i.LCD_SetAlpha), (16 bytes).
    Removing lcd_set.o(i.LCD_SetAlphaEx), (40 bytes).
    Removing lcd_set.o(i.LCD_SetAlphaMode), (16 bytes).
    Removing lcd_set.o(i.LCD_SetAlphaModeEx), (40 bytes).
    Removing lcd_set.o(i.LCD_SetChroma), (20 bytes).
    Removing lcd_set.o(i.LCD_SetChromaEx), (44 bytes).
    Removing lcd_set.o(i.LCD_SetChromaMode), (16 bytes).
    Removing lcd_set.o(i.LCD_SetChromaModeEx), (40 bytes).
    Removing lcd_set.o(i.LCD_SetDevFunc), (44 bytes).
    Removing lcd_set.o(i.LCD_SetLUTEntry), (20 bytes).
    Removing lcd_set.o(i.LCD_SetPos), (20 bytes).
    Removing lcd_set.o(i.LCD_SetPosEx), (44 bytes).
    Removing lcd_set.o(i.LCD_SetSize), (20 bytes).
    Removing lcd_set.o(i.LCD_SetVRAMAddr), (16 bytes).
    Removing lcd_set.o(i.LCD_SetVRAMAddrEx), (40 bytes).
    Removing lcd_set.o(i.LCD_SetVSize), (20 bytes).
    Removing lcd_set.o(i.LCD_SetVis), (16 bytes).
    Removing lcd_set.o(i.LCD_SetVisEx), (40 bytes).
    Removing f24_ascii.o(.constdata), (24 bytes).
    Removing f24_ascii.o(.constdata), (24 bytes).
    Removing f24_ascii.o(.constdata), (24 bytes).
    Removing f24_ascii.o(.constdata), (48 bytes).
    Removing f24_ascii.o(.constdata), (48 bytes).
    Removing f24_ascii.o(.constdata), (72 bytes).
    Removing f24_ascii.o(.constdata), (48 bytes).
    Removing f24_ascii.o(.constdata), (24 bytes).
    Removing f24_ascii.o(.constdata), (24 bytes).
    Removing f24_ascii.o(.constdata), (24 bytes).
    Removing f24_ascii.o(.constdata), (24 bytes).
    Removing f24_ascii.o(.constdata), (48 bytes).
    Removing f24_ascii.o(.constdata), (24 bytes).
    Removing f24_ascii.o(.constdata), (24 bytes).
    Removing f24_ascii.o(.constdata), (24 bytes).
    Removing f24_ascii.o(.constdata), (24 bytes).
    Removing f24_ascii.o(.constdata), (48 bytes).
    Removing f24_ascii.o(.constdata), (48 bytes).
    Removing f24_ascii.o(.constdata), (48 bytes).
    Removing f24_ascii.o(.constdata), (48 bytes).
    Removing f24_ascii.o(.constdata), (48 bytes).
    Removing f24_ascii.o(.constdata), (48 bytes).
    Removing f24_ascii.o(.constdata), (48 bytes).
    Removing f24_ascii.o(.constdata), (48 bytes).
    Removing f24_ascii.o(.constdata), (48 bytes).
    Removing f24_ascii.o(.constdata), (48 bytes).
    Removing f24_ascii.o(.constdata), (24 bytes).
    Removing f24_ascii.o(.constdata), (24 bytes).
    Removing f24_ascii.o(.constdata), (48 bytes).
    Removing f24_ascii.o(.constdata), (48 bytes).
    Removing f24_ascii.o(.constdata), (48 bytes).
    Removing f24_ascii.o(.constdata), (48 bytes).
    Removing f24_ascii.o(.constdata), (72 bytes).
    Removing f24_ascii.o(.constdata), (48 bytes).
    Removing f24_ascii.o(.constdata), (48 bytes).
    Removing f24_ascii.o(.constdata), (48 bytes).
    Removing f24_ascii.o(.constdata), (48 bytes).
    Removing f24_ascii.o(.constdata), (48 bytes).
    Removing f24_ascii.o(.constdata), (48 bytes).
    Removing f24_ascii.o(.constdata), (48 bytes).
    Removing f24_ascii.o(.constdata), (48 bytes).
    Removing f24_ascii.o(.constdata), (24 bytes).
    Removing f24_ascii.o(.constdata), (48 bytes).
    Removing f24_ascii.o(.constdata), (48 bytes).
    Removing f24_ascii.o(.constdata), (48 bytes).
    Removing f24_ascii.o(.constdata), (72 bytes).
    Removing f24_ascii.o(.constdata), (48 bytes).
    Removing f24_ascii.o(.constdata), (48 bytes).
    Removing f24_ascii.o(.constdata), (48 bytes).
    Removing f24_ascii.o(.constdata), (48 bytes).
    Removing f24_ascii.o(.constdata), (48 bytes).
    Removing f24_ascii.o(.constdata), (48 bytes).
    Removing f24_ascii.o(.constdata), (48 bytes).
    Removing f24_ascii.o(.constdata), (48 bytes).
    Removing f24_ascii.o(.constdata), (48 bytes).
    Removing f24_ascii.o(.constdata), (72 bytes).
    Removing f24_ascii.o(.constdata), (48 bytes).
    Removing f24_ascii.o(.constdata), (48 bytes).
    Removing f24_ascii.o(.constdata), (48 bytes).
    Removing f24_ascii.o(.constdata), (24 bytes).
    Removing f24_ascii.o(.constdata), (24 bytes).
    Removing f24_ascii.o(.constdata), (24 bytes).
    Removing f24_ascii.o(.constdata), (24 bytes).
    Removing f24_ascii.o(.constdata), (48 bytes).
    Removing f24_ascii.o(.constdata), (24 bytes).
    Removing f24_ascii.o(.constdata), (48 bytes).
    Removing f24_ascii.o(.constdata), (48 bytes).
    Removing f24_ascii.o(.constdata), (48 bytes).
    Removing f24_ascii.o(.constdata), (48 bytes).
    Removing f24_ascii.o(.constdata), (48 bytes).
    Removing f24_ascii.o(.constdata), (24 bytes).
    Removing f24_ascii.o(.constdata), (48 bytes).
    Removing f24_ascii.o(.constdata), (48 bytes).
    Removing f24_ascii.o(.constdata), (24 bytes).
    Removing f24_ascii.o(.constdata), (24 bytes).
    Removing f24_ascii.o(.constdata), (48 bytes).
    Removing f24_ascii.o(.constdata), (24 bytes).
    Removing f24_ascii.o(.constdata), (48 bytes).
    Removing f24_ascii.o(.constdata), (48 bytes).
    Removing f24_ascii.o(.constdata), (48 bytes).
    Removing f24_ascii.o(.constdata), (48 bytes).
    Removing f24_ascii.o(.constdata), (48 bytes).
    Removing f24_ascii.o(.constdata), (24 bytes).
    Removing f24_ascii.o(.constdata), (48 bytes).
    Removing f24_ascii.o(.constdata), (24 bytes).
    Removing f24_ascii.o(.constdata), (48 bytes).
    Removing f24_ascii.o(.constdata), (48 bytes).
    Removing f24_ascii.o(.constdata), (48 bytes).
    Removing f24_ascii.o(.constdata), (48 bytes).
    Removing f24_ascii.o(.constdata), (48 bytes).
    Removing f24_ascii.o(.constdata), (48 bytes).
    Removing f24_ascii.o(.constdata), (24 bytes).
    Removing f24_ascii.o(.constdata), (24 bytes).
    Removing f24_ascii.o(.constdata), (24 bytes).
    Removing f24_ascii.o(.constdata), (48 bytes).
    Removing f24_ascii.o(.constdata), (760 bytes).
    Removing f24_ascii.o(.constdata), (12 bytes).
    Removing f24_ascii.o(.constdata), (36 bytes).
    Removing f8x16.o(.constdata), (2608 bytes).
    Removing f8x16.o(.constdata), (448 bytes).
    Removing f8x16.o(.constdata), (8 bytes).
    Removing f8x16.o(.constdata), (20 bytes).
    Removing f8x16.o(.constdata), (36 bytes).
    Removing f8x16.o(.constdata), (36 bytes).
    Removing f8x16.o(.constdata), (36 bytes).
    Removing f8x16.o(.constdata), (20 bytes).
    Removing f8x16.o(.constdata), (20 bytes).
    Removing f8x16.o(.constdata), (36 bytes).
    Removing f8x16.o(.constdata), (36 bytes).
    Removing f8x16.o(.constdata), (36 bytes).
    Removing gui__handleeoline.o(i.GUI__HandleEOLine), (24 bytes).
    Removing gui_char.o(i.GL_DispChar), (64 bytes).
    Removing gui_char.o(i.GUI_DispNextLine), (36 bytes).
    Removing gui_cursorarrowm.o(.constdata), (20 bytes).
    Removing gui_cursorarrowm.o(.constdata), (12 bytes).
    Removing gui_drawbitmap.o(i.GL_DrawBitmap), (156 bytes).
    Removing gui_drawbitmap.o(i.GUI_DrawBitmap), (88 bytes).
    Removing gui_exec.o(i.GUI_Exec), (20 bytes).
    Removing gui_exec.o(i.GUI_Exec1), (32 bytes).
    Removing gui_getclientrect.o(i.GUI_GetClientRect), (10 bytes).
    Removing gui_getcolor.o(i.GUI_GetBkColorIndex), (20 bytes).
    Removing gui_getcolor.o(i.GUI_GetColorIndex), (20 bytes).
    Removing gui_goto.o(i.GUI_GotoX), (24 bytes).
    Removing gui_goto.o(i.GUI_GotoY), (24 bytes).
    Removing gui_selectlayer.o(i.GUI_AssignCursorLayer), (44 bytes).
    Removing gui_selectlayer.o(i.GUI_GetCursorLayer), (20 bytes).
    Removing gui_selectlayer.o(i.GUI_GetLayerPosEx), (38 bytes).
    Removing gui_selectlayer.o(i.GUI_SetLayerAlphaEx), (28 bytes).
    Removing gui_selectlayer.o(i.GUI_SetLayerPosEx), (32 bytes).
    Removing gui_selectlayer.o(i.GUI_SetLayerSizeEx), (32 bytes).
    Removing gui_selectlayer.o(i.GUI_SetLayerVisEx), (28 bytes).
    Removing gui_selectlayer.o(.data), (8 bytes).
    Removing gui_settextalign.o(i.GUI_SetTextAlign), (32 bytes).
    Removing gui_sprite.o(i.GUI_SPRITE_Create), (24 bytes).
    Removing gui_sprite.o(i.GUI_SPRITE_CreateEx), (12 bytes).
    Removing gui_sprite.o(i.GUI_SPRITE_CreateHidden), (24 bytes).
    Removing gui_sprite.o(i.GUI_SPRITE_CreateHiddenEx), (12 bytes).
    Removing gui_sprite.o(i.GUI_SPRITE_Delete), (74 bytes).
    Removing gui_sprite.o(i.GUI_SPRITE_GetState), (42 bytes).
    Removing gui_sprite.o(i.GUI_SPRITE_Hide), (58 bytes).
    Removing gui_sprite.o(i.GUI_SPRITE_SetBitmap), (82 bytes).
    Removing gui_sprite.o(i.GUI_SPRITE_SetBitmapAndPosition), (106 bytes).
    Removing gui_sprite.o(i.GUI_SPRITE_SetPosition), (34 bytes).
    Removing gui_sprite.o(i.GUI_SPRITE_Show), (70 bytes).
    Removing gui_sprite.o(i.GUI_SPRITE__CreateEx), (180 bytes).
    Removing gui_sprite.o(i.GUI_SPRITE__SetCallback), (38 bytes).
    Removing gui_sprite.o(i._ClipRectEx), (22 bytes).
    Removing gui_sprite.o(i._CreateBuffer), (152 bytes).
    Removing gui_sprite.o(i._DoColorConversion), (132 bytes).
    Removing gui_sprite.o(i._DrawBitmap), (608 bytes).
    Removing gui_sprite.o(i._DrawHLine), (276 bytes).
    Removing gui_sprite.o(i._DrawVLine), (272 bytes).
    Removing gui_sprite.o(i._FillRect), (308 bytes).
    Removing gui_sprite.o(i._FlushBuffer), (116 bytes).
    Removing gui_sprite.o(i._GetBkPixel), (108 bytes).
    Removing gui_sprite.o(i._GetClipParam), (320 bytes).
    Removing gui_sprite.o(i._GetClipRect), (212 bytes).
    Removing gui_sprite.o(i._GetDevData), (4 bytes).
    Removing gui_sprite.o(i._GetDevFunc), (4 bytes).
    Removing gui_sprite.o(i._GetDevProp), (14 bytes).
    Removing gui_sprite.o(i._GetPixelIndex), (94 bytes).
    Removing gui_sprite.o(i._GetRect), (14 bytes).
    Removing gui_sprite.o(i._Link), (22 bytes).
    Removing gui_sprite.o(i._PixelExists), (58 bytes).
    Removing gui_sprite.o(i._ReleaseBuffer), (28 bytes).
    Removing gui_sprite.o(i._SetBitmap), (268 bytes).
    Removing gui_sprite.o(i._SetBitmapAndPosition), (536 bytes).
    Removing gui_sprite.o(i._SetOrg), (14 bytes).
    Removing gui_sprite.o(i._SetPixelIndex), (98 bytes).
    Removing gui_sprite.o(i._SetPosition), (684 bytes).
    Removing gui_sprite.o(i._SetSpriteBkPixel), (74 bytes).
    Removing gui_sprite.o(i._SpriteDraw), (264 bytes).
    Removing gui_sprite.o(i._Undraw), (216 bytes).
    Removing gui_sprite.o(i._Unlink), (22 bytes).
    Removing gui_sprite.o(i._XorPixel), (102 bytes).
    Removing gui_sprite.o(.constdata), (52 bytes).
    Removing gui_task.o(i.GUITASK_GetpContext), (40 bytes).
    Removing gui_task.o(i.GUITASK_SetMaxTask), (16 bytes).
    Removing gui_uc.o(i.GUI_UC_Encode), (36 bytes).
    Removing gui_uc.o(i.GUI_UC_GetCharCode), (32 bytes).
    Removing gui_uc.o(i.GUI_UC_GetCharSize), (32 bytes).
    Removing gui_uc.o(i.GUI_UC__CalcSizeOfChar), (12 bytes).
    Removing gui_uc.o(i.GUI_UC__NumBytes2NumChars), (44 bytes).
    Removing gui_uc_encodenone.o(i.GUI_UC_SetEncodeNone), (28 bytes).
    Removing lcd.o(i.LCD_DrawVLine), (84 bytes).
    Removing lcd_color.o(i.LCD_GetpPalConvTable), (4 bytes).
    Removing lcd_color.o(i.LCD_SetMaxNumColors), (24 bytes).
    Removing f6x8.o(.constdata), (36 bytes).
    Removing guidev_usage.o(i.GUI_USAGE_Select), (40 bytes).
    Removing wm.o(i.WM_CreateWindow), (30 bytes).
    Removing wm.o(i.WM_Deactivate), (32 bytes).
    Removing wm.o(i.WM_DeleteWindow), (208 bytes).
    Removing wm.o(i.WM_Exec), (136 bytes).
    Removing wm.o(i.WM_GetActiveWindow), (12 bytes).
    Removing wm.o(i.WM_SendMessage), (30 bytes).
    Removing wm.o(i.WM_SetDefault), (20 bytes).
    Removing wm.o(i.WM__DeleteSecure), (28 bytes).
    Removing wm.o(i.WM__DetachWindow), (40 bytes).
    Removing wm.o(i.WM__InvalidateParent), (42 bytes).
    Removing wm.o(i.WM__IsWindow), (36 bytes).
    Removing wm.o(i.WM__Paint), (160 bytes).
    Removing wm.o(i.WM__Paint1), (144 bytes).
    Removing wm.o(i.WM__PaintWinAndOverlays), (120 bytes).
    Removing wm.o(i.WM__RemoveFromLinList), (48 bytes).
    Removing wm.o(i.WM__RemoveWindowFromList), (64 bytes).
    Removing wm.o(i._DeleteAllChildren), (18 bytes).
    Removing wm.o(i._DrawNext), (92 bytes).
    Removing wm.o(i._Exec1Input), (120 bytes).
    Removing wm.o(i._Paint1), (36 bytes).
    Removing wm.o(i._Paint1Trans), (140 bytes).
    Removing wm.o(i._PaintTransChildren), (154 bytes).
    Removing wm.o(i._cbPaintMemDev), (68 bytes).
    Removing wm.o(.data), (1 bytes).
    Removing wm_setusercliprect.o(i.WM_SetUserClipRect), (32 bytes).
    Removing gui__compactpixelindices.o(i.GUI__CompactPixelIndicesEx), (372 bytes).
    Removing gui_cursorarrowmpx.o(.constdata), (60 bytes).
    Removing gui_cursorpal.o(.constdata), (12 bytes).
    Removing gui_cursorpal.o(.constdata), (12 bytes).
    Removing gui_getbitmappixelindex.o(i.GUI_GetBitmapPixelIndex), (22 bytes).
    Removing gui_getbitmappixelindex.o(i.GUI_GetBitmapPixelIndexEx), (138 bytes).
    Removing gui_onkey.o(i.GUI_ClearKeyBuffer), (36 bytes).
    Removing gui_onkey.o(i.GUI_GetKey), (16 bytes).
    Removing gui_onkey.o(i.GUI_GetKeyState), (24 bytes).
    Removing gui_onkey.o(i.GUI_PollKeyMsg), (52 bytes).
    Removing gui_onkey.o(i.GUI_SendKeyMsg), (28 bytes).
    Removing gui_onkey.o(i.GUI_StoreKeyMsg), (36 bytes).
    Removing gui_onkey.o(i._IncPointer), (28 bytes).
    Removing gui_onkey.o(i._IncReadPointer), (6 bytes).
    Removing gui_savecontext.o(i.GUI_RestoreContext), (16 bytes).
    Removing gui_savecontext.o(i.GUI_SaveContext_W), (16 bytes).
    Removing gui_setdefault.o(i.GL_SetDefault), (64 bytes).
    Removing gui_setdefault.o(i.GUI_SetDefault), (18 bytes).
    Removing gui_setdrawmode.o(i.GUI_SetDrawMode), (24 bytes).
    Removing gui_waitevent.o(i.GUI_SetSignalEventFunc), (12 bytes).
    Removing gui_waitevent.o(i.GUI_SetWaitEventFunc), (12 bytes).
    Removing gui_waitevent.o(i.GUI_SetWaitEventTimedFunc), (12 bytes).
    Removing gui_waitevent.o(i.GUI_WaitEvent), (96 bytes).
    Removing gui_waitevent.o(i._WaitEvent), (16 bytes).
    Removing guicc_0.o(i.LCD_SetLUT), (16 bytes).
    Removing guicc_0.o(i.LCD_SetLUTEx), (34 bytes).
    Removing guidev.o(i.GUI_MEMDEV_CopyToLCD), (12 bytes).
    Removing guidev.o(i.GUI_MEMDEV_CopyToLCDAt), (168 bytes).
    Removing guidev.o(i.GUI_MEMDEV_Create), (12 bytes).
    Removing guidev.o(i.GUI_MEMDEV_CreateEx), (128 bytes).
    Removing guidev.o(i.GUI_MEMDEV_MarkDirty), (82 bytes).
    Removing guidev.o(i.GUI_MEMDEV_Select), (92 bytes).
    Removing guidev.o(i.GUI_MEMDEV__CreateFixed), (236 bytes).
    Removing guidev.o(i.GUI_MEMDEV__WriteToActiveAt), (48 bytes).
    Removing guidev_banding.o(i.GUI_MEMDEV_Draw), (292 bytes).
    Removing guidev_banding.o(i.GUI_MEMDEV__SetAlphaCallback), (12 bytes).
    Removing guidev_banding.o(i._Min), (8 bytes).
    Removing guidev_banding.o(.data), (4 bytes).
    Removing guidev_staticdevices.o(i.GUIDEV_StaticDevices_C), (2 bytes).
    Removing guidev_staticdevices.o(i.GUI_MEMDEV_CreateStatic), (16 bytes).
    Removing guidev_staticdevices.o(i.GUI_MEMDEV_GetStaticDevice), (36 bytes).
    Removing guidev_staticdevices.o(i.GUI_MEMDEV_GetWindowDevice), (16 bytes).
    Removing guidev_staticdevices.o(i.GUI_MEMDEV_Paint1Static), (20 bytes).
    Removing guidev_staticdevices.o(i._AddContent), (160 bytes).
    Removing guidev_staticdevices.o(i._CopyContent), (456 bytes).
    Removing guidev_staticdevices.o(i._CreateStatic), (124 bytes).
    Removing guidev_staticdevices.o(i._CreateStaticDevice), (288 bytes).
    Removing guidev_staticdevices.o(i._GetWindowDevice), (104 bytes).
    Removing guidev_staticdevices.o(.data), (1 bytes).
    Removing wm_criticalhandle.o(i.WM__RemoveCriticalHandle), (44 bytes).
    Removing wm_getclientrect.o(i.WM_GetClientRect), (44 bytes).
    Removing wm_getclientrect.o(i.WM_GetClientRectEx), (26 bytes).
    Removing wm_notifyparent.o(i.WM_NotifyParent), (16 bytes).
    Removing wm_sendmessagenopara.o(i.WM_SendMessageNoPara), (26 bytes).
    Removing wm_timer.o(i.WM_CreateTimer), (92 bytes).
    Removing wm_timer.o(i.WM_DeleteTimer), (42 bytes).
    Removing wm_timer.o(i.WM_GetTimerId), (38 bytes).
    Removing wm_timer.o(i.WM_RestartTimer), (50 bytes).
    Removing wm_timer.o(i.WM__DeleteAssocTimer), (82 bytes).
    Removing wm_timer.o(i._cbTimer), (44 bytes).
    Removing wm_touch.o(i.WM_HandlePID), (876 bytes).
    Removing wm_touch.o(i.WM__IsInModalArea), (72 bytes).
    Removing wm_touch.o(i.WM__SendPIDMessage), (62 bytes).
    Removing wm_touch.o(i.WM__SendTouchMessage), (54 bytes).
    Removing wm_touch.o(i.WM__SetLastTouched), (32 bytes).
    Removing wm_touch.o(i.WM__SetMotionCallback), (12 bytes).
    Removing wm_touch.o(i.WM__SetToolTipCallback), (12 bytes).
    Removing wm_touch.o(.data), (8 bytes).
    Removing gui__alpha.o(i.GUI_SetFuncAlphaBlending), (12 bytes).
    Removing gui__alpha.o(i.GUI_SetFuncMixColors), (12 bytes).
    Removing gui__alpha.o(i.GUI_SetFuncMixColorsBulk), (12 bytes).
    Removing gui__alpha.o(i.GUI__AllocAlphaBuffer), (22 bytes).
    Removing gui__alpha.o(i.GUI__DoAlphaBlending), (444 bytes).
    Removing gui__alpha.o(i.GUI__GetAlphaBuffer), (144 bytes).
    Removing gui__alpha.o(i.GUI__MixColors), (102 bytes).
    Removing gui__alpha.o(i.GUI__MixColorsBulk), (78 bytes).
    Removing gui__alpha.o(i.GUI__SetAlphaBufferSize), (12 bytes).
    Removing gui__alpha.o(i._OnExit), (40 bytes).
    Removing gui__alpha.o(.data), (40 bytes).
    Removing gui_getorg.o(i.GUI_GetOrg), (26 bytes).
    Removing gui_getorg.o(i.GUI__GetOrg), (28 bytes).
    Removing gui_pen.o(i.GUI_GetPenShape), (24 bytes).
    Removing gui_pen.o(i.GUI_GetPenSize), (24 bytes).
    Removing gui_pen.o(i.GUI_SetPenShape), (28 bytes).
    Removing gui_pen.o(i.GUI_SetPenSize), (28 bytes).
    Removing gui_pid.o(i.GUI_PID_GetCurrentState), (32 bytes).
    Removing gui_pid.o(i.GUI_PID_GetState), (76 bytes).
    Removing gui_pid.o(i.GUI_PID_IsEmpty), (24 bytes).
    Removing gui_pid.o(i.GUI_PID_IsPressed), (20 bytes).
    Removing gui_pid.o(i.GUI_PID_StoreState), (28 bytes).
    Removing gui_pid.o(i._DecPointer), (20 bytes).
    Removing gui_pid.o(i._IncPointer), (20 bytes).
    Removing gui_pid.o(i._StoreState), (88 bytes).
    Removing gui_pid.o(.bss), (72 bytes).
    Removing gui_pid.o(.data), (8 bytes).
    Removing gui_setalpha.o(i.GUI_SetAlpha), (120 bytes).
    Removing gui_setalpha.o(i.GUI__AlphaSuppressMixing), (36 bytes).
    Removing gui_setalpha.o(i._Color2Index), (28 bytes).
    Removing gui_setalpha.o(i._Color2IndexBulk), (152 bytes).
    Removing gui_setalpha.o(i._DrawBitLine16BPP), (104 bytes).
    Removing gui_setalpha.o(i._DrawBitLine1BPP), (376 bytes).
    Removing gui_setalpha.o(i._DrawBitLine2BPP), (276 bytes).
    Removing gui_setalpha.o(i._DrawBitLine32BPP), (100 bytes).
    Removing gui_setalpha.o(i._DrawBitLine4BPP), (276 bytes).
    Removing gui_setalpha.o(i._DrawBitLine8BPP), (156 bytes).
    Removing gui_setalpha.o(i._DrawBitmap), (202 bytes).
    Removing gui_setalpha.o(i._DrawBitmapLine), (84 bytes).
    Removing gui_setalpha.o(i._DrawHLine), (124 bytes).
    Removing gui_setalpha.o(i._DrawVLine), (72 bytes).
    Removing gui_setalpha.o(i._FillRect), (38 bytes).
    Removing gui_setalpha.o(i._GetBitsPerPixel), (24 bytes).
    Removing gui_setalpha.o(i._GetDevData), (4 bytes).
    Removing gui_setalpha.o(i._GetDevFunc), (12 bytes).
    Removing gui_setalpha.o(i._GetDevProp), (8 bytes).
    Removing gui_setalpha.o(i._GetIndexMask), (28 bytes).
    Removing gui_setalpha.o(i._GetLine), (164 bytes).
    Removing gui_setalpha.o(i._GetPixelIndex), (8 bytes).
    Removing gui_setalpha.o(i._GetPointers), (18 bytes).
    Removing gui_setalpha.o(i._GetRect), (8 bytes).
    Removing gui_setalpha.o(i._Index2Color), (28 bytes).
    Removing gui_setalpha.o(i._Index2ColorBulk), (152 bytes).
    Removing gui_setalpha.o(i._InitAlpha), (152 bytes).
    Removing gui_setalpha.o(i._MixColors), (60 bytes).
    Removing gui_setalpha.o(i._OnExit), (56 bytes).
    Removing gui_setalpha.o(i._ReadRectFromMemdev), (148 bytes).
    Removing gui_setalpha.o(i._SetOrg), (8 bytes).
    Removing gui_setalpha.o(i._SetPixelIndex), (68 bytes).
    Removing gui_setalpha.o(i._XorPixel), (42 bytes).
    Removing gui_setalpha.o(.constdata), (76 bytes).
    Removing gui_setalpha.o(.data), (32 bytes).
    Removing gui_setlinestyle.o(i.GUI_SetLineStyle), (28 bytes).
    Removing gui_settextmode.o(i.GUI_SetTextMode), (32 bytes).
    Removing gui_timer.o(i.GUI_TIMER_Create), (144 bytes).
    Removing gui_timer.o(i.GUI_TIMER_Delete), (38 bytes).
    Removing gui_timer.o(i.GUI_TIMER_Exec), (116 bytes).
    Removing gui_timer.o(i.GUI_TIMER_GetFlag), (50 bytes).
    Removing gui_timer.o(i.GUI_TIMER_GetPeriod), (38 bytes).
    Removing gui_timer.o(i.GUI_TIMER_Restart), (56 bytes).
    Removing gui_timer.o(i.GUI_TIMER_SetDelay), (46 bytes).
    Removing gui_timer.o(i.GUI_TIMER_SetPeriod), (34 bytes).
    Removing gui_timer.o(i.GUI_TIMER_SetTime), (34 bytes).
    Removing gui_timer.o(i.GUI_TIMER__GetFirstTimer), (40 bytes).
    Removing gui_timer.o(i.GUI_TIMER__GetNextTimer), (60 bytes).
    Removing gui_timer.o(i.GUI_TIMER__GetNextTimerLin), (54 bytes).
    Removing gui_timer.o(i.GUI_TIMER__GetPeriod), (52 bytes).
    Removing gui_timer.o(i.GUI_TIMER__IsActive), (28 bytes).
    Removing gui_timer.o(i._Link), (136 bytes).
    Removing gui_timer.o(i._OnExit), (16 bytes).
    Removing gui_timer.o(i._RemoveFromLinList), (92 bytes).
    Removing gui_timer.o(i._Unlink), (80 bytes).
    Removing gui_timer.o(.data), (20 bytes).
    Removing guicc_8888.o(i._Color2IndexBulk), (14 bytes).
    Removing guicc_8888.o(i._Color2Index_8888), (2 bytes).
    Removing guicc_8888.o(i._GetIndexMask_8888), (6 bytes).
    Removing guicc_8888.o(i._Index2ColorBulk), (14 bytes).
    Removing guicc_8888.o(.constdata), (24 bytes).
    Removing guidev_32.o(i._DrawBitLine1BPP), (276 bytes).
    Removing guidev_32.o(i._DrawBitLine2BPP), (224 bytes).
    Removing guidev_32.o(i._DrawBitLine32BPP_DDB), (136 bytes).
    Removing guidev_32.o(i._DrawBitLine4BPP), (344 bytes).
    Removing guidev_32.o(i._DrawBitmap), (660 bytes).
    Removing guidev_32.o(i._DrawHLine), (10 bytes).
    Removing guidev_32.o(i._DrawVLine), (172 bytes).
    Removing guidev_32.o(i._FillRect), (164 bytes).
    Removing guidev_32.o(i._GetDevData), (16 bytes).
    Removing guidev_32.o(i._GetDevFunc), (16 bytes).
    Removing guidev_32.o(i._GetDevProp), (12 bytes).
    Removing guidev_32.o(i._GetPixelIndex), (14 bytes).
    Removing guidev_32.o(i._GetRect), (48 bytes).
    Removing guidev_32.o(i._SetOrg), (8 bytes).
    Removing guidev_32.o(i._SetPixelIndex), (72 bytes).
    Removing guidev_32.o(i._XY2PTR), (60 bytes).
    Removing guidev_32.o(i._XorPixel), (88 bytes).
    Removing guidev_32.o(.constdata), (116 bytes).
    Removing guidev_clear.o(i.GUI_MEMDEV_Clear), (68 bytes).
    Removing guidev_createfixed.o(i.GUI_MEMDEV_CreateFixed), (56 bytes).
    Removing guidev_getpos.o(i.GUI_MEMDEV_GetXPos), (52 bytes).
    Removing guidev_getpos.o(i.GUI_MEMDEV_GetYPos), (52 bytes).
    Removing guidev_getxsize.o(i.GUI_MEMDEV_GetXSize), (52 bytes).
    Removing guidev_getysize.o(i.GUI_MEMDEV_GetYSize), (52 bytes).
    Removing guidev_reduceysize.o(i.GUI_MEMDEV_ReduceYSize), (56 bytes).
    Removing guidev_setorg.o(i.GUI_MEMDEV_SetOrg), (100 bytes).
    Removing guidev_usagebm.o(i.GUI_USAGE_BM_AddHLine), (116 bytes).
    Removing guidev_usagebm.o(i.GUI_USAGE_BM_AddPixel), (44 bytes).
    Removing guidev_usagebm.o(i.GUI_USAGE_BM_Clear), (14 bytes).
    Removing guidev_usagebm.o(i.GUI_USAGE_BM_Create), (92 bytes).
    Removing guidev_usagebm.o(i.GUI_USAGE_BM_GetNextDirty), (190 bytes).
    Removing guidev_usagebm.o(i._GUI_USAGE_BM_Delete), (4 bytes).
    Removing guidev_usagebm.o(.constdata), (24 bytes).
    Removing guidev_write.o(i.GUI_MEMDEV_Write), (12 bytes).
    Removing guidev_write.o(i.GUI_MEMDEV_WriteAt), (104 bytes).
    Removing wm__isancestor.o(i.WM__IsAncestor), (34 bytes).
    Removing wm__isancestor.o(i.WM__IsAncestorOrSelf), (12 bytes).
    Removing wm__isenabled.o(i.WM__IsEnabled), (22 bytes).
    Removing wm__sendmessageifenabled.o(i.WM__SendMessageIfEnabled), (28 bytes).
    Removing wm__sendmessagenopara.o(i.WM__SendMessageNoPara), (38 bytes).
    Removing wm_getwindowrect.o(i.WM_GetWindowRect), (52 bytes).
    Removing wm_getwindowrect.o(i.WM_GetWindowRectEx), (40 bytes).
    Removing wm_iswindow.o(i.WM_IsWindow), (24 bytes).
    Removing wm_onkey.o(i.WM_OnKey), (64 bytes).
    Removing wm_pid__getprevstate.o(i.WM_PID__GetPrevState), (28 bytes).
    Removing wm_pid__getprevstate.o(i.WM_PID__SetPrevState), (28 bytes).
    Removing wm_pid__getprevstate.o(.bss), (24 bytes).
    Removing wm_screen2win.o(i.WM_Screen2hWin), (30 bytes).
    Removing wm_screen2win.o(i.WM_Screen2hWinEx), (32 bytes).
    Removing wm_screen2win.o(i.WM__IsInWindow), (48 bytes).
    Removing wm_screen2win.o(i._Screen2hWin), (90 bytes).
    Removing wm_screen2win.o(i._Screen2hWinStop), (36 bytes).
    Removing wm_setcapture.o(i.WM_ReleaseCapture), (18 bytes).
    Removing wm_setcapture.o(i.WM_SetCapture), (60 bytes).
    Removing wm_setcapture.o(i.WM__ReleaseCapture), (44 bytes).
    Removing wm_setsize.o(i.WM_SetSize), (72 bytes).
    Removing gui__expandpixelindices.o(i.GUI__ExpandPixelIndices), (218 bytes).
    Removing gui__expandpixelindices.o(i.GUI__ExpandPixelIndicesEx), (320 bytes).
    Removing guicc_8888_index2color.o(i.LCD_Index2Color_8888), (2 bytes).
    Removing guicc_888_index2color.o(i.LCD_Index2Color_888), (2 bytes).
    Removing lcd_aa.o(i.LCD_AA_MixColors), (32 bytes).
    Removing lcd_aa.o(i.LCD_AA_SetAndMask), (16 bytes).
    Removing lcd_aa.o(i.LCD_SetPixelAA), (136 bytes).
    Removing lcd_aa.o(i.LCD_SetPixelAA_NoTrans), (144 bytes).
    Removing lcd_aa.o(i.LCD_SetPixelAA_Xor), (156 bytes).
    Removing lcd_aa.o(.data), (4 bytes).
    Removing lcd_readrect.o(i.GUI_ReadRect), (56 bytes).
    Removing lcd_readrect.o(i.GUI_ReadRectEx), (96 bytes).
    Removing lcd_readrect.o(i.LCD_ReadRect), (92 bytes).
    Removing lcd_readrect.o(i.LCD_ReadRectEx), (408 bytes).
    Removing lcd_readrect.o(i.LCD_ReadRectNoClip), (32 bytes).
    Removing guidev_writetoactivealpha.o(i.GUI_MEMDEV__WriteToActiveAlpha), (280 bytes).
    Removing wm_getdesktopwindowex.o(i.WM_GetDesktopWindowEx), (20 bytes).
    Removing wm_resizewindow.o(i.WM_ResizeWindow), (246 bytes).
    Removing lcd_getpixelcolor.o(i.LCD_GetPixelColor), (14 bytes).
    Removing wm__updatechildpositions.o(i.WM__UpdateChildPositions), (220 bytes).
    Removing lcd_getp.o(i.GUI_GetPixelIndex), (28 bytes).
    Removing lcd_getp.o(i.LCD_GetPixelIndex), (96 bytes).
    Removing wm_move.o(i.WM_MoveTo), (30 bytes).
    Removing wm_move.o(i.WM_MoveWindow), (30 bytes).
    Removing wm_move.o(i.WM__MoveTo), (46 bytes).
    Removing wm_move.o(i.WM__MoveWindow), (152 bytes).
    Removing wm_move.o(i._MoveDescendents), (110 bytes).

796 unused section(s) (total 53358 bytes) removed from the image.

==============================================================================

Image component sizes


      Code (inc. data)   RO Data    RW Data    ZI Data      Debug   Object Name

        24          4          0          0        512        575   GUIConf.o
      2220         66         52          0          0      59214   GUIDRV_Template.o
       284         48          0         17          0       3049   GUI_X_Ex.o
       164         48          4          0        640       1801   GUI_init.o
       144         10          0          0          0       1891   LCDConf_Lin_Template.o
       844         28          0          4         88       3371   TFT_lcd.o
       320         26          0          0          0     352424   board.o
       100          6          0          4          0       1588   clock.o
      3012       1244       1104          4          0      10611   cmd.o
       456        124         57          0          0       3003   completion.o
       220         42         36          0          0      50950   components.o
       268         24          0          0          0        872   context_rvds.o
       400        188         19         16          0       3771   cpuport.o
      1044        114         75          0          0       6449   dataqueue.o
       804        132        168          0          0       4981   device.o
      1284          4          0          0        640       4944   drv_lcd_st7735.o
      1308        138         76          0        152      36563   drv_usart.o
      6168        154          0          8          0      10998   finsh_compiler.o
        44         10        243         64          0       1741   finsh_error.o
       528         18          0          8        128       3463   finsh_heap.o
        88          6          0          0          0       1716   finsh_init.o
       388          4          0          0        320       3492   finsh_node.o
      2780         36        196          0          0       8892   finsh_ops.o
      2428         32          0          0          0       9845   finsh_parser.o
      1664         16        126          0          0       6292   finsh_token.o
       412         18          0          4        192       7501   finsh_var.o
       228         34          0         12        384       7126   finsh_vm.o
       308         74         22          4       1152       2955   idle.o
      5716        422        471          0          0      20223   ipc.o
        72          6          0          1          0       1426   irq.o
      2636        230        290         12        128      12004   kservice.o
         4          0          0          0          0      11051   main.o
      2164        560        358         32         32      11178   mem.o
       732        150         94        164          0       5844   object.o
       736        150         78         28        256       4805   scheduler.o
      2180        314        211          0          0       7965   serial.o
      2532        276        100          4       2176       6199   shell.o
        64         26        392          0       3072        852   startup_stm32f407xx.o
       416         26          0          4          0       4814   stm32f4xx_hal.o
       796         20          0          0          0      32199   stm32f4xx_hal_cortex.o
      1560         16          8          0          0       5112   stm32f4xx_hal_dma.o
       964         50          0          0          0       3747   stm32f4xx_hal_gpio.o
         8          0          0          0          0        818   stm32f4xx_hal_msp_template.o
      2628         66         16          0          0       5670   stm32f4xx_hal_rcc.o
      5528         54          0          0          0      13748   stm32f4xx_hal_spi.o
      3918         28          0          0          0      12779   stm32f4xx_hal_uart.o
        16          0          0          0          0        856   stm32f4xx_it.o
         0          0          0         16          0       4333   symbol.o
       288         32         16          4          0       1747   system_stm32f4xx.o
      1436        208        170          0          0       7669   thread.o
      1116        100         92         16          0       6963   timer.o

    ----------------------------------------------------------------------
     63444       5382       4516        432       9872     792080   Object Totals
         0          0         32          0          0          0   (incl. Generated)
         2          0         10          6          0          0   (incl. Padding)

    ----------------------------------------------------------------------

      Code (inc. data)   RO Data    RW Data    ZI Data      Debug   Library Member Name

         0          0       1816          0          0          0   f6x8.o
         0          0       2328          0          0          0   f8x16_ascii.o
       296          0          0          0          0        124   gui__compactpixelindices.o
         0          0        256          0          0          0   gui__divtbl_255_31.o
         0          0        256          0          0          0   gui__divtbl_255_63.o
         0          0         32          0          0          0   gui__divtbl_31_255.o
         0          0         64          0          0          0   gui__divtbl_63_255.o
        58          0          0          0          0        116   gui__intersectrect.o
        82          0          0          0          0        128   gui__intersectrects.o
       188          8          0          8          0        248   gui__managecache.o
        76          0          0          0          0        124   gui__memset.o
        58          0          0          0          0        124   gui__memset16.o
      1686         92          0          8        200       2632   gui_alloc.o
        46          0          0          0          0        128   gui_alloc_alloczero.o
        68          0          0          0          0        124   gui_calccolordist.o
       164         20          0          0          0        500   gui_char.o
       458         36          0          4          0        760   gui_charline.o
       394         12          0          0          0        492   gui_charm.o
       312         12          0          0          0        624   gui_charp.o
       464         72          8         56        120        888   gui_core.o
       426         32          8          0          0       1108   gui_device.o
       264          4          0          0          0        136   gui_dispstring.o
        40          6          0          0          0        136   gui_dispstringat.o
        48          0          0          0          0        248   gui_getcolor.o
        66         12          0          0          0        360   gui_goto.o
        88          0          0          0          0        124   gui_mergerect.o
        30          0          0          0          0        116   gui_moverect.o
        16          4          0         12         88        116   gui_onkey.o
        56          0          0          0          0        116   gui_rectsintersect.o
        48         10          0          0          0        128   gui_selectlayer.o
        26          0          0          0          0        128   gui_selectlcd.o
        44          0          0          0          0        256   gui_setcolor.o
        32          6          0          0          0        128   gui_setfont.o
        64         16          0          0          0        136   gui_setorg.o
       308         36          0         28          0        632   gui_task.o
        84         10          0          0          0        264   gui_uc.o
        18          0         16          0          0        464   gui_uc_encodenone.o
        16          4          0         12          0        116   gui_waitevent.o
       198          0         24          0          0        388   guicc_0.o
       214         36         24          8          0        528   guicc_m565.o
        44         10          0          0          0        124   guicc_m565_index2color.o
       122          6          0          0          0        256   guidev.o
      2268         60        116          0          0       2092   guidev_16.o
        34          0          0          0          0        128   guidev_getdataptr.o
        84          0          0          0          0        260   guidev_usage.o
      1698         18          8          0          0        576   guidev_writetoactiveopaque.o
      1650        110         12          4          0       2156   lcd.o
       260         26          0         16          0        628   lcd_color.o
        32         12          0          0          0        232   lcd_getcolorindex.o
       292         24          0          0          0       1312   lcd_getex.o
        26          0          0          0          0        128   lcd_getnumdisplays.o
         0          0        256          0          0          0   lcd_mirror.o
        68         10          0          0          0        128   lcd_selectlcd.o
       132          0          0          0          0        396   lcd_set.o
        48         10          0          0          0        128   lcd_setcliprectex.o
        36          4          0          0          0        128   lcd_updatecolorindices.o
      2978        128          0         88         24       4092   wm.o
        18          0          0          0          0        124   wm__getfirstsibling.o
        36          0          0          0          0        128   wm__getprevsibling.o
        60          6          0          4          0        136   wm__sendmessage.o
       136          0          0          0          0        140   wm_bringtobottom.o
        16          6          0          0          0        116   wm_criticalhandle.o
        32          0          0          0          0        128   wm_getclientrect.o
        24         10          0          0          0        116   wm_getdesktopwindow.o
        26          0          0          0          0        124   wm_getfirstchild.o
        26          0          0          0          0        124   wm_getparent.o
        38          0          0          0          0        140   wm_sendtoparent.o
         0          0          0          0         72          0   wm_touch.o
        90          0          0          0          0          0   __dczerorl2.o
         8          0          0          0          0         68   __main.o
         0          0          0          0          0          0   __rtentry.o
        12          0          0          0          0          0   __rtentry2.o
         6          0          0          0          0          0   __rtentry4.o
        52          8          0          0          0          0   __scatter.o
        28          0          0          0          0          0   __scatter_zi.o
        28          0          0          0          0         68   _chval.o
       158          0          0          0          0         92   _strtoul.o
        26          0          0          0          0         80   atoi.o
        18          0          0          0          0         80   exit.o
         6          0          0          0          0        152   heapauxi.o
         0          0          0          0          0          0   indicate_semi.o
        44         10        272          0          0         76   lc_ctype_c.o
         2          0          0          0          0          0   libinit.o
        24          0          0          0          0          0   libinit2.o
         2          0          0          0          0          0   libshutdown.o
         2          0          0          0          0          0   libshutdown2.o
         8          4          0          0         96         68   libspace.o
        16          4          0          0          0         76   rt_ctype_table.o
         8          4          0          0          0         68   rt_errno_addr_intlibspace.o
         8          4          0          0          0         68   rt_locale_intlibspace.o
        68          0          0          0          0         68   rt_memclr.o
        78          0          0          0          0         80   rt_memclr_w.o
       138          0          0          0          0         68   rt_memcpy_v6.o
       100          0          0          0          0         80   rt_memcpy_w.o
       132          0          0          0          0         68   rt_memmove_v6.o
       122          0          0          0          0         80   rt_memmove_w.o
         2          0          0          0          0          0   rtexit.o
        10          0          0          0          0          0   rtexit2.o
       128          0          0          0          0         68   strcmpv7m.o
        62          0          0          0          0         76   strlen.o
       150          0          0          0          0         80   strncmp.o
        86          0          0          0          0         76   strncpy.o
       112          0          0          0          0         88   strtol.o
        12          4          0          0          0         68   sys_exit.o
        74          0          0          0          0         80   sys_stackheap_outer.o
         2          0          0          0          0         68   use_no_semi.o
        10          0          0          0          0        116   fpinit.o

    ----------------------------------------------------------------------
     18500        906       5496        248        600      28740   Library Totals
        48          0          0          0          0          0   (incl. Padding)

    ----------------------------------------------------------------------

      Code (inc. data)   RO Data    RW Data    ZI Data      Debug   Library Name

     16620        868       5224        248        504      26680   STemWin522_CM4_OS_Keil.lib
      1822         38        272          0         96       1944   c_w.l
        10          0          0          0          0        116   fz_wm.l

    ----------------------------------------------------------------------
     18500        906       5496        248        600      28740   Library Totals

    ----------------------------------------------------------------------

==============================================================================


      Code (inc. data)   RO Data    RW Data    ZI Data      Debug   

     81944       6288      10012        680      10472     789728   Grand Totals
     81944       6288      10012        180      10472     789728   ELF Image Totals (compressed)
     81944       6288      10012        180          0          0   ROM Totals

==============================================================================

    Total RO  Size (Code + RO Data)                91956 (  89.80kB)
    Total RW  Size (RW Data + ZI Data)             11152 (  10.89kB)
    Total ROM Size (Code + RO Data + RW Data)      92136 (  89.98kB)

==============================================================================

