<html>
<body>
<pre>
<h1>µVision Build Log</h1>
<h2>Tool Versions:</h2>
IDE-Version: ¦ÌVision V5.17.0.0
Copyright (C) 2015 ARM Ltd and ARM Germany GmbH. All rights reserved.
License Information: tom bule, tom-blue, LIC=1WSCX-HTF38-KTN3H-WQS97-GC9LN-4WJAD
 
Tool Versions:
Toolchain:       MDK-ARM Professional  Version: 5.17
Toolchain Path:  D:\Keil_v5\ARM\ARMCC\Bin
C Compiler:      Armcc.exe V5.06 update 1 (build 61)
Assembler:       Armasm.exe V5.06 update 1 (build 61)
Linker/Locator:  ArmLink.exe V5.06 update 1 (build 61)
Library Manager: ArmAr.exe V5.06 update 1 (build 61)
Hex Converter:   FromElf.exe V5.06 update 1 (build 61)
CPU DLL:         SARMCM3.DLL V5.17
Dialog DLL:      DCM.DLL V1.13.4.0
Target DLL:      Segger\JL2CM3.dll V2.99.16.0
Dialog DLL:      TCM.DLL V1.14.6.0
 
<h2>Project:</h2>
E:\apingrtt\rt-thread-stable-v2.1.x\bsp\stm32f407VGT6\project.uvprojx
Project File Date:  07/29/2016

<h2>Output:</h2>
*** Using Compiler 'V5.06 update 1 (build 61)', folder: 'D:\Keil_v5\ARM\ARMCC\Bin'
Build target 'rt-thread_stm32f4xx'
compiling main.c...
compiling stm32f4xx_it.c...
compiling board.c...
compiling clock.c...
compiling components.c...
compiling drv_usart.c...
compiling device.c...
compiling idle.c...
compiling drv_lcd_st7735.c...
compiling irq.c...
compiling ipc.c...
compiling kservice.c...
compiling mem.c...
compiling mempool.c...
compiling object.c...
compiling scheduler.c...
compiling thread.c...
compiling timer.c...
compiling backtrace.c...
compiling cpuport.c...
compiling showmem.c...
compiling completion.c...
compiling serial.c...
compiling pipe.c...
compiling dataqueue.c...
compiling portal.c...
compiling workqueue.c...
compiling ringbuffer.c...
compiling symbol.c...
compiling shell.c...
compiling cmd.c...
compiling finsh_error.c...
compiling finsh_compiler.c...
compiling finsh_heap.c...
compiling finsh_init.c...
compiling finsh_node.c...
compiling finsh_var.c...
compiling finsh_ops.c...
compiling finsh_parser.c...
compiling finsh_vm.c...
compiling finsh_token.c...
compiling GUIDRV_Template.c...
..\..\components\Stemwin\Config\GUIDRV_Template.c(185): warning:  #550-D: variable "xPhys" was set but never used
        int xPhys, yPhys;
..\..\components\Stemwin\Config\GUIDRV_Template.c(185): warning:  #550-D: variable "yPhys" was set but never used
        int xPhys, yPhys;
..\..\components\Stemwin\Config\GUIDRV_Template.c: 2 warnings, 0 errors
compiling GUI_init.c...
..\..\components\Stemwin\Config\GUI_init.c(73): warning:  #1-D: last line of file ends without a newline
  #endif
..\..\components\Stemwin\Config\GUI_init.c: 1 warning, 0 errors
compiling GUI_X.c...
linking...
Program Size: Code=106592 RO-data=20808 RW-data=1628 ZI-data=117132  
".\build\rtthread-stm32f4xx.axf" - 0 Error(s), 3 Warning(s).

<h2>Collection of Component include folders:</h2>
  E:\apingrtt\rt-thread-stable-v2.1.x\bsp\stm32f407VGT6\RTE
  D:\Keil_v5\ARM\PACK\Keil\STM32F4xx_DFP\2.7.0\Drivers\CMSIS\Device\ST\STM32F4xx\Include

<h2>Collection of Component Files used:</h2>
Build Time Elapsed:  00:00:14
</pre>
</body>
</html>
