Component: ARM Compiler 5.06 update 1 (build 61) Tool: armlink [4d35a8]

==============================================================================

Section Cross References

    board.o(.text) refers to stm32f4xx_hal_rcc.o(.text) for HAL_RCC_OscConfig
    board.o(.text) refers to irq.o(.text) for rt_interrupt_enter
    board.o(.text) refers to stm32f4xx_hal.o(.text) for HAL_IncTick
    board.o(.text) refers to clock.o(.text) for rt_tick_increase
    board.o(.text) refers to stm32f4xx_hal_cortex.o(.text) for HAL_SYSTICK_Config
    board.o(.text) refers to thread.o(.text) for rt_thread_delay
    board.o(.text) refers to drv_usart.o(.text) for hw_usart_init
    board.o(.text) refers to mem.o(.text) for rt_system_heap_init
    board.o(.text) refers to components.o(.text) for rt_components_board_init
    board.o(.text) refers to kservice.o(.text) for rt_console_set_device
    drv_usart.o(.text) refers to kservice.o(.text) for rt_assert_handler
    drv_usart.o(.text) refers to stm32f4xx_hal_uart.o(.text) for HAL_UART_Init
    drv_usart.o(.text) refers to irq.o(.text) for rt_interrupt_enter
    drv_usart.o(.text) refers to serial.o(.text) for rt_hw_serial_isr
    drv_usart.o(.text) refers to stm32f4xx_hal_gpio.o(.text) for HAL_GPIO_Init
    drv_usart.o(.text) refers to stm32f4xx_hal_cortex.o(.text) for HAL_NVIC_SetPriority
    drv_usart.o(.text) refers to drv_usart.o(.constdata) for __FUNCTION__
    drv_usart.o(.text) refers to drv_usart.o(.bss) for uart1
    drv_usart.o(.constdata) refers to drv_usart.o(.text) for drv_configure
    drv_usart.o(.rti_fn.1) refers to drv_usart.o(.text) for hw_usart_init
    tft_lcd.o(.text) refers to stm32f4xx_hal_gpio.o(.text) for HAL_GPIO_Init
    tft_lcd.o(.text) refers to stm32f4xx_hal_spi.o(.text) for HAL_SPI_Init
    tft_lcd.o(.text) refers to board.o(.text) for RT_HAL_Delay
    tft_lcd.o(.text) refers to tft_lcd.o(.bss) for hnucleo_Spi
    tft_lcd.o(.text) refers to tft_lcd.o(.data) for SpixTimeout
    drv_lcd_st7735.o(.text) refers to tft_lcd.o(.text) for LCD_IO_WriteReg
    drv_lcd_st7735.o(.text) refers to drv_lcd_st7735.o(.bss) for ArrayRGB
    drv_lcd_st7735.o(.data) refers to drv_lcd_st7735.o(.text) for st7735_Init
    system_stm32f4xx.o(.text) refers to system_stm32f4xx.o(.data) for SystemCoreClock
    system_stm32f4xx.o(.text) refers to system_stm32f4xx.o(.constdata) for AHBPrescTable
    startup_stm32f407xx.o(STACK) refers (Special) to heapauxi.o(.text) for __use_two_region_memory
    startup_stm32f407xx.o(HEAP) refers (Special) to heapauxi.o(.text) for __use_two_region_memory
    startup_stm32f407xx.o(RESET) refers (Special) to heapauxi.o(.text) for __use_two_region_memory
    startup_stm32f407xx.o(RESET) refers to startup_stm32f407xx.o(STACK) for __initial_sp
    startup_stm32f407xx.o(RESET) refers to startup_stm32f407xx.o(.text) for Reset_Handler
    startup_stm32f407xx.o(RESET) refers to stm32f4xx_it.o(.text) for NMI_Handler
    startup_stm32f407xx.o(RESET) refers to context_rvds.o(.text) for HardFault_Handler
    startup_stm32f407xx.o(RESET) refers to board.o(.text) for SysTick_Handler
    startup_stm32f407xx.o(RESET) refers to drv_usart.o(.text) for USART1_IRQHandler
    startup_stm32f407xx.o(.text) refers (Special) to heapauxi.o(.text) for __use_two_region_memory
    startup_stm32f407xx.o(.text) refers to system_stm32f4xx.o(.text) for SystemInit
    startup_stm32f407xx.o(.text) refers to __main.o(!!!main) for __main
    startup_stm32f407xx.o(.text) refers to startup_stm32f407xx.o(HEAP) for Heap_Mem
    startup_stm32f407xx.o(.text) refers to startup_stm32f407xx.o(STACK) for Stack_Mem
    stm32f4xx_hal.o(.text) refers to stm32f4xx_hal_rcc.o(.text) for HAL_RCC_GetHCLKFreq
    stm32f4xx_hal.o(.text) refers to stm32f4xx_hal_cortex.o(.text) for HAL_SYSTICK_Config
    stm32f4xx_hal.o(.text) refers to board.o(.text) for HAL_InitTick
    stm32f4xx_hal.o(.text) refers to stm32f4xx_hal_msp_template.o(.text) for HAL_MspInit
    stm32f4xx_hal.o(.text) refers to stm32f4xx_hal.o(.data) for uwTick
    stm32f4xx_hal_dma.o(.text) refers to stm32f4xx_hal.o(.text) for HAL_GetTick
    stm32f4xx_hal_dma.o(.text) refers to stm32f4xx_hal_dma.o(.constdata) for flagBitshiftOffset
    stm32f4xx_hal_flash.o(.text) refers to stm32f4xx_hal.o(.text) for HAL_GetTick
    stm32f4xx_hal_flash.o(.text) refers to stm32f4xx_hal_flash_ex.o(.text) for FLASH_Erase_Sector
    stm32f4xx_hal_flash.o(.text) refers to stm32f4xx_hal_flash.o(.bss) for pFlash
    stm32f4xx_hal_flash_ex.o(.text) refers to stm32f4xx_hal_flash.o(.text) for FLASH_WaitForLastOperation
    stm32f4xx_hal_flash_ex.o(.text) refers to stm32f4xx_hal_flash.o(.bss) for pFlash
    stm32f4xx_hal_pwr_ex.o(.text) refers to stm32f4xx_hal.o(.text) for HAL_GetTick
    stm32f4xx_hal_rcc.o(.text) refers to stm32f4xx_hal.o(.text) for HAL_GetTick
    stm32f4xx_hal_rcc.o(.text) refers to board.o(.text) for HAL_InitTick
    stm32f4xx_hal_rcc.o(.text) refers to stm32f4xx_hal_gpio.o(.text) for HAL_GPIO_Init
[...]
    0x0800ff70   0x00000070   Code   RO         4052    .text               c_w.l(strtol.o)
    0x0800ffe0   0x0000007a   Code   RO         4054    .text               c_w.l(rt_memmove_w.o)
    0x0801005a   0x00000002   PAD
    0x0801005c   0x00000008   Code   RO         4056    .text               c_w.l(libspace.o)
    0x08010064   0x00000010   Code   RO         4074    .text               c_w.l(rt_ctype_table.o)
    0x08010074   0x0000009e   Code   RO         4076    .text               c_w.l(_strtoul.o)
    0x08010112   0x0000004a   Code   RO         4078    .text               c_w.l(sys_stackheap_outer.o)
    0x0801015c   0x00000008   Code   RO         4083    .text               c_w.l(rt_locale_intlibspace.o)
    0x08010164   0x0000001c   Code   RO         4085    .text               c_w.l(_chval.o)
    0x08010180   0x00000012   Code   RO         4090    .text               c_w.l(exit.o)
    0x08010192   0x00000002   PAD
    0x08010194   0x0000000c   Code   RO         4156    .text               c_w.l(sys_exit.o)
    0x080101a0   0x00000002   Code   RO         4167    .text               c_w.l(use_no_semi.o)
    0x080101a2   0x00000000   Code   RO         4169    .text               c_w.l(indicate_semi.o)
    0x080101a2   0x00000002   PAD
    0x080101a4   0x0000009c   Code   RO         3114    i.GL_DrawBitmap     STemWin522_CM4_OS_Keil.lib(gui_drawbitmap.o)
    0x08010240   0x00000040   Code   RO         3536    i.GL_SetDefault     STemWin522_CM4_OS_Keil.lib(gui_setdefault.o)
    0x08010280   0x00000134   Code   RO         3092    i.GUIMONO_DispChar  STemWin522_CM4_OS_Keil.lib(gui_charm.o)
    0x080103b4   0x00000018   Code   RO         3093    i.GUIMONO_GetCharDistX  STemWin522_CM4_OS_Keil.lib(gui_charm.o)
    0x080103cc   0x00000006   Code   RO         3094    i.GUIMONO_GetFontInfo  STemWin522_CM4_OS_Keil.lib(gui_charm.o)
    0x080103d2   0x00000038   Code   RO         3095    i.GUIMONO_IsInFont  STemWin522_CM4_OS_Keil.lib(gui_charm.o)
    0x0801040a   0x00000002   PAD
    0x0801040c   0x000000c8   Code   RO         3100    i.GUIPROP_DispChar  STemWin522_CM4_OS_Keil.lib(gui_charp.o)
    0x080104d4   0x00000044   Code   RO         3101    i.GUIPROP_GetCharDistX  STemWin522_CM4_OS_Keil.lib(gui_charp.o)
    0x08010518   0x00000006   Code   RO         3102    i.GUIPROP_GetFontInfo  STemWin522_CM4_OS_Keil.lib(gui_charp.o)
    0x0801051e   0x00000010   Code   RO         3103    i.GUIPROP_IsInFont  STemWin522_CM4_OS_Keil.lib(gui_charp.o)
    0x0801052e   0x00000016   Code   RO         3104    i.GUIPROP__FindChar  STemWin522_CM4_OS_Keil.lib(gui_charp.o)
    0x08010544   0x00000048   Code   RO         3248    i.GUITASK_CopyContext  STemWin522_CM4_OS_Keil.lib(gui_task.o)
    0x0801058c   0x0000003c   Code   RO         3250    i.GUITASK_Init      STemWin522_CM4_OS_Keil.lib(gui_task.o)
    0x080105c8   0x0000001e   Code   RO         2606    i.GUI_ALLOC_AllocNoInit  STemWin522_CM4_OS_Keil.lib(gui_alloc.o)
    0x080105e6   0x0000002e   Code   RO         3493    i.GUI_ALLOC_AllocZero  STemWin522_CM4_OS_Keil.lib(gui_alloc_alloczero.o)
    0x08010614   0x00000010   Code   RO         2607    i.GUI_ALLOC_AssignMemory  STemWin522_CM4_OS_Keil.lib(gui_alloc.o)
    0x08010624   0x0000003c   Code   RO         2608    i.GUI_ALLOC_Free    STemWin522_CM4_OS_Keil.lib(gui_alloc.o)
    0x08010660   0x00000018   Code   RO         2609    i.GUI_ALLOC_FreeFixedBlock  STemWin522_CM4_OS_Keil.lib(gui_alloc.o)
    0x08010678   0x000000a8   Code   RO         2612    i.GUI_ALLOC_GetFixedBlock  STemWin522_CM4_OS_Keil.lib(gui_alloc.o)
    0x08010720   0x00000040   Code   RO         2613    i.GUI_ALLOC_GetMaxSize  STemWin522_CM4_OS_Keil.lib(gui_alloc.o)
    0x08010760   0x00000010   Code   RO         2619    i.GUI_ALLOC_Lock    STemWin522_CM4_OS_Keil.lib(gui_alloc.o)
    0x08010770   0x0000001c   Code   RO         2620    i.GUI_ALLOC_LockH   STemWin522_CM4_OS_Keil.lib(gui_alloc.o)
    0x0801078c   0x00000034   Code   RO         2621    i.GUI_ALLOC_RequestSize  STemWin522_CM4_OS_Keil.lib(gui_alloc.o)
    0x080107c0   0x0000001c   Code   RO         2622    i.GUI_ALLOC_SetAvBlockSize  STemWin522_CM4_OS_Keil.lib(gui_alloc.o)
    0x080107dc   0x00000010   Code   RO         2624    i.GUI_ALLOC_Unlock  STemWin522_CM4_OS_Keil.lib(gui_alloc.o)
    0x080107ec   0x00000030   Code   RO         2625    i.GUI_ALLOC_UnlockH  STemWin522_CM4_OS_Keil.lib(gui_alloc.o)
    0x0801081c   0x00000018   Code   RO         2626    i.GUI_ALLOC_h2p     STemWin522_CM4_OS_Keil.lib(gui_alloc.o)
    0x08010834   0x000000d0   Code   RO         2710    i.GUI_CURSOR_SelectEx  STemWin522_CM4_OS_Keil.lib(gui_curs1.o)
    0x08010904   0x00000010   Code   RO         2715    i.GUI_CURSOR_Show   STemWin522_CM4_OS_Keil.lib(gui_curs1.o)
    0x08010914   0x0000003c   Code   RO         2716    i.GUI_CURSOR_ShowEx  STemWin522_CM4_OS_Keil.lib(gui_curs1.o)
    0x08010950   0x00000044   Code   RO         3696    i.GUI_CalcColorDist  STemWin522_CM4_OS_Keil.lib(gui_calccolordist.o)
    0x08010994   0x0000001c   Code   RO         2676    i.GUI_Clear         STemWin522_CM4_OS_Keil.lib(gui_core.o)
    0x080109b0   0x00000068   Code   RO         2677    i.GUI_ClearRect     STemWin522_CM4_OS_Keil.lib(gui_core.o)
    0x08010a18   0x00000050   Code   RO         2739    i.GUI_DEVICE_Create  STemWin522_CM4_OS_Keil.lib(gui_device.o)
    0x08010a68   0x00000028   Code   RO         2740    i.GUI_DEVICE_CreateAndLink  STemWin522_CM4_OS_Keil.lib(gui_device.o)
    0x08010a90   0x00000004   Code   RO         2741    i.GUI_DEVICE_Delete  STemWin522_CM4_OS_Keil.lib(gui_device.o)
    0x08010a94   0x00000080   Code   RO         2742    i.GUI_DEVICE_Link   STemWin522_CM4_OS_Keil.lib(gui_device.o)
    0x08010b14   0x00000012   Code   RO         2743    i.GUI_DEVICE_LinkDevices  STemWin522_CM4_OS_Keil.lib(gui_device.o)
    0x08010b26   0x00000004   Code   RO         2744    i.GUI_DEVICE_Unlink  STemWin522_CM4_OS_Keil.lib(gui_device.o)
    0x08010b2a   0x00000002   PAD
    0x08010b2c   0x00000044   Code   RO         2745    i.GUI_DEVICE_UnlinkTaskDevices  STemWin522_CM4_OS_Keil.lib(gui_device.o)
    0x08010b70   0x00000024   Code   RO         2747    i.GUI_DEVICE__GetpDriver  STemWin522_CM4_OS_Keil.lib(gui_device.o)
    0x08010b94   0x00000068   Code   RO         2780    i.GUI_Delay         STemWin522_CM4_OS_Keil.lib(gui_time.o)
    0x08010bfc   0x00000108   Code   RO         3498    i.GUI_DispString    STemWin522_CM4_OS_Keil.lib(gui_dispstring.o)
    0x08010d04   0x00000028   Code   RO         3112    i.GUI_DispStringAt  STemWin522_CM4_OS_Keil.lib(gui_dispstringat.o)
    0x08010d2c   0x00000034   Code   RO         2760    i.GUI_DispStringHCenterAt  STemWin522_CM4_OS_Keil.lib(gui_dispstringhcenter.o)
    0x08010d60   0x00000008   Code   RO         2762    i.GUI_DispStringInRect  STemWin522_CM4_OS_Keil.lib(gui_dispstringinrect.o)
    0x08010d68   0x0000004c   Code   RO         2763    i.GUI_DispStringInRectMax  STemWin522_CM4_OS_Keil.lib(gui_dispstringinrect.o)
    0x08010db4   0x00000058   Code   RO         3115    i.GUI_DrawBitmap    STemWin522_CM4_OS_Keil.lib(gui_drawbitmap.o)
    0x08010e0c   0x00000078   Code   RO         2768    i.GUI_DrawGradientH  STemWin522_CM4_OS_Keil.lib(gui_drawgradient.o)
    0x08010e84   0x00000014   Code   RO         3118    i.GUI_Exec          STemWin522_CM4_OS_Keil.lib(gui_exec.o)
    0x08010e98   0x00000020   Code   RO         3119    i.GUI_Exec1         STemWin522_CM4_OS_Keil.lib(gui_exec.o)
    0x08010eb8   0x00000016   Code   RO         3500    i.GUI_GetBitmapPixelIndex  STemWin522_CM4_OS_Keil.lib(gui_getbitmappixelindex.o)
    0x08010ece   0x0000008a   Code   RO         3501    i.GUI_GetBitmapPixelIndexEx  STemWin522_CM4_OS_Keil.lib(gui_getbitmappixelindex.o)
    0x08010f58   0x00000014   Code   RO         2784    i.GUI_GetBitsPerPixelEx  STemWin522_CM4_OS_Keil.lib(lcd_getex.o)
    0x08010f6c   0x00000018   Code   RO         3124    i.GUI_GetBkColor    STemWin522_CM4_OS_Keil.lib(gui_getcolor.o)
    0x08010f84   0x00000024   Code   RO         3069    i.GUI_GetCharDistX  STemWin522_CM4_OS_Keil.lib(gui_char.o)
    0x08010fa8   0x00000028   Code   RO         3070    i.GUI_GetCharDistXEx  STemWin522_CM4_OS_Keil.lib(gui_char.o)
    0x08010fd0   0x0000000a   Code   RO         3122    i.GUI_GetClientRect  STemWin522_CM4_OS_Keil.lib(gui_getclientrect.o)
    0x08010fda   0x00000018   Code   RO         3126    i.GUI_GetColor      STemWin522_CM4_OS_Keil.lib(gui_getcolor.o)
    0x08010ff2   0x00000002   PAD
    0x08010ff4   0x00000014   Code   RO         3143    i.GUI_GetCursorLayer  STemWin522_CM4_OS_Keil.lib(gui_selectlayer.o)
    0x08011008   0x0000001c   Code   RO         3071    i.GUI_GetFontDistY  STemWin522_CM4_OS_Keil.lib(gui_char.o)
    0x08011024   0x0000001a   Code   RO         3698    i.GUI_GetOrg        STemWin522_CM4_OS_Keil.lib(gui_getorg.o)
    0x0801103e   0x00000002   PAD
    0x08011040   0x0000003c   Code   RO         3072    i.GUI_GetYAdjust    STemWin522_CM4_OS_Keil.lib(gui_char.o)
    0x0801107c   0x00000010   Code   RO         2785    i.GUI_GetpfColor2IndexEx  STemWin522_CM4_OS_Keil.lib(lcd_getex.o)
    0x0801108c   0x00000010   Code   RO         2786    i.GUI_GetpfIndex2ColorEx  STemWin522_CM4_OS_Keil.lib(lcd_getex.o)
    0x0801109c   0x00000022   Code   RO         3133    i.GUI_GotoXY        STemWin522_CM4_OS_Keil.lib(gui_goto.o)
    0x080110be   0x00000002   PAD
    0x080110c0   0x0000006c   Code   RO         2679    i.GUI_Init          STemWin522_CM4_OS_Keil.lib(gui_core.o)
    0x0801112c   0x00000088   Code   RO         3252    i.GUI_Lock          STemWin522_CM4_OS_Keil.lib(gui_task.o)
    0x080111b4   0x00000044   Code   RO         3885    i.GUI_MEMDEV_Clear  STemWin522_CM4_OS_Keil.lib(guidev_clear.o)
    0x080111f8   0x0000000c   Code   RO         3574    i.GUI_MEMDEV_CopyToLCD  STemWin522_CM4_OS_Keil.lib(guidev.o)
    0x08011204   0x000000a8   Code   RO         3575    i.GUI_MEMDEV_CopyToLCDAt  STemWin522_CM4_OS_Keil.lib(guidev.o)
    0x080112ac   0x00000080   Code   RO         3577    i.GUI_MEMDEV_CreateEx  STemWin522_CM4_OS_Keil.lib(guidev.o)
    0x0801132c   0x00000048   Code   RO         3578    i.GUI_MEMDEV_Delete  STemWin522_CM4_OS_Keil.lib(guidev.o)
    0x08011374   0x00000124   Code   RO         3594    i.GUI_MEMDEV_Draw   STemWin522_CM4_OS_Keil.lib(guidev_banding.o)
    0x08011498   0x00000032   Code   RO         3579    i.GUI_MEMDEV_GetBitsPerPixel  STemWin522_CM4_OS_Keil.lib(guidev.o)
    0x080114ca   0x00000022   Code   RO         3601    i.GUI_MEMDEV_GetDataPtr  STemWin522_CM4_OS_Keil.lib(guidev_getdataptr.o)
    0x080114ec   0x00000034   Code   RO         3895    i.GUI_MEMDEV_GetYSize  STemWin522_CM4_OS_Keil.lib(guidev_getysize.o)
    0x08011520   0x00000014   Code   RO         3607    i.GUI_MEMDEV_Paint1Static  STemWin522_CM4_OS_Keil.lib(guidev_staticdevices.o)
    0x08011534   0x00000038   Code   RO         3897    i.GUI_MEMDEV_ReduceYSize  STemWin522_CM4_OS_Keil.lib(guidev_reduceysize.o)
    0x0801156c   0x0000005c   Code   RO         3581    i.GUI_MEMDEV_Select  STemWin522_CM4_OS_Keil.lib(guidev.o)
    0x080115c8   0x00000064   Code   RO         3899    i.GUI_MEMDEV_SetOrg  STemWin522_CM4_OS_Keil.lib(guidev_setorg.o)
    0x0801162c   0x0000000c   Code   RO         3914    i.GUI_MEMDEV_Write  STemWin522_CM4_OS_Keil.lib(guidev_write.o)
    0x08011638   0x00000068   Code   RO         3915    i.GUI_MEMDEV_WriteAt  STemWin522_CM4_OS_Keil.lib(guidev_write.o)
    0x080116a0   0x000000ec   Code   RO         3582    i.GUI_MEMDEV__CreateFixed  STemWin522_CM4_OS_Keil.lib(guidev.o)
    0x0801178c   0x00000118   Code   RO         3992    i.GUI_MEMDEV__WriteToActiveAlpha  STemWin522_CM4_OS_Keil.lib(guidev_writetoactivealpha.o)
    0x080118a4   0x00000030   Code   RO         3583    i.GUI_MEMDEV__WriteToActiveAt  STemWin522_CM4_OS_Keil.lib(guidev.o)
    0x080118d4   0x0000003c   Code   RO         3356    i.GUI_MEMDEV__WriteToActiveOpaque  STemWin522_CM4_OS_Keil.lib(guidev_writetoactiveopaque.o)
    0x08011910   0x00000058   Code   RO         3504    i.GUI_MergeRect     STemWin522_CM4_OS_Keil.lib(gui_mergerect.o)
    0x08011968   0x0000001e   Code   RO         3506    i.GUI_MoveRect      STemWin522_CM4_OS_Keil.lib(gui_moverect.o)
    0x08011986   0x00000002   PAD
    0x08011988   0x00000034   Code   RO         3511    i.GUI_PollKeyMsg    STemWin522_CM4_OS_Keil.lib(gui_onkey.o)
    0x080119bc   0x00000060   Code   RO         3983    i.GUI_ReadRectEx    STemWin522_CM4_OS_Keil.lib(lcd_readrect.o)
    0x08011a1c   0x00000038   Code   RO         3528    i.GUI_RectsIntersect  STemWin522_CM4_OS_Keil.lib(gui_rectsintersect.o)
    0x08011a54   0x00000010   Code   RO         3530    i.GUI_RestoreContext  STemWin522_CM4_OS_Keil.lib(gui_savecontext.o)
    0x08011a64   0x0000004a   Code   RO         3167    i.GUI_SPRITE_Delete  STemWin522_CM4_OS_Keil.lib(gui_sprite.o)
    0x08011aae   0x00000046   Code   RO         3173    i.GUI_SPRITE_Show   STemWin522_CM4_OS_Keil.lib(gui_sprite.o)
    0x08011af4   0x000000b4   Code   RO         3174    i.GUI_SPRITE__CreateEx  STemWin522_CM4_OS_Keil.lib(gui_sprite.o)
    0x08011ba8   0x00000010   Code   RO         3531    i.GUI_SaveContext_W  STemWin522_CM4_OS_Keil.lib(gui_savecontext.o)
    0x08011bb8   0x0000001a   Code   RO         3534    i.GUI_SelectLCD     STemWin522_CM4_OS_Keil.lib(gui_selectlcd.o)
    0x08011bd2   0x00000002   PAD
    0x08011bd4   0x00000030   Code   RO         3145    i.GUI_SelectLayer   STemWin522_CM4_OS_Keil.lib(gui_selectlayer.o)
    0x08011c04   0x00000016   Code   RO         2774    i.GUI_SetBkColor    STemWin522_CM4_OS_Keil.lib(gui_setcolor.o)
    0x08011c1a   0x00000016   Code   RO         2775    i.GUI_SetColor      STemWin522_CM4_OS_Keil.lib(gui_setcolor.o)
    0x08011c30   0x00000018   Code   RO         3540    i.GUI_SetDrawMode   STemWin522_CM4_OS_Keil.lib(gui_setdrawmode.o)
    0x08011c48   0x00000020   Code   RO         2778    i.GUI_SetFont       STemWin522_CM4_OS_Keil.lib(gui_setfont.o)
    0x08011c68   0x00000020   Code   RO         3148    i.GUI_SetLayerSizeEx  STemWin522_CM4_OS_Keil.lib(gui_selectlayer.o)
    0x08011c88   0x0000001c   Code   RO         3149    i.GUI_SetLayerVisEx  STemWin522_CM4_OS_Keil.lib(gui_selectlayer.o)
    0x08011ca4   0x0000001c   Code   RO         3796    i.GUI_SetLineStyle  STemWin522_CM4_OS_Keil.lib(gui_setlinestyle.o)
    0x08011cc0   0x00000040   Code   RO         3159    i.GUI_SetOrg        STemWin522_CM4_OS_Keil.lib(gui_setorg.o)
    0x08011d00   0x0000001c   Code   RO         3705    i.GUI_SetPenSize    STemWin522_CM4_OS_Keil.lib(gui_pen.o)
    0x08011d1c   0x00000020   Code   RO         3161    i.GUI_SetTextAlign  STemWin522_CM4_OS_Keil.lib(gui_settextalign.o)
    0x08011d3c   0x00000020   Code   RO         3798    i.GUI_SetTextMode   STemWin522_CM4_OS_Keil.lib(gui_settextmode.o)
    0x08011d5c   0x00000010   Code   RO         3545    i.GUI_SignalEvent   STemWin522_CM4_OS_Keil.lib(gui_waitevent.o)
    0x08011d6c   0x00000010   Code   RO         3513    i.GUI_StoreKey      STemWin522_CM4_OS_Keil.lib(gui_onkey.o)
    0x08011d7c   0x00000026   Code   RO         3801    i.GUI_TIMER_Delete  STemWin522_CM4_OS_Keil.lib(gui_timer.o)
    0x08011da2   0x00000032   Code   RO         3803    i.GUI_TIMER_GetFlag  STemWin522_CM4_OS_Keil.lib(gui_timer.o)
    0x08011dd4   0x00000028   Code   RO         3809    i.GUI_TIMER__GetFirstTimer  STemWin522_CM4_OS_Keil.lib(gui_timer.o)
    0x08011dfc   0x00000036   Code   RO         3811    i.GUI_TIMER__GetNextTimerLin  STemWin522_CM4_OS_Keil.lib(gui_timer.o)
    0x08011e32   0x00000002   PAD
    0x08011e34   0x0000002c   Code   RO         3267    i.GUI_UC__GetCharCodeInc  STemWin522_CM4_OS_Keil.lib(gui_uc.o)
    0x08011e60   0x00000028   Code   RO         3269    i.GUI_UC__NumChars2NumBytes  STemWin522_CM4_OS_Keil.lib(gui_uc.o)
    0x08011e88   0x00000028   Code   RO         3350    i.GUI_USAGE_AddRect  STemWin522_CM4_OS_Keil.lib(guidev_usage.o)
    0x08011eb0   0x00000074   Code   RO         3901    i.GUI_USAGE_BM_AddHLine  STemWin522_CM4_OS_Keil.lib(guidev_usagebm.o)
    0x08011f24   0x0000002c   Code   RO         3902    i.GUI_USAGE_BM_AddPixel  STemWin522_CM4_OS_Keil.lib(guidev_usagebm.o)
    0x08011f50   0x0000000e   Code   RO         3903    i.GUI_USAGE_BM_Clear  STemWin522_CM4_OS_Keil.lib(guidev_usagebm.o)
    0x08011f5e   0x00000002   PAD
    0x08011f60   0x0000005c   Code   RO         3904    i.GUI_USAGE_BM_Create  STemWin522_CM4_OS_Keil.lib(guidev_usagebm.o)
    0x08011fbc   0x000000be   Code   RO         3905    i.GUI_USAGE_BM_GetNextDirty  STemWin522_CM4_OS_Keil.lib(guidev_usagebm.o)
    0x0801207a   0x0000002c   Code   RO         3351    i.GUI_USAGE_DecUseCnt  STemWin522_CM4_OS_Keil.lib(guidev_usage.o)
    0x080120a6   0x00000002   PAD
    0x080120a8   0x00000014   Code   RO         3253    i.GUI_Unlock        STemWin522_CM4_OS_Keil.lib(gui_task.o)
    0x080120bc   0x00000016   Code   RO         3678    i.GUI__AllocAlphaBuffer  STemWin522_CM4_OS_Keil.lib(gui__alpha.o)
    0x080120d2   0x00000002   PAD
    0x080120d4   0x00000024   Code   RO         3729    i.GUI__AlphaSuppressMixing  STemWin522_CM4_OS_Keil.lib(gui_setalpha.o)
    0x080120f8   0x00000128   Code   RO         3482    i.GUI__CompactPixelIndices  STemWin522_CM4_OS_Keil.lib(gui__compactpixelindices.o)
    0x08012220   0x00000174   Code   RO         3483    i.GUI__CompactPixelIndicesEx  STemWin522_CM4_OS_Keil.lib(gui__compactpixelindices.o)
    0x08012394   0x00000034   Code   RO         2682    i.GUI__Config       STemWin522_CM4_OS_Keil.lib(gui_core.o)
    0x080123c8   0x000000b0   Code   RO         3079    i.GUI__DispLine     STemWin522_CM4_OS_Keil.lib(gui_charline.o)
    0x08012478   0x00000144   Code   RO         2764    i.GUI__DispStringInRect  STemWin522_CM4_OS_Keil.lib(gui_dispstringinrect.o)
    0x080125bc   0x000001bc   Code   RO         3679    i.GUI__DoAlphaBlending  STemWin522_CM4_OS_Keil.lib(gui__alpha.o)
    0x08012778   0x00000140   Code   RO         3964    i.GUI__ExpandPixelIndicesEx  STemWin522_CM4_OS_Keil.lib(gui__expandpixelindices.o)
    0x080128b8   0x00000090   Code   RO         3680    i.GUI__GetAlphaBuffer  STemWin522_CM4_OS_Keil.lib(gui__alpha.o)
    0x08012948   0x00000054   Code   RO         3080    i.GUI__GetLineDistX  STemWin522_CM4_OS_Keil.lib(gui_charline.o)
    0x0801299c   0x00000038   Code   RO         3081    i.GUI__GetLineNumChars  STemWin522_CM4_OS_Keil.lib(gui_charline.o)
    0x080129d4   0x0000001c   Code   RO         3699    i.GUI__GetOrg       STemWin522_CM4_OS_Keil.lib(gui_getorg.o)
    0x080129f0   0x00000018   Code   RO         3082    i.GUI__GetOverlap   STemWin522_CM4_OS_Keil.lib(gui_charline.o)
    0x08012a08   0x00000018   Code   RO         3059    i.GUI__HandleEOLine  STemWin522_CM4_OS_Keil.lib(gui__handleeoline.o)
    0x08012a20   0x0000003a   Code   RO         3486    i.GUI__IntersectRect  STemWin522_CM4_OS_Keil.lib(gui__intersectrect.o)
    0x08012a5a   0x00000052   Code   RO         3061    i.GUI__IntersectRects  STemWin522_CM4_OS_Keil.lib(gui__intersectrects.o)
    0x08012aac   0x00000010   Code   RO         3488    i.GUI__ManageCache  STemWin522_CM4_OS_Keil.lib(gui__managecache.o)
    0x08012abc   0x000000ac   Code   RO         3489    i.GUI__ManageCacheEx  STemWin522_CM4_OS_Keil.lib(gui__managecache.o)
    0x08012b68   0x00000066   Code   RO         3681    i.GUI__MixColors    STemWin522_CM4_OS_Keil.lib(gui__alpha.o)
    0x08012bce   0x0000004e   Code   RO         3682    i.GUI__MixColorsBulk  STemWin522_CM4_OS_Keil.lib(gui__alpha.o)
    0x08012c1c   0x00000010   Code   RO         2683    i.GUI__RegisterExit  STemWin522_CM4_OS_Keil.lib(gui_core.o)
    0x08012c2c   0x0000004c   Code   RO         3063    i.GUI__memset       STemWin522_CM4_OS_Keil.lib(gui__memset.o)
    0x08012c78   0x0000003a   Code   RO         3065    i.GUI__memset16     STemWin522_CM4_OS_Keil.lib(gui__memset16.o)
    0x08012cb2   0x00000002   PAD
    0x08012cb4   0x00000010   Code   RO         3972    i.LCD_AA_SetAndMask  STemWin522_CM4_OS_Keil.lib(lcd_aa.o)
    0x08012cc4   0x0000001c   Code   RO         3290    i.LCD_Color2Index   STemWin522_CM4_OS_Keil.lib(lcd.o)
    0x08012ce0   0x00000208   Code   RO         3291    i.LCD_DrawBitmap    STemWin522_CM4_OS_Keil.lib(lcd.o)
    0x08012ee8   0x00000058   Code   RO         3292    i.LCD_DrawHLine     STemWin522_CM4_OS_Keil.lib(lcd.o)
    0x08012f40   0x00000068   Code   RO         3293    i.LCD_DrawPixel     STemWin522_CM4_OS_Keil.lib(lcd.o)
    0x08012fa8   0x00000054   Code   RO         3294    i.LCD_DrawVLine     STemWin522_CM4_OS_Keil.lib(lcd.o)
    0x08012ffc   0x00000058   Code   RO         3295    i.LCD_FillRect      STemWin522_CM4_OS_Keil.lib(lcd.o)
    0x08013054   0x00000006   Code   RO         2788    i.LCD_GetBitsPerPixelEx  STemWin522_CM4_OS_Keil.lib(lcd_getex.o)
    0x0801305a   0x00000002   PAD
    0x0801305c   0x00000010   Code   RO         3566    i.LCD_GetBkColorIndex  STemWin522_CM4_OS_Keil.lib(lcd_getcolorindex.o)
    0x0801306c   0x00000010   Code   RO         3567    i.LCD_GetColorIndex  STemWin522_CM4_OS_Keil.lib(lcd_getcolorindex.o)
    0x0801307c   0x00000010   Code   RO         2795    i.LCD_GetNumColors  STemWin522_CM4_OS_Keil.lib(lcd_getex.o)
    0x0801308c   0x00000006   Code   RO         2796    i.LCD_GetNumColorsEx  STemWin522_CM4_OS_Keil.lib(lcd_getex.o)
    0x08013092   0x0000001a   Code   RO         3570    i.LCD_GetNumLayers  STemWin522_CM4_OS_Keil.lib(lcd_getnumdisplays.o)
    0x080130ac   0x00000010   Code   RO         2797    i.LCD_GetPalette    STemWin522_CM4_OS_Keil.lib(lcd_getex.o)
    0x080130bc   0x00000018   Code   RO         2798    i.LCD_GetPaletteEx  STemWin522_CM4_OS_Keil.lib(lcd_getex.o)
    0x080130d4   0x00000006   Code   RO         2802    i.LCD_GetVXSizeEx   STemWin522_CM4_OS_Keil.lib(lcd_getex.o)
    0x080130da   0x00000006   Code   RO         2803    i.LCD_GetVXSizeMax  STemWin522_CM4_OS_Keil.lib(lcd_getex.o)
    0x080130e0   0x00000006   Code   RO         2805    i.LCD_GetVYSizeEx   STemWin522_CM4_OS_Keil.lib(lcd_getex.o)
    0x080130e6   0x00000002   PAD
    0x080130e8   0x00000010   Code   RO         2809    i.LCD_GetXSize      STemWin522_CM4_OS_Keil.lib(lcd_getex.o)
    0x080130f8   0x00000010   Code   RO         2814    i.LCD_GetYSize      STemWin522_CM4_OS_Keil.lib(lcd_getex.o)
    0x08013108   0x00000004   Code   RO         3329    i.LCD_GetpPalConvTableBM  STemWin522_CM4_OS_Keil.lib(lcd_color.o)
    0x0801310c   0x00000048   Code   RO         3330    i.LCD_GetpPalConvTableUncached  STemWin522_CM4_OS_Keil.lib(lcd_color.o)
    0x08013154   0x0000001c   Code   RO         3296    i.LCD_Index2Color   STemWin522_CM4_OS_Keil.lib(lcd.o)
    0x08013170   0x00000002   Code   RO         3969    i.LCD_Index2Color_888  STemWin522_CM4_OS_Keil.lib(guicc_888_index2color.o)
    0x08013172   0x00000002   Code   RO         3967    i.LCD_Index2Color_8888  STemWin522_CM4_OS_Keil.lib(guicc_8888_index2color.o)
    0x08013174   0x0000002c   Code   RO         3288    i.LCD_Index2Color_M565  STemWin522_CM4_OS_Keil.lib(guicc_m565_index2color.o)
    0x080131a0   0x00000034   Code   RO         3331    i.LCD_InitColors    STemWin522_CM4_OS_Keil.lib(lcd_color.o)
    0x080131d4   0x00000070   Code   RO         3332    i.LCD_InitLUT       STemWin522_CM4_OS_Keil.lib(lcd_color.o)
    0x08013244   0x00000198   Code   RO         3985    i.LCD_ReadRectEx    STemWin522_CM4_OS_Keil.lib(lcd_readrect.o)
    0x080133dc   0x00000044   Code   RO         3846    i.LCD_SelectLCD     STemWin522_CM4_OS_Keil.lib(lcd_selectlcd.o)
    0x08013420   0x0000000c   Code   RO         3297    i.LCD_SetBkColor    STemWin522_CM4_OS_Keil.lib(lcd.o)
    0x0801342c   0x00000018   Code   RO         3298    i.LCD_SetBkColorIndex  STemWin522_CM4_OS_Keil.lib(lcd.o)
    0x08013444   0x00000030   Code   RO         3572    i.LCD_SetClipRectEx  STemWin522_CM4_OS_Keil.lib(lcd_setcliprectex.o)
    0x08013474   0x0000001c   Code   RO         3299    i.LCD_SetClipRectMax  STemWin522_CM4_OS_Keil.lib(lcd.o)
    0x08013490   0x0000000c   Code   RO         3300    i.LCD_SetColor      STemWin522_CM4_OS_Keil.lib(lcd.o)
    0x0801349c   0x00000018   Code   RO         3301    i.LCD_SetColorIndex  STemWin522_CM4_OS_Keil.lib(lcd.o)
    0x080134b4   0x0000000c   Code   RO         3302    i.LCD_SetDrawMode   STemWin522_CM4_OS_Keil.lib(lcd.o)
    0x080134c0   0x0000002c   Code   RO         2876    i.LCD_SetLUTEntryEx  STemWin522_CM4_OS_Keil.lib(lcd_set.o)
    0x080134ec   0x0000002c   Code   RO         2880    i.LCD_SetSizeEx     STemWin522_CM4_OS_Keil.lib(lcd_set.o)
    0x08013518   0x0000002c   Code   RO         2884    i.LCD_SetVSizeEx    STemWin522_CM4_OS_Keil.lib(lcd_set.o)
    0x08013544   0x00000028   Code   RO         2886    i.LCD_SetVisEx      STemWin522_CM4_OS_Keil.lib(lcd_set.o)
    0x0801356c   0x00000024   Code   RO         3848    i.LCD_UpdateColorIndices  STemWin522_CM4_OS_Keil.lib(lcd_updatecolorindices.o)
    0x08013590   0x000001b4   Code   RO         3303    i.LCD__DrawBitmap_1bpp  STemWin522_CM4_OS_Keil.lib(lcd.o)
    0x08013744   0x0000005c   Code   RO         2819    i.LCD__GetBPP       STemWin522_CM4_OS_Keil.lib(lcd_getex.o)
    0x080137a0   0x00000032   Code   RO         2820    i.LCD__GetBPPDevice  STemWin522_CM4_OS_Keil.lib(lcd_getex.o)
    0x080137d2   0x00000002   PAD
    0x080137d4   0x00000010   Code   RO         3365    i.WM_Activate       STemWin522_CM4_OS_Keil.lib(wm.o)
    0x080137e4   0x00000088   Code   RO         3627    i.WM_BringToBottom  STemWin522_CM4_OS_Keil.lib(wm_bringtobottom.o)
    0x0801386c   0x00000154   Code   RO         3367    i.WM_CreateWindowAsChild  STemWin522_CM4_OS_Keil.lib(wm.o)
    0x080139c0   0x00000020   Code   RO         3368    i.WM_Deactivate     STemWin522_CM4_OS_Keil.lib(wm.o)
    0x080139e0   0x00000046   Code   RO         3369    i.WM_DefaultProc    STemWin522_CM4_OS_Keil.lib(wm.o)
    0x08013a26   0x0000002a   Code   RO         3648    i.WM_DeleteTimer    STemWin522_CM4_OS_Keil.lib(wm_timer.o)
    0x08013a50   0x000000d0   Code   RO         3370    i.WM_DeleteWindow   STemWin522_CM4_OS_Keil.lib(wm.o)
    0x08013b20   0x00000088   Code   RO         3371    i.WM_Exec           STemWin522_CM4_OS_Keil.lib(wm.o)
    0x08013ba8   0x0000002c   Code   RO         3633    i.WM_GetClientRect  STemWin522_CM4_OS_Keil.lib(wm_getclientrect.o)
    0x08013bd4   0x0000001a   Code   RO         3634    i.WM_GetClientRectEx  STemWin522_CM4_OS_Keil.lib(wm_getclientrect.o)
    0x08013bee   0x00000002   PAD
    0x08013bf0   0x00000018   Code   RO         3478    i.WM_GetDesktopWindow  STemWin522_CM4_OS_Keil.lib(wm_getdesktopwindow.o)
    0x08013c08   0x0000001a   Code   RO         3639    i.WM_GetFirstChild  STemWin522_CM4_OS_Keil.lib(wm_getfirstchild.o)
    0x08013c22   0x0000001a   Code   RO         3930    i.WM_GetParent      STemWin522_CM4_OS_Keil.lib(wm_getparent.o)
    0x08013c3c   0x000000d4   Code   RO         3373    i.WM_Init           STemWin522_CM4_OS_Keil.lib(wm.o)
    0x08013d10   0x00000080   Code   RO         3374    i.WM_InvalidateRect  STemWin522_CM4_OS_Keil.lib(wm.o)
    0x08013d90   0x00000006   Code   RO         3375    i.WM_InvalidateWindow  STemWin522_CM4_OS_Keil.lib(wm.o)
    0x08013d96   0x0000005e   Code   RO         3376    i.WM_InvalidateWindowAndDescsEx  STemWin522_CM4_OS_Keil.lib(wm.o)
    0x08013df4   0x0000001e   Code   RO         4009    i.WM_MoveWindow     STemWin522_CM4_OS_Keil.lib(wm_move.o)
    0x08013e12   0x00000010   Code   RO         3641    i.WM_NotifyParent   STemWin522_CM4_OS_Keil.lib(wm_notifyparent.o)
    0x08013e22   0x00000002   PAD
    0x08013e24   0x00000040   Code   RO         3938    i.WM_OnKey          STemWin522_CM4_OS_Keil.lib(wm_onkey.o)
    0x08013e64   0x000000f6   Code   RO         3998    i.WM_ResizeWindow   STemWin522_CM4_OS_Keil.lib(wm_resizewindow.o)
    0x08013f5a   0x00000002   PAD
    0x08013f5c   0x00000044   Code   RO         3377    i.WM_SelectWindow   STemWin522_CM4_OS_Keil.lib(wm.o)
    0x08013fa0   0x0000001a   Code   RO         3643    i.WM_SendMessageNoPara  STemWin522_CM4_OS_Keil.lib(wm_sendmessagenopara.o)
    0x08013fba   0x00000026   Code   RO         3645    i.WM_SendToParent   STemWin522_CM4_OS_Keil.lib(wm_sendtoparent.o)
    0x08013fe0   0x00000014   Code   RO         3379    i.WM_SetDefault     STemWin522_CM4_OS_Keil.lib(wm.o)
    0x08013ff4   0x00000048   Code   RO         3961    i.WM_SetSize        STemWin522_CM4_OS_Keil.lib(wm_setsize.o)
    0x0801403c   0x00000020   Code   RO         3480    i.WM_SetUserClipRect  STemWin522_CM4_OS_Keil.lib(wm_setusercliprect.o)
    0x0801405c   0x00000048   Code   RO         3380    i.WM__ActivateClipRect  STemWin522_CM4_OS_Keil.lib(wm.o)
    0x080140a4   0x00000010   Code   RO         3629    i.WM__AddCriticalHandle  STemWin522_CM4_OS_Keil.lib(wm_criticalhandle.o)
    0x080140b4   0x00000010   Code   RO         3381    i.WM__Client2Screen  STemWin522_CM4_OS_Keil.lib(wm.o)
    0x080140c4   0x0000004e   Code   RO         3382    i.WM__ClipAtParentBorders  STemWin522_CM4_OS_Keil.lib(wm.o)
    0x08014112   0x00000052   Code   RO         3651    i.WM__DeleteAssocTimer  STemWin522_CM4_OS_Keil.lib(wm_timer.o)
    0x08014164   0x00000028   Code   RO         3384    i.WM__DetachWindow  STemWin522_CM4_OS_Keil.lib(wm.o)
    0x0801418c   0x00000020   Code   RO         3635    i.WM__GetClientRectEx  STemWin522_CM4_OS_Keil.lib(wm_getclientrect.o)
    0x080141ac   0x00000018   Code   RO         3385    i.WM__GetClientRectWin  STemWin522_CM4_OS_Keil.lib(wm.o)
    0x080141c4   0x00000012   Code   RO         3994    i.WM__GetFirstSibling  STemWin522_CM4_OS_Keil.lib(wm__getfirstsibling.o)
    0x080141d6   0x00000002   PAD
    0x080141d8   0x00000040   Code   RO         3386    i.WM__GetNextIVR    STemWin522_CM4_OS_Keil.lib(wm.o)
    0x08014218   0x00000024   Code   RO         3918    i.WM__GetPrevSibling  STemWin522_CM4_OS_Keil.lib(wm__getprevsibling.o)
    0x0801423c   0x00000018   Code   RO         3387    i.WM__GetTopLevelLayer  STemWin522_CM4_OS_Keil.lib(wm.o)
    0x08014254   0x000000f0   Code   RO         3388    i.WM__InitIVRSearch  STemWin522_CM4_OS_Keil.lib(wm.o)
    0x08014344   0x000000a4   Code   RO         3389    i.WM__InsertWindowIntoList  STemWin522_CM4_OS_Keil.lib(wm.o)
    0x080143e8   0x00000006   Code   RO         3390    i.WM__Invalidate1Abs  STemWin522_CM4_OS_Keil.lib(wm.o)
    0x080143ee   0x00000046   Code   RO         3391    i.WM__InvalidateDrawAndDescs  STemWin522_CM4_OS_Keil.lib(wm.o)
    0x08014434   0x0000002a   Code   RO         3392    i.WM__InvalidateParent  STemWin522_CM4_OS_Keil.lib(wm.o)
    0x0801445e   0x00000076   Code   RO         3393    i.WM__InvalidateRect  STemWin522_CM4_OS_Keil.lib(wm.o)
    0x080144d4   0x00000006   Code   RO         3394    i.WM__InvalidateRectEx  STemWin522_CM4_OS_Keil.lib(wm.o)
    0x080144da   0x00000002   PAD
    0x080144dc   0x00000024   Code   RO         3395    i.WM__IsWindow      STemWin522_CM4_OS_Keil.lib(wm.o)
    0x08014500   0x00000098   Code   RO         4011    i.WM__MoveWindow    STemWin522_CM4_OS_Keil.lib(wm_move.o)
    0x08014598   0x000000a0   Code   RO         3396    i.WM__Paint         STemWin522_CM4_OS_Keil.lib(wm.o)
    0x08014638   0x00000090   Code   RO         3397    i.WM__Paint1        STemWin522_CM4_OS_Keil.lib(wm.o)
    0x080146c8   0x00000078   Code   RO         3398    i.WM__PaintWinAndOverlays  STemWin522_CM4_OS_Keil.lib(wm.o)
    0x08014740   0x00000020   Code   RO         3399    i.WM__RectIsNZ      STemWin522_CM4_OS_Keil.lib(wm.o)
    0x08014760   0x00000030   Code   RO         3400    i.WM__RemoveFromLinList  STemWin522_CM4_OS_Keil.lib(wm.o)
    0x08014790   0x00000040   Code   RO         3401    i.WM__RemoveWindowFromList  STemWin522_CM4_OS_Keil.lib(wm.o)
    0x080147d0   0x00000014   Code   RO         3402    i.WM__SelectTopLevelLayer  STemWin522_CM4_OS_Keil.lib(wm.o)
    0x080147e4   0x0000003c   Code   RO         3624    i.WM__SendMessage   STemWin522_CM4_OS_Keil.lib(wm__sendmessage.o)
    0x08014820   0x00000026   Code   RO         3928    i.WM__SendMessageNoPara  STemWin522_CM4_OS_Keil.lib(wm__sendmessagenopara.o)
    0x08014846   0x0000000e   Code   RO         3403    i.WM__SendMsgNoData  STemWin522_CM4_OS_Keil.lib(wm.o)
    0x08014854   0x000000dc   Code   RO         4002    i.WM__UpdateChildPositions  STemWin522_CM4_OS_Keil.lib(wm__updatechildpositions.o)
    0x08014930   0x00000078   Code   RO         2628    i._AddFreeMemory    STemWin522_CM4_OS_Keil.lib(gui_alloc.o)
    0x080149a8   0x000000bc   Code   RO         2629    i._Alloc            STemWin522_CM4_OS_Keil.lib(gui_alloc.o)
    0x08014a64   0x00000004   Code   RO         3278    i._CalcSizeOfChar   STemWin522_CM4_OS_Keil.lib(gui_uc_encodenone.o)
    0x08014a68   0x00000016   Code   RO         3176    i._ClipRectEx       STemWin522_CM4_OS_Keil.lib(gui_sprite.o)
    0x08014a7e   0x00000002   PAD
    0x08014a80   0x0000004c   Code   RO         2595    i._Color2IndexBulk  STemWin522_CM4_OS_Keil.lib(guicc_m565.o)
    0x08014acc   0x0000000e   Code   RO         3837    i._Color2IndexBulk  STemWin522_CM4_OS_Keil.lib(guicc_8888.o)
    0x08014ada   0x00000002   PAD
    0x08014adc   0x00000054   Code   RO         3557    i._Color2Index_0    STemWin522_CM4_OS_Keil.lib(guicc_0.o)
    0x08014b30   0x00000002   Code   RO         3838    i._Color2Index_8888  STemWin522_CM4_OS_Keil.lib(guicc_8888.o)
    0x08014b32   0x00000002   PAD
    0x08014b34   0x0000002c   Code   RO         2596    i._Color2Index_M565  STemWin522_CM4_OS_Keil.lib(guicc_m565.o)
    0x08014b60   0x0000003e   Code   RO         3357    i._Convert16        STemWin522_CM4_OS_Keil.lib(guidev_writetoactiveopaque.o)
    0x08014b9e   0x00000098   Code   RO         3177    i._CreateBuffer     STemWin522_CM4_OS_Keil.lib(gui_sprite.o)
    0x08014c36   0x00000002   PAD
    0x08014c38   0x00000120   Code   RO         3611    i._CreateStaticDevice  STemWin522_CM4_OS_Keil.lib(guidev_staticdevices.o)
    0x08014d58   0x00000012   Code   RO         3404    i._DeleteAllChildren  STemWin522_CM4_OS_Keil.lib(wm.o)
    0x08014d6a   0x00000002   PAD
    0x08014d6c   0x00000020   Code   RO         3405    i._DesktopHandle2Index  STemWin522_CM4_OS_Keil.lib(wm.o)
    0x08014d8c   0x00000074   Code   RO         3083    i._DispLine         STemWin522_CM4_OS_Keil.lib(gui_charline.o)
    0x08014e00   0x00000084   Code   RO         3178    i._DoColorConversion  STemWin522_CM4_OS_Keil.lib(gui_sprite.o)
    0x08014e84   0x00000140   Code   RO         3022    i._DrawBitLine1BPP  STemWin522_CM4_OS_Keil.lib(guidev_16.o)
    0x08014fc4   0x00000114   Code   RO         3850    i._DrawBitLine1BPP  STemWin522_CM4_OS_Keil.lib(guidev_32.o)
    0x080150d8   0x000000e0   Code   RO         3023    i._DrawBitLine2BPP  STemWin522_CM4_OS_Keil.lib(guidev_16.o)
    0x080151b8   0x000000e0   Code   RO         3851    i._DrawBitLine2BPP  STemWin522_CM4_OS_Keil.lib(guidev_32.o)
    0x08015298   0x00000088   Code   RO         3852    i._DrawBitLine32BPP_DDB  STemWin522_CM4_OS_Keil.lib(guidev_32.o)
    0x08015320   0x00000158   Code   RO         3024    i._DrawBitLine4BPP  STemWin522_CM4_OS_Keil.lib(guidev_16.o)
    0x08015478   0x00000158   Code   RO         3853    i._DrawBitLine4BPP  STemWin522_CM4_OS_Keil.lib(guidev_32.o)
    0x080155d0   0x000002b0   Code   RO         3025    i._DrawBitmap       STemWin522_CM4_OS_Keil.lib(guidev_16.o)
    0x08015880   0x00000260   Code   RO         3179    i._DrawBitmap       STemWin522_CM4_OS_Keil.lib(gui_sprite.o)
    0x08015ae0   0x00000294   Code   RO         3854    i._DrawBitmap       STemWin522_CM4_OS_Keil.lib(guidev_32.o)
    0x08015d74   0x0000017a   Code   RO         2770    i._DrawGradient     STemWin522_CM4_OS_Keil.lib(gui_drawgradient.o)
    0x08015eee   0x0000000a   Code   RO         3026    i._DrawHLine        STemWin522_CM4_OS_Keil.lib(guidev_16.o)
    0x08015ef8   0x00000114   Code   RO         3180    i._DrawHLine        STemWin522_CM4_OS_Keil.lib(gui_sprite.o)
    0x0801600c   0x0000000a   Code   RO         3855    i._DrawHLine        STemWin522_CM4_OS_Keil.lib(guidev_32.o)
    0x08016016   0x00000002   PAD
    0x08016018   0x0000005c   Code   RO         3406    i._DrawNext         STemWin522_CM4_OS_Keil.lib(wm.o)
    0x08016074   0x000000b8   Code   RO         3027    i._DrawVLine        STemWin522_CM4_OS_Keil.lib(guidev_16.o)
    0x0801612c   0x00000110   Code   RO         3181    i._DrawVLine        STemWin522_CM4_OS_Keil.lib(gui_sprite.o)
    0x0801623c   0x000000ac   Code   RO         3856    i._DrawVLine        STemWin522_CM4_OS_Keil.lib(guidev_32.o)
    0x080162e8   0x00000006   Code   RO         3279    i._Encode           STemWin522_CM4_OS_Keil.lib(gui_uc_encodenone.o)
    0x080162ee   0x00000002   PAD
    0x080162f0   0x00000094   Code   RO         2630    i._EnlargeBlocks    STemWin522_CM4_OS_Keil.lib(gui_alloc.o)
    0x08016384   0x00000078   Code   RO         3407    i._Exec1Input       STemWin522_CM4_OS_Keil.lib(wm.o)
    0x080163fc   0x000000ac   Code   RO         3028    i._FillRect         STemWin522_CM4_OS_Keil.lib(guidev_16.o)
    0x080164a8   0x00000134   Code   RO         3182    i._FillRect         STemWin522_CM4_OS_Keil.lib(gui_sprite.o)
    0x080165dc   0x000000a4   Code   RO         3857    i._FillRect         STemWin522_CM4_OS_Keil.lib(guidev_32.o)
    0x08016680   0x00000148   Code   RO         3408    i._FindNext_IVR     STemWin522_CM4_OS_Keil.lib(wm.o)
    0x080167c8   0x0000007c   Code   RO         3409    i._Findx0           STemWin522_CM4_OS_Keil.lib(wm.o)
    0x08016844   0x00000072   Code   RO         3410    i._Findx1           STemWin522_CM4_OS_Keil.lib(wm.o)
    0x080168b6   0x000000a2   Code   RO         3411    i._Findy1           STemWin522_CM4_OS_Keil.lib(wm.o)
    0x08016958   0x00000074   Code   RO         3183    i._FlushBuffer      STemWin522_CM4_OS_Keil.lib(gui_sprite.o)
    0x080169cc   0x00000004   Code   RO         3906    i._GUI_USAGE_BM_Delete  STemWin522_CM4_OS_Keil.lib(guidev_usagebm.o)
    0x080169d0   0x0000006c   Code   RO         3184    i._GetBkPixel       STemWin522_CM4_OS_Keil.lib(gui_sprite.o)
    0x08016a3c   0x00000004   Code   RO         3280    i._GetCharCode      STemWin522_CM4_OS_Keil.lib(gui_uc_encodenone.o)
    0x08016a40   0x00000004   Code   RO         3281    i._GetCharSize      STemWin522_CM4_OS_Keil.lib(gui_uc_encodenone.o)
    0x08016a44   0x00000140   Code   RO         3185    i._GetClipParam     STemWin522_CM4_OS_Keil.lib(gui_sprite.o)
    0x08016b84   0x000000d4   Code   RO         3186    i._GetClipRect      STemWin522_CM4_OS_Keil.lib(gui_sprite.o)
    0x08016c58   0x00000010   Code   RO         3029    i._GetDevData       STemWin522_CM4_OS_Keil.lib(guidev_16.o)
    0x08016c68   0x00000004   Code   RO         3187    i._GetDevData       STemWin522_CM4_OS_Keil.lib(gui_sprite.o)
    0x08016c6c   0x00000010   Code   RO         3858    i._GetDevData       STemWin522_CM4_OS_Keil.lib(guidev_32.o)
    0x08016c7c   0x00000010   Code   RO         3030    i._GetDevFunc       STemWin522_CM4_OS_Keil.lib(guidev_16.o)
    0x08016c8c   0x00000004   Code   RO         3188    i._GetDevFunc       STemWin522_CM4_OS_Keil.lib(gui_sprite.o)
    0x08016c90   0x00000010   Code   RO         3859    i._GetDevFunc       STemWin522_CM4_OS_Keil.lib(guidev_32.o)
    0x08016ca0   0x0000001e   Code   RO         2821    i._GetDevProp       STemWin522_CM4_OS_Keil.lib(lcd_getex.o)
    0x08016cbe   0x00000008   Code   RO         3031    i._GetDevProp       STemWin522_CM4_OS_Keil.lib(guidev_16.o)
    0x08016cc6   0x0000000e   Code   RO         3189    i._GetDevProp       STemWin522_CM4_OS_Keil.lib(gui_sprite.o)
    0x08016cd4   0x0000000c   Code   RO         3860    i._GetDevProp       STemWin522_CM4_OS_Keil.lib(guidev_32.o)
    0x08016ce0   0x00000052   Code   RO         3558    i._GetIndexMask_0   STemWin522_CM4_OS_Keil.lib(guicc_0.o)
    0x08016d32   0x00000006   Code   RO         3839    i._GetIndexMask_8888  STemWin522_CM4_OS_Keil.lib(guicc_8888.o)
    0x08016d38   0x00000006   Code   RO         2597    i._GetIndexMask_M565  STemWin522_CM4_OS_Keil.lib(guicc_m565.o)
    0x08016d3e   0x0000001e   Code   RO         2822    i._GetMaxValue      STemWin522_CM4_OS_Keil.lib(lcd_getex.o)
    0x08016d5c   0x0000001c   Code   RO         2631    i._GetMinIndex      STemWin522_CM4_OS_Keil.lib(gui_alloc.o)
    0x08016d78   0x0000000e   Code   RO         3032    i._GetPixelIndex    STemWin522_CM4_OS_Keil.lib(guidev_16.o)
    0x08016d86   0x0000005e   Code   RO         3190    i._GetPixelIndex    STemWin522_CM4_OS_Keil.lib(gui_sprite.o)
    0x08016de4   0x0000000e   Code   RO         3861    i._GetPixelIndex    STemWin522_CM4_OS_Keil.lib(guidev_32.o)
    0x08016df2   0x00000030   Code   RO         3033    i._GetRect          STemWin522_CM4_OS_Keil.lib(guidev_16.o)
    0x08016e22   0x0000000e   Code   RO         3191    i._GetRect          STemWin522_CM4_OS_Keil.lib(gui_sprite.o)
    0x08016e30   0x00000030   Code   RO         3862    i._GetRect          STemWin522_CM4_OS_Keil.lib(guidev_32.o)
    0x08016e60   0x00000010   Code   RO         3135    i._GotoX            STemWin522_CM4_OS_Keil.lib(gui_goto.o)
    0x08016e70   0x00000010   Code   RO         3136    i._GotoY            STemWin522_CM4_OS_Keil.lib(gui_goto.o)
    0x08016e80   0x0000001c   Code   RO         3515    i._IncPointer       STemWin522_CM4_OS_Keil.lib(gui_onkey.o)
    0x08016e9c   0x00000006   Code   RO         3516    i._IncReadPointer   STemWin522_CM4_OS_Keil.lib(gui_onkey.o)
    0x08016ea2   0x00000002   PAD
    0x08016ea4   0x00000058   Code   RO         2598    i._Index2ColorBulk  STemWin522_CM4_OS_Keil.lib(guicc_m565.o)
    0x08016efc   0x0000000e   Code   RO         3840    i._Index2ColorBulk  STemWin522_CM4_OS_Keil.lib(guicc_8888.o)
    0x08016f0a   0x00000020   Code   RO         3559    i._Index2Color_0    STemWin522_CM4_OS_Keil.lib(guicc_0.o)
    0x08016f2a   0x00000002   PAD
    0x08016f2c   0x00000070   Code   RO         2684    i._InitContext      STemWin522_CM4_OS_Keil.lib(gui_core.o)
    0x08016f9c   0x000000a4   Code   RO         2632    i._InitOnce         STemWin522_CM4_OS_Keil.lib(gui_alloc.o)
    0x08017040   0x00000080   Code   RO         3412    i._Invalidate1Abs   STemWin522_CM4_OS_Keil.lib(wm.o)
    0x080170c0   0x00000016   Code   RO         3192    i._Link             STemWin522_CM4_OS_Keil.lib(gui_sprite.o)
    0x080170d6   0x00000002   Code   RO         3084    i._Log2VisBuffered  STemWin522_CM4_OS_Keil.lib(gui_charline.o)
    0x080170d8   0x00000008   Code   RO         3596    i._Min              STemWin522_CM4_OS_Keil.lib(guidev_banding.o)
    0x080170e0   0x0000006e   Code   RO         4012    i._MoveDescendents  STemWin522_CM4_OS_Keil.lib(wm_move.o)
    0x0801714e   0x00000002   PAD
    0x08017150   0x00000034   Code   RO         2633    i._OnExit           STemWin522_CM4_OS_Keil.lib(gui_alloc.o)
    0x08017184   0x0000002c   Code   RO         2685    i._OnExit           STemWin522_CM4_OS_Keil.lib(gui_core.o)
    0x080171b0   0x00000018   Code   RO         2719    i._OnExit           STemWin522_CM4_OS_Keil.lib(gui_curs1.o)
    0x080171c8   0x00000014   Code   RO         3254    i._OnExit           STemWin522_CM4_OS_Keil.lib(gui_task.o)
    0x080171dc   0x00000014   Code   RO         3334    i._OnExit           STemWin522_CM4_OS_Keil.lib(lcd_color.o)
    0x080171f0   0x00000034   Code   RO         3413    i._OnExit           STemWin522_CM4_OS_Keil.lib(wm.o)
    0x08017224   0x00000028   Code   RO         3684    i._OnExit           STemWin522_CM4_OS_Keil.lib(gui__alpha.o)
    0x0801724c   0x00000024   Code   RO         3414    i._Paint1           STemWin522_CM4_OS_Keil.lib(wm.o)
    0x08017270   0x0000008c   Code   RO         3415    i._Paint1Trans      STemWin522_CM4_OS_Keil.lib(wm.o)
    0x080172fc   0x0000009a   Code   RO         3416    i._PaintTransChildren  STemWin522_CM4_OS_Keil.lib(wm.o)
    0x08017396   0x0000003a   Code   RO         3193    i._PixelExists      STemWin522_CM4_OS_Keil.lib(gui_sprite.o)
    0x080173d0   0x00000040   Code   RO         2634    i._PopFreeBlock     STemWin522_CM4_OS_Keil.lib(gui_alloc.o)
    0x08017410   0x00000024   Code   RO         2635    i._PushFreeBlock    STemWin522_CM4_OS_Keil.lib(gui_alloc.o)
    0x08017434   0x0000001c   Code   RO         3194    i._ReleaseBuffer    STemWin522_CM4_OS_Keil.lib(gui_sprite.o)
    0x08017450   0x00000034   Code   RO         2636    i._RemoveFreeBlock  STemWin522_CM4_OS_Keil.lib(gui_alloc.o)
    0x08017484   0x0000005c   Code   RO         3816    i._RemoveFromLinList  STemWin522_CM4_OS_Keil.lib(gui_timer.o)
    0x080174e0   0x000000a0   Code   RO         2637    i._RemoveHoles      STemWin522_CM4_OS_Keil.lib(gui_alloc.o)
    0x08017580   0x00000020   Code   RO         3304    i._SetBkColor       STemWin522_CM4_OS_Keil.lib(lcd.o)
    0x080175a0   0x0000004c   Code   RO         3417    i._SetClipRectUserIntersect  STemWin522_CM4_OS_Keil.lib(wm.o)
    0x080175ec   0x00000020   Code   RO         3305    i._SetColor         STemWin522_CM4_OS_Keil.lib(lcd.o)
    0x0801760c   0x0000002c   Code   RO         3306    i._SetDrawMode      STemWin522_CM4_OS_Keil.lib(lcd.o)
    0x08017638   0x00000008   Code   RO         3034    i._SetOrg           STemWin522_CM4_OS_Keil.lib(guidev_16.o)
    0x08017640   0x0000000e   Code   RO         3197    i._SetOrg           STemWin522_CM4_OS_Keil.lib(gui_sprite.o)
    0x0801764e   0x00000008   Code   RO         3863    i._SetOrg           STemWin522_CM4_OS_Keil.lib(guidev_32.o)
    0x08017656   0x00000002   PAD
    0x08017658   0x00000048   Code   RO         3035    i._SetPixelIndex    STemWin522_CM4_OS_Keil.lib(guidev_16.o)
    0x080176a0   0x00000062   Code   RO         3198    i._SetPixelIndex    STemWin522_CM4_OS_Keil.lib(gui_sprite.o)
    0x08017702   0x00000002   PAD
    0x08017704   0x00000048   Code   RO         3864    i._SetPixelIndex    STemWin522_CM4_OS_Keil.lib(guidev_32.o)
    0x0801774c   0x0000004a   Code   RO         3200    i._SetSpriteBkPixel  STemWin522_CM4_OS_Keil.lib(gui_sprite.o)
    0x08017796   0x00000002   PAD
    0x08017798   0x00000038   Code   RO         2720    i._Show             STemWin522_CM4_OS_Keil.lib(gui_curs1.o)
    0x080177d0   0x00000108   Code   RO         3201    i._SpriteDraw       STemWin522_CM4_OS_Keil.lib(gui_sprite.o)
    0x080178d8   0x000000ea   Code   RO         2638    i._TestRAM          STemWin522_CM4_OS_Keil.lib(gui_alloc.o)
    0x080179c2   0x00000002   PAD
    0x080179c4   0x000000d8   Code   RO         3202    i._Undraw           STemWin522_CM4_OS_Keil.lib(gui_sprite.o)
    0x08017a9c   0x00000016   Code   RO         3203    i._Unlink           STemWin522_CM4_OS_Keil.lib(gui_sprite.o)
    0x08017ab2   0x00000002   PAD
    0x08017ab4   0x00000050   Code   RO         3817    i._Unlink           STemWin522_CM4_OS_Keil.lib(gui_timer.o)
    0x08017b04   0x00000030   Code   RO         2748    i._UnlinkDevice     STemWin522_CM4_OS_Keil.lib(gui_device.o)
    0x08017b34   0x0000000e   Code   RO         2639    i._WriteTagData     STemWin522_CM4_OS_Keil.lib(gui_alloc.o)
    0x08017b42   0x00000002   PAD
    0x08017b44   0x00000330   Code   RO         3358    i._WriteToActiveOpaque_8  STemWin522_CM4_OS_Keil.lib(guidev_writetoactiveopaque.o)
    0x08017e74   0x000002f8   Code   RO         3359    i._WriteToActiveOpaque_HT  STemWin522_CM4_OS_Keil.lib(guidev_writetoactiveopaque.o)
    0x0801816c   0x0000003c   Code   RO         3036    i._XY2PTR           STemWin522_CM4_OS_Keil.lib(guidev_16.o)
    0x080181a8   0x0000003c   Code   RO         3865    i._XY2PTR           STemWin522_CM4_OS_Keil.lib(guidev_32.o)
    0x080181e4   0x00000054   Code   RO         3037    i._XorPixel         STemWin522_CM4_OS_Keil.lib(guidev_16.o)
    0x08018238   0x00000066   Code   RO         3204    i._XorPixel         STemWin522_CM4_OS_Keil.lib(gui_sprite.o)
    0x0801829e   0x00000002   PAD
    0x080182a0   0x00000058   Code   RO         3866    i._XorPixel         STemWin522_CM4_OS_Keil.lib(guidev_32.o)
    0x080182f8   0x00000044   Code   RO         3418    i._cbPaintMemDev    STemWin522_CM4_OS_Keil.lib(wm.o)
    0x0801833c   0x00000050   Code   RO         3419    i.cbBackWin         STemWin522_CM4_OS_Keil.lib(wm.o)
    0x0801838c   0x0000008a   Code   RO         3307    i.emWin_LCD_Init    STemWin522_CM4_OS_Keil.lib(lcd.o)
    0x08018416   0x00000002   PAD
    0x08018418   0x0000002c   Code   RO         4088    locale$$code        c_w.l(lc_ctype_c.o)
    0x08018444   0x0000000a   Code   RO         4154    x$fpl$fpinit        fz_wm.l(fpinit.o)
    0x0801844e   0x00000002   PAD
    0x08018450   0x00000048   Data   RO          195    .constdata          drv_usart.o
    0x08018498   0x00000010   Data   RO          302    .constdata          system_stm32f4xx.o
    0x080184a8   0x00000008   Data   RO          592    .constdata          stm32f4xx_hal_dma.o
    0x080184b0   0x00000010   Data   RO         1221    .constdata          stm32f4xx_hal_rcc.o
    0x080184c0   0x00000014   Data   RO         1661    .constdata          components.o
    0x080184d4   0x000000a8   Data   RO         1704    .constdata          device.o
    0x0801857c   0x00000016   Data   RO         1719    .constdata          idle.o
    0x08018592   0x000001d7   Data   RO         1738    .constdata          ipc.o
    0x08018769   0x00000122   Data   RO         1771    .constdata          kservice.o
    0x0801888b   0x00000046   Data   RO         1791    .constdata          mem.o
    0x080188d1   0x0000005e   Data   RO         1842    .constdata          object.o
    0x0801892f   0x0000004e   Data   RO         1862    .constdata          scheduler.o
    0x0801897d   0x000000aa   Data   RO         1882    .constdata          thread.o
    0x08018a27   0x0000005c   Data   RO         1899    .constdata          timer.o
    0x08018a83   0x00000013   Data   RO         1918    .constdata          cpuport.o
    0x08018a96   0x000000d3   Data   RO         1972    .constdata          serial.o
    0x08018b69   0x00000039   Data   RO         1985    .constdata          completion.o
    0x08018ba2   0x0000004b   Data   RO         2001    .constdata          dataqueue.o
    0x08018bed   0x00000003   PAD
    0x08018bf0   0x00000034   Data   RO         2103    .constdata          guidrv_template.o
    0x08018c24   0x0000005c   Data   RO         2321    .constdata          maintask.o
    0x08018c80   0x00000060   Data   RO         2337    .constdata          shell.o
    0x08018ce0   0x00000050   Data   RO         2371    .constdata          cmd.o
    0x08018d30   0x000000c4   Data   RO         2497    .constdata          finsh_ops.o
    0x08018df4   0x00000040   Data   RO         2580    .constdata          finsh_token.o
    0x08018e34   0x00000018   Data   RO         2599    .constdata          STemWin522_CM4_OS_Keil.lib(guicc_m565.o)
    0x08018e4c   0x00000008   Data   RO         2687    .constdata          STemWin522_CM4_OS_Keil.lib(gui_core.o)
    0x08018e54   0x00000008   Data   RO         2749    .constdata          STemWin522_CM4_OS_Keil.lib(gui_device.o)
    0x08018e5c   0x00000018   Data   RO         2912    .constdata          STemWin522_CM4_OS_Keil.lib(f24_ascii.o)
    0x08018e74   0x00000018   Data   RO         2913    .constdata          STemWin522_CM4_OS_Keil.lib(f24_ascii.o)
    0x08018e8c   0x00000018   Data   RO         2914    .constdata          STemWin522_CM4_OS_Keil.lib(f24_ascii.o)
    0x08018ea4   0x00000030   Data   RO         2915    .constdata          STemWin522_CM4_OS_Keil.lib(f24_ascii.o)
    0x08018ed4   0x00000030   Data   RO         2916    .constdata          STemWin522_CM4_OS_Keil.lib(f24_ascii.o)
    0x08018f04   0x00000048   Data   RO         2917    .constdata          STemWin522_CM4_OS_Keil.lib(f24_ascii.o)
    0x08018f4c   0x00000030   Data   RO         2918    .constdata          STemWin522_CM4_OS_Keil.lib(f24_ascii.o)
    0x08018f7c   0x00000018   Data   RO         2919    .constdata          STemWin522_CM4_OS_Keil.lib(f24_ascii.o)
    0x08018f94   0x00000018   Data   RO         2920    .constdata          STemWin522_CM4_OS_Keil.lib(f24_ascii.o)
    0x08018fac   0x00000018   Data   RO         2921    .constdata          STemWin522_CM4_OS_Keil.lib(f24_ascii.o)
    0x08018fc4   0x00000018   Data   RO         2922    .constdata          STemWin522_CM4_OS_Keil.lib(f24_ascii.o)
    0x08018fdc   0x00000030   Data   RO         2923    .constdata          STemWin522_CM4_OS_Keil.lib(f24_ascii.o)
    0x0801900c   0x00000018   Data   RO         2924    .constdata          STemWin522_CM4_OS_Keil.lib(f24_ascii.o)
    0x08019024   0x00000018   Data   RO         2925    .constdata          STemWin522_CM4_OS_Keil.lib(f24_ascii.o)
    0x0801903c   0x00000018   Data   RO         2926    .constdata          STemWin522_CM4_OS_Keil.lib(f24_ascii.o)
    0x08019054   0x00000018   Data   RO         2927    .constdata          STemWin522_CM4_OS_Keil.lib(f24_ascii.o)
    0x0801906c   0x00000030   Data   RO         2928    .constdata          STemWin522_CM4_OS_Keil.lib(f24_ascii.o)
    0x0801909c   0x00000030   Data   RO         2929    .constdata          STemWin522_CM4_OS_Keil.lib(f24_ascii.o)
    0x080190cc   0x00000030   Data   RO         2930    .constdata          STemWin522_CM4_OS_Keil.lib(f24_ascii.o)
    0x080190fc   0x00000030   Data   RO         2931    .constdata          STemWin522_CM4_OS_Keil.lib(f24_ascii.o)
    0x0801912c   0x00000030   Data   RO         2932    .constdata          STemWin522_CM4_OS_Keil.lib(f24_ascii.o)
    0x0801915c   0x00000030   Data   RO         2933    .constdata          STemWin522_CM4_OS_Keil.lib(f24_ascii.o)
    0x0801918c   0x00000030   Data   RO         2934    .constdata          STemWin522_CM4_OS_Keil.lib(f24_ascii.o)
    0x080191bc   0x00000030   Data   RO         2935    .constdata          STemWin522_CM4_OS_Keil.lib(f24_ascii.o)
    0x080191ec   0x00000030   Data   RO         2936    .constdata          STemWin522_CM4_OS_Keil.lib(f24_ascii.o)
    0x0801921c   0x00000030   Data   RO         2937    .constdata          STemWin522_CM4_OS_Keil.lib(f24_ascii.o)
    0x0801924c   0x00000018   Data   RO         2938    .constdata          STemWin522_CM4_OS_Keil.lib(f24_ascii.o)
    0x08019264   0x00000018   Data   RO         2939    .constdata          STemWin522_CM4_OS_Keil.lib(f24_ascii.o)
    0x0801927c   0x00000030   Data   RO         2940    .constdata          STemWin522_CM4_OS_Keil.lib(f24_ascii.o)
    0x080192ac   0x00000030   Data   RO         2941    .constdata          STemWin522_CM4_OS_Keil.lib(f24_ascii.o)
    0x080192dc   0x00000030   Data   RO         2942    .constdata          STemWin522_CM4_OS_Keil.lib(f24_ascii.o)
    0x0801930c   0x00000030   Data   RO         2943    .constdata          STemWin522_CM4_OS_Keil.lib(f24_ascii.o)
    0x0801933c   0x00000048   Data   RO         2944    .constdata          STemWin522_CM4_OS_Keil.lib(f24_ascii.o)
    0x08019384   0x00000030   Data   RO         2945    .constdata          STemWin522_CM4_OS_Keil.lib(f24_ascii.o)
    0x080193b4   0x00000030   Data   RO         2946    .constdata          STemWin522_CM4_OS_Keil.lib(f24_ascii.o)
    0x080193e4   0x00000030   Data   RO         2947    .constdata          STemWin522_CM4_OS_Keil.lib(f24_ascii.o)
    0x08019414   0x00000030   Data   RO         2948    .constdata          STemWin522_CM4_OS_Keil.lib(f24_ascii.o)
    0x08019444   0x00000030   Data   RO         2949    .constdata          STemWin522_CM4_OS_Keil.lib(f24_ascii.o)
    0x08019474   0x00000030   Data   RO         2950    .constdata          STemWin522_CM4_OS_Keil.lib(f24_ascii.o)
    0x080194a4   0x00000030   Data   RO         2951    .constdata          STemWin522_CM4_OS_Keil.lib(f24_ascii.o)
    0x080194d4   0x00000030   Data   RO         2952    .constdata          STemWin522_CM4_OS_Keil.lib(f24_ascii.o)
    0x08019504   0x00000018   Data   RO         2953    .constdata          STemWin522_CM4_OS_Keil.lib(f24_ascii.o)
    0x0801951c   0x00000030   Data   RO         2954    .constdata          STemWin522_CM4_OS_Keil.lib(f24_ascii.o)
    0x0801954c   0x00000030   Data   RO         2955    .constdata          STemWin522_CM4_OS_Keil.lib(f24_ascii.o)
    0x0801957c   0x00000030   Data   RO         2956    .constdata          STemWin522_CM4_OS_Keil.lib(f24_ascii.o)
    0x080195ac   0x00000048   Data   RO         2957    .constdata          STemWin522_CM4_OS_Keil.lib(f24_ascii.o)
    0x080195f4   0x00000030   Data   RO         2958    .constdata          STemWin522_CM4_OS_Keil.lib(f24_ascii.o)
    0x08019624   0x00000030   Data   RO         2959    .constdata          STemWin522_CM4_OS_Keil.lib(f24_ascii.o)
    0x08019654   0x00000030   Data   RO         2960    .constdata          STemWin522_CM4_OS_Keil.lib(f24_ascii.o)
    0x08019684   0x00000030   Data   RO         2961    .constdata          STemWin522_CM4_OS_Keil.lib(f24_ascii.o)
    0x080196b4   0x00000030   Data   RO         2962    .constdata          STemWin522_CM4_OS_Keil.lib(f24_ascii.o)
    0x080196e4   0x00000030   Data   RO         2963    .constdata          STemWin522_CM4_OS_Keil.lib(f24_ascii.o)
    0x08019714   0x00000030   Data   RO         2964    .constdata          STemWin522_CM4_OS_Keil.lib(f24_ascii.o)
    0x08019744   0x00000030   Data   RO         2965    .constdata          STemWin522_CM4_OS_Keil.lib(f24_ascii.o)
    0x08019774   0x00000030   Data   RO         2966    .constdata          STemWin522_CM4_OS_Keil.lib(f24_ascii.o)
    0x080197a4   0x00000048   Data   RO         2967    .constdata          STemWin522_CM4_OS_Keil.lib(f24_ascii.o)
    0x080197ec   0x00000030   Data   RO         2968    .constdata          STemWin522_CM4_OS_Keil.lib(f24_ascii.o)
    0x0801981c   0x00000030   Data   RO         2969    .constdata          STemWin522_CM4_OS_Keil.lib(f24_ascii.o)
    0x0801984c   0x00000030   Data   RO         2970    .constdata          STemWin522_CM4_OS_Keil.lib(f24_ascii.o)
    0x0801987c   0x00000018   Data   RO         2971    .constdata          STemWin522_CM4_OS_Keil.lib(f24_ascii.o)
    0x08019894   0x00000018   Data   RO         2972    .constdata          STemWin522_CM4_OS_Keil.lib(f24_ascii.o)
    0x080198ac   0x00000018   Data   RO         2973    .constdata          STemWin522_CM4_OS_Keil.lib(f24_ascii.o)
    0x080198c4   0x00000018   Data   RO         2974    .constdata          STemWin522_CM4_OS_Keil.lib(f24_ascii.o)
    0x080198dc   0x00000030   Data   RO         2975    .constdata          STemWin522_CM4_OS_Keil.lib(f24_ascii.o)
    0x0801990c   0x00000018   Data   RO         2976    .constdata          STemWin522_CM4_OS_Keil.lib(f24_ascii.o)
    0x08019924   0x00000030   Data   RO         2977    .constdata          STemWin522_CM4_OS_Keil.lib(f24_ascii.o)
    0x08019954   0x00000030   Data   RO         2978    .constdata          STemWin522_CM4_OS_Keil.lib(f24_ascii.o)
    0x08019984   0x00000030   Data   RO         2979    .constdata          STemWin522_CM4_OS_Keil.lib(f24_ascii.o)
    0x080199b4   0x00000030   Data   RO         2980    .constdata          STemWin522_CM4_OS_Keil.lib(f24_ascii.o)
    0x080199e4   0x00000030   Data   RO         2981    .constdata          STemWin522_CM4_OS_Keil.lib(f24_ascii.o)
    0x08019a14   0x00000018   Data   RO         2982    .constdata          STemWin522_CM4_OS_Keil.lib(f24_ascii.o)
    0x08019a2c   0x00000030   Data   RO         2983    .constdata          STemWin522_CM4_OS_Keil.lib(f24_ascii.o)
    0x08019a5c   0x00000030   Data   RO         2984    .constdata          STemWin522_CM4_OS_Keil.lib(f24_ascii.o)
    0x08019a8c   0x00000018   Data   RO         2985    .constdata          STemWin522_CM4_OS_Keil.lib(f24_ascii.o)
    0x08019aa4   0x00000018   Data   RO         2986    .constdata          STemWin522_CM4_OS_Keil.lib(f24_ascii.o)
    0x08019abc   0x00000030   Data   RO         2987    .constdata          STemWin522_CM4_OS_Keil.lib(f24_ascii.o)
    0x08019aec   0x00000018   Data   RO         2988    .constdata          STemWin522_CM4_OS_Keil.lib(f24_ascii.o)
    0x08019b04   0x00000030   Data   RO         2989    .constdata          STemWin522_CM4_OS_Keil.lib(f24_ascii.o)
    0x08019b34   0x00000030   Data   RO         2990    .constdata          STemWin522_CM4_OS_Keil.lib(f24_ascii.o)
    0x08019b64   0x00000030   Data   RO         2991    .constdata          STemWin522_CM4_OS_Keil.lib(f24_ascii.o)
    0x08019b94   0x00000030   Data   RO         2992    .constdata          STemWin522_CM4_OS_Keil.lib(f24_ascii.o)
    0x08019bc4   0x00000030   Data   RO         2993    .constdata          STemWin522_CM4_OS_Keil.lib(f24_ascii.o)
    0x08019bf4   0x00000018   Data   RO         2994    .constdata          STemWin522_CM4_OS_Keil.lib(f24_ascii.o)
    0x08019c0c   0x00000030   Data   RO         2995    .constdata          STemWin522_CM4_OS_Keil.lib(f24_ascii.o)
    0x08019c3c   0x00000018   Data   RO         2996    .constdata          STemWin522_CM4_OS_Keil.lib(f24_ascii.o)
    0x08019c54   0x00000030   Data   RO         2997    .constdata          STemWin522_CM4_OS_Keil.lib(f24_ascii.o)
    0x08019c84   0x00000030   Data   RO         2998    .constdata          STemWin522_CM4_OS_Keil.lib(f24_ascii.o)
    0x08019cb4   0x00000030   Data   RO         2999    .constdata          STemWin522_CM4_OS_Keil.lib(f24_ascii.o)
    0x08019ce4   0x00000030   Data   RO         3000    .constdata          STemWin522_CM4_OS_Keil.lib(f24_ascii.o)
    0x08019d14   0x00000030   Data   RO         3001    .constdata          STemWin522_CM4_OS_Keil.lib(f24_ascii.o)
    0x08019d44   0x00000030   Data   RO         3002    .constdata          STemWin522_CM4_OS_Keil.lib(f24_ascii.o)
    0x08019d74   0x00000018   Data   RO         3003    .constdata          STemWin522_CM4_OS_Keil.lib(f24_ascii.o)
    0x08019d8c   0x00000018   Data   RO         3004    .constdata          STemWin522_CM4_OS_Keil.lib(f24_ascii.o)
    0x08019da4   0x00000018   Data   RO         3005    .constdata          STemWin522_CM4_OS_Keil.lib(f24_ascii.o)
    0x08019dbc   0x00000030   Data   RO         3006    .constdata          STemWin522_CM4_OS_Keil.lib(f24_ascii.o)
    0x08019dec   0x000002f8   Data   RO         3007    .constdata          STemWin522_CM4_OS_Keil.lib(f24_ascii.o)
    0x0801a0e4   0x0000000c   Data   RO         3008    .constdata          STemWin522_CM4_OS_Keil.lib(f24_ascii.o)
    0x0801a0f0   0x00000024   Data   RO         3009    .constdata          STemWin522_CM4_OS_Keil.lib(f24_ascii.o)
    0x0801a114   0x00000a30   Data   RO         3010    .constdata          STemWin522_CM4_OS_Keil.lib(f8x16.o)
    0x0801ab44   0x000001c0   Data   RO         3011    .constdata          STemWin522_CM4_OS_Keil.lib(f8x16.o)
    0x0801ad04   0x00000008   Data   RO         3012    .constdata          STemWin522_CM4_OS_Keil.lib(f8x16.o)
    0x0801ad0c   0x00000014   Data   RO         3013    .constdata          STemWin522_CM4_OS_Keil.lib(f8x16.o)
    0x0801ad20   0x00000024   Data   RO         3014    .constdata          STemWin522_CM4_OS_Keil.lib(f8x16.o)
    0x0801ad44   0x00000074   Data   RO         3038    .constdata          STemWin522_CM4_OS_Keil.lib(guidev_16.o)
    0x0801adb8   0x00000100   Data   RO         3055    .constdata          STemWin522_CM4_OS_Keil.lib(gui__divtbl_255_31.o)
    0x0801aeb8   0x00000100   Data   RO         3056    .constdata          STemWin522_CM4_OS_Keil.lib(gui__divtbl_255_63.o)
    0x0801afb8   0x00000020   Data   RO         3057    .constdata          STemWin522_CM4_OS_Keil.lib(gui__divtbl_31_255.o)
    0x0801afd8   0x00000040   Data   RO         3058    .constdata          STemWin522_CM4_OS_Keil.lib(gui__divtbl_63_255.o)
    0x0801b018   0x00000014   Data   RO         3110    .constdata          STemWin522_CM4_OS_Keil.lib(gui_cursorarrowm.o)
    0x0801b02c   0x0000000c   Data   RO         3111    .constdata          STemWin522_CM4_OS_Keil.lib(gui_cursorarrowm.o)
    0x0801b038   0x00000034   Data   RO         3205    .constdata          STemWin522_CM4_OS_Keil.lib(gui_sprite.o)
    0x0801b06c   0x00000010   Data   RO         3282    .constdata          STemWin522_CM4_OS_Keil.lib(gui_uc_encodenone.o)
    0x0801b07c   0x0000000c   Data   RO         3308    .constdata          STemWin522_CM4_OS_Keil.lib(lcd.o)
    0x0801b088   0x00000100   Data   RO         3343    .constdata          STemWin522_CM4_OS_Keil.lib(lcd_mirror.o)
    0x0801b188   0x00000518   Data   RO         3344    .constdata          STemWin522_CM4_OS_Keil.lib(f6x8.o)
    0x0801b6a0   0x000001c0   Data   RO         3345    .constdata          STemWin522_CM4_OS_Keil.lib(f6x8.o)
    0x0801b860   0x00000008   Data   RO         3346    .constdata          STemWin522_CM4_OS_Keil.lib(f6x8.o)
    0x0801b868   0x00000014   Data   RO         3347    .constdata          STemWin522_CM4_OS_Keil.lib(f6x8.o)
    0x0801b87c   0x00000024   Data   RO         3348    .constdata          STemWin522_CM4_OS_Keil.lib(f6x8.o)
    0x0801b8a0   0x00000008   Data   RO         3360    .constdata          STemWin522_CM4_OS_Keil.lib(guidev_writetoactiveopaque.o)
    0x0801b8a8   0x0000003c   Data   RO         3495    .constdata          STemWin522_CM4_OS_Keil.lib(gui_cursorarrowmpx.o)
    0x0801b8e4   0x0000000c   Data   RO         3496    .constdata          STemWin522_CM4_OS_Keil.lib(gui_cursorpal.o)
    0x0801b8f0   0x0000000c   Data   RO         3497    .constdata          STemWin522_CM4_OS_Keil.lib(gui_cursorpal.o)
    0x0801b8fc   0x00000018   Data   RO         3560    .constdata          STemWin522_CM4_OS_Keil.lib(guicc_0.o)
    0x0801b914   0x00000018   Data   RO         3841    .constdata          STemWin522_CM4_OS_Keil.lib(guicc_8888.o)
    0x0801b92c   0x00000074   Data   RO         3867    .constdata          STemWin522_CM4_OS_Keil.lib(guidev_32.o)
    0x0801b9a0   0x00000018   Data   RO         3907    .constdata          STemWin522_CM4_OS_Keil.lib(guidev_usagebm.o)
    0x0801b9b8   0x000000ed   Data   RO         1792    .conststring        mem.o
    0x0801baa5   0x00000003   PAD
    0x0801baa8   0x00000031   Data   RO         2322    .conststring        maintask.o
    0x0801bad9   0x00000003   PAD
    0x0801badc   0x000001ad   Data   RO         2372    .conststring        cmd.o
    0x0801bc89   0x00000003   PAD
    0x0801bc8c   0x000000f3   Data   RO         2432    .conststring        finsh_error.o
    0x0801bd7f   0x00000001   PAD
    0x0801bd80   0x0000003e   Data   RO         2581    .conststring        finsh_token.o
    0x0801bdbe   0x00000027   Data   RO         1794    .rodata.name        mem.o
    0x0801bde5   0x000001b3   Data   RO         2374    .rodata.name        cmd.o
    0x0801bf98   0x00000004   Data   RO         1662    .rti_fn.0           components.o
    0x0801bf9c   0x00000004   Data   RO         1663    .rti_fn.0.end       components.o
    0x0801bfa0   0x00000004   Data   RO          196    .rti_fn.1           drv_usart.o
    0x0801bfa4   0x00000004   Data   RO         1664    .rti_fn.1.end       components.o
    0x0801bfa8   0x00000004   Data   RO         2172    .rti_fn.3           gui_init.o
    0x0801bfac   0x00000004   Data   RO         2339    .rti_fn.3           shell.o
    0x0801bfb0   0x00000004   Data   RO         1665    .rti_fn.6.end       components.o
    0x0801bfb4   0x0000000c   Data   RO         1795    FSymTab             mem.o
    0x0801bfc0   0x00000090   Data   RO         2375    FSymTab             cmd.o
    0x0801c050   0x00000020   Data   RO         4222    Region$$Table       anon$$obj.o
    0x0801c070   0x00000010   Data   RO         2376    VSymTab             cmd.o
    0x0801c080   0x00000110   Data   RO         4087    locale$$data        c_w.l(lc_ctype_c.o)


    Execution Region RW_IRAM1 (Base: 0x20000000, Size: 0x00004840, Max: 0x00020000, ABSOLUTE, COMPRESSED[0x000000c4])

    Base Addr    Size         Type   Attr      Idx    E Section Name        Object

    0x20000000   0x00000004   Data   RW          237    .data               tft_lcd.o
    0x20000004   0x00000004   Data   RW          303    .data               system_stm32f4xx.o
    0x20000008   0x00000004   Data   RW          340    .data               stm32f4xx_hal.o
    0x2000000c   0x00000004   Data   RW         1647    .data               clock.o
    0x20000010   0x00000004   Data   RW         1720    .data               idle.o
    0x20000014   0x00000001   Data   RW         1755    .data               irq.o
    0x20000015   0x00000003   PAD
    0x20000018   0x0000000c   Data   RW         1772    .data               kservice.o
    0x20000024   0x00000020   Data   RW         1793    .data               mem.o
    0x20000044   0x000000a4   Data   RW         1843    .data               object.o
    0x200000e8   0x0000001c   Data   RW         1863    .data               scheduler.o
    0x20000104   0x00000010   Data   RW         1900    .data               timer.o
    0x20000114   0x00000010   Data   RW         1919    .data               cpuport.o
    0x20000124   0x00000011   Data   RW         2299    .data               gui_x_ex.o
    0x20000135   0x00000003   PAD
    0x20000138   0x00000004   Data   RW         2338    .data               shell.o
    0x2000013c   0x00000010   Data   RW         2357    .data               symbol.o
    0x2000014c   0x00000004   Data   RW         2373    .data               cmd.o
    0x20000150   0x00000008   Data   RW         2395    .data               finsh_compiler.o
    0x20000158   0x00000040   Data   RW         2433    .data               finsh_error.o
    0x20000198   0x00000008   Data   RW         2449    .data               finsh_heap.o
    0x200001a0   0x00000004   Data   RW         2531    .data               finsh_var.o
    0x200001a4   0x0000000c   Data   RW         2554    .data               finsh_vm.o
    0x200001b0   0x00000008   Data   RW         2600    .data               STemWin522_CM4_OS_Keil.lib(guicc_m565.o)
    0x200001b8   0x00000008   Data   RW         2641    .data               STemWin522_CM4_OS_Keil.lib(gui_alloc.o)
    0x200001c0   0x0000002c   Data   RW         2688    .data               STemWin522_CM4_OS_Keil.lib(gui_core.o)
    0x200001ec   0x00000004   Data   RW         2689    .data               STemWin522_CM4_OS_Keil.lib(gui_core.o)
    0x200001f0   0x00000004   Data   RW         2690    .data               STemWin522_CM4_OS_Keil.lib(gui_core.o)
    0x200001f4   0x00000004   Data   RW         2691    .data               STemWin522_CM4_OS_Keil.lib(gui_core.o)
    0x200001f8   0x00000004   Data   RW         2692    .data               STemWin522_CM4_OS_Keil.lib(gui_core.o)
    0x200001fc   0x00000002   Data   RW         2693    .data               STemWin522_CM4_OS_Keil.lib(gui_core.o)
    0x200001fe   0x00000002   Data   RW         2694    .data               STemWin522_CM4_OS_Keil.lib(gui_core.o)
    0x20000200   0x0000000c   Data   RW         2722    .data               STemWin522_CM4_OS_Keil.lib(gui_curs1.o)
    0x2000020c   0x00000004   Data   RW         3085    .data               STemWin522_CM4_OS_Keil.lib(gui_charline.o)
    0x20000210   0x00000008   Data   RW         3150    .data               STemWin522_CM4_OS_Keil.lib(gui_selectlayer.o)
    0x20000218   0x0000001c   Data   RW         3255    .data               STemWin522_CM4_OS_Keil.lib(gui_task.o)
    0x20000234   0x00000004   Data   RW         3309    .data               STemWin522_CM4_OS_Keil.lib(lcd.o)
    0x20000238   0x00000010   Data   RW         3335    .data               STemWin522_CM4_OS_Keil.lib(lcd_color.o)
    0x20000248   0x00000058   Data   RW         3421    .data               STemWin522_CM4_OS_Keil.lib(wm.o)
    0x200002a0   0x00000008   Data   RW         3490    .data               STemWin522_CM4_OS_Keil.lib(gui__managecache.o)
    0x200002a8   0x0000000c   Data   RW         3518    .data               STemWin522_CM4_OS_Keil.lib(gui_onkey.o)
    0x200002b4   0x0000000c   Data   RW         3548    .data               STemWin522_CM4_OS_Keil.lib(gui_waitevent.o)
    0x200002c0   0x00000004   Data   RW         3597    .data               STemWin522_CM4_OS_Keil.lib(guidev_banding.o)
    0x200002c4   0x00000001   Data   RW         3613    .data               STemWin522_CM4_OS_Keil.lib(guidev_staticdevices.o)
    0x200002c5   0x00000003   PAD
    0x200002c8   0x00000004   Data   RW         3625    .data               STemWin522_CM4_OS_Keil.lib(wm__sendmessage.o)
    0x200002cc   0x00000028   Data   RW         3685    .data               STemWin522_CM4_OS_Keil.lib(gui__alpha.o)
    0x200002f4   0x00000020   Data   RW         3762    .data               STemWin522_CM4_OS_Keil.lib(gui_setalpha.o)
    0x20000314   0x00000014   Data   RW         3818    .data               STemWin522_CM4_OS_Keil.lib(gui_timer.o)
    0x20000328   0x00000004   Data   RW         3976    .data               STemWin522_CM4_OS_Keil.lib(lcd_aa.o)
    0x2000032c   0x00000098   Zero   RW          194    .bss                drv_usart.o
    0x200003c4   0x00000058   Zero   RW          236    .bss                tft_lcd.o
    0x2000041c   0x00000280   Zero   RW          271    .bss                drv_lcd_st7735.o
    0x2000069c   0x00000480   Zero   RW         1718    .bss                idle.o
    0x20000b1c   0x00000080   Zero   RW         1770    .bss                kservice.o
    0x20000b9c   0x00000020   Zero   RW         1790    .bss                mem.o
    0x20000bbc   0x00000100   Zero   RW         1861    .bss                scheduler.o
    0x20000cbc   0x00001000   Zero   RW         2090    .bss                guiconf.o
    0x20001cbc   0x00001080   Zero   RW         2171    .bss                gui_init.o
    0x20002d3c   0x00000880   Zero   RW         2336    .bss                shell.o
    0x200035bc   0x00000080   Zero   RW         2448    .bss                finsh_heap.o
    0x2000363c   0x00000140   Zero   RW         2482    .bss                finsh_node.o
    0x2000377c   0x000000c0   Zero   RW         2530    .bss                finsh_var.o
    0x2000383c   0x00000180   Zero   RW         2553    .bss                finsh_vm.o
    0x200039bc   0x000000c8   Zero   RW         2640    .bss                STemWin522_CM4_OS_Keil.lib(gui_alloc.o)
    0x20003a84   0x00000078   Zero   RW         2686    .bss                STemWin522_CM4_OS_Keil.lib(gui_core.o)
    0x20003afc   0x00000028   Zero   RW         2721    .bss                STemWin522_CM4_OS_Keil.lib(gui_curs1.o)
    0x20003b24   0x00000018   Zero   RW         3420    .bss                STemWin522_CM4_OS_Keil.lib(wm.o)
    0x20003b3c   0x00000058   Zero   RW         3517    .bss                STemWin522_CM4_OS_Keil.lib(gui_onkey.o)
    0x20003b94   0x00000048   Zero   RW         3666    .bss                STemWin522_CM4_OS_Keil.lib(wm_touch.o)
    0x20003bdc   0x00000060   Zero   RW         4057    .bss                c_w.l(libspace.o)
    0x20003c3c   0x00000004   PAD
    0x20003c40   0x00000800   Zero   RW          330    HEAP                startup_stm32f407xx.o
    0x20004440   0x00000400   Zero   RW          329    STACK               startup_stm32f407xx.o


==============================================================================

Image component sizes


      Code (inc. data)   RO Data    RW Data    ZI Data      Debug   Object Name

       320         26          0          0          0     352392   board.o
       100          6          0          4          0       1608   clock.o
      3012       1244       1104          4          0      10527   cmd.o
       456        124         57          0          0       2895   completion.o
       216         42         36          0          0      50850   components.o
       268         24          0          0          0        812   context_rvds.o
       400        188         19         16          0       3751   cpuport.o
      1044        114         75          0          0       6309   dataqueue.o
       804        132        168          0          0       4941   device.o
      1284          4          0          0        640       4884   drv_lcd_st7735.o
      1308        138         76          0        152      36431   drv_usart.o
      6168        154          0          8          0      10934   finsh_compiler.o
        44         10        243         64          0       1721   finsh_error.o
       528         18          0          8        128       3447   finsh_heap.o
        88          6          0          0          0       1676   finsh_init.o
       388          4          0          0        320       3472   finsh_node.o
      2780         36        196          0          0       8872   finsh_ops.o
      2428         32          0          0          0       9793   finsh_parser.o
      1664         16        126          0          0       6272   finsh_token.o
       412         18          0          4        192       7445   finsh_var.o
       228         34          0         12        384       7062   finsh_vm.o
       116         28          4          0       4224       1677   gui_init.o
       284         48          0         17          0       3069   gui_x_ex.o
        24          4          0          0       4096        571   guiconf.o
      2220         66         52          0          0      59150   guidrv_template.o
       308         74         22          4       1152       2903   idle.o
      5716        422        471          0          0      20147   ipc.o
        72          6          0          1          0       1406   irq.o
      2636        230        290         12        128      11988   kservice.o
       144         10          0          0          0       1815   lcdconf_lin_template.o
         4          0          0          0          0      11047   main.o
       368         44        141          0          0       1647   maintask.o
      2164        560        358         32         32      11094   mem.o
       732        150         94        164          0       5792   object.o
       736        150         78         28        256       4753   scheduler.o
      2180        314        211          0          0       7889   serial.o
      2532        276        100          4       2176       6119   shell.o
        64         26        392          0       3072        852   startup_stm32f407xx.o
       416         26          0          4          0       4814   stm32f4xx_hal.o
       796         20          0          0          0      32199   stm32f4xx_hal_cortex.o
      1560         16          8          0          0       5112   stm32f4xx_hal_dma.o
       964         50          0          0          0       3747   stm32f4xx_hal_gpio.o
         8          0          0          0          0        818   stm32f4xx_hal_msp_template.o
      2628         66         16          0          0       5670   stm32f4xx_hal_rcc.o
      5528         54          0          0          0      13748   stm32f4xx_hal_spi.o
      3918         28          0          0          0      12779   stm32f4xx_hal_uart.o
        16          0          0          0          0        856   stm32f4xx_it.o
         0          0          0         16          0       4321   symbol.o
       288         32         16          4          0       1747   system_stm32f4xx.o
       844         28          0          4         88       3371   tft_lcd.o
      1436        208        170          0          0       7593   thread.o
      1116        100         92         16          0       6911   timer.o

    ----------------------------------------------------------------------
     63760       5406       4660        432      17040     791699   Object Totals
         0          0         32          0          0          0   (incl. Generated)
         2          0         13          6          0          0   (incl. Padding)

    ----------------------------------------------------------------------

      Code (inc. data)   RO Data    RW Data    ZI Data      Debug   Library Member Name

         0          0       4792          0          0          0   f24_ascii.o
         0          0       1816          0          0          0   f6x8.o
         0          0       3120          0          0          0   f8x16.o
       830         34          0         40          0        796   gui__alpha.o
       668          0          0          0          0        256   gui__compactpixelindices.o
         0          0        256          0          0          0   gui__divtbl_255_31.o
         0          0        256          0          0          0   gui__divtbl_255_63.o
         0          0         32          0          0          0   gui__divtbl_31_255.o
         0          0         64          0          0          0   gui__divtbl_63_255.o
       320          0          0          0          0        156   gui__expandpixelindices.o
        24          0          0          0          0        116   gui__handleeoline.o
        58          0          0          0          0        116   gui__intersectrect.o
        82          0          0          0          0        128   gui__intersectrects.o
       188          8          0          8          0        248   gui__managecache.o
        76          0          0          0          0        124   gui__memset.o
        58          0          0          0          0        124   gui__memset16.o
      1834        116          0          8        200       3112   gui_alloc.o
        46          0          0          0          0        128   gui_alloc_alloczero.o
        68          0          0          0          0        124   gui_calccolordist.o
       164         20          0          0          0        500   gui_char.o
       458         36          0          4          0        760   gui_charline.o
       394         12          0          0          0        492   gui_charm.o
       312         12          0          0          0        624   gui_charp.o
       464         72          8         64        120        888   gui_core.o
       364         38          0         12         40        644   gui_curs1.o
         0          0         32          0          0          0   gui_cursorarrowm.o
         0          0         60          0          0          0   gui_cursorarrowmpx.o
         0          0         24          0          0          0   gui_cursorpal.o
       426         32          8          0          0       1108   gui_device.o
       264          4          0          0          0        136   gui_dispstring.o
        40          6          0          0          0        136   gui_dispstringat.o
        52          4          0          0          0        140   gui_dispstringhcenter.o
       408          4          0          0          0        392   gui_dispstringinrect.o
       244         14          0          0          0        280   gui_drawbitmap.o
       498          8          0          0          0        300   gui_drawgradient.o
        52          4          0          0          0        248   gui_exec.o
       160          0          0          0          0        248   gui_getbitmappixelindex.o
        10          0          0          0          0        116   gui_getclientrect.o
        48          0          0          0          0        248   gui_getcolor.o
        54         10          0          0          0        252   gui_getorg.o
        66         12          0          0          0        360   gui_goto.o
        88          0          0          0          0        124   gui_mergerect.o
        30          0          0          0          0        116   gui_moverect.o
       102         12          0         12         88        476   gui_onkey.o
        28          4          0          0          0        128   gui_pen.o
        56          0          0          0          0        116   gui_rectsintersect.o
        32         10          0          0          0        232   gui_savecontext.o
       128         14          0          8          0        500   gui_selectlayer.o
        26          0          0          0          0        128   gui_selectlcd.o
        36          4          0         32          0        124   gui_setalpha.o
        44          0          0          0          0        256   gui_setcolor.o
        64          6          0          0          0        128   gui_setdefault.o
        24          0          0          0          0        124   gui_setdrawmode.o
        32          6          0          0          0        128   gui_setfont.o
        28          4          0          0          0        128   gui_setlinestyle.o
        64         16          0          0          0        136   gui_setorg.o
        32          6          0          0          0        128   gui_settextalign.o
        32          6          0          0          0        128   gui_settextmode.o
      3878         40         52          0          0       3832   gui_sprite.o
       308         36          0         28          0        632   gui_task.o
       104          6          0          0          0        132   gui_time.o
       354         16          0         20          0        772   gui_timer.o
        84         10          0          0          0        264   gui_uc.o
        18          0         16          0          0        464   gui_uc_encodenone.o
        16          4          0         12          0        116   gui_waitevent.o
       198          0         24          0          0        388   guicc_0.o
        36          0         24          0          0        480   guicc_8888.o
         2          0          0          0          0        116   guicc_8888_index2color.o
         2          0          0          0          0        116   guicc_888_index2color.o
       214         36         24          8          0        528   guicc_m565.o
        44         10          0          0          0        124   guicc_m565_index2color.o
       806         38          0          0          0       1060   guidev.o
      2268         60        116          0          0       2092   guidev_16.o
      2320         62        116          0          0       2244   guidev_32.o
       300         10          0          4          0        260   guidev_banding.o
        68          4          0          0          0        124   guidev_clear.o
        34          0          0          0          0        128   guidev_getdataptr.o
        52          6          0          0          0        128   guidev_getysize.o
        56          4          0          0          0        128   guidev_reduceysize.o
       100          4          0          0          0        128   guidev_setorg.o
       308         12          0          1          0        272   guidev_staticdevices.o
        84          0          0          0          0        260   guidev_usage.o
       460          4         24          0          0        748   guidev_usagebm.o
       116          4          0          0          0        244   guidev_write.o
       280         14          0          0          0        144   guidev_writetoactivealpha.o
      1698         18          8          0          0        576   guidev_writetoactiveopaque.o
      1734        118         12          4          0       2292   lcd.o
        16          6          0          4          0        116   lcd_aa.o
       260         26          0         16          0        628   lcd_color.o
        32         12          0          0          0        232   lcd_getcolorindex.o
       372         32          0          0          0       2020   lcd_getex.o
        26          0          0          0          0        128   lcd_getnumdisplays.o
         0          0        256          0          0          0   lcd_mirror.o
       504         18          0          0          0        276   lcd_readrect.o
        68         10          0          0          0        128   lcd_selectlcd.o
       172          0          0          0          0        524   lcd_set.o
        48         10          0          0          0        128   lcd_setcliprectex.o
        36          4          0          0          0        128   lcd_updatecolorindices.o
      4656        222          0         88         24       6576   wm.o
        18          0          0          0          0        124   wm__getfirstsibling.o
        36          0          0          0          0        128   wm__getprevsibling.o
        60          6          0          4          0        136   wm__sendmessage.o
        38          0          0          0          0        128   wm__sendmessagenopara.o
       220          0          0          0          0        144   wm__updatechildpositions.o
       136          0          0          0          0        140   wm_bringtobottom.o
        16          6          0          0          0        116   wm_criticalhandle.o
       102         10          0          0          0        392   wm_getclientrect.o
        24         10          0          0          0        116   wm_getdesktopwindow.o
        26          0          0          0          0        124   wm_getfirstchild.o
        26          0          0          0          0        124   wm_getparent.o
       292          0          0          0          0        416   wm_move.o
        16          0          0          0          0        124   wm_notifyparent.o
        64          8          0          0          0        136   wm_onkey.o
       246          0          0          0          0        136   wm_resizewindow.o
        26          0          0          0          0        136   wm_sendmessagenopara.o
        38          0          0          0          0        140   wm_sendtoparent.o
        72          0          0          0          0        132   wm_setsize.o
        32          4          0          0          0        128   wm_setusercliprect.o
       124          0          0          0          0        260   wm_timer.o
         0          0          0          0         72          0   wm_touch.o
        90          0          0          0          0          0   __dczerorl2.o
         8          0          0          0          0         68   __main.o
         0          0          0          0          0          0   __rtentry.o
        12          0          0          0          0          0   __rtentry2.o
         6          0          0          0          0          0   __rtentry4.o
        52          8          0          0          0          0   __scatter.o
        28          0          0          0          0          0   __scatter_zi.o
        28          0          0          0          0         68   _chval.o
       158          0          0          0          0         92   _strtoul.o
        16          0          0          0          0         68   aeabi_memset.o
        26          0          0          0          0         80   atoi.o
        18          0          0          0          0         80   exit.o
         6          0          0          0          0        152   heapauxi.o
         0          0          0          0          0          0   indicate_semi.o
        44         10        272          0          0         76   lc_ctype_c.o
         2          0          0          0          0          0   libinit.o
        24          0          0          0          0          0   libinit2.o
         2          0          0          0          0          0   libshutdown.o
         2          0          0          0          0          0   libshutdown2.o
         8          4          0          0         96         68   libspace.o
        16          4          0          0          0         76   rt_ctype_table.o
         8          4          0          0          0         68   rt_errno_addr_intlibspace.o
         8          4          0          0          0         68   rt_locale_intlibspace.o
        68          0          0          0          0         68   rt_memclr.o
        78          0          0          0          0         80   rt_memclr_w.o
       138          0          0          0          0         68   rt_memcpy_v6.o
       100          0          0          0          0         80   rt_memcpy_w.o
       132          0          0          0          0         68   rt_memmove_v6.o
       122          0          0          0          0         80   rt_memmove_w.o
         2          0          0          0          0          0   rtexit.o
        10          0          0          0          0          0   rtexit2.o
       128          0          0          0          0         68   strcmpv7m.o
        62          0          0          0          0         76   strlen.o
       150          0          0          0          0         80   strncmp.o
        86          0          0          0          0         76   strncpy.o
       112          0          0          0          0         88   strtol.o
        12          4          0          0          0         68   sys_exit.o
        74          0          0          0          0         80   sys_stackheap_outer.o
         2          0          0          0          0         68   use_no_semi.o
        10          0          0          0          0        116   fpinit.o

    ----------------------------------------------------------------------
     35256       1472      11412        380        644      51484   Library Totals
        88          0          0          3          4          0   (incl. Padding)

    ----------------------------------------------------------------------

      Code (inc. data)   RO Data    RW Data    ZI Data      Debug   Library Name

     33320       1434      11140        377        544      49356   STemWin522_CM4_OS_Keil.lib
      1838         38        272          0         96       2012   c_w.l
        10          0          0          0          0        116   fz_wm.l

    ----------------------------------------------------------------------
     35256       1472      11412        380        644      51484   Library Totals

    ----------------------------------------------------------------------

==============================================================================


      Code (inc. data)   RO Data    RW Data    ZI Data      Debug   

     99016       6878      16072        812      17684     794439   Grand Totals
     99016       6878      16072        196      17684     794439   ELF Image Totals (compressed)
     99016       6878      16072        196          0          0   ROM Totals

==============================================================================

    Total RO  Size (Code + RO Data)               115088 ( 112.39kB)
    Total RW  Size (RW Data + ZI Data)             18496 (  18.06kB)
    Total ROM Size (Code + RO Data + RW Data)     115284 ( 112.58kB)

==============================================================================

