<!doctype html public "-//w3c//dtd html 4.0 transitional//en">
<html><head>
<title>Static Call Graph - [.\build\stm32f4xx.axf]</title></head>
<body><HR>
<H1>Static Call Graph for image .\build\stm32f4xx.axf</H1><HR>
<BR><P>#&#060CALLGRAPH&#062# ARM Linker, 5060061: Last Updated: Mon Aug 01 20:54:23 2016
<BR><P>
<H3>Maximum Stack Usage =        808 bytes + Unknown(Functions without stacksize, Cycles, Untraceable Function Pointers)</H3><H3>
Call chain for Maximum Stack Depth:</H3>
copy &rArr; copydir &rArr;  copydir (Cycle)
<P>
<H3>
Functions with no stack information
</H3><UL>
 <LI><a href="#[3bf]">__user_initial_stackheap</a>
</UL>
</UL>
<P>
<H3>
Mutually Recursive functions
</H3> <LI><a href="#[218]">rt_device_write</a>&nbsp;&nbsp;&nbsp;&rArr;&nbsp;&nbsp;&nbsp;<a href="#[18d]">rt_assert_handler</a><BR>
 <LI><a href="#[1f]">DebugMon_Handler</a>&nbsp;&nbsp;&nbsp;&rArr;&nbsp;&nbsp;&nbsp;<a href="#[1f]">DebugMon_Handler</a><BR>
 <LI><a href="#[34]">ADC_IRQHandler</a>&nbsp;&nbsp;&nbsp;&rArr;&nbsp;&nbsp;&nbsp;<a href="#[34]">ADC_IRQHandler</a><BR>
 <LI><a href="#[2a4]">copydir</a>&nbsp;&nbsp;&nbsp;&rArr;&nbsp;&nbsp;&nbsp;<a href="#[2a4]">copydir</a><BR>
 <LI><a href="#[31d]">proc_assign_expr</a>&nbsp;&nbsp;&nbsp;&rArr;&nbsp;&nbsp;&nbsp;<a href="#[31d]">proc_assign_expr</a><BR>
 <LI><a href="#[324]">proc_cast_expr</a>&nbsp;&nbsp;&nbsp;&rArr;&nbsp;&nbsp;&nbsp;<a href="#[324]">proc_cast_expr</a><BR>
 <LI><a href="#[323]">proc_unary_expr</a>&nbsp;&nbsp;&nbsp;&rArr;&nbsp;&nbsp;&nbsp;<a href="#[324]">proc_cast_expr</a><BR>
 <LI><a href="#[321]">proc_primary_expr</a>&nbsp;&nbsp;&nbsp;&rArr;&nbsp;&nbsp;&nbsp;<a href="#[31f]">proc_expr</a><BR>
 <LI><a href="#[31c]">proc_param_list</a>&nbsp;&nbsp;&nbsp;&rArr;&nbsp;&nbsp;&nbsp;<a href="#[31d]">proc_assign_expr</a><BR>
 <LI><a href="#[302]">finsh_type_check</a>&nbsp;&nbsp;&nbsp;&rArr;&nbsp;&nbsp;&nbsp;<a href="#[302]">finsh_type_check</a><BR>
 <LI><a href="#[300]">finsh_compile</a>&nbsp;&nbsp;&nbsp;&rArr;&nbsp;&nbsp;&nbsp;<a href="#[300]">finsh_compile</a><BR>
 <LI><a href="#[52d]">_PopFreeBlock</a>&nbsp;&nbsp;&nbsp;&rArr;&nbsp;&nbsp;&nbsp;<a href="#[54a]">_EnlargeBlocks</a><BR>
 <LI><a href="#[415]">_Alloc</a>&nbsp;&nbsp;&nbsp;&rArr;&nbsp;&nbsp;&nbsp;<a href="#[41b]">_InitOnce</a><BR>
 <LI><a href="#[522]">WM__InvalidateRect</a>&nbsp;&nbsp;&nbsp;&rArr;&nbsp;&nbsp;&nbsp;<a href="#[522]">WM__InvalidateRect</a><BR>
 <LI><a href="#[503]">WM_InvalidateWindowAndDescsEx</a>&nbsp;&nbsp;&nbsp;&rArr;&nbsp;&nbsp;&nbsp;<a href="#[503]">WM_InvalidateWindowAndDescsEx</a><BR>
 <LI><a href="#[4fd]">WM__InvalidateDrawAndDescs</a>&nbsp;&nbsp;&nbsp;&rArr;&nbsp;&nbsp;&nbsp;<a href="#[4fd]">WM__InvalidateDrawAndDescs</a><BR>
 <LI><a href="#[4e8]">WM_SendToParent</a>&nbsp;&nbsp;&nbsp;&rArr;&nbsp;&nbsp;&nbsp;<a href="#[3dd]">WM__SendMessage</a><BR>
 <LI><a href="#[4ed]">_DeleteAllChildren</a>&nbsp;&nbsp;&nbsp;&rArr;&nbsp;&nbsp;&nbsp;<a href="#[436]">WM_DeleteWindow</a><BR>
 <LI><a href="#[527]">_PaintTransChildren</a>&nbsp;&nbsp;&nbsp;&rArr;&nbsp;&nbsp;&nbsp;<a href="#[527]">_PaintTransChildren</a><BR>
 <LI><a href="#[54c]">_Findy1</a>&nbsp;&nbsp;&nbsp;&rArr;&nbsp;&nbsp;&nbsp;<a href="#[54c]">_Findy1</a><BR>
 <LI><a href="#[54e]">_Findx1</a>&nbsp;&nbsp;&nbsp;&rArr;&nbsp;&nbsp;&nbsp;<a href="#[54e]">_Findx1</a><BR>
 <LI><a href="#[54d]">_Findx0</a>&nbsp;&nbsp;&nbsp;&rArr;&nbsp;&nbsp;&nbsp;<a href="#[54d]">_Findx0</a><BR>
 <LI><a href="#[502]">WM_InvalidateWindowAndDescs</a>&nbsp;&nbsp;&nbsp;&rArr;&nbsp;&nbsp;&nbsp;<a href="#[502]">WM_InvalidateWindowAndDescs</a><BR>
 <LI><a href="#[4f3]">WM__ForEachDesc</a>&nbsp;&nbsp;&nbsp;&rArr;&nbsp;&nbsp;&nbsp;<a href="#[4f3]">WM__ForEachDesc</a><BR>
 <LI><a href="#[50e]">WM_ResizeWindow</a>&nbsp;&nbsp;&nbsp;&rArr;&nbsp;&nbsp;&nbsp;<a href="#[4d3]">WM__UpdateChildPositions</a><BR>
 <LI><a href="#[523]">_MoveDescendents</a>&nbsp;&nbsp;&nbsp;&rArr;&nbsp;&nbsp;&nbsp;<a href="#[523]">_MoveDescendents</a><BR>
 <LI><a href="#[4f5]">_GetDialogItem</a>&nbsp;&nbsp;&nbsp;&rArr;&nbsp;&nbsp;&nbsp;<a href="#[4f5]">_GetDialogItem</a><BR>
 <LI><a href="#[4f8]">_GetDialogItem</a>&nbsp;&nbsp;&nbsp;&rArr;&nbsp;&nbsp;&nbsp;<a href="#[4f8]">_GetDialogItem</a><BR>
</UL>
<P>
<H3>
Function Pointers
</H3><UL>
 <LI><a href="#[34]">ADC_IRQHandler</a> from startup_stm32f407xx.o(.text) referenced from startup_stm32f407xx.o(RESET)
 <LI><a href="#[a1]">BUTTON_Callback</a> from button.o(i.BUTTON_Callback) referenced from button.o(i.BUTTON_CreateUser)
 <LI><a href="#[100]">BUTTON_CreateIndirect</a> from button_createindirect.o(i.BUTTON_CreateIndirect) referenced 4 times from guidemo.o(.constdata)
 <LI><a href="#[99]">BUTTON_DrawSkinFlex</a> from button_skinflex.o(i.BUTTON_DrawSkinFlex) referenced from guidemo.o(.text)
 <LI><a href="#[1c]">BusFault_Handler</a> from stm32f4xx_it.o(.text) referenced from startup_stm32f407xx.o(RESET)
 <LI><a href="#[36]">CAN1_RX0_IRQHandler</a> from startup_stm32f407xx.o(.text) referenced from startup_stm32f407xx.o(RESET)
 <LI><a href="#[37]">CAN1_RX1_IRQHandler</a> from startup_stm32f407xx.o(.text) referenced from startup_stm32f407xx.o(RESET)
 <LI><a href="#[38]">CAN1_SCE_IRQHandler</a> from startup_stm32f407xx.o(.text) referenced from startup_stm32f407xx.o(RESET)
 <LI><a href="#[35]">CAN1_TX_IRQHandler</a> from startup_stm32f407xx.o(.text) referenced from startup_stm32f407xx.o(RESET)
 <LI><a href="#[62]">CAN2_RX0_IRQHandler</a> from startup_stm32f407xx.o(.text) referenced from startup_stm32f407xx.o(RESET)
 <LI><a href="#[63]">CAN2_RX1_IRQHandler</a> from startup_stm32f407xx.o(.text) referenced from startup_stm32f407xx.o(RESET)
 <LI><a href="#[64]">CAN2_SCE_IRQHandler</a> from startup_stm32f407xx.o(.text) referenced from startup_stm32f407xx.o(RESET)
 <LI><a href="#[61]">CAN2_TX_IRQHandler</a> from startup_stm32f407xx.o(.text) referenced from startup_stm32f407xx.o(RESET)
 <LI><a href="#[70]">DCMI_IRQHandler</a> from startup_stm32f407xx.o(.text) referenced from startup_stm32f407xx.o(RESET)
 <LI><a href="#[2d]">DMA1_Stream0_IRQHandler</a> from startup_stm32f407xx.o(.text) referenced from startup_stm32f407xx.o(RESET)
 <LI><a href="#[2e]">DMA1_Stream1_IRQHandler</a> from startup_stm32f407xx.o(.text) referenced from startup_stm32f407xx.o(RESET)
 <LI><a href="#[2f]">DMA1_Stream2_IRQHandler</a> from startup_stm32f407xx.o(.text) referenced from startup_stm32f407xx.o(RESET)
 <LI><a href="#[30]">DMA1_Stream3_IRQHandler</a> from startup_stm32f407xx.o(.text) referenced from startup_stm32f407xx.o(RESET)
 <LI><a href="#[31]">DMA1_Stream4_IRQHandler</a> from startup_stm32f407xx.o(.text) referenced from startup_stm32f407xx.o(RESET)
 <LI><a href="#[32]">DMA1_Stream5_IRQHandler</a> from startup_stm32f407xx.o(.text) referenced from startup_stm32f407xx.o(RESET)
 <LI><a href="#[33]">DMA1_Stream6_IRQHandler</a> from startup_stm32f407xx.o(.text) referenced from startup_stm32f407xx.o(RESET)
 <LI><a href="#[51]">DMA1_Stream7_IRQHandler</a> from startup_stm32f407xx.o(.text) referenced from startup_stm32f407xx.o(RESET)
 <LI><a href="#[5a]">DMA2_Stream0_IRQHandler</a> from startup_stm32f407xx.o(.text) referenced from startup_stm32f407xx.o(RESET)
 <LI><a href="#[5b]">DMA2_Stream1_IRQHandler</a> from startup_stm32f407xx.o(.text) referenced from startup_stm32f407xx.o(RESET)
 <LI><a href="#[5c]">DMA2_Stream2_IRQHandler</a> from startup_stm32f407xx.o(.text) referenced from startup_stm32f407xx.o(RESET)
 <LI><a href="#[5d]">DMA2_Stream3_IRQHandler</a> from startup_stm32f407xx.o(.text) referenced from startup_stm32f407xx.o(RESET)
 <LI><a href="#[5e]">DMA2_Stream4_IRQHandler</a> from startup_stm32f407xx.o(.text) referenced from startup_stm32f407xx.o(RESET)
 <LI><a href="#[66]">DMA2_Stream5_IRQHandler</a> from startup_stm32f407xx.o(.text) referenced from startup_stm32f407xx.o(RESET)
 <LI><a href="#[67]">DMA2_Stream6_IRQHandler</a> from startup_stm32f407xx.o(.text) referenced from startup_stm32f407xx.o(RESET)
 <LI><a href="#[68]">DMA2_Stream7_IRQHandler</a> from startup_stm32f407xx.o(.text) referenced from startup_stm32f407xx.o(RESET)
 <LI><a href="#[1f]">DebugMon_Handler</a> from startup_stm32f407xx.o(.text) referenced from startup_stm32f407xx.o(RESET)
 <LI><a href="#[5f]">ETH_IRQHandler</a> from startup_stm32f407xx.o(.text) referenced from startup_stm32f407xx.o(RESET)
 <LI><a href="#[60]">ETH_WKUP_IRQHandler</a> from startup_stm32f407xx.o(.text) referenced from startup_stm32f407xx.o(RESET)
 <LI><a href="#[28]">EXTI0_IRQHandler</a> from startup_stm32f407xx.o(.text) referenced from startup_stm32f407xx.o(RESET)
 <LI><a href="#[4a]">EXTI15_10_IRQHandler</a> from startup_stm32f407xx.o(.text) referenced from startup_stm32f407xx.o(RESET)
 <LI><a href="#[29]">EXTI1_IRQHandler</a> from startup_stm32f407xx.o(.text) referenced from startup_stm32f407xx.o(RESET)
 <LI><a href="#[2a]">EXTI2_IRQHandler</a> from startup_stm32f407xx.o(.text) referenced from startup_stm32f407xx.o(RESET)
 <LI><a href="#[2b]">EXTI3_IRQHandler</a> from startup_stm32f407xx.o(.text) referenced from startup_stm32f407xx.o(RESET)
 <LI><a href="#[2c]">EXTI4_IRQHandler</a> from startup_stm32f407xx.o(.text) referenced from startup_stm32f407xx.o(RESET)
 <LI><a href="#[39]">EXTI9_5_IRQHandler</a> from startup_stm32f407xx.o(.text) referenced from startup_stm32f407xx.o(RESET)
 <LI><a href="#[26]">FLASH_IRQHandler</a> from startup_stm32f407xx.o(.text) referenced from startup_stm32f407xx.o(RESET)
 <LI><a href="#[52]">FMC_IRQHandler</a> from startup_stm32f407xx.o(.text) referenced from startup_stm32f407xx.o(RESET)
 <LI><a href="#[72]">FPU_IRQHandler</a> from startup_stm32f407xx.o(.text) referenced from startup_stm32f407xx.o(RESET)
 <LI><a href="#[a4]">FRAMEWIN_Callback</a> from framewin.o(i.FRAMEWIN_Callback) referenced from framewin.o(i.FRAMEWIN_CreateUser)
 <LI><a href="#[ff]">FRAMEWIN_CreateIndirect</a> from framewin_createindirect.o(i.FRAMEWIN_CreateIndirect) referenced 2 times from guidemo.o(.constdata)
 <LI><a href="#[8]">FRAMEWIN_DrawSkinFlex</a> from framewin_skinflex.o(i.FRAMEWIN_DrawSkinFlex) referenced 2 times from framewin_skin.o(.data)
 <LI><a href="#[b8]">FRAMEWIN_OwnerDraw</a> from framewin_skinclassic.o(i.FRAMEWIN_OwnerDraw) referenced from framewin_skinclassic.o(i._Create)
 <LI><a href="#[6]">FRAMEWIN__GetBorderSize</a> from framewin.o(i.FRAMEWIN__GetBorderSize) referenced 2 times from framewin.o(.data)
 <LI><a href="#[a5]">FRAMEWIN__cbClient</a> from framewin.o(i.FRAMEWIN__cbClient) referenced from framewin.o(i.FRAMEWIN_CreateUser)
 <LI><a href="#[10f]">GUIMONO_DispChar</a> from gui_charm.o(i.GUIMONO_DispChar) referenced from f6x8.o(.constdata)
 <LI><a href="#[110]">GUIMONO_GetCharDistX</a> from gui_charm.o(i.GUIMONO_GetCharDistX) referenced from f6x8.o(.constdata)
 <LI><a href="#[111]">GUIMONO_GetFontInfo</a> from gui_charm.o(i.GUIMONO_GetFontInfo) referenced from f6x8.o(.constdata)
 <LI><a href="#[112]">GUIMONO_IsInFont</a> from gui_charm.o(i.GUIMONO_IsInFont) referenced from f6x8.o(.constdata)
 <LI><a href="#[10b]">GUIPROP_DispChar</a> from gui_charp.o(i.GUIPROP_DispChar) referenced 4 times from f16_ascii.o(.constdata)
 <LI><a href="#[10c]">GUIPROP_GetCharDistX</a> from gui_charp.o(i.GUIPROP_GetCharDistX) referenced 4 times from f16_ascii.o(.constdata)
 <LI><a href="#[10d]">GUIPROP_GetFontInfo</a> from gui_charp.o(i.GUIPROP_GetFontInfo) referenced 4 times from f16_ascii.o(.constdata)
 <LI><a href="#[10e]">GUIPROP_IsInFont</a> from gui_charp.o(i.GUIPROP_IsInFont) referenced 4 times from f16_ascii.o(.constdata)
 <LI><a href="#[ae]">GUI_DrawGradientH</a> from gui_drawgradient.o(i.GUI_DrawGradientH) referenced from scrollbar_skinflex.o(i.SCROLLBAR_DrawSkinFlex)
 <LI><a href="#[b1]">GUI_DrawGradientV</a> from gui_drawgradient.o(i.GUI_DrawGradientV) referenced from scrollbar_skinflex.o(i.SCROLLBAR_DrawSkinFlex)
 <LI><a href="#[bd]">GUI_MEMDEV_Paint1Static</a> from guidev_staticdevices.o(i.GUI_MEMDEV_Paint1Static) referenced from wm.o(i._Paint1)
 <LI><a href="#[bb]">GUI_MEMDEV__WriteToActiveAlpha</a> from guidev_writetoactivealpha.o(i.GUI_MEMDEV__WriteToActiveAlpha) referenced from guidev_32.o(i._GetDevFunc)
 <LI><a href="#[ba]">GUI_MEMDEV__WriteToActiveOpaque</a> from guidev_writetoactiveopaque.o(i.GUI_MEMDEV__WriteToActiveOpaque) referenced from guidev_16.o(i._GetDevFunc)
 <LI><a href="#[133]">GUI_USAGE_BM_AddHLine</a> from guidev_usagebm.o(i.GUI_USAGE_BM_AddHLine) referenced from guidev_usagebm.o(.constdata)
 <LI><a href="#[132]">GUI_USAGE_BM_AddPixel</a> from guidev_usagebm.o(i.GUI_USAGE_BM_AddPixel) referenced from guidev_usagebm.o(.constdata)
 <LI><a href="#[134]">GUI_USAGE_BM_Clear</a> from guidev_usagebm.o(i.GUI_USAGE_BM_Clear) referenced from guidev_usagebm.o(.constdata)
 <LI><a href="#[136]">GUI_USAGE_BM_GetNextDirty</a> from guidev_usagebm.o(i.GUI_USAGE_BM_GetNextDirty) referenced from guidev_usagebm.o(.constdata)
 <LI><a href="#[15]">GUI_X_ExecIdle</a> from gui_x.o(.text) referenced 2 times from gui_waitevent.o(.data)
 <LI><a href="#[13]">GUI__MixColors</a> from gui__alpha.o(i.GUI__MixColors) referenced 2 times from gui__alpha.o(.data)
 <LI><a href="#[14]">GUI__MixColorsBulk</a> from gui__alpha.o(i.GUI__MixColorsBulk) referenced 2 times from gui__alpha.o(.data)
 <LI><a href="#[71]">HASH_RNG_IRQHandler</a> from startup_stm32f407xx.o(.text) referenced from startup_stm32f407xx.o(RESET)
 <LI><a href="#[9c]">HEADER_DrawSkinFlex</a> from header_skinflex.o(i.HEADER_DrawSkinFlex) referenced from guidemo.o(.text)
 <LI><a href="#[1a]">HardFault_Handler</a> from context_rvds.o(.text) referenced from startup_stm32f407xx.o(RESET)
 <LI><a href="#[42]">I2C1_ER_IRQHandler</a> from startup_stm32f407xx.o(.text) referenced from startup_stm32f407xx.o(RESET)
 <LI><a href="#[41]">I2C1_EV_IRQHandler</a> from startup_stm32f407xx.o(.text) referenced from startup_stm32f407xx.o(RESET)
 <LI><a href="#[44]">I2C2_ER_IRQHandler</a> from startup_stm32f407xx.o(.text) referenced from startup_stm32f407xx.o(RESET)
 <LI><a href="#[43]">I2C2_EV_IRQHandler</a> from startup_stm32f407xx.o(.text) referenced from startup_stm32f407xx.o(RESET)
 <LI><a href="#[6b]">I2C3_ER_IRQHandler</a> from startup_stm32f407xx.o(.text) referenced from startup_stm32f407xx.o(RESET)
 <LI><a href="#[6a]">I2C3_EV_IRQHandler</a> from startup_stm32f407xx.o(.text) referenced from startup_stm32f407xx.o(RESET)
 <LI><a href="#[a7]">LCD_DrawHLine</a> from lcd.o(i.LCD_DrawHLine) referenced from gui_core.o(.constdata)
 <LI><a href="#[a7]">LCD_DrawHLine</a> from lcd.o(i.LCD_DrawHLine) referenced from gui_drawgradient.o(i.GUI_DrawGradientV)
 <LI><a href="#[106]">LCD_DrawPixel</a> from lcd.o(i.LCD_DrawPixel) referenced from gui_core.o(.constdata)
 <LI><a href="#[a6]">LCD_DrawVLine</a> from lcd.o(i.LCD_DrawVLine) referenced from gui_drawgradient.o(i.GUI_DrawGradientH)
 <LI><a href="#[2]">LCD_GetpPalConvTableBM</a> from lcd_color.o(i.LCD_GetpPalConvTableBM) referenced 2 times from gui_core.o(.data)
 <LI><a href="#[aa]">LCD_Index2Color_888</a> from guicc_888_index2color.o(i.LCD_Index2Color_888) referenced from gui__alpha.o(i.GUI__DoAlphaBlending)
 <LI><a href="#[a8]">LCD_Index2Color_8888</a> from guicc_8888_index2color.o(i.LCD_Index2Color_8888) referenced from guicc_8888.o(.constdata)
 <LI><a href="#[a8]">LCD_Index2Color_8888</a> from guicc_8888_index2color.o(i.LCD_Index2Color_8888) referenced from guidev_writetoactivealpha.o(i.GUI_MEMDEV__WriteToActiveAlpha)
 <LI><a href="#[a8]">LCD_Index2Color_8888</a> from guicc_8888_index2color.o(i.LCD_Index2Color_8888) referenced from gui__alpha.o(i.GUI__DoAlphaBlending)
 <LI><a href="#[102]">LCD_Index2Color_M565</a> from guicc_m565_index2color.o(i.LCD_Index2Color_M565) referenced from guicc_m565.o(.constdata)
 <LI><a href="#[1b]">MemManage_Handler</a> from stm32f4xx_it.o(.text) referenced from startup_stm32f407xx.o(RESET)
 <LI><a href="#[19]">NMI_Handler</a> from stm32f4xx_it.o(.text) referenced from startup_stm32f407xx.o(RESET)
 <LI><a href="#[c4]">OP_add_byte</a> from finsh_ops.o(.text) referenced from finsh_ops.o(.constdata)
 <LI><a href="#[c6]">OP_add_dword</a> from finsh_ops.o(.text) referenced from finsh_ops.o(.constdata)
 <LI><a href="#[c5]">OP_add_word</a> from finsh_ops.o(.text) referenced from finsh_ops.o(.constdata)
 <LI><a href="#[d3]">OP_and_byte</a> from finsh_ops.o(.text) referenced from finsh_ops.o(.constdata)
 <LI><a href="#[d5]">OP_and_dword</a> from finsh_ops.o(.text) referenced from finsh_ops.o(.constdata)
 <LI><a href="#[d4]">OP_and_word</a> from finsh_ops.o(.text) referenced from finsh_ops.o(.constdata)
 <LI><a href="#[dc]">OP_bw_byte</a> from finsh_ops.o(.text) referenced from finsh_ops.o(.constdata)
 <LI><a href="#[de]">OP_bw_dword</a> from finsh_ops.o(.text) referenced from finsh_ops.o(.constdata)
 <LI><a href="#[dd]">OP_bw_word</a> from finsh_ops.o(.text) referenced from finsh_ops.o(.constdata)
 <LI><a href="#[ef]">OP_call</a> from finsh_ops.o(.text) referenced from finsh_ops.o(.constdata)
 <LI><a href="#[ca]">OP_div_byte</a> from finsh_ops.o(.text) referenced from finsh_ops.o(.constdata)
 <LI><a href="#[cc]">OP_div_dword</a> from finsh_ops.o(.text) referenced from finsh_ops.o(.constdata)
 <LI><a href="#[cb]">OP_div_word</a> from finsh_ops.o(.text) referenced from finsh_ops.o(.constdata)
 <LI><a href="#[e5]">OP_ld_byte</a> from finsh_ops.o(.text) referenced from finsh_ops.o(.constdata)
 <LI><a href="#[e7]">OP_ld_dword</a> from finsh_ops.o(.text) referenced from finsh_ops.o(.constdata)
 <LI><a href="#[e8]">OP_ld_value_byte</a> from finsh_ops.o(.text) referenced from finsh_ops.o(.constdata)
 <LI><a href="#[f0]">OP_ld_value_byte_stack</a> from finsh_ops.o(.text) referenced from finsh_ops.o(.constdata)
 <LI><a href="#[ea]">OP_ld_value_dword</a> from finsh_ops.o(.text) referenced from finsh_ops.o(.constdata)
 <LI><a href="#[f2]">OP_ld_value_dword_stack</a> from finsh_ops.o(.text) referenced from finsh_ops.o(.constdata)
 <LI><a href="#[e9]">OP_ld_value_word</a> from finsh_ops.o(.text) referenced from finsh_ops.o(.constdata)
 <LI><a href="#[f1]">OP_ld_value_word_stack</a> from finsh_ops.o(.text) referenced from finsh_ops.o(.constdata)
 <LI><a href="#[e6]">OP_ld_word</a> from finsh_ops.o(.text) referenced from finsh_ops.o(.constdata)
 <LI><a href="#[cd]">OP_mod_byte</a> from finsh_ops.o(.text) referenced from finsh_ops.o(.constdata)
 <LI><a href="#[cf]">OP_mod_dword</a> from finsh_ops.o(.text) referenced from finsh_ops.o(.constdata)
 <LI><a href="#[ce]">OP_mod_word</a> from finsh_ops.o(.text) referenced from finsh_ops.o(.constdata)
 <LI><a href="#[d0]">OP_mul_byte</a> from finsh_ops.o(.text) referenced from finsh_ops.o(.constdata)
 <LI><a href="#[d2]">OP_mul_dword</a> from finsh_ops.o(.text) referenced from finsh_ops.o(.constdata)
 <LI><a href="#[d1]">OP_mul_word</a> from finsh_ops.o(.text) referenced from finsh_ops.o(.constdata)
 <LI><a href="#[c3]">OP_no_op</a> from finsh_ops.o(.text) referenced from finsh_ops.o(.constdata)
 <LI><a href="#[d6]">OP_or_byte</a> from finsh_ops.o(.text) referenced from finsh_ops.o(.constdata)
 <LI><a href="#[d8]">OP_or_dword</a> from finsh_ops.o(.text) referenced from finsh_ops.o(.constdata)
 <LI><a href="#[d7]">OP_or_word</a> from finsh_ops.o(.text) referenced from finsh_ops.o(.constdata)
 <LI><a href="#[ee]">OP_pop</a> from finsh_ops.o(.text) referenced from finsh_ops.o(.constdata)
 <LI><a href="#[df]">OP_shl_byte</a> from finsh_ops.o(.text) referenced from finsh_ops.o(.constdata)
 <LI><a href="#[e1]">OP_shl_dword</a> from finsh_ops.o(.text) referenced from finsh_ops.o(.constdata)
 <LI><a href="#[e0]">OP_shl_word</a> from finsh_ops.o(.text) referenced from finsh_ops.o(.constdata)
 <LI><a href="#[e2]">OP_shr_byte</a> from finsh_ops.o(.text) referenced from finsh_ops.o(.constdata)
 <LI><a href="#[e4]">OP_shr_dword</a> from finsh_ops.o(.text) referenced from finsh_ops.o(.constdata)
 <LI><a href="#[e3]">OP_shr_word</a> from finsh_ops.o(.text) referenced from finsh_ops.o(.constdata)
 <LI><a href="#[eb]">OP_st_byte</a> from finsh_ops.o(.text) referenced from finsh_ops.o(.constdata)
 <LI><a href="#[ed]">OP_st_dword</a> from finsh_ops.o(.text) referenced from finsh_ops.o(.constdata)
 <LI><a href="#[ec]">OP_st_word</a> from finsh_ops.o(.text) referenced from finsh_ops.o(.constdata)
 <LI><a href="#[c7]">OP_sub_byte</a> from finsh_ops.o(.text) referenced from finsh_ops.o(.constdata)
 <LI><a href="#[c9]">OP_sub_dword</a> from finsh_ops.o(.text) referenced from finsh_ops.o(.constdata)
 <LI><a href="#[c8]">OP_sub_word</a> from finsh_ops.o(.text) referenced from finsh_ops.o(.constdata)
 <LI><a href="#[d9]">OP_xor_byte</a> from finsh_ops.o(.text) referenced from finsh_ops.o(.constdata)
 <LI><a href="#[db]">OP_xor_dword</a> from finsh_ops.o(.text) referenced from finsh_ops.o(.constdata)
 <LI><a href="#[da]">OP_xor_word</a> from finsh_ops.o(.text) referenced from finsh_ops.o(.constdata)
 <LI><a href="#[65]">OTG_FS_IRQHandler</a> from startup_stm32f407xx.o(.text) referenced from startup_stm32f407xx.o(RESET)
 <LI><a href="#[4c]">OTG_FS_WKUP_IRQHandler</a> from startup_stm32f407xx.o(.text) referenced from startup_stm32f407xx.o(RESET)
 <LI><a href="#[6d]">OTG_HS_EP1_IN_IRQHandler</a> from startup_stm32f407xx.o(.text) referenced from startup_stm32f407xx.o(RESET)
 <LI><a href="#[6c]">OTG_HS_EP1_OUT_IRQHandler</a> from startup_stm32f407xx.o(.text) referenced from startup_stm32f407xx.o(RESET)
 <LI><a href="#[6f]">OTG_HS_IRQHandler</a> from startup_stm32f407xx.o(.text) referenced from startup_stm32f407xx.o(RESET)
 <LI><a href="#[6e]">OTG_HS_WKUP_IRQHandler</a> from startup_stm32f407xx.o(.text) referenced from startup_stm32f407xx.o(RESET)
 <LI><a href="#[98]">PROGBAR_DrawSkinFlex</a> from progbar_skinflex.o(i.PROGBAR_DrawSkinFlex) referenced from guidemo.o(.text)
 <LI><a href="#[23]">PVD_IRQHandler</a> from startup_stm32f407xx.o(.text) referenced from startup_stm32f407xx.o(RESET)
 <LI><a href="#[20]">PendSV_Handler</a> from context_rvds.o(.text) referenced from startup_stm32f407xx.o(RESET)
 <LI><a href="#[27]">RCC_IRQHandler</a> from startup_stm32f407xx.o(.text) referenced from startup_stm32f407xx.o(RESET)
 <LI><a href="#[4b]">RTC_Alarm_IRQHandler</a> from startup_stm32f407xx.o(.text) referenced from startup_stm32f407xx.o(RESET)
 <LI><a href="#[25]">RTC_WKUP_IRQHandler</a> from startup_stm32f407xx.o(.text) referenced from startup_stm32f407xx.o(RESET)
 <LI><a href="#[18]">Reset_Handler</a> from startup_stm32f407xx.o(.text) referenced from startup_stm32f407xx.o(RESET)
 <LI><a href="#[9a]">SCROLLBAR_DrawSkinFlex</a> from scrollbar_skinflex.o(i.SCROLLBAR_DrawSkinFlex) referenced from guidemo.o(.text)
 <LI><a href="#[53]">SDIO_IRQHandler</a> from startup_stm32f407xx.o(.text) referenced from startup_stm32f407xx.o(RESET)
 <LI><a href="#[9b]">SLIDER_DrawSkinFlex</a> from slider_skinflex.o(i.SLIDER_DrawSkinFlex) referenced from guidemo.o(.text)
 <LI><a href="#[45]">SPI1_IRQHandler</a> from startup_stm32f407xx.o(.text) referenced from startup_stm32f407xx.o(RESET)
 <LI><a href="#[46]">SPI2_IRQHandler</a> from startup_stm32f407xx.o(.text) referenced from startup_stm32f407xx.o(RESET)
 <LI><a href="#[55]">SPI3_IRQHandler</a> from startup_stm32f407xx.o(.text) referenced from startup_stm32f407xx.o(RESET)
 <LI><a href="#[76]">SPI_2LinesRxISR</a> from stm32f4xx_hal_spi.o(.text) referenced from stm32f4xx_hal_spi.o(.text)
 <LI><a href="#[7a]">SPI_DMAError</a> from stm32f4xx_hal_spi.o(.text) referenced 2 times from stm32f4xx_hal_spi.o(.text)
 <LI><a href="#[7b]">SPI_DMAHalfReceiveCplt</a> from stm32f4xx_hal_spi.o(.text) referenced 2 times from stm32f4xx_hal_spi.o(.text)
 <LI><a href="#[78]">SPI_DMAHalfTransmitCplt</a> from stm32f4xx_hal_spi.o(.text) referenced from stm32f4xx_hal_spi.o(.text)
 <LI><a href="#[7d]">SPI_DMAHalfTransmitReceiveCplt</a> from stm32f4xx_hal_spi.o(.text) referenced from stm32f4xx_hal_spi.o(.text)
 <LI><a href="#[7c]">SPI_DMAReceiveCplt</a> from stm32f4xx_hal_spi.o(.text) referenced 2 times from stm32f4xx_hal_spi.o(.text)
 <LI><a href="#[79]">SPI_DMATransmitCplt</a> from stm32f4xx_hal_spi.o(.text) referenced from stm32f4xx_hal_spi.o(.text)
 <LI><a href="#[7e]">SPI_DMATransmitReceiveCplt</a> from stm32f4xx_hal_spi.o(.text) referenced from stm32f4xx_hal_spi.o(.text)
 <LI><a href="#[77]">SPI_RxISR</a> from stm32f4xx_hal_spi.o(.text) referenced from stm32f4xx_hal_spi.o(.text)
 <LI><a href="#[75]">SPI_TxISR</a> from stm32f4xx_hal_spi.o(.text) referenced from stm32f4xx_hal_spi.o(.text)
 <LI><a href="#[1e]">SVC_Handler</a> from stm32f4xx_it.o(.text) referenced from startup_stm32f407xx.o(RESET)
 <LI><a href="#[21]">SysTick_Handler</a> from board.o(.text) referenced from startup_stm32f407xx.o(RESET)
 <LI><a href="#[73]">SystemInit</a> from system_stm32f4xx.o(.text) referenced from startup_stm32f407xx.o(.text)
 <LI><a href="#[24]">TAMP_STAMP_IRQHandler</a> from startup_stm32f407xx.o(.text) referenced from startup_stm32f407xx.o(RESET)
 <LI><a href="#[3a]">TIM1_BRK_TIM9_IRQHandler</a> from startup_stm32f407xx.o(.text) referenced from startup_stm32f407xx.o(RESET)
 <LI><a href="#[3d]">TIM1_CC_IRQHandler</a> from startup_stm32f407xx.o(.text) referenced from startup_stm32f407xx.o(RESET)
 <LI><a href="#[3c]">TIM1_TRG_COM_TIM11_IRQHandler</a> from startup_stm32f407xx.o(.text) referenced from startup_stm32f407xx.o(RESET)
 <LI><a href="#[3b]">TIM1_UP_TIM10_IRQHandler</a> from startup_stm32f407xx.o(.text) referenced from startup_stm32f407xx.o(RESET)
 <LI><a href="#[3e]">TIM2_IRQHandler</a> from startup_stm32f407xx.o(.text) referenced from startup_stm32f407xx.o(RESET)
 <LI><a href="#[3f]">TIM3_IRQHandler</a> from startup_stm32f407xx.o(.text) referenced from startup_stm32f407xx.o(RESET)
 <LI><a href="#[40]">TIM4_IRQHandler</a> from startup_stm32f407xx.o(.text) referenced from startup_stm32f407xx.o(RESET)
 <LI><a href="#[54]">TIM5_IRQHandler</a> from startup_stm32f407xx.o(.text) referenced from startup_stm32f407xx.o(RESET)
 <LI><a href="#[58]">TIM6_DAC_IRQHandler</a> from startup_stm32f407xx.o(.text) referenced from startup_stm32f407xx.o(RESET)
 <LI><a href="#[59]">TIM7_IRQHandler</a> from startup_stm32f407xx.o(.text) referenced from startup_stm32f407xx.o(RESET)
 <LI><a href="#[4d]">TIM8_BRK_TIM12_IRQHandler</a> from startup_stm32f407xx.o(.text) referenced from startup_stm32f407xx.o(RESET)
 <LI><a href="#[50]">TIM8_CC_IRQHandler</a> from startup_stm32f407xx.o(.text) referenced from startup_stm32f407xx.o(RESET)
 <LI><a href="#[4f]">TIM8_TRG_COM_TIM14_IRQHandler</a> from startup_stm32f407xx.o(.text) referenced from startup_stm32f407xx.o(RESET)
 <LI><a href="#[4e]">TIM8_UP_TIM13_IRQHandler</a> from startup_stm32f407xx.o(.text) referenced from startup_stm32f407xx.o(RESET)
 <LI><a href="#[56]">UART4_IRQHandler</a> from startup_stm32f407xx.o(.text) referenced from startup_stm32f407xx.o(RESET)
 <LI><a href="#[57]">UART5_IRQHandler</a> from startup_stm32f407xx.o(.text) referenced from startup_stm32f407xx.o(RESET)
 <LI><a href="#[81]">UART_DMAError</a> from stm32f4xx_hal_uart.o(.text) referenced from stm32f4xx_hal_uart.o(.text)
 <LI><a href="#[82]">UART_DMAReceiveCplt</a> from stm32f4xx_hal_uart.o(.text) referenced from stm32f4xx_hal_uart.o(.text)
 <LI><a href="#[83]">UART_DMARxHalfCplt</a> from stm32f4xx_hal_uart.o(.text) referenced from stm32f4xx_hal_uart.o(.text)
 <LI><a href="#[7f]">UART_DMATransmitCplt</a> from stm32f4xx_hal_uart.o(.text) referenced from stm32f4xx_hal_uart.o(.text)
 <LI><a href="#[80]">UART_DMATxHalfCplt</a> from stm32f4xx_hal_uart.o(.text) referenced from stm32f4xx_hal_uart.o(.text)
 <LI><a href="#[47]">USART1_IRQHandler</a> from drv_usart.o(.text) referenced from startup_stm32f407xx.o(RESET)
 <LI><a href="#[48]">USART2_IRQHandler</a> from startup_stm32f407xx.o(.text) referenced from startup_stm32f407xx.o(RESET)
 <LI><a href="#[49]">USART3_IRQHandler</a> from startup_stm32f407xx.o(.text) referenced from startup_stm32f407xx.o(RESET)
 <LI><a href="#[69]">USART6_IRQHandler</a> from startup_stm32f407xx.o(.text) referenced from startup_stm32f407xx.o(RESET)
 <LI><a href="#[1d]">UsageFault_Handler</a> from stm32f4xx_it.o(.text) referenced from startup_stm32f407xx.o(RESET)
 <LI><a href="#[146]">WIDGET_EFFECT_3D_DrawUp</a> from widget_effect_3d.o(i.WIDGET_EFFECT_3D_DrawUp) referenced from widget_effect_3d.o(.constdata)
 <LI><a href="#[be]">WM__Paint1</a> from wm.o(i.WM__Paint1) referenced from wm.o(i._Paint1)
 <LI><a href="#[22]">WWDG_IRQHandler</a> from startup_stm32f407xx.o(.text) referenced from startup_stm32f407xx.o(RESET)
 <LI><a href="#[b7]">_CalcPositions</a> from scrollbar_skin.o(i._CalcPositions) referenced 2 times from scrollbar_skin.o(i._Create)
 <LI><a href="#[12d]">_CalcSizeOfChar</a> from gui_uc_encodenone.o(i._CalcSizeOfChar) referenced from gui_uc_encodenone.o(.constdata)
 <LI><a href="#[104]">_Color2IndexBulk</a> from guicc_m565.o(i._Color2IndexBulk) referenced 2 times from guicc_m565.o(.constdata)
 <LI><a href="#[13d]">_Color2Index_0</a> from guicc_0.o(i._Color2Index_0) referenced from guicc_0.o(.constdata)
 <LI><a href="#[107]">_Color2Index_8888</a> from guicc_8888.o(i._Color2Index_8888) referenced from guicc_8888.o(.constdata)
 <LI><a href="#[101]">_Color2Index_M565</a> from guicc_m565.o(i._Color2Index_M565) referenced from guicc_m565.o(.constdata)
 <LI><a href="#[138]">_Create</a> from button_skinclassic.o(i._Create) referenced 6 times from button_skinclassic.o(.constdata)
 <LI><a href="#[5]">_Create</a> from button_skin.o(i._Create) referenced 12 times from button_skin.o(.data)
 <LI><a href="#[b0]">_DrawBackgroundH</a> from scrollbar_skinflex.o(i._DrawBackgroundH) referenced from scrollbar_skinflex.o(i.SCROLLBAR_DrawSkinFlex)
 <LI><a href="#[ad]">_DrawBackgroundV</a> from scrollbar_skinflex.o(i._DrawBackgroundV) referenced from scrollbar_skinflex.o(i.SCROLLBAR_DrawSkinFlex)
 <LI><a href="#[f3]">_DrawBitmap</a> from guidrv_template.o(.text) referenced 3 times from guidrv_template.o(.constdata)
 <LI><a href="#[9e]">_DrawBk</a> from guidemo.o(.text) referenced from guidemo.o(.text)
 <LI><a href="#[9d]">_DrawBkCircle</a> from guidemo.o(.text) referenced from guidemo.o(.text)
 <LI><a href="#[9f]">_DrawBkSimple</a> from guidemo.o(.text) referenced from guidemo.o(.text)
 <LI><a href="#[148]">_DrawDown</a> from widget_effect_3d.o(i._DrawDown) referenced from widget_effect_3d.o(.constdata)
 <LI><a href="#[149]">_DrawDownRect</a> from widget_effect_3d.o(i._DrawDownRect) referenced from widget_effect_3d.o(.constdata)
 <LI><a href="#[b2]">_DrawGraspH</a> from scrollbar_skinflex.o(i._DrawGraspH) referenced from scrollbar_skinflex.o(i.SCROLLBAR_DrawSkinFlex)
 <LI><a href="#[af]">_DrawGraspV</a> from scrollbar_skinflex.o(i._DrawGraspV) referenced from scrollbar_skinflex.o(i.SCROLLBAR_DrawSkinFlex)
 <LI><a href="#[f4]">_DrawHLine</a> from guidrv_template.o(.text) referenced 3 times from guidrv_template.o(.constdata)
 <LI><a href="#[147]">_DrawUpRect</a> from widget_effect_3d.o(i._DrawUpRect) referenced from widget_effect_3d.o(.constdata)
 <LI><a href="#[f5]">_DrawVLine</a> from guidrv_template.o(.text) referenced 3 times from guidrv_template.o(.constdata)
 <LI><a href="#[12e]">_Encode</a> from gui_uc_encodenone.o(i._Encode) referenced from gui_uc_encodenone.o(.constdata)
 <LI><a href="#[97]">_FRAMEWIN_DrawSkinFlex</a> from guidemo.o(.text) referenced from guidemo.o(.text)
 <LI><a href="#[f6]">_FillRect</a> from guidrv_template.o(.text) referenced 3 times from guidrv_template.o(.constdata)
 <LI><a href="#[135]">_GUI_USAGE_BM_Delete</a> from guidev_usagebm.o(i._GUI_USAGE_BM_Delete) referenced from guidev_usagebm.o(.constdata)
 <LI><a href="#[7]">_GetBorderSize</a> from framewin_skin.o(i._GetBorderSize) referenced 4 times from framewin_skin.o(.data)
 <LI><a href="#[12b]">_GetCharCode</a> from gui_uc_encodenone.o(i._GetCharCode) referenced from gui_uc_encodenone.o(.constdata)
 <LI><a href="#[12c]">_GetCharSize</a> from gui_uc_encodenone.o(i._GetCharSize) referenced from gui_uc_encodenone.o(.constdata)
 <LI><a href="#[fd]">_GetDevData</a> from guidrv_template.o(.text) referenced 3 times from guidrv_template.o(.constdata)
 <LI><a href="#[fb]">_GetDevFunc</a> from guidrv_template.o(.text) referenced 3 times from guidrv_template.o(.constdata)
 <LI><a href="#[fc]">_GetDevProp</a> from guidrv_template.o(.text) referenced 3 times from guidrv_template.o(.constdata)
 <LI><a href="#[13f]">_GetIndexMask_0</a> from guicc_0.o(i._GetIndexMask_0) referenced from guicc_0.o(.constdata)
 <LI><a href="#[108]">_GetIndexMask_8888</a> from guicc_8888.o(i._GetIndexMask_8888) referenced from guicc_8888.o(.constdata)
 <LI><a href="#[103]">_GetIndexMask_M565</a> from guicc_m565.o(i._GetIndexMask_M565) referenced from guicc_m565.o(.constdata)
 <LI><a href="#[f7]">_GetPixelIndex</a> from guidrv_template.o(.text) referenced 3 times from guidrv_template.o(.constdata)
 <LI><a href="#[fe]">_GetRect</a> from guidrv_template.o(.text) referenced 3 times from guidrv_template.o(.constdata)
 <LI><a href="#[105]">_Index2ColorBulk</a> from guicc_m565.o(i._Index2ColorBulk) referenced 2 times from guicc_m565.o(.constdata)
 <LI><a href="#[13e]">_Index2Color_0</a> from guicc_0.o(i._Index2Color_0) referenced from guicc_0.o(.constdata)
 <LI><a href="#[8f]">_Init</a> from guidrv_template.o(.text) referenced from guidrv_template.o(.text)
 <LI><a href="#[17]">_Log2VisBuffered</a> from gui_charline.o(i._Log2VisBuffered) referenced 2 times from gui_charline.o(.data)
 <LI><a href="#[91]">_Off</a> from guidrv_template.o(.text) referenced from guidrv_template.o(.text)
 <LI><a href="#[90]">_On</a> from guidrv_template.o(.text) referenced from guidrv_template.o(.text)
 <LI><a href="#[a9]">_OnExit</a> from gui_core.o(i._OnExit) referenced from gui_core.o(i.GUI__Config)
 <LI><a href="#[ab]">_OnExit</a> from gui__alpha.o(i._OnExit) referenced from gui__alpha.o(i.GUI__GetAlphaBuffer)
 <LI><a href="#[ac]">_OnExit</a> from lcd_color.o(i._OnExit) referenced from lcd_color.o(i.LCD_InitColors)
 <LI><a href="#[b4]">_OnExit</a> from wm.o(i._OnExit) referenced from wm.o(i.WM_Init)
 <LI><a href="#[bc]">_OnExit</a> from gui_alloc.o(i._OnExit) referenced from gui_alloc.o(i._InitOnce)
 <LI><a href="#[a3]">_OnPidStateChange</a> from button.o(i._OnPidStateChange) referenced from button.o(i.BUTTON_SetReactOnLevel)
 <LI><a href="#[3]">_OnTouchDefault</a> from button.o(i._OnTouchDefault) referenced 2 times from button.o(.data)
 <LI><a href="#[a2]">_OnTouchReactOnLevel</a> from button.o(i._OnTouchReactOnLevel) referenced from button.o(i.BUTTON_SetReactOnLevel)
 <LI><a href="#[137]">_Paint</a> from button_skinclassic.o(i._Paint) referenced 6 times from button_skinclassic.o(.constdata)
 <LI><a href="#[4]">_Paint</a> from button_skin.o(i._Paint) referenced 12 times from button_skin.o(.data)
 <LI><a href="#[130]">_SetBkColor</a> from lcd.o(i._SetBkColor) referenced from lcd.o(.constdata)
 <LI><a href="#[12f]">_SetColor</a> from lcd.o(i._SetColor) referenced from lcd.o(.constdata)
 <LI><a href="#[131]">_SetDrawMode</a> from lcd.o(i._SetDrawMode) referenced from lcd.o(.constdata)
 <LI><a href="#[92]">_SetLUTEntry</a> from guidrv_template.o(.text) referenced from guidrv_template.o(.text)
 <LI><a href="#[fa]">_SetOrg</a> from guidrv_template.o(.text) referenced 3 times from guidrv_template.o(.constdata)
 <LI><a href="#[f8]">_SetPixelIndex</a> from guidrv_template.o(.text) referenced 3 times from guidrv_template.o(.constdata)
 <LI><a href="#[8e]">_SetSize</a> from guidrv_template.o(.text) referenced from guidrv_template.o(.text)
 <LI><a href="#[8c]">_SetVRAMAddr</a> from guidrv_template.o(.text) referenced from guidrv_template.o(.text)
 <LI><a href="#[8d]">_SetVSize</a> from guidrv_template.o(.text) referenced from guidrv_template.o(.text)
 <LI><a href="#[f9]">_XorPixel</a> from guidrv_template.o(.text) referenced 3 times from guidrv_template.o(.constdata)
 <LI><a href="#[166]">__main</a> from __main.o(!!!main) referenced from startup_stm32f407xx.o(.text)
 <LI><a href="#[96]">_cbBk</a> from guidemo.o(.text) referenced from guidemo.o(.text)
 <LI><a href="#[95]">_cbEffect</a> from guidemo.o(.text) referenced from guidemo.o(.text)
 <LI><a href="#[93]">_cbFrameWinControl</a> from guidemo.o(.text) referenced from guidemo.o(.text)
 <LI><a href="#[94]">_cbFrameWinDis</a> from guidemo.o(.text) referenced from guidemo.o(.text)
 <LI><a href="#[b6]">_cbInvalidateOne</a> from wm_bringtotop.o(i._cbInvalidateOne) referenced from wm_bringtotop.o(i._BringToTop)
 <LI><a href="#[b5]">_cbPaintMemDev</a> from wm.o(i._cbPaintMemDev) referenced from wm.o(i.WM__Paint)
 <LI><a href="#[a0]">_get_lc_ctype</a> from lc_ctype_c.o(locale$$code) referenced from rt_ctype_table.o(.text)
 <LI><a href="#[155]">cat</a> from dfs_file.o(.text) referenced from dfs_file.o(FSymTab)
 <LI><a href="#[b3]">cbBackWin</a> from wm.o(i.cbBackWin) referenced from wm.o(i.WM_Init)
 <LI><a href="#[156]">copy</a> from dfs_file.o(.text) referenced from dfs_file.o(FSymTab)
 <LI><a href="#[158]">df</a> from dfs_fs.o(.text) referenced from dfs_fs.o(FSymTab)
 <LI><a href="#[14e]">dfs_init</a> from dfs.o(.text) referenced from dfs.o(.rti_fn.3)
 <LI><a href="#[bf]">drv_configure</a> from drv_usart.o(.text) referenced from drv_usart.o(.constdata)
 <LI><a href="#[c0]">drv_control</a> from drv_usart.o(.text) referenced from drv_usart.o(.constdata)
 <LI><a href="#[c2]">drv_getc</a> from drv_usart.o(.text) referenced from drv_usart.o(.constdata)
 <LI><a href="#[c1]">drv_putc</a> from drv_usart.o(.text) referenced from drv_usart.o(.constdata)
 <LI><a href="#[351]">emWin_thread_entry</a> from gui_init.o(.text) referenced from gui_init.o(.text)
 <LI><a href="#[150]">emwin_system_init</a> from gui_init.o(.text) referenced from gui_init.o(.rti_fn.3)
 <LI><a href="#[8b]">finsh_rx_ind</a> from shell.o(.text) referenced from shell.o(.text)
 <LI><a href="#[14f]">finsh_system_init</a> from shell.o(.text) referenced from shell.o(.rti_fn.3)
 <LI><a href="#[2eb]">finsh_thread_entry</a> from shell.o(.text) referenced from shell.o(.text)
 <LI><a href="#[15a]">hello</a> from cmd.o(.text) referenced from cmd.o(FSymTab)
 <LI><a href="#[14c]">hw_usart_init</a> from drv_usart.o(.text) referenced from drv_usart.o(.rti_fn.1)
 <LI><a href="#[165]">list</a> from cmd.o(.text) referenced from cmd.o(FSymTab)
 <LI><a href="#[164]">list_device</a> from cmd.o(.text) referenced from cmd.o(FSymTab)
 <LI><a href="#[15e]">list_event</a> from cmd.o(.text) referenced from cmd.o(FSymTab)
 <LI><a href="#[160]">list_mailbox</a> from cmd.o(.text) referenced from cmd.o(FSymTab)
 <LI><a href="#[152]">list_mem</a> from mem.o(.text) referenced from mem.o(FSymTab)
 <LI><a href="#[162]">list_mempool</a> from cmd.o(.text) referenced from cmd.o(FSymTab)
 <LI><a href="#[161]">list_msgqueue</a> from cmd.o(.text) referenced from cmd.o(FSymTab)
 <LI><a href="#[15f]">list_mutex</a> from cmd.o(.text) referenced from cmd.o(FSymTab)
 <LI><a href="#[15d]">list_sem</a> from cmd.o(.text) referenced from cmd.o(FSymTab)
 <LI><a href="#[15c]">list_thread</a> from cmd.o(.text) referenced from cmd.o(FSymTab)
 <LI><a href="#[163]">list_timer</a> from cmd.o(.text) referenced from cmd.o(FSymTab)
 <LI><a href="#[153]">ls</a> from dfs_file.o(.text) referenced from dfs_file.o(FSymTab)
 <LI><a href="#[1fd]">main_thread_entry</a> from components.o(.text) referenced from components.o(.text)
 <LI><a href="#[159]">mkdir</a> from dfs_posix.o(.text) referenced from dfs_posix.o(FSymTab)
 <LI><a href="#[157]">mkfs</a> from dfs_fs.o(.text) referenced from dfs_fs.o(FSymTab)
 <LI><a href="#[154]">rm</a> from dfs_file.o(.text) referenced from dfs_file.o(FSymTab)
 <LI><a href="#[87]">rt_serial_close</a> from serial.o(.text) referenced from serial.o(.text)
 <LI><a href="#[8a]">rt_serial_control</a> from serial.o(.text) referenced from serial.o(.text)
 <LI><a href="#[85]">rt_serial_init</a> from serial.o(.text) referenced from serial.o(.text)
 <LI><a href="#[86]">rt_serial_open</a> from serial.o(.text) referenced from serial.o(.text)
 <LI><a href="#[88]">rt_serial_read</a> from serial.o(.text) referenced from serial.o(.text)
 <LI><a href="#[89]">rt_serial_write</a> from serial.o(.text) referenced from serial.o(.text)
 <LI><a href="#[278]">rt_thread_exit</a> from thread.o(.text) referenced from thread.o(.text)
 <LI><a href="#[84]">rt_thread_idle_entry</a> from idle.o(.text) referenced from idle.o(.text)
 <LI><a href="#[27b]">rt_thread_timeout</a> from thread.o(.text) referenced from thread.o(.text)
 <LI><a href="#[14d]">rti_board_end</a> from components.o(.text) referenced from components.o(.rti_fn.1.end)
 <LI><a href="#[14b]">rti_board_start</a> from components.o(.text) referenced from components.o(.rti_fn.0.end)
 <LI><a href="#[151]">rti_end</a> from components.o(.text) referenced from components.o(.rti_fn.6.end)
 <LI><a href="#[14a]">rti_start</a> from components.o(.text) referenced from components.o(.rti_fn.0)
 <LI><a href="#[15b]">version</a> from cmd.o(.text) referenced from cmd.o(FSymTab)
</UL>
<P>
<H3>
Global Symbols
</H3>
<P><STRONG><a name="[166]"></a>__main</STRONG> (Thumb, 8 bytes, Stack size 0 bytes, __main.o(!!!main))
<BR><BR>[Calls]<UL><LI><a href="#[168]">&gt;&gt;</a>&nbsp;&nbsp;&nbsp;__rt_entry
<LI><a href="#[167]">&gt;&gt;</a>&nbsp;&nbsp;&nbsp;__scatterload
</UL>

<P><STRONG><a name="[167]"></a>__scatterload</STRONG> (Thumb, 0 bytes, Stack size unknown bytes, __scatter.o(!!!scatter))
<BR><BR>[Called By]<UL><LI><a href="#[166]">&gt;&gt;</a>&nbsp;&nbsp;&nbsp;__main
</UL>

<P><STRONG><a name="[169]"></a>__scatterload_rt2</STRONG> (Thumb, 44 bytes, Stack size unknown bytes, __scatter.o(!!!scatter), UNUSED)
<BR><BR>[Calls]<UL><LI><a href="#[168]">&gt;&gt;</a>&nbsp;&nbsp;&nbsp;__rt_entry
</UL>

<P><STRONG><a name="[565]"></a>__scatterload_rt2_thumb_only</STRONG> (Thumb, 0 bytes, Stack size unknown bytes, __scatter.o(!!!scatter), UNUSED)

<P><STRONG><a name="[566]"></a>__scatterload_null</STRONG> (Thumb, 0 bytes, Stack size unknown bytes, __scatter.o(!!!scatter), UNUSED)

<P><STRONG><a name="[567]"></a>__decompress</STRONG> (Thumb, 90 bytes, Stack size unknown bytes, __dczerorl2.o(!!dczerorl2), UNUSED)

<P><STRONG><a name="[568]"></a>__decompress1</STRONG> (Thumb, 0 bytes, Stack size unknown bytes, __dczerorl2.o(!!dczerorl2), UNUSED)

<P><STRONG><a name="[569]"></a>__scatterload_zeroinit</STRONG> (Thumb, 28 bytes, Stack size unknown bytes, __scatter_zi.o(!!handler_zi), UNUSED)

<P><STRONG><a name="[172]"></a>__rt_lib_init</STRONG> (Thumb, 0 bytes, Stack size unknown bytes, libinit.o(.ARM.Collect$$libinit$$00000000))
<BR><BR>[Called By]<UL><LI><a href="#[171]">&gt;&gt;</a>&nbsp;&nbsp;&nbsp;__rt_entry_li
</UL>

<P><STRONG><a name="[16a]"></a>__rt_lib_init_fp_1</STRONG> (Thumb, 0 bytes, Stack size unknown bytes, libinit2.o(.ARM.Collect$$libinit$$00000001))
<BR><BR>[Calls]<UL><LI><a href="#[16b]">&gt;&gt;</a>&nbsp;&nbsp;&nbsp;_fp_init
</UL>

<P><STRONG><a name="[56a]"></a>__rt_lib_init_heap_1</STRONG> (Thumb, 0 bytes, Stack size unknown bytes, libinit2.o(.ARM.Collect$$libinit$$0000000A))

<P><STRONG><a name="[16c]"></a>__rt_lib_init_lc_common</STRONG> (Thumb, 0 bytes, Stack size unknown bytes, libinit2.o(.ARM.Collect$$libinit$$0000000F))
<BR><BR>[Calls]<UL><LI><a href="#[16d]">&gt;&gt;</a>&nbsp;&nbsp;&nbsp;__rt_locale
</UL>

<P><STRONG><a name="[56b]"></a>__rt_lib_init_preinit_1</STRONG> (Thumb, 0 bytes, Stack size unknown bytes, libinit2.o(.ARM.Collect$$libinit$$00000004))

<P><STRONG><a name="[56c]"></a>__rt_lib_init_rand_1</STRONG> (Thumb, 0 bytes, Stack size unknown bytes, libinit2.o(.ARM.Collect$$libinit$$0000000E))

<P><STRONG><a name="[56d]"></a>__rt_lib_init_user_alloc_1</STRONG> (Thumb, 0 bytes, Stack size unknown bytes, libinit2.o(.ARM.Collect$$libinit$$0000000C))

<P><STRONG><a name="[56e]"></a>__rt_lib_init_lc_collate_1</STRONG> (Thumb, 0 bytes, Stack size unknown bytes, libinit2.o(.ARM.Collect$$libinit$$00000011))

<P><STRONG><a name="[16e]"></a>__rt_lib_init_lc_ctype_2</STRONG> (Thumb, 0 bytes, Stack size unknown bytes, libinit2.o(.ARM.Collect$$libinit$$00000012))
<BR><BR>[Stack]<UL><LI>Max Depth = 8 + Unknown Stack Size
<LI>Call Chain = __rt_lib_init_lc_ctype_2 &rArr; _get_lc_ctype
</UL>
<BR>[Calls]<UL><LI><a href="#[a0]">&gt;&gt;</a>&nbsp;&nbsp;&nbsp;_get_lc_ctype
</UL>

<P><STRONG><a name="[56f]"></a>__rt_lib_init_alloca_1</STRONG> (Thumb, 0 bytes, Stack size unknown bytes, libinit2.o(.ARM.Collect$$libinit$$0000002E))

<P><STRONG><a name="[570]"></a>__rt_lib_init_argv_1</STRONG> (Thumb, 0 bytes, Stack size unknown bytes, libinit2.o(.ARM.Collect$$libinit$$0000002C))

<P><STRONG><a name="[571]"></a>__rt_lib_init_atexit_1</STRONG> (Thumb, 0 bytes, Stack size unknown bytes, libinit2.o(.ARM.Collect$$libinit$$0000001B))

<P><STRONG><a name="[572]"></a>__rt_lib_init_clock_1</STRONG> (Thumb, 0 bytes, Stack size unknown bytes, libinit2.o(.ARM.Collect$$libinit$$00000021))

<P><STRONG><a name="[573]"></a>__rt_lib_init_cpp_1</STRONG> (Thumb, 0 bytes, Stack size unknown bytes, libinit2.o(.ARM.Collect$$libinit$$00000032))

<P><STRONG><a name="[574]"></a>__rt_lib_init_exceptions_1</STRONG> (Thumb, 0 bytes, Stack size unknown bytes, libinit2.o(.ARM.Collect$$libinit$$00000030))

<P><STRONG><a name="[575]"></a>__rt_lib_init_fp_trap_1</STRONG> (Thumb, 0 bytes, Stack size unknown bytes, libinit2.o(.ARM.Collect$$libinit$$0000001F))

<P><STRONG><a name="[576]"></a>__rt_lib_init_getenv_1</STRONG> (Thumb, 0 bytes, Stack size unknown bytes, libinit2.o(.ARM.Collect$$libinit$$00000023))

<P><STRONG><a name="[577]"></a>__rt_lib_init_lc_ctype_1</STRONG> (Thumb, 0 bytes, Stack size unknown bytes, libinit2.o(.ARM.Collect$$libinit$$00000013))

<P><STRONG><a name="[578]"></a>__rt_lib_init_lc_monetary_1</STRONG> (Thumb, 0 bytes, Stack size unknown bytes, libinit2.o(.ARM.Collect$$libinit$$00000015))

<P><STRONG><a name="[579]"></a>__rt_lib_init_lc_numeric_1</STRONG> (Thumb, 0 bytes, Stack size unknown bytes, libinit2.o(.ARM.Collect$$libinit$$00000017))

<P><STRONG><a name="[57a]"></a>__rt_lib_init_lc_time_1</STRONG> (Thumb, 0 bytes, Stack size unknown bytes, libinit2.o(.ARM.Collect$$libinit$$00000019))

<P><STRONG><a name="[57b]"></a>__rt_lib_init_return</STRONG> (Thumb, 0 bytes, Stack size unknown bytes, libinit2.o(.ARM.Collect$$libinit$$00000033))

<P><STRONG><a name="[57c]"></a>__rt_lib_init_signal_1</STRONG> (Thumb, 0 bytes, Stack size unknown bytes, libinit2.o(.ARM.Collect$$libinit$$0000001D))

<P><STRONG><a name="[57d]"></a>__rt_lib_init_stdio_1</STRONG> (Thumb, 0 bytes, Stack size unknown bytes, libinit2.o(.ARM.Collect$$libinit$$00000025))

<P><STRONG><a name="[177]"></a>__rt_lib_shutdown</STRONG> (Thumb, 0 bytes, Stack size unknown bytes, libshutdown.o(.ARM.Collect$$libshutdown$$00000000))
<BR><BR>[Called By]<UL><LI><a href="#[176]">&gt;&gt;</a>&nbsp;&nbsp;&nbsp;__rt_exit_ls
</UL>

<P><STRONG><a name="[57e]"></a>__rt_lib_shutdown_cpp_1</STRONG> (Thumb, 0 bytes, Stack size unknown bytes, libshutdown2.o(.ARM.Collect$$libshutdown$$00000002))

<P><STRONG><a name="[57f]"></a>__rt_lib_shutdown_fp_trap_1</STRONG> (Thumb, 0 bytes, Stack size unknown bytes, libshutdown2.o(.ARM.Collect$$libshutdown$$00000007))

<P><STRONG><a name="[580]"></a>__rt_lib_shutdown_heap_1</STRONG> (Thumb, 0 bytes, Stack size unknown bytes, libshutdown2.o(.ARM.Collect$$libshutdown$$0000000F))

<P><STRONG><a name="[581]"></a>__rt_lib_shutdown_return</STRONG> (Thumb, 0 bytes, Stack size unknown bytes, libshutdown2.o(.ARM.Collect$$libshutdown$$00000010))

<P><STRONG><a name="[582]"></a>__rt_lib_shutdown_signal_1</STRONG> (Thumb, 0 bytes, Stack size unknown bytes, libshutdown2.o(.ARM.Collect$$libshutdown$$0000000A))

<P><STRONG><a name="[583]"></a>__rt_lib_shutdown_stdio_1</STRONG> (Thumb, 0 bytes, Stack size unknown bytes, libshutdown2.o(.ARM.Collect$$libshutdown$$00000004))

<P><STRONG><a name="[584]"></a>__rt_lib_shutdown_user_alloc_1</STRONG> (Thumb, 0 bytes, Stack size unknown bytes, libshutdown2.o(.ARM.Collect$$libshutdown$$0000000C))

<P><STRONG><a name="[168]"></a>__rt_entry</STRONG> (Thumb, 0 bytes, Stack size unknown bytes, __rtentry.o(.ARM.Collect$$rtentry$$00000000))
<BR><BR>[Called By]<UL><LI><a href="#[166]">&gt;&gt;</a>&nbsp;&nbsp;&nbsp;__main
<LI><a href="#[169]">&gt;&gt;</a>&nbsp;&nbsp;&nbsp;__scatterload_rt2
</UL>

<P><STRONG><a name="[585]"></a>__rt_entry_presh_1</STRONG> (Thumb, 0 bytes, Stack size unknown bytes, __rtentry2.o(.ARM.Collect$$rtentry$$00000002))

<P><STRONG><a name="[16f]"></a>__rt_entry_sh</STRONG> (Thumb, 0 bytes, Stack size unknown bytes, __rtentry4.o(.ARM.Collect$$rtentry$$00000004))
<BR><BR>[Stack]<UL><LI>Max Depth = 8 + Unknown Stack Size
<LI>Call Chain = __rt_entry_sh &rArr; __user_setup_stackheap
</UL>
<BR>[Calls]<UL><LI><a href="#[170]">&gt;&gt;</a>&nbsp;&nbsp;&nbsp;__user_setup_stackheap
</UL>

<P><STRONG><a name="[171]"></a>__rt_entry_li</STRONG> (Thumb, 0 bytes, Stack size unknown bytes, __rtentry2.o(.ARM.Collect$$rtentry$$0000000A))
<BR><BR>[Calls]<UL><LI><a href="#[172]">&gt;&gt;</a>&nbsp;&nbsp;&nbsp;__rt_lib_init
</UL>

<P><STRONG><a name="[586]"></a>__rt_entry_postsh_1</STRONG> (Thumb, 0 bytes, Stack size unknown bytes, __rtentry2.o(.ARM.Collect$$rtentry$$00000009))

<P><STRONG><a name="[173]"></a>__rt_entry_main</STRONG> (Thumb, 0 bytes, Stack size unknown bytes, __rtentry2.o(.ARM.Collect$$rtentry$$0000000D))
<BR><BR>[Stack]<UL><LI>Max Depth = 440 + Unknown Stack Size
<LI>Call Chain = __rt_entry_main &rArr; main &rArr; rtthread_startup &rArr; rt_application_init &rArr; rt_thread_create &rArr; rt_object_allocate &rArr; rt_malloc &rArr; rt_sem_take &rArr; rt_schedule &rArr; _rt_scheduler_stack_check &rArr; list_thread &rArr; _list_thread &rArr; rt_kprintf &rArr; rt_vsnprintf &rArr; print_number
</UL>
<BR>[Calls]<UL><LI><a href="#[174]">&gt;&gt;</a>&nbsp;&nbsp;&nbsp;main
<LI><a href="#[175]">&gt;&gt;</a>&nbsp;&nbsp;&nbsp;exit
</UL>

<P><STRONG><a name="[587]"></a>__rt_entry_postli_1</STRONG> (Thumb, 0 bytes, Stack size unknown bytes, __rtentry2.o(.ARM.Collect$$rtentry$$0000000C))

<P><STRONG><a name="[3c0]"></a>__rt_exit</STRONG> (Thumb, 0 bytes, Stack size unknown bytes, rtexit.o(.ARM.Collect$$rtexit$$00000000))
<BR><BR>[Called By]<UL><LI><a href="#[175]">&gt;&gt;</a>&nbsp;&nbsp;&nbsp;exit
</UL>

<P><STRONG><a name="[176]"></a>__rt_exit_ls</STRONG> (Thumb, 0 bytes, Stack size unknown bytes, rtexit2.o(.ARM.Collect$$rtexit$$00000003))
<BR><BR>[Calls]<UL><LI><a href="#[177]">&gt;&gt;</a>&nbsp;&nbsp;&nbsp;__rt_lib_shutdown
</UL>

<P><STRONG><a name="[588]"></a>__rt_exit_prels_1</STRONG> (Thumb, 0 bytes, Stack size unknown bytes, rtexit2.o(.ARM.Collect$$rtexit$$00000002))

<P><STRONG><a name="[178]"></a>__rt_exit_exit</STRONG> (Thumb, 0 bytes, Stack size unknown bytes, rtexit2.o(.ARM.Collect$$rtexit$$00000004))
<BR><BR>[Calls]<UL><LI><a href="#[179]">&gt;&gt;</a>&nbsp;&nbsp;&nbsp;_sys_exit
</UL>

<P><STRONG><a name="[1ff]"></a>$Super$$main</STRONG> (Thumb, 4 bytes, Stack size 0 bytes, main.o(.text))
<BR><BR>[Called By]<UL><LI><a href="#[1fd]">&gt;&gt;</a>&nbsp;&nbsp;&nbsp;main_thread_entry
</UL>

<P><STRONG><a name="[21]"></a>SysTick_Handler</STRONG> (Thumb, 20 bytes, Stack size 8 bytes, board.o(.text))
<BR><BR>[Stack]<UL><LI>Max Depth = 288<LI>Call Chain = SysTick_Handler &rArr; rt_tick_increase &rArr; rt_thread_yield &rArr; rt_schedule &rArr; _rt_scheduler_stack_check &rArr; list_thread &rArr; _list_thread &rArr; rt_kprintf &rArr; rt_vsnprintf &rArr; print_number
</UL>
<BR>[Calls]<UL><LI><a href="#[183]">&gt;&gt;</a>&nbsp;&nbsp;&nbsp;rt_tick_increase
<LI><a href="#[184]">&gt;&gt;</a>&nbsp;&nbsp;&nbsp;rt_interrupt_leave
<LI><a href="#[181]">&gt;&gt;</a>&nbsp;&nbsp;&nbsp;rt_interrupt_enter
<LI><a href="#[182]">&gt;&gt;</a>&nbsp;&nbsp;&nbsp;HAL_IncTick
</UL>
<BR>[Address Reference Count : 1]<UL><LI> startup_stm32f407xx.o(RESET)
</UL>
<P><STRONG><a name="[185]"></a>HAL_InitTick</STRONG> (Thumb, 34 bytes, Stack size 16 bytes, board.o(.text))
<BR><BR>[Stack]<UL><LI>Max Depth = 64<LI>Call Chain = HAL_InitTick &rArr; HAL_NVIC_SetPriority &rArr; NVIC_SetPriority
</UL>
<BR>[Calls]<UL><LI><a href="#[17e]">&gt;&gt;</a>&nbsp;&nbsp;&nbsp;HAL_SYSTICK_Config
<LI><a href="#[17d]">&gt;&gt;</a>&nbsp;&nbsp;&nbsp;HAL_RCC_GetHCLKFreq
<LI><a href="#[180]">&gt;&gt;</a>&nbsp;&nbsp;&nbsp;HAL_NVIC_SetPriority
</UL>
<BR>[Called By]<UL><LI><a href="#[17c]">&gt;&gt;</a>&nbsp;&nbsp;&nbsp;HAL_RCC_ClockConfig
<LI><a href="#[189]">&gt;&gt;</a>&nbsp;&nbsp;&nbsp;HAL_Init
</UL>

<P><STRONG><a name="[186]"></a>RT_HAL_Delay</STRONG> (Thumb, 10 bytes, Stack size 8 bytes, board.o(.text))
<BR><BR>[Stack]<UL><LI>Max Depth = 288<LI>Call Chain = RT_HAL_Delay &rArr; rt_thread_delay &rArr; rt_thread_sleep &rArr; rt_schedule &rArr; _rt_scheduler_stack_check &rArr; list_thread &rArr; _list_thread &rArr; rt_kprintf &rArr; rt_vsnprintf &rArr; print_number
</UL>
<BR>[Calls]<UL><LI><a href="#[187]">&gt;&gt;</a>&nbsp;&nbsp;&nbsp;rt_thread_delay
</UL>
<BR>[Called By]<UL><LI><a href="#[1a3]">&gt;&gt;</a>&nbsp;&nbsp;&nbsp;LCD_Delay
</UL>

<P><STRONG><a name="[589]"></a>HAL_SuspendTick</STRONG> (Thumb, 2 bytes, Stack size 0 bytes, board.o(.text), UNUSED)

<P><STRONG><a name="[58a]"></a>HAL_ResumeTick</STRONG> (Thumb, 2 bytes, Stack size 0 bytes, board.o(.text), UNUSED)

<P><STRONG><a name="[188]"></a>rt_hw_board_init</STRONG> (Thumb, 70 bytes, Stack size 8 bytes, board.o(.text))
<BR><BR>[Stack]<UL><LI>Max Depth = 352<LI>Call Chain = rt_hw_board_init &rArr; hw_usart_init &rArr; rt_hw_serial_register &rArr; rt_device_register &rArr; rt_device_find &rArr; rt_exit_critical &rArr; rt_schedule &rArr; _rt_scheduler_stack_check &rArr; list_thread &rArr; _list_thread &rArr; rt_kprintf &rArr; rt_vsnprintf &rArr; print_number
</UL>
<BR>[Calls]<UL><LI><a href="#[18a]">&gt;&gt;</a>&nbsp;&nbsp;&nbsp;rt_system_heap_init
<LI><a href="#[18c]">&gt;&gt;</a>&nbsp;&nbsp;&nbsp;rt_console_set_device
<LI><a href="#[18b]">&gt;&gt;</a>&nbsp;&nbsp;&nbsp;rt_components_board_init
<LI><a href="#[14c]">&gt;&gt;</a>&nbsp;&nbsp;&nbsp;hw_usart_init
<LI><a href="#[189]">&gt;&gt;</a>&nbsp;&nbsp;&nbsp;HAL_Init
<LI><a href="#[17a]">&gt;&gt;</a>&nbsp;&nbsp;&nbsp;SystemClock_Config
</UL>
<BR>[Called By]<UL><LI><a href="#[203]">&gt;&gt;</a>&nbsp;&nbsp;&nbsp;rtthread_startup
</UL>

<P><STRONG><a name="[19]"></a>NMI_Handler</STRONG> (Thumb, 2 bytes, Stack size 0 bytes, stm32f4xx_it.o(.text))
<BR>[Address Reference Count : 1]<UL><LI> startup_stm32f407xx.o(RESET)
</UL>
<P><STRONG><a name="[1b]"></a>MemManage_Handler</STRONG> (Thumb, 4 bytes, Stack size 0 bytes, stm32f4xx_it.o(.text))
<BR>[Address Reference Count : 1]<UL><LI> startup_stm32f407xx.o(RESET)
</UL>
<P><STRONG><a name="[1c]"></a>BusFault_Handler</STRONG> (Thumb, 4 bytes, Stack size 0 bytes, stm32f4xx_it.o(.text))
<BR>[Address Reference Count : 1]<UL><LI> startup_stm32f407xx.o(RESET)
</UL>
<P><STRONG><a name="[1d]"></a>UsageFault_Handler</STRONG> (Thumb, 4 bytes, Stack size 0 bytes, stm32f4xx_it.o(.text))
<BR>[Address Reference Count : 1]<UL><LI> startup_stm32f407xx.o(RESET)
</UL>
<P><STRONG><a name="[1e]"></a>SVC_Handler</STRONG> (Thumb, 2 bytes, Stack size 0 bytes, stm32f4xx_it.o(.text))
<BR>[Address Reference Count : 1]<UL><LI> startup_stm32f407xx.o(RESET)
</UL>
<P><STRONG><a name="[47]"></a>USART1_IRQHandler</STRONG> (Thumb, 50 bytes, Stack size 8 bytes, drv_usart.o(.text))
<BR><BR>[Stack]<UL><LI>Max Depth = 360<LI>Call Chain = USART1_IRQHandler &rArr; rt_hw_serial_isr &rArr; rt_data_queue_pop &rArr; rt_schedule &rArr; _rt_scheduler_stack_check &rArr; list_thread &rArr; _list_thread &rArr; rt_kprintf &rArr; rt_vsnprintf &rArr; print_number
</UL>
<BR>[Calls]<UL><LI><a href="#[18f]">&gt;&gt;</a>&nbsp;&nbsp;&nbsp;rt_hw_serial_isr
<LI><a href="#[184]">&gt;&gt;</a>&nbsp;&nbsp;&nbsp;rt_interrupt_leave
<LI><a href="#[181]">&gt;&gt;</a>&nbsp;&nbsp;&nbsp;rt_interrupt_enter
</UL>
<BR>[Address Reference Count : 1]<UL><LI> startup_stm32f407xx.o(RESET)
</UL>
<P><STRONG><a name="[190]"></a>HAL_UART_MspInit</STRONG> (Thumb, 514 bytes, Stack size 32 bytes, drv_usart.o(.text))
<BR><BR>[Stack]<UL><LI>Max Depth = 80<LI>Call Chain = HAL_UART_MspInit &rArr; HAL_NVIC_SetPriority &rArr; NVIC_SetPriority
</UL>
<BR>[Calls]<UL><LI><a href="#[192]">&gt;&gt;</a>&nbsp;&nbsp;&nbsp;HAL_NVIC_EnableIRQ
<LI><a href="#[191]">&gt;&gt;</a>&nbsp;&nbsp;&nbsp;HAL_GPIO_Init
<LI><a href="#[180]">&gt;&gt;</a>&nbsp;&nbsp;&nbsp;HAL_NVIC_SetPriority
</UL>
<BR>[Called By]<UL><LI><a href="#[18e]">&gt;&gt;</a>&nbsp;&nbsp;&nbsp;HAL_UART_Init
<LI><a href="#[1e6]">&gt;&gt;</a>&nbsp;&nbsp;&nbsp;HAL_MultiProcessor_Init
<LI><a href="#[1e5]">&gt;&gt;</a>&nbsp;&nbsp;&nbsp;HAL_LIN_Init
<LI><a href="#[1e4]">&gt;&gt;</a>&nbsp;&nbsp;&nbsp;HAL_HalfDuplex_Init
</UL>

<P><STRONG><a name="[193]"></a>HAL_UART_MspDeInit</STRONG> (Thumb, 264 bytes, Stack size 8 bytes, drv_usart.o(.text), UNUSED)
<BR><BR>[Calls]<UL><LI><a href="#[195]">&gt;&gt;</a>&nbsp;&nbsp;&nbsp;HAL_NVIC_DisableIRQ
<LI><a href="#[194]">&gt;&gt;</a>&nbsp;&nbsp;&nbsp;HAL_GPIO_DeInit
</UL>
<BR>[Called By]<UL><LI><a href="#[1e7]">&gt;&gt;</a>&nbsp;&nbsp;&nbsp;HAL_UART_DeInit
</UL>

<P><STRONG><a name="[14c]"></a>hw_usart_init</STRONG> (Thumb, 48 bytes, Stack size 16 bytes, drv_usart.o(.text))
<BR><BR>[Stack]<UL><LI>Max Depth = 344<LI>Call Chain = hw_usart_init &rArr; rt_hw_serial_register &rArr; rt_device_register &rArr; rt_device_find &rArr; rt_exit_critical &rArr; rt_schedule &rArr; _rt_scheduler_stack_check &rArr; list_thread &rArr; _list_thread &rArr; rt_kprintf &rArr; rt_vsnprintf &rArr; print_number
</UL>
<BR>[Calls]<UL><LI><a href="#[196]">&gt;&gt;</a>&nbsp;&nbsp;&nbsp;rt_hw_serial_register
</UL>
<BR>[Called By]<UL><LI><a href="#[188]">&gt;&gt;</a>&nbsp;&nbsp;&nbsp;rt_hw_board_init
</UL>
<BR>[Address Reference Count : 1]<UL><LI> drv_usart.o(.rti_fn.1)
</UL>
<P><STRONG><a name="[19e]"></a>LCD_IO_Init</STRONG> (Thumb, 208 bytes, Stack size 32 bytes, tft_lcd.o(.text))
<BR><BR>[Stack]<UL><LI>Max Depth = 96<LI>Call Chain = LCD_IO_Init &rArr; SPIx_Init &rArr; SPIx_MspInit &rArr; HAL_GPIO_Init
</UL>
<BR>[Calls]<UL><LI><a href="#[19f]">&gt;&gt;</a>&nbsp;&nbsp;&nbsp;HAL_GPIO_WritePin
<LI><a href="#[198]">&gt;&gt;</a>&nbsp;&nbsp;&nbsp;SPIx_Init
<LI><a href="#[191]">&gt;&gt;</a>&nbsp;&nbsp;&nbsp;HAL_GPIO_Init
</UL>
<BR>[Called By]<UL><LI><a href="#[1aa]">&gt;&gt;</a>&nbsp;&nbsp;&nbsp;st7735_Init
</UL>

<P><STRONG><a name="[1a0]"></a>LCD_IO_WriteReg</STRONG> (Thumb, 44 bytes, Stack size 8 bytes, tft_lcd.o(.text))
<BR><BR>[Stack]<UL><LI>Max Depth = 96<LI>Call Chain = LCD_IO_WriteReg &rArr; SPIx_Write &rArr; SPIx_Error &rArr; SPIx_Init &rArr; SPIx_MspInit &rArr; HAL_GPIO_Init
</UL>
<BR>[Calls]<UL><LI><a href="#[19f]">&gt;&gt;</a>&nbsp;&nbsp;&nbsp;HAL_GPIO_WritePin
<LI><a href="#[19c]">&gt;&gt;</a>&nbsp;&nbsp;&nbsp;SPIx_Write
</UL>
<BR>[Called By]<UL><LI><a href="#[1ad]">&gt;&gt;</a>&nbsp;&nbsp;&nbsp;st7735_SetCursor
<LI><a href="#[1ac]">&gt;&gt;</a>&nbsp;&nbsp;&nbsp;st7735_DisplayOff
<LI><a href="#[1ab]">&gt;&gt;</a>&nbsp;&nbsp;&nbsp;st7735_DisplayOn
<LI><a href="#[1aa]">&gt;&gt;</a>&nbsp;&nbsp;&nbsp;st7735_Init
<LI><a href="#[1a9]">&gt;&gt;</a>&nbsp;&nbsp;&nbsp;st7735_WriteReg
<LI><a href="#[1a8]">&gt;&gt;</a>&nbsp;&nbsp;&nbsp;Lcd_Clear
<LI><a href="#[1a7]">&gt;&gt;</a>&nbsp;&nbsp;&nbsp;st7735_SetDisplayWindow
</UL>

<P><STRONG><a name="[1a1]"></a>LCD_IO_WriteData</STRONG> (Thumb, 42 bytes, Stack size 8 bytes, tft_lcd.o(.text))
<BR><BR>[Stack]<UL><LI>Max Depth = 96<LI>Call Chain = LCD_IO_WriteData &rArr; SPIx_Write &rArr; SPIx_Error &rArr; SPIx_Init &rArr; SPIx_MspInit &rArr; HAL_GPIO_Init
</UL>
<BR>[Calls]<UL><LI><a href="#[19f]">&gt;&gt;</a>&nbsp;&nbsp;&nbsp;HAL_GPIO_WritePin
<LI><a href="#[19c]">&gt;&gt;</a>&nbsp;&nbsp;&nbsp;SPIx_Write
</UL>
<BR>[Called By]<UL><LI><a href="#[1a8]">&gt;&gt;</a>&nbsp;&nbsp;&nbsp;Lcd_Clear
</UL>

<P><STRONG><a name="[1a2]"></a>LCD_IO_WriteMultipleData</STRONG> (Thumb, 144 bytes, Stack size 24 bytes, tft_lcd.o(.text))
<BR><BR>[Stack]<UL><LI>Max Depth = 112<LI>Call Chain = LCD_IO_WriteMultipleData &rArr; SPIx_Write &rArr; SPIx_Error &rArr; SPIx_Init &rArr; SPIx_MspInit &rArr; HAL_GPIO_Init
</UL>
<BR>[Calls]<UL><LI><a href="#[19f]">&gt;&gt;</a>&nbsp;&nbsp;&nbsp;HAL_GPIO_WritePin
<LI><a href="#[19c]">&gt;&gt;</a>&nbsp;&nbsp;&nbsp;SPIx_Write
</UL>
<BR>[Called By]<UL><LI><a href="#[1b1]">&gt;&gt;</a>&nbsp;&nbsp;&nbsp;st7735_DrawBitmap
<LI><a href="#[1af]">&gt;&gt;</a>&nbsp;&nbsp;&nbsp;st7735_DrawHLine
<LI><a href="#[1ae]">&gt;&gt;</a>&nbsp;&nbsp;&nbsp;st7735_WritePixel
<LI><a href="#[1ad]">&gt;&gt;</a>&nbsp;&nbsp;&nbsp;st7735_SetCursor
<LI><a href="#[1ac]">&gt;&gt;</a>&nbsp;&nbsp;&nbsp;st7735_DisplayOff
<LI><a href="#[1ab]">&gt;&gt;</a>&nbsp;&nbsp;&nbsp;st7735_DisplayOn
<LI><a href="#[1aa]">&gt;&gt;</a>&nbsp;&nbsp;&nbsp;st7735_Init
<LI><a href="#[1a9]">&gt;&gt;</a>&nbsp;&nbsp;&nbsp;st7735_WriteReg
<LI><a href="#[1a7]">&gt;&gt;</a>&nbsp;&nbsp;&nbsp;st7735_SetDisplayWindow
</UL>

<P><STRONG><a name="[1a3]"></a>LCD_Delay</STRONG> (Thumb, 12 bytes, Stack size 8 bytes, tft_lcd.o(.text))
<BR><BR>[Stack]<UL><LI>Max Depth = 296<LI>Call Chain = LCD_Delay &rArr; RT_HAL_Delay &rArr; rt_thread_delay &rArr; rt_thread_sleep &rArr; rt_schedule &rArr; _rt_scheduler_stack_check &rArr; list_thread &rArr; _list_thread &rArr; rt_kprintf &rArr; rt_vsnprintf &rArr; print_number
</UL>
<BR>[Calls]<UL><LI><a href="#[186]">&gt;&gt;</a>&nbsp;&nbsp;&nbsp;RT_HAL_Delay
</UL>
<BR>[Called By]<UL><LI><a href="#[1ac]">&gt;&gt;</a>&nbsp;&nbsp;&nbsp;st7735_DisplayOff
<LI><a href="#[1ab]">&gt;&gt;</a>&nbsp;&nbsp;&nbsp;st7735_DisplayOn
<LI><a href="#[1aa]">&gt;&gt;</a>&nbsp;&nbsp;&nbsp;st7735_Init
<LI><a href="#[1a4]">&gt;&gt;</a>&nbsp;&nbsp;&nbsp;LCD_Reset
</UL>

<P><STRONG><a name="[1a4]"></a>LCD_Reset</STRONG> (Thumb, 38 bytes, Stack size 8 bytes, tft_lcd.o(.text))
<BR><BR>[Stack]<UL><LI>Max Depth = 304<LI>Call Chain = LCD_Reset &rArr; LCD_Delay &rArr; RT_HAL_Delay &rArr; rt_thread_delay &rArr; rt_thread_sleep &rArr; rt_schedule &rArr; _rt_scheduler_stack_check &rArr; list_thread &rArr; _list_thread &rArr; rt_kprintf &rArr; rt_vsnprintf &rArr; print_number
</UL>
<BR>[Calls]<UL><LI><a href="#[19f]">&gt;&gt;</a>&nbsp;&nbsp;&nbsp;HAL_GPIO_WritePin
<LI><a href="#[1a3]">&gt;&gt;</a>&nbsp;&nbsp;&nbsp;LCD_Delay
</UL>
<BR>[Called By]<UL><LI><a href="#[1aa]">&gt;&gt;</a>&nbsp;&nbsp;&nbsp;st7735_Init
</UL>

<P><STRONG><a name="[1a5]"></a>LCD_BL_light_On</STRONG> (Thumb, 16 bytes, Stack size 8 bytes, tft_lcd.o(.text))
<BR><BR>[Stack]<UL><LI>Max Depth = 8<LI>Call Chain = LCD_BL_light_On
</UL>
<BR>[Calls]<UL><LI><a href="#[19f]">&gt;&gt;</a>&nbsp;&nbsp;&nbsp;HAL_GPIO_WritePin
</UL>
<BR>[Called By]<UL><LI><a href="#[1aa]">&gt;&gt;</a>&nbsp;&nbsp;&nbsp;st7735_Init
</UL>

<P><STRONG><a name="[1a6]"></a>LCD_BL_light_Off</STRONG> (Thumb, 14 bytes, Stack size 8 bytes, tft_lcd.o(.text), UNUSED)
<BR><BR>[Calls]<UL><LI><a href="#[19f]">&gt;&gt;</a>&nbsp;&nbsp;&nbsp;HAL_GPIO_WritePin
</UL>

<P><STRONG><a name="[1a7]"></a>st7735_SetDisplayWindow</STRONG> (Thumb, 144 bytes, Stack size 24 bytes, drv_lcd_st7735.o(.text))
<BR><BR>[Stack]<UL><LI>Max Depth = 136<LI>Call Chain = st7735_SetDisplayWindow &rArr; LCD_IO_WriteMultipleData &rArr; SPIx_Write &rArr; SPIx_Error &rArr; SPIx_Init &rArr; SPIx_MspInit &rArr; HAL_GPIO_Init
</UL>
<BR>[Calls]<UL><LI><a href="#[1a2]">&gt;&gt;</a>&nbsp;&nbsp;&nbsp;LCD_IO_WriteMultipleData
<LI><a href="#[1a0]">&gt;&gt;</a>&nbsp;&nbsp;&nbsp;LCD_IO_WriteReg
</UL>
<BR>[Called By]<UL><LI><a href="#[1a8]">&gt;&gt;</a>&nbsp;&nbsp;&nbsp;Lcd_Clear
</UL>

<P><STRONG><a name="[1a8]"></a>Lcd_Clear</STRONG> (Thumb, 56 bytes, Stack size 16 bytes, drv_lcd_st7735.o(.text))
<BR><BR>[Stack]<UL><LI>Max Depth = 152<LI>Call Chain = Lcd_Clear &rArr; st7735_SetDisplayWindow &rArr; LCD_IO_WriteMultipleData &rArr; SPIx_Write &rArr; SPIx_Error &rArr; SPIx_Init &rArr; SPIx_MspInit &rArr; HAL_GPIO_Init
</UL>
<BR>[Calls]<UL><LI><a href="#[1a7]">&gt;&gt;</a>&nbsp;&nbsp;&nbsp;st7735_SetDisplayWindow
<LI><a href="#[1a1]">&gt;&gt;</a>&nbsp;&nbsp;&nbsp;LCD_IO_WriteData
<LI><a href="#[1a0]">&gt;&gt;</a>&nbsp;&nbsp;&nbsp;LCD_IO_WriteReg
</UL>
<BR>[Called By]<UL><LI><a href="#[150]">&gt;&gt;</a>&nbsp;&nbsp;&nbsp;emwin_system_init
</UL>

<P><STRONG><a name="[1a9]"></a>st7735_WriteReg</STRONG> (Thumb, 20 bytes, Stack size 16 bytes, drv_lcd_st7735.o(.text))
<BR><BR>[Stack]<UL><LI>Max Depth = 128<LI>Call Chain = st7735_WriteReg &rArr; LCD_IO_WriteMultipleData &rArr; SPIx_Write &rArr; SPIx_Error &rArr; SPIx_Init &rArr; SPIx_MspInit &rArr; HAL_GPIO_Init
</UL>
<BR>[Calls]<UL><LI><a href="#[1a2]">&gt;&gt;</a>&nbsp;&nbsp;&nbsp;LCD_IO_WriteMultipleData
<LI><a href="#[1a0]">&gt;&gt;</a>&nbsp;&nbsp;&nbsp;LCD_IO_WriteReg
</UL>
<BR>[Called By]<UL><LI><a href="#[1b1]">&gt;&gt;</a>&nbsp;&nbsp;&nbsp;st7735_DrawBitmap
<LI><a href="#[1aa]">&gt;&gt;</a>&nbsp;&nbsp;&nbsp;st7735_Init
</UL>

<P><STRONG><a name="[1aa]"></a>st7735_Init</STRONG> (Thumb, 630 bytes, Stack size 8 bytes, drv_lcd_st7735.o(.text))
<BR><BR>[Stack]<UL><LI>Max Depth = 312<LI>Call Chain = st7735_Init &rArr; LCD_Reset &rArr; LCD_Delay &rArr; RT_HAL_Delay &rArr; rt_thread_delay &rArr; rt_thread_sleep &rArr; rt_schedule &rArr; _rt_scheduler_stack_check &rArr; list_thread &rArr; _list_thread &rArr; rt_kprintf &rArr; rt_vsnprintf &rArr; print_number
</UL>
<BR>[Calls]<UL><LI><a href="#[1a9]">&gt;&gt;</a>&nbsp;&nbsp;&nbsp;st7735_WriteReg
<LI><a href="#[1a5]">&gt;&gt;</a>&nbsp;&nbsp;&nbsp;LCD_BL_light_On
<LI><a href="#[1a4]">&gt;&gt;</a>&nbsp;&nbsp;&nbsp;LCD_Reset
<LI><a href="#[1a3]">&gt;&gt;</a>&nbsp;&nbsp;&nbsp;LCD_Delay
<LI><a href="#[1a2]">&gt;&gt;</a>&nbsp;&nbsp;&nbsp;LCD_IO_WriteMultipleData
<LI><a href="#[1a0]">&gt;&gt;</a>&nbsp;&nbsp;&nbsp;LCD_IO_WriteReg
<LI><a href="#[19e]">&gt;&gt;</a>&nbsp;&nbsp;&nbsp;LCD_IO_Init
</UL>
<BR>[Called By]<UL><LI><a href="#[150]">&gt;&gt;</a>&nbsp;&nbsp;&nbsp;emwin_system_init
</UL>

<P><STRONG><a name="[1ab]"></a>st7735_DisplayOn</STRONG> (Thumb, 50 bytes, Stack size 8 bytes, drv_lcd_st7735.o(.text), UNUSED)
<BR><BR>[Calls]<UL><LI><a href="#[1a3]">&gt;&gt;</a>&nbsp;&nbsp;&nbsp;LCD_Delay
<LI><a href="#[1a2]">&gt;&gt;</a>&nbsp;&nbsp;&nbsp;LCD_IO_WriteMultipleData
<LI><a href="#[1a0]">&gt;&gt;</a>&nbsp;&nbsp;&nbsp;LCD_IO_WriteReg
</UL>

<P><STRONG><a name="[1ac]"></a>st7735_DisplayOff</STRONG> (Thumb, 50 bytes, Stack size 8 bytes, drv_lcd_st7735.o(.text), UNUSED)
<BR><BR>[Calls]<UL><LI><a href="#[1a3]">&gt;&gt;</a>&nbsp;&nbsp;&nbsp;LCD_Delay
<LI><a href="#[1a2]">&gt;&gt;</a>&nbsp;&nbsp;&nbsp;LCD_IO_WriteMultipleData
<LI><a href="#[1a0]">&gt;&gt;</a>&nbsp;&nbsp;&nbsp;LCD_IO_WriteReg
</UL>

<P><STRONG><a name="[1ad]"></a>st7735_SetCursor</STRONG> (Thumb, 78 bytes, Stack size 16 bytes, drv_lcd_st7735.o(.text))
<BR><BR>[Stack]<UL><LI>Max Depth = 128<LI>Call Chain = st7735_SetCursor &rArr; LCD_IO_WriteMultipleData &rArr; SPIx_Write &rArr; SPIx_Error &rArr; SPIx_Init &rArr; SPIx_MspInit &rArr; HAL_GPIO_Init
</UL>
<BR>[Calls]<UL><LI><a href="#[1a2]">&gt;&gt;</a>&nbsp;&nbsp;&nbsp;LCD_IO_WriteMultipleData
<LI><a href="#[1a0]">&gt;&gt;</a>&nbsp;&nbsp;&nbsp;LCD_IO_WriteReg
</UL>
<BR>[Called By]<UL><LI><a href="#[1b1]">&gt;&gt;</a>&nbsp;&nbsp;&nbsp;st7735_DrawBitmap
<LI><a href="#[1af]">&gt;&gt;</a>&nbsp;&nbsp;&nbsp;st7735_DrawHLine
<LI><a href="#[1ae]">&gt;&gt;</a>&nbsp;&nbsp;&nbsp;st7735_WritePixel
</UL>

<P><STRONG><a name="[1ae]"></a>st7735_WritePixel</STRONG> (Thumb, 58 bytes, Stack size 24 bytes, drv_lcd_st7735.o(.text))
<BR><BR>[Stack]<UL><LI>Max Depth = 152<LI>Call Chain = st7735_WritePixel &rArr; st7735_SetCursor &rArr; LCD_IO_WriteMultipleData &rArr; SPIx_Write &rArr; SPIx_Error &rArr; SPIx_Init &rArr; SPIx_MspInit &rArr; HAL_GPIO_Init
</UL>
<BR>[Calls]<UL><LI><a href="#[1ad]">&gt;&gt;</a>&nbsp;&nbsp;&nbsp;st7735_SetCursor
<LI><a href="#[1a2]">&gt;&gt;</a>&nbsp;&nbsp;&nbsp;LCD_IO_WriteMultipleData
</UL>
<BR>[Called By]<UL><LI><a href="#[1b0]">&gt;&gt;</a>&nbsp;&nbsp;&nbsp;st7735_DrawVLine
<LI><a href="#[f8]">&gt;&gt;</a>&nbsp;&nbsp;&nbsp;_SetPixelIndex
</UL>

<P><STRONG><a name="[1af]"></a>st7735_DrawHLine</STRONG> (Thumb, 62 bytes, Stack size 24 bytes, drv_lcd_st7735.o(.text), UNUSED)
<BR><BR>[Calls]<UL><LI><a href="#[1ad]">&gt;&gt;</a>&nbsp;&nbsp;&nbsp;st7735_SetCursor
<LI><a href="#[1a2]">&gt;&gt;</a>&nbsp;&nbsp;&nbsp;LCD_IO_WriteMultipleData
</UL>

<P><STRONG><a name="[1b0]"></a>st7735_DrawVLine</STRONG> (Thumb, 52 bytes, Stack size 24 bytes, drv_lcd_st7735.o(.text), UNUSED)
<BR><BR>[Calls]<UL><LI><a href="#[1ae]">&gt;&gt;</a>&nbsp;&nbsp;&nbsp;st7735_WritePixel
</UL>

<P><STRONG><a name="[58b]"></a>st7735_GetLcdPixelWidth</STRONG> (Thumb, 4 bytes, Stack size 0 bytes, drv_lcd_st7735.o(.text), UNUSED)

<P><STRONG><a name="[58c]"></a>st7735_GetLcdPixelHeight</STRONG> (Thumb, 4 bytes, Stack size 0 bytes, drv_lcd_st7735.o(.text), UNUSED)

<P><STRONG><a name="[1b1]"></a>st7735_DrawBitmap</STRONG> (Thumb, 72 bytes, Stack size 24 bytes, drv_lcd_st7735.o(.text), UNUSED)
<BR><BR>[Calls]<UL><LI><a href="#[1ad]">&gt;&gt;</a>&nbsp;&nbsp;&nbsp;st7735_SetCursor
<LI><a href="#[1a9]">&gt;&gt;</a>&nbsp;&nbsp;&nbsp;st7735_WriteReg
<LI><a href="#[1a2]">&gt;&gt;</a>&nbsp;&nbsp;&nbsp;LCD_IO_WriteMultipleData
</UL>

<P><STRONG><a name="[73]"></a>SystemInit</STRONG> (Thumb, 82 bytes, Stack size 0 bytes, system_stm32f4xx.o(.text))
<BR>[Address Reference Count : 1]<UL><LI> startup_stm32f407xx.o(.text)
</UL>
<P><STRONG><a name="[58d]"></a>SystemCoreClockUpdate</STRONG> (Thumb, 174 bytes, Stack size 16 bytes, system_stm32f4xx.o(.text), UNUSED)

<P><STRONG><a name="[18]"></a>Reset_Handler</STRONG> (Thumb, 8 bytes, Stack size 0 bytes, startup_stm32f407xx.o(.text))
<BR>[Address Reference Count : 1]<UL><LI> startup_stm32f407xx.o(RESET)
</UL>
<P><STRONG><a name="[1f]"></a>DebugMon_Handler</STRONG> (Thumb, 2 bytes, Stack size 0 bytes, startup_stm32f407xx.o(.text))
<BR><BR>[Calls]<UL><LI><a href="#[1f]">&gt;&gt;</a>&nbsp;&nbsp;&nbsp;DebugMon_Handler
</UL>
<BR>[Called By]<UL><LI><a href="#[1f]">&gt;&gt;</a>&nbsp;&nbsp;&nbsp;DebugMon_Handler
</UL>
<BR>[Address Reference Count : 1]<UL><LI> startup_stm32f407xx.o(RESET)
</UL>
<P><STRONG><a name="[34]"></a>ADC_IRQHandler</STRONG> (Thumb, 0 bytes, Stack size 0 bytes, startup_stm32f407xx.o(.text))
<BR><BR>[Calls]<UL><LI><a href="#[34]">&gt;&gt;</a>&nbsp;&nbsp;&nbsp;ADC_IRQHandler
</UL>
<BR>[Called By]<UL><LI><a href="#[34]">&gt;&gt;</a>&nbsp;&nbsp;&nbsp;ADC_IRQHandler
</UL>
<BR>[Address Reference Count : 1]<UL><LI> startup_stm32f407xx.o(RESET)
</UL>
<P><STRONG><a name="[36]"></a>CAN1_RX0_IRQHandler</STRONG> (Thumb, 0 bytes, Stack size 0 bytes, startup_stm32f407xx.o(.text))
<BR>[Address Reference Count : 1]<UL><LI> startup_stm32f407xx.o(RESET)
</UL>
<P><STRONG><a name="[37]"></a>CAN1_RX1_IRQHandler</STRONG> (Thumb, 0 bytes, Stack size 0 bytes, startup_stm32f407xx.o(.text))
<BR>[Address Reference Count : 1]<UL><LI> startup_stm32f407xx.o(RESET)
</UL>
<P><STRONG><a name="[38]"></a>CAN1_SCE_IRQHandler</STRONG> (Thumb, 0 bytes, Stack size 0 bytes, startup_stm32f407xx.o(.text))
<BR>[Address Reference Count : 1]<UL><LI> startup_stm32f407xx.o(RESET)
</UL>
<P><STRONG><a name="[35]"></a>CAN1_TX_IRQHandler</STRONG> (Thumb, 0 bytes, Stack size 0 bytes, startup_stm32f407xx.o(.text))
<BR>[Address Reference Count : 1]<UL><LI> startup_stm32f407xx.o(RESET)
</UL>
<P><STRONG><a name="[62]"></a>CAN2_RX0_IRQHandler</STRONG> (Thumb, 0 bytes, Stack size 0 bytes, startup_stm32f407xx.o(.text))
<BR>[Address Reference Count : 1]<UL><LI> startup_stm32f407xx.o(RESET)
</UL>
<P><STRONG><a name="[63]"></a>CAN2_RX1_IRQHandler</STRONG> (Thumb, 0 bytes, Stack size 0 bytes, startup_stm32f407xx.o(.text))
<BR>[Address Reference Count : 1]<UL><LI> startup_stm32f407xx.o(RESET)
</UL>
<P><STRONG><a name="[64]"></a>CAN2_SCE_IRQHandler</STRONG> (Thumb, 0 bytes, Stack size 0 bytes, startup_stm32f407xx.o(.text))
<BR>[Address Reference Count : 1]<UL><LI> startup_stm32f407xx.o(RESET)
</UL>
<P><STRONG><a name="[61]"></a>CAN2_TX_IRQHandler</STRONG> (Thumb, 0 bytes, Stack size 0 bytes, startup_stm32f407xx.o(.text))
<BR>[Address Reference Count : 1]<UL><LI> startup_stm32f407xx.o(RESET)
</UL>
<P><STRONG><a name="[70]"></a>DCMI_IRQHandler</STRONG> (Thumb, 0 bytes, Stack size 0 bytes, startup_stm32f407xx.o(.text))
<BR>[Address Reference Count : 1]<UL><LI> startup_stm32f407xx.o(RESET)
</UL>
<P><STRONG><a name="[2d]"></a>DMA1_Stream0_IRQHandler</STRONG> (Thumb, 0 bytes, Stack size 0 bytes, startup_stm32f407xx.o(.text))
<BR>[Address Reference Count : 1]<UL><LI> startup_stm32f407xx.o(RESET)
</UL>
<P><STRONG><a name="[2e]"></a>DMA1_Stream1_IRQHandler</STRONG> (Thumb, 0 bytes, Stack size 0 bytes, startup_stm32f407xx.o(.text))
<BR>[Address Reference Count : 1]<UL><LI> startup_stm32f407xx.o(RESET)
</UL>
<P><STRONG><a name="[2f]"></a>DMA1_Stream2_IRQHandler</STRONG> (Thumb, 0 bytes, Stack size 0 bytes, startup_stm32f407xx.o(.text))
<BR>[Address Reference Count : 1]<UL><LI> startup_stm32f407xx.o(RESET)
</UL>
<P><STRONG><a name="[30]"></a>DMA1_Stream3_IRQHandler</STRONG> (Thumb, 0 bytes, Stack size 0 bytes, startup_stm32f407xx.o(.text))
<BR>[Address Reference Count : 1]<UL><LI> startup_stm32f407xx.o(RESET)
</UL>
<P><STRONG><a name="[31]"></a>DMA1_Stream4_IRQHandler</STRONG> (Thumb, 0 bytes, Stack size 0 bytes, startup_stm32f407xx.o(.text))
<BR>[Address Reference Count : 1]<UL><LI> startup_stm32f407xx.o(RESET)
</UL>
<P><STRONG><a name="[32]"></a>DMA1_Stream5_IRQHandler</STRONG> (Thumb, 0 bytes, Stack size 0 bytes, startup_stm32f407xx.o(.text))
<BR>[Address Reference Count : 1]<UL><LI> startup_stm32f407xx.o(RESET)
</UL>
<P><STRONG><a name="[33]"></a>DMA1_Stream6_IRQHandler</STRONG> (Thumb, 0 bytes, Stack size 0 bytes, startup_stm32f407xx.o(.text))
<BR>[Address Reference Count : 1]<UL><LI> startup_stm32f407xx.o(RESET)
</UL>
<P><STRONG><a name="[51]"></a>DMA1_Stream7_IRQHandler</STRONG> (Thumb, 0 bytes, Stack size 0 bytes, startup_stm32f407xx.o(.text))
<BR>[Address Reference Count : 1]<UL><LI> startup_stm32f407xx.o(RESET)
</UL>
<P><STRONG><a name="[5a]"></a>DMA2_Stream0_IRQHandler</STRONG> (Thumb, 0 bytes, Stack size 0 bytes, startup_stm32f407xx.o(.text))
<BR>[Address Reference Count : 1]<UL><LI> startup_stm32f407xx.o(RESET)
</UL>
<P><STRONG><a name="[5b]"></a>DMA2_Stream1_IRQHandler</STRONG> (Thumb, 0 bytes, Stack size 0 bytes, startup_stm32f407xx.o(.text))
<BR>[Address Reference Count : 1]<UL><LI> startup_stm32f407xx.o(RESET)
</UL>
<P><STRONG><a name="[5c]"></a>DMA2_Stream2_IRQHandler</STRONG> (Thumb, 0 bytes, Stack size 0 bytes, startup_stm32f407xx.o(.text))
<BR>[Address Reference Count : 1]<UL><LI> startup_stm32f407xx.o(RESET)
</UL>
<P><STRONG><a name="[5d]"></a>DMA2_Stream3_IRQHandler</STRONG> (Thumb, 0 bytes, Stack size 0 bytes, startup_stm32f407xx.o(.text))
<BR>[Address Reference Count : 1]<UL><LI> startup_stm32f407xx.o(RESET)
</UL>
<P><STRONG><a name="[5e]"></a>DMA2_Stream4_IRQHandler</STRONG> (Thumb, 0 bytes, Stack size 0 bytes, startup_stm32f407xx.o(.text))
<BR>[Address Reference Count : 1]<UL><LI> startup_stm32f407xx.o(RESET)
</UL>
<P><STRONG><a name="[66]"></a>DMA2_Stream5_IRQHandler</STRONG> (Thumb, 0 bytes, Stack size 0 bytes, startup_stm32f407xx.o(.text))
<BR>[Address Reference Count : 1]<UL><LI> startup_stm32f407xx.o(RESET)
</UL>
<P><STRONG><a name="[67]"></a>DMA2_Stream6_IRQHandler</STRONG> (Thumb, 0 bytes, Stack size 0 bytes, startup_stm32f407xx.o(.text))
<BR>[Address Reference Count : 1]<UL><LI> startup_stm32f407xx.o(RESET)
</UL>
<P><STRONG><a name="[68]"></a>DMA2_Stream7_IRQHandler</STRONG> (Thumb, 0 bytes, Stack size 0 bytes, startup_stm32f407xx.o(.text))
<BR>[Address Reference Count : 1]<UL><LI> startup_stm32f407xx.o(RESET)
</UL>
<P><STRONG><a name="[5f]"></a>ETH_IRQHandler</STRONG> (Thumb, 0 bytes, Stack size 0 bytes, startup_stm32f407xx.o(.text))
<BR>[Address Reference Count : 1]<UL><LI> startup_stm32f407xx.o(RESET)
</UL>
<P><STRONG><a name="[60]"></a>ETH_WKUP_IRQHandler</STRONG> (Thumb, 0 bytes, Stack size 0 bytes, startup_stm32f407xx.o(.text))
<BR>[Address Reference Count : 1]<UL><LI> startup_stm32f407xx.o(RESET)
</UL>
<P><STRONG><a name="[28]"></a>EXTI0_IRQHandler</STRONG> (Thumb, 0 bytes, Stack size 0 bytes, startup_stm32f407xx.o(.text))
<BR>[Address Reference Count : 1]<UL><LI> startup_stm32f407xx.o(RESET)
</UL>
<P><STRONG><a name="[4a]"></a>EXTI15_10_IRQHandler</STRONG> (Thumb, 0 bytes, Stack size 0 bytes, startup_stm32f407xx.o(.text))
<BR>[Address Reference Count : 1]<UL><LI> startup_stm32f407xx.o(RESET)
</UL>
<P><STRONG><a name="[29]"></a>EXTI1_IRQHandler</STRONG> (Thumb, 0 bytes, Stack size 0 bytes, startup_stm32f407xx.o(.text))
<BR>[Address Reference Count : 1]<UL><LI> startup_stm32f407xx.o(RESET)
</UL>
<P><STRONG><a name="[2a]"></a>EXTI2_IRQHandler</STRONG> (Thumb, 0 bytes, Stack size 0 bytes, startup_stm32f407xx.o(.text))
<BR>[Address Reference Count : 1]<UL><LI> startup_stm32f407xx.o(RESET)
</UL>
<P><STRONG><a name="[2b]"></a>EXTI3_IRQHandler</STRONG> (Thumb, 0 bytes, Stack size 0 bytes, startup_stm32f407xx.o(.text))
<BR>[Address Reference Count : 1]<UL><LI> startup_stm32f407xx.o(RESET)
</UL>
<P><STRONG><a name="[2c]"></a>EXTI4_IRQHandler</STRONG> (Thumb, 0 bytes, Stack size 0 bytes, startup_stm32f407xx.o(.text))
<BR>[Address Reference Count : 1]<UL><LI> startup_stm32f407xx.o(RESET)
</UL>
<P><STRONG><a name="[39]"></a>EXTI9_5_IRQHandler</STRONG> (Thumb, 0 bytes, Stack size 0 bytes, startup_stm32f407xx.o(.text))
<BR>[Address Reference Count : 1]<UL><LI> startup_stm32f407xx.o(RESET)
</UL>
<P><STRONG><a name="[26]"></a>FLASH_IRQHandler</STRONG> (Thumb, 0 bytes, Stack size 0 bytes, startup_stm32f407xx.o(.text))
<BR>[Address Reference Count : 1]<UL><LI> startup_stm32f407xx.o(RESET)
</UL>
<P><STRONG><a name="[52]"></a>FMC_IRQHandler</STRONG> (Thumb, 0 bytes, Stack size 0 bytes, startup_stm32f407xx.o(.text))
<BR>[Address Reference Count : 1]<UL><LI> startup_stm32f407xx.o(RESET)
</UL>
<P><STRONG><a name="[72]"></a>FPU_IRQHandler</STRONG> (Thumb, 0 bytes, Stack size 0 bytes, startup_stm32f407xx.o(.text))
<BR>[Address Reference Count : 1]<UL><LI> startup_stm32f407xx.o(RESET)
</UL>
<P><STRONG><a name="[71]"></a>HASH_RNG_IRQHandler</STRONG> (Thumb, 0 bytes, Stack size 0 bytes, startup_stm32f407xx.o(.text))
<BR>[Address Reference Count : 1]<UL><LI> startup_stm32f407xx.o(RESET)
</UL>
<P><STRONG><a name="[42]"></a>I2C1_ER_IRQHandler</STRONG> (Thumb, 0 bytes, Stack size 0 bytes, startup_stm32f407xx.o(.text))
<BR>[Address Reference Count : 1]<UL><LI> startup_stm32f407xx.o(RESET)
</UL>
<P><STRONG><a name="[41]"></a>I2C1_EV_IRQHandler</STRONG> (Thumb, 0 bytes, Stack size 0 bytes, startup_stm32f407xx.o(.text))
<BR>[Address Reference Count : 1]<UL><LI> startup_stm32f407xx.o(RESET)
</UL>
<P><STRONG><a name="[44]"></a>I2C2_ER_IRQHandler</STRONG> (Thumb, 0 bytes, Stack size 0 bytes, startup_stm32f407xx.o(.text))
<BR>[Address Reference Count : 1]<UL><LI> startup_stm32f407xx.o(RESET)
</UL>
<P><STRONG><a name="[43]"></a>I2C2_EV_IRQHandler</STRONG> (Thumb, 0 bytes, Stack size 0 bytes, startup_stm32f407xx.o(.text))
<BR>[Address Reference Count : 1]<UL><LI> startup_stm32f407xx.o(RESET)
</UL>
<P><STRONG><a name="[6b]"></a>I2C3_ER_IRQHandler</STRONG> (Thumb, 0 bytes, Stack size 0 bytes, startup_stm32f407xx.o(.text))
<BR>[Address Reference Count : 1]<UL><LI> startup_stm32f407xx.o(RESET)
</UL>
<P><STRONG><a name="[6a]"></a>I2C3_EV_IRQHandler</STRONG> (Thumb, 0 bytes, Stack size 0 bytes, startup_stm32f407xx.o(.text))
<BR>[Address Reference Count : 1]<UL><LI> startup_stm32f407xx.o(RESET)
</UL>
<P><STRONG><a name="[65]"></a>OTG_FS_IRQHandler</STRONG> (Thumb, 0 bytes, Stack size 0 bytes, startup_stm32f407xx.o(.text))
<BR>[Address Reference Count : 1]<UL><LI> startup_stm32f407xx.o(RESET)
</UL>
<P><STRONG><a name="[4c]"></a>OTG_FS_WKUP_IRQHandler</STRONG> (Thumb, 0 bytes, Stack size 0 bytes, startup_stm32f407xx.o(.text))
<BR>[Address Reference Count : 1]<UL><LI> startup_stm32f407xx.o(RESET)
</UL>
<P><STRONG><a name="[6d]"></a>OTG_HS_EP1_IN_IRQHandler</STRONG> (Thumb, 0 bytes, Stack size 0 bytes, startup_stm32f407xx.o(.text))
<BR>[Address Reference Count : 1]<UL><LI> startup_stm32f407xx.o(RESET)
</UL>
<P><STRONG><a name="[6c]"></a>OTG_HS_EP1_OUT_IRQHandler</STRONG> (Thumb, 0 bytes, Stack size 0 bytes, startup_stm32f407xx.o(.text))
<BR>[Address Reference Count : 1]<UL><LI> startup_stm32f407xx.o(RESET)
</UL>
<P><STRONG><a name="[6f]"></a>OTG_HS_IRQHandler</STRONG> (Thumb, 0 bytes, Stack size 0 bytes, startup_stm32f407xx.o(.text))
<BR>[Address Reference Count : 1]<UL><LI> startup_stm32f407xx.o(RESET)
</UL>
<P><STRONG><a name="[6e]"></a>OTG_HS_WKUP_IRQHandler</STRONG> (Thumb, 0 bytes, Stack size 0 bytes, startup_stm32f407xx.o(.text))
[...]
<BR><BR>[Stack]<UL><LI>Max Depth = 224<LI>Call Chain = _DrawPart &rArr; GUI_DispString &rArr; GUI__DispLine &rArr; WM__InitIVRSearch &rArr; WM__GetNextIVR &rArr; _FindNext_IVR &rArr; _Findy1 &rArr;  _Findy1 (Cycle)
</UL>
<BR>[Calls]<UL><LI><a href="#[353]">&gt;&gt;</a>&nbsp;&nbsp;&nbsp;GUI_Clear
<LI><a href="#[43f]">&gt;&gt;</a>&nbsp;&nbsp;&nbsp;GUI_DispString
<LI><a href="#[3ee]">&gt;&gt;</a>&nbsp;&nbsp;&nbsp;LCD_SetColor
<LI><a href="#[3ed]">&gt;&gt;</a>&nbsp;&nbsp;&nbsp;LCD_SetBkColor
<LI><a href="#[42f]">&gt;&gt;</a>&nbsp;&nbsp;&nbsp;GUI_GotoXY
</UL>
<BR>[Called By]<UL><LI><a href="#[13b]">&gt;&gt;</a>&nbsp;&nbsp;&nbsp;_Paint
</UL>

<P><STRONG><a name="[13b]"></a>_Paint</STRONG> (Thumb, 268 bytes, Stack size 64 bytes, progbar_skinclassic.o(i._Paint))
<BR><BR>[Stack]<UL><LI>Max Depth = 288<LI>Call Chain = _Paint &rArr; _DrawPart &rArr; GUI_DispString &rArr; GUI__DispLine &rArr; WM__InitIVRSearch &rArr; WM__GetNextIVR &rArr; _FindNext_IVR &rArr; _Findy1 &rArr;  _Findy1 (Cycle)
</UL>
<BR>[Calls]<UL><LI><a href="#[355]">&gt;&gt;</a>&nbsp;&nbsp;&nbsp;GUI_SetFont
<LI><a href="#[3c3]">&gt;&gt;</a>&nbsp;&nbsp;&nbsp;GUI_ALLOC_UnlockH
<LI><a href="#[3c2]">&gt;&gt;</a>&nbsp;&nbsp;&nbsp;GUI_ALLOC_LockH
<LI><a href="#[39b]">&gt;&gt;</a>&nbsp;&nbsp;&nbsp;GUI_SetTextMode
<LI><a href="#[4c6]">&gt;&gt;</a>&nbsp;&nbsp;&nbsp;PROGBAR__Value2Pos
<LI><a href="#[4c8]">&gt;&gt;</a>&nbsp;&nbsp;&nbsp;PROGBAR__GetTextRect
<LI><a href="#[4c7]">&gt;&gt;</a>&nbsp;&nbsp;&nbsp;PROGBAR__GetTextLocked
<LI><a href="#[44a]">&gt;&gt;</a>&nbsp;&nbsp;&nbsp;GUI__ReduceRect
<LI><a href="#[446]">&gt;&gt;</a>&nbsp;&nbsp;&nbsp;WM_SetUserClipRect
<LI><a href="#[452]">&gt;&gt;</a>&nbsp;&nbsp;&nbsp;WM_GetClientRect
<LI><a href="#[4da]">&gt;&gt;</a>&nbsp;&nbsp;&nbsp;WIDGET__EFFECT_DrawDownRect
<LI><a href="#[547]">&gt;&gt;</a>&nbsp;&nbsp;&nbsp;_DrawPart
</UL>
<BR>[Address Reference Count : 1]<UL><LI> progbar_skinclassic.o(.constdata)
</UL>
<P><STRONG><a name="[4db]"></a>_EffectRequiresRedraw</STRONG> (Thumb, 86 bytes, Stack size 24 bytes, widget.o(i._EffectRequiresRedraw))
<BR><BR>[Stack]<UL><LI>Max Depth = 24<LI>Call Chain = _EffectRequiresRedraw
</UL>
<BR>[Calls]<UL><LI><a href="#[529]">&gt;&gt;</a>&nbsp;&nbsp;&nbsp;WM__Screen2Client
</UL>
<BR>[Called By]<UL><LI><a href="#[4dc]">&gt;&gt;</a>&nbsp;&nbsp;&nbsp;WIDGET__EFFECT_DrawUpRect
<LI><a href="#[4da]">&gt;&gt;</a>&nbsp;&nbsp;&nbsp;WIDGET__EFFECT_DrawDownRect
</UL>

<P><STRONG><a name="[4e4]"></a>_BringToTop</STRONG> (Thumb, 106 bytes, Stack size 24 bytes, wm_bringtotop.o(i._BringToTop))
<BR><BR>[Stack]<UL><LI>Max Depth = 184<LI>Call Chain = _BringToTop &rArr; WM_InvalidateWindow &rArr; WM_InvalidateRect &rArr; WM__InvalidateRectEx &rArr; WM__InvalidateRect &rArr;  WM__InvalidateRect (Cycle)
</UL>
<BR>[Calls]<UL><LI><a href="#[3c3]">&gt;&gt;</a>&nbsp;&nbsp;&nbsp;GUI_ALLOC_UnlockH
<LI><a href="#[3c2]">&gt;&gt;</a>&nbsp;&nbsp;&nbsp;GUI_ALLOC_LockH
<LI><a href="#[383]">&gt;&gt;</a>&nbsp;&nbsp;&nbsp;WM_InvalidateWindow
<LI><a href="#[51c]">&gt;&gt;</a>&nbsp;&nbsp;&nbsp;WM__RemoveWindowFromList
<LI><a href="#[4e5]">&gt;&gt;</a>&nbsp;&nbsp;&nbsp;WM__InsertWindowIntoList
<LI><a href="#[4f2]">&gt;&gt;</a>&nbsp;&nbsp;&nbsp;WM_ForEachDesc
</UL>
<BR>[Called By]<UL><LI><a href="#[4d4]">&gt;&gt;</a>&nbsp;&nbsp;&nbsp;WM_BringToTop
</UL>

<P><STRONG><a name="[b6]"></a>_cbInvalidateOne</STRONG> (Thumb, 4 bytes, Stack size 0 bytes, wm_bringtotop.o(i._cbInvalidateOne))
<BR><BR>[Stack]<UL><LI>Max Depth = 160<LI>Call Chain = _cbInvalidateOne &rArr; WM_InvalidateWindow &rArr; WM_InvalidateRect &rArr; WM__InvalidateRectEx &rArr; WM__InvalidateRect &rArr;  WM__InvalidateRect (Cycle)
</UL>
<BR>[Calls]<UL><LI><a href="#[383]">&gt;&gt;</a>&nbsp;&nbsp;&nbsp;WM_InvalidateWindow
</UL>
<BR>[Address Reference Count : 1]<UL><LI> wm_bringtotop.o(i._BringToTop)
</UL>
<P><STRONG><a name="[4f8]"></a>_GetDialogItem</STRONG> (Thumb, 80 bytes, Stack size 24 bytes, wm_getscrollbar.o(i._GetDialogItem))
<BR><BR>[Stack]<UL><LI>Max Depth = 232 + In Cycle
<LI>Call Chain = _GetDialogItem &rArr;  _GetDialogItem (Cycle)
</UL>
<BR>[Calls]<UL><LI><a href="#[41f]">&gt;&gt;</a>&nbsp;&nbsp;&nbsp;GUI_ALLOC_h2p
<LI><a href="#[378]">&gt;&gt;</a>&nbsp;&nbsp;&nbsp;WM_GetId
<LI><a href="#[4f8]">&gt;&gt;</a>&nbsp;&nbsp;&nbsp;_GetDialogItem
</UL>
<BR>[Called By]<UL><LI><a href="#[4f9]">&gt;&gt;</a>&nbsp;&nbsp;&nbsp;WM_GetScrollbarV
<LI><a href="#[4f7]">&gt;&gt;</a>&nbsp;&nbsp;&nbsp;WM_GetScrollbarH
<LI><a href="#[4f8]">&gt;&gt;</a>&nbsp;&nbsp;&nbsp;_GetDialogItem
</UL>

<P><STRONG><a name="[523]"></a>_MoveDescendents</STRONG> (Thumb, 110 bytes, Stack size 72 bytes, wm_move.o(i._MoveDescendents))
<BR><BR>[Stack]<UL><LI>Max Depth = 256 + In Cycle
<LI>Call Chain = _MoveDescendents &rArr;  _MoveDescendents (Cycle)
</UL>
<BR>[Calls]<UL><LI><a href="#[3c3]">&gt;&gt;</a>&nbsp;&nbsp;&nbsp;GUI_ALLOC_UnlockH
<LI><a href="#[3c2]">&gt;&gt;</a>&nbsp;&nbsp;&nbsp;GUI_ALLOC_LockH
<LI><a href="#[3dd]">&gt;&gt;</a>&nbsp;&nbsp;&nbsp;WM__SendMessage
<LI><a href="#[3d5]">&gt;&gt;</a>&nbsp;&nbsp;&nbsp;GUI_MoveRect
<LI><a href="#[523]">&gt;&gt;</a>&nbsp;&nbsp;&nbsp;_MoveDescendents
</UL>
<BR>[Called By]<UL><LI><a href="#[50c]">&gt;&gt;</a>&nbsp;&nbsp;&nbsp;WM__MoveWindow
<LI><a href="#[523]">&gt;&gt;</a>&nbsp;&nbsp;&nbsp;_MoveDescendents
</UL>

<P><STRONG><a name="[50d]"></a>WM__ReleaseCapture</STRONG> (Thumb, 36 bytes, Stack size 32 bytes, wm_setcapture.o(i.WM__ReleaseCapture))
<BR><BR>[Stack]<UL><LI>Max Depth = 216<LI>Call Chain = WM__ReleaseCapture &rArr; WM__SendMessage &rArr; WM_DefaultProc &rArr; WM_InvalidateWindow &rArr; WM_InvalidateRect &rArr; WM__InvalidateRectEx &rArr; WM__InvalidateRect &rArr;  WM__InvalidateRect (Cycle)
</UL>
<BR>[Calls]<UL><LI><a href="#[3dd]">&gt;&gt;</a>&nbsp;&nbsp;&nbsp;WM__SendMessage
</UL>
<BR>[Called By]<UL><LI><a href="#[506]">&gt;&gt;</a>&nbsp;&nbsp;&nbsp;WM_ReleaseCapture
<LI><a href="#[511]">&gt;&gt;</a>&nbsp;&nbsp;&nbsp;WM_SetCapture
</UL>

<P><STRONG><a name="[552]"></a>_GetNextChild</STRONG> (Thumb, 34 bytes, Stack size 16 bytes, wm_setfocusonnextchild.o(i._GetNextChild))
<BR><BR>[Stack]<UL><LI>Max Depth = 16<LI>Call Chain = _GetNextChild
</UL>
<BR>[Calls]<UL><LI><a href="#[41f]">&gt;&gt;</a>&nbsp;&nbsp;&nbsp;GUI_ALLOC_h2p
</UL>
<BR>[Called By]<UL><LI><a href="#[515]">&gt;&gt;</a>&nbsp;&nbsp;&nbsp;_SetFocusOnNextChild
</UL>

<P><STRONG><a name="[515]"></a>_SetFocusOnNextChild</STRONG> (Thumb, 90 bytes, Stack size 16 bytes, wm_setfocusonnextchild.o(i._SetFocusOnNextChild))
<BR><BR>[Stack]<UL><LI>Max Depth = 248<LI>Call Chain = _SetFocusOnNextChild &rArr; WM_SetFocus &rArr; WM__SendMessage &rArr; WM_DefaultProc &rArr; WM_InvalidateWindow &rArr; WM_InvalidateRect &rArr; WM__InvalidateRectEx &rArr; WM__InvalidateRect &rArr;  WM__InvalidateRect (Cycle)
</UL>
<BR>[Calls]<UL><LI><a href="#[3e0]">&gt;&gt;</a>&nbsp;&nbsp;&nbsp;WM_SetFocus
<LI><a href="#[4eb]">&gt;&gt;</a>&nbsp;&nbsp;&nbsp;WM__GetTopLevelLayer
<LI><a href="#[516]">&gt;&gt;</a>&nbsp;&nbsp;&nbsp;WM__GetFocussedChild
<LI><a href="#[552]">&gt;&gt;</a>&nbsp;&nbsp;&nbsp;_GetNextChild
<LI><a href="#[505]">&gt;&gt;</a>&nbsp;&nbsp;&nbsp;WM_IsFocussable
</UL>
<BR>[Called By]<UL><LI><a href="#[3e2]">&gt;&gt;</a>&nbsp;&nbsp;&nbsp;WM_SetFocusOnNextChild
</UL>

<P><STRONG><a name="[517]"></a>_GetPrevChild</STRONG> (Thumb, 26 bytes, Stack size 8 bytes, wm_setfocusonprevchild.o(i._GetPrevChild))
<BR><BR>[Stack]<UL><LI>Max Depth = 40<LI>Call Chain = _GetPrevChild &rArr; WM__GetPrevSibling &rArr; WM__GetFirstSibling &rArr; WM_GetParent
</UL>
<BR>[Calls]<UL><LI><a href="#[51f]">&gt;&gt;</a>&nbsp;&nbsp;&nbsp;WM__GetLastSibling
<LI><a href="#[4e2]">&gt;&gt;</a>&nbsp;&nbsp;&nbsp;WM__GetPrevSibling
</UL>
<BR>[Called By]<UL><LI><a href="#[3f9]">&gt;&gt;</a>&nbsp;&nbsp;&nbsp;WM_SetFocusOnPrevChild
</UL>

<P><STRONG><a name="[49a]"></a>_DispLine</STRONG> (Thumb, 104 bytes, Stack size 32 bytes, gui_charline.o(i._DispLine))
<BR><BR>[Stack]<UL><LI>Max Depth = 56<LI>Call Chain = _DispLine &rArr; GUI__ManageCache &rArr; GUI__ManageCacheEx
</UL>
<BR>[Calls]<UL><LI><a href="#[4a6]">&gt;&gt;</a>&nbsp;&nbsp;&nbsp;GUI__ManageCache
<LI><a href="#[4de]">&gt;&gt;</a>&nbsp;&nbsp;&nbsp;GUI_RectsIntersect
<LI><a href="#[4a2]">&gt;&gt;</a>&nbsp;&nbsp;&nbsp;GUI_UC__GetCharCodeInc
</UL>
<BR>[Called By]<UL><LI><a href="#[443]">&gt;&gt;</a>&nbsp;&nbsp;&nbsp;GUI__DispLine
</UL>

<P><STRONG><a name="[17]"></a>_Log2VisBuffered</STRONG> (Thumb, 2 bytes, Stack size 0 bytes, gui_charline.o(i._Log2VisBuffered))
<BR>[Address Reference Count : 1]<UL><LI> gui_charline.o(.data)
</UL>
<P><STRONG><a name="[408]"></a>_Add</STRONG> (Thumb, 46 bytes, Stack size 12 bytes, gui_fillpolygon.o(i._Add))
<BR><BR>[Stack]<UL><LI>Max Depth = 12<LI>Call Chain = _Add
</UL>
<BR>[Called By]<UL><LI><a href="#[405]">&gt;&gt;</a>&nbsp;&nbsp;&nbsp;GL_FillPolygon
</UL>

<P><STRONG><a name="[491]"></a>_RemoveFromLinList</STRONG> (Thumb, 86 bytes, Stack size 24 bytes, gui_timer.o(i._RemoveFromLinList))
<BR><BR>[Stack]<UL><LI>Max Depth = 24<LI>Call Chain = _RemoveFromLinList
</UL>
<BR>[Calls]<UL><LI><a href="#[3c3]">&gt;&gt;</a>&nbsp;&nbsp;&nbsp;GUI_ALLOC_UnlockH
<LI><a href="#[3c2]">&gt;&gt;</a>&nbsp;&nbsp;&nbsp;GUI_ALLOC_LockH
</UL>
<BR>[Called By]<UL><LI><a href="#[490]">&gt;&gt;</a>&nbsp;&nbsp;&nbsp;GUI_TIMER_Delete
</UL>

<P><STRONG><a name="[492]"></a>_Unlink</STRONG> (Thumb, 74 bytes, Stack size 24 bytes, gui_timer.o(i._Unlink))
<BR><BR>[Stack]<UL><LI>Max Depth = 24<LI>Call Chain = _Unlink
</UL>
<BR>[Calls]<UL><LI><a href="#[3c3]">&gt;&gt;</a>&nbsp;&nbsp;&nbsp;GUI_ALLOC_UnlockH
<LI><a href="#[3c2]">&gt;&gt;</a>&nbsp;&nbsp;&nbsp;GUI_ALLOC_LockH
</UL>
<BR>[Called By]<UL><LI><a href="#[490]">&gt;&gt;</a>&nbsp;&nbsp;&nbsp;GUI_TIMER_Delete
</UL>

<P><STRONG><a name="[13d]"></a>_Color2Index_0</STRONG> (Thumb, 84 bytes, Stack size 32 bytes, guicc_0.o(i._Color2Index_0))
<BR><BR>[Stack]<UL><LI>Max Depth = 48<LI>Call Chain = _Color2Index_0 &rArr; LCD_GetNumColors &rArr; _GetDevProp
</UL>
<BR>[Calls]<UL><LI><a href="#[4b9]">&gt;&gt;</a>&nbsp;&nbsp;&nbsp;LCD_GetPalette
<LI><a href="#[4b6]">&gt;&gt;</a>&nbsp;&nbsp;&nbsp;LCD_GetNumColors
<LI><a href="#[533]">&gt;&gt;</a>&nbsp;&nbsp;&nbsp;GUI_CalcColorDist
</UL>
<BR>[Address Reference Count : 1]<UL><LI> guicc_0.o(.constdata)
</UL>
<P><STRONG><a name="[13f]"></a>_GetIndexMask_0</STRONG> (Thumb, 82 bytes, Stack size 8 bytes, guicc_0.o(i._GetIndexMask_0))
<BR><BR>[Stack]<UL><LI>Max Depth = 24<LI>Call Chain = _GetIndexMask_0 &rArr; LCD_GetNumColors &rArr; _GetDevProp
</UL>
<BR>[Calls]<UL><LI><a href="#[4b6]">&gt;&gt;</a>&nbsp;&nbsp;&nbsp;LCD_GetNumColors
</UL>
<BR>[Address Reference Count : 1]<UL><LI> guicc_0.o(.constdata)
</UL>
<P><STRONG><a name="[13e]"></a>_Index2Color_0</STRONG> (Thumb, 32 bytes, Stack size 16 bytes, guicc_0.o(i._Index2Color_0))
<BR><BR>[Stack]<UL><LI>Max Depth = 32<LI>Call Chain = _Index2Color_0 &rArr; LCD_GetNumColors &rArr; _GetDevProp
</UL>
<BR>[Calls]<UL><LI><a href="#[4b9]">&gt;&gt;</a>&nbsp;&nbsp;&nbsp;LCD_GetPalette
<LI><a href="#[4b6]">&gt;&gt;</a>&nbsp;&nbsp;&nbsp;LCD_GetNumColors
</UL>
<BR>[Address Reference Count : 1]<UL><LI> guicc_0.o(.constdata)
</UL>
<P><STRONG><a name="[486]"></a>LCD_ReadRectEx</STRONG> (Thumb, 404 bytes, Stack size 64 bytes, lcd_readrect.o(i.LCD_ReadRectEx))
<BR><BR>[Stack]<UL><LI>Max Depth = 64<LI>Call Chain = LCD_ReadRectEx
</UL>
<BR>[Calls]<UL><LI><a href="#[49c]">&gt;&gt;</a>&nbsp;&nbsp;&nbsp;GUI_GetBitsPerPixelEx
</UL>
<BR>[Called By]<UL><LI><a href="#[485]">&gt;&gt;</a>&nbsp;&nbsp;&nbsp;GUI_ReadRectEx
</UL>

<P><STRONG><a name="[141]"></a>_Create</STRONG> (Thumb, 2 bytes, Stack size 0 bytes, header_skinclassic.o(i._Create))
<BR>[Address Reference Count : 1]<UL><LI> header_skinclassic.o(.constdata)
</UL>
<P><STRONG><a name="[548]"></a>_DrawTriangle</STRONG> (Thumb, 36 bytes, Stack size 24 bytes, header_skinclassic.o(i._DrawTriangle))
<BR><BR>[Stack]<UL><LI>Max Depth = 192<LI>Call Chain = _DrawTriangle &rArr; GUI_DrawHLine &rArr; WM__InitIVRSearch &rArr; WM__GetNextIVR &rArr; _FindNext_IVR &rArr; _Findy1 &rArr;  _Findy1 (Cycle)
</UL>
<BR>[Calls]<UL><LI><a href="#[3ce]">&gt;&gt;</a>&nbsp;&nbsp;&nbsp;GUI_DrawHLine
</UL>
<BR>[Called By]<UL><LI><a href="#[140]">&gt;&gt;</a>&nbsp;&nbsp;&nbsp;_Paint
</UL>

<P><STRONG><a name="[140]"></a>_Paint</STRONG> (Thumb, 632 bytes, Stack size 112 bytes, header_skinclassic.o(i._Paint))
<BR><BR>[Stack]<UL><LI>Max Depth = 304<LI>Call Chain = _Paint &rArr; _DrawTriangle &rArr; GUI_DrawHLine &rArr; WM__InitIVRSearch &rArr; WM__GetNextIVR &rArr; _FindNext_IVR &rArr; _Findy1 &rArr;  _Findy1 (Cycle)
</UL>
<BR>[Calls]<UL><LI><a href="#[355]">&gt;&gt;</a>&nbsp;&nbsp;&nbsp;GUI_SetFont
<LI><a href="#[353]">&gt;&gt;</a>&nbsp;&nbsp;&nbsp;GUI_Clear
<LI><a href="#[3ee]">&gt;&gt;</a>&nbsp;&nbsp;&nbsp;LCD_SetColor
<LI><a href="#[3ed]">&gt;&gt;</a>&nbsp;&nbsp;&nbsp;LCD_SetBkColor
<LI><a href="#[3c3]">&gt;&gt;</a>&nbsp;&nbsp;&nbsp;GUI_ALLOC_UnlockH
<LI><a href="#[3c2]">&gt;&gt;</a>&nbsp;&nbsp;&nbsp;GUI_ALLOC_LockH
<LI><a href="#[39b]">&gt;&gt;</a>&nbsp;&nbsp;&nbsp;GUI_SetTextMode
<LI><a href="#[43e]">&gt;&gt;</a>&nbsp;&nbsp;&nbsp;GUI_DRAW__GetYSize
<LI><a href="#[43d]">&gt;&gt;</a>&nbsp;&nbsp;&nbsp;GUI_DRAW__GetXSize
<LI><a href="#[446]">&gt;&gt;</a>&nbsp;&nbsp;&nbsp;WM_SetUserClipRect
<LI><a href="#[424]">&gt;&gt;</a>&nbsp;&nbsp;&nbsp;GUI_ARRAY_GetpItemLocked
<LI><a href="#[423]">&gt;&gt;</a>&nbsp;&nbsp;&nbsp;GUI_ARRAY_GetNumItems
<LI><a href="#[3d4]">&gt;&gt;</a>&nbsp;&nbsp;&nbsp;GUI_GetClientRect
<LI><a href="#[3d6]">&gt;&gt;</a>&nbsp;&nbsp;&nbsp;GUI_DispStringInRect
<LI><a href="#[3d3]">&gt;&gt;</a>&nbsp;&nbsp;&nbsp;GUI_DRAW__Draw
<LI><a href="#[4dc]">&gt;&gt;</a>&nbsp;&nbsp;&nbsp;WIDGET__EFFECT_DrawUpRect
<LI><a href="#[548]">&gt;&gt;</a>&nbsp;&nbsp;&nbsp;_DrawTriangle
</UL>
<BR>[Address Reference Count : 1]<UL><LI> header_skinclassic.o(.constdata)
</UL>
<P><STRONG><a name="[b9]"></a>_CalcPositions</STRONG> (Thumb, 310 bytes, Stack size 48 bytes, scrollbar_skinclassic.o(i._CalcPositions))
<BR><BR>[Stack]<UL><LI>Max Depth = 280<LI>Call Chain = _CalcPositions &rArr; WM_GetScrollbarV &rArr; _GetDialogItem &rArr;  _GetDialogItem (Cycle)
</UL>
<BR>[Calls]<UL><LI><a href="#[3c3]">&gt;&gt;</a>&nbsp;&nbsp;&nbsp;GUI_ALLOC_UnlockH
<LI><a href="#[3c2]">&gt;&gt;</a>&nbsp;&nbsp;&nbsp;GUI_ALLOC_LockH
<LI><a href="#[4fa]">&gt;&gt;</a>&nbsp;&nbsp;&nbsp;WM_GetWindowRectEx
<LI><a href="#[4f9]">&gt;&gt;</a>&nbsp;&nbsp;&nbsp;WM_GetScrollbarV
<LI><a href="#[4f7]">&gt;&gt;</a>&nbsp;&nbsp;&nbsp;WM_GetScrollbarH
<LI><a href="#[52e]">&gt;&gt;</a>&nbsp;&nbsp;&nbsp;SCROLLBAR__Rect2VRect
<LI><a href="#[52f]">&gt;&gt;</a>&nbsp;&nbsp;&nbsp;GUI__DivideRound32
<LI><a href="#[3d5]">&gt;&gt;</a>&nbsp;&nbsp;&nbsp;GUI_MoveRect
<LI><a href="#[531]">&gt;&gt;</a>&nbsp;&nbsp;&nbsp;WIDGET__GetYSize
<LI><a href="#[530]">&gt;&gt;</a>&nbsp;&nbsp;&nbsp;WIDGET__GetXSize
</UL>
<BR>[Address Reference Count : 1]<UL><LI> scrollbar_skinclassic.o(i._Create)
</UL>
<P><STRONG><a name="[143]"></a>_Create</STRONG> (Thumb, 20 bytes, Stack size 8 bytes, scrollbar_skinclassic.o(i._Create))
<BR><BR>[Stack]<UL><LI>Max Depth = 8<LI>Call Chain = _Create
</UL>
<BR>[Calls]<UL><LI><a href="#[3c3]">&gt;&gt;</a>&nbsp;&nbsp;&nbsp;GUI_ALLOC_UnlockH
<LI><a href="#[3c2]">&gt;&gt;</a>&nbsp;&nbsp;&nbsp;GUI_ALLOC_LockH
</UL>
<BR>[Address Reference Count : 1]<UL><LI> scrollbar_skinclassic.o(.constdata)
</UL>
<P><STRONG><a name="[142]"></a>_Paint</STRONG> (Thumb, 372 bytes, Stack size 88 bytes, scrollbar_skinclassic.o(i._Paint))
<BR><BR>[Stack]<UL><LI>Max Depth = 280<LI>Call Chain = _Paint &rArr; WIDGET__DrawTriangle &rArr; GUI_DrawHLine &rArr; WM__InitIVRSearch &rArr; WM__GetNextIVR &rArr; _FindNext_IVR &rArr; _Findy1 &rArr;  _Findy1 (Cycle)
</UL>
<BR>[Calls]<UL><LI><a href="#[3ee]">&gt;&gt;</a>&nbsp;&nbsp;&nbsp;LCD_SetColor
<LI><a href="#[3c3]">&gt;&gt;</a>&nbsp;&nbsp;&nbsp;GUI_ALLOC_UnlockH
<LI><a href="#[3c2]">&gt;&gt;</a>&nbsp;&nbsp;&nbsp;GUI_ALLOC_LockH
<LI><a href="#[4ce]">&gt;&gt;</a>&nbsp;&nbsp;&nbsp;WIDGET__DrawTriangle
<LI><a href="#[4df]">&gt;&gt;</a>&nbsp;&nbsp;&nbsp;WIDGET__GetClientRect
<LI><a href="#[4dd]">&gt;&gt;</a>&nbsp;&nbsp;&nbsp;WIDGET__FillRectEx
<LI><a href="#[4dc]">&gt;&gt;</a>&nbsp;&nbsp;&nbsp;WIDGET__EFFECT_DrawUpRect
</UL>
<BR>[Address Reference Count : 1]<UL><LI> scrollbar_skinclassic.o(.constdata)
</UL>
<P><STRONG><a name="[145]"></a>_Create</STRONG> (Thumb, 2 bytes, Stack size 0 bytes, slider_skinclassic.o(i._Create))
<BR>[Address Reference Count : 1]<UL><LI> slider_skinclassic.o(.constdata)
</UL>
<P><STRONG><a name="[144]"></a>_Paint</STRONG> (Thumb, 316 bytes, Stack size 88 bytes, slider_skinclassic.o(i._Paint))
<BR><BR>[Stack]<UL><LI>Max Depth = 288<LI>Call Chain = _Paint &rArr; WIDGET__DrawVLine &rArr; GUI_DrawHLine &rArr; WM__InitIVRSearch &rArr; WM__GetNextIVR &rArr; _FindNext_IVR &rArr; _Findy1 &rArr;  _Findy1 (Cycle)
</UL>
<BR>[Calls]<UL><LI><a href="#[353]">&gt;&gt;</a>&nbsp;&nbsp;&nbsp;GUI_Clear
<LI><a href="#[3ee]">&gt;&gt;</a>&nbsp;&nbsp;&nbsp;LCD_SetColor
<LI><a href="#[3ed]">&gt;&gt;</a>&nbsp;&nbsp;&nbsp;LCD_SetBkColor
<LI><a href="#[3c3]">&gt;&gt;</a>&nbsp;&nbsp;&nbsp;GUI_ALLOC_UnlockH
<LI><a href="#[3c2]">&gt;&gt;</a>&nbsp;&nbsp;&nbsp;GUI_ALLOC_LockH
<LI><a href="#[44a]">&gt;&gt;</a>&nbsp;&nbsp;&nbsp;GUI__ReduceRect
<LI><a href="#[4df]">&gt;&gt;</a>&nbsp;&nbsp;&nbsp;WIDGET__GetClientRect
<LI><a href="#[4f6]">&gt;&gt;</a>&nbsp;&nbsp;&nbsp;WM_GetHasTrans
<LI><a href="#[4dd]">&gt;&gt;</a>&nbsp;&nbsp;&nbsp;WIDGET__FillRectEx
<LI><a href="#[4dc]">&gt;&gt;</a>&nbsp;&nbsp;&nbsp;WIDGET__EFFECT_DrawUpRect
<LI><a href="#[4d9]">&gt;&gt;</a>&nbsp;&nbsp;&nbsp;WIDGET__DrawVLine
<LI><a href="#[4d8]">&gt;&gt;</a>&nbsp;&nbsp;&nbsp;WIDGET__DrawFocusRect
<LI><a href="#[4da]">&gt;&gt;</a>&nbsp;&nbsp;&nbsp;WIDGET__EFFECT_DrawDownRect
</UL>
<BR>[Address Reference Count : 1]<UL><LI> slider_skinclassic.o(.constdata)
</UL>
<P><STRONG><a name="[148]"></a>_DrawDown</STRONG> (Thumb, 16 bytes, Stack size 16 bytes, widget_effect_3d.o(i._DrawDown))
<BR><BR>[Stack]<UL><LI>Max Depth = 208<LI>Call Chain = _DrawDown &rArr; _DrawDownRect &rArr; GUI_DrawHLine &rArr; WM__InitIVRSearch &rArr; WM__GetNextIVR &rArr; _FindNext_IVR &rArr; _Findy1 &rArr;  _Findy1 (Cycle)
</UL>
<BR>[Calls]<UL><LI><a href="#[452]">&gt;&gt;</a>&nbsp;&nbsp;&nbsp;WM_GetClientRect
<LI><a href="#[149]">&gt;&gt;</a>&nbsp;&nbsp;&nbsp;_DrawDownRect
</UL>
<BR>[Address Reference Count : 1]<UL><LI> widget_effect_3d.o(.constdata)
</UL>
<P><STRONG><a name="[149]"></a>_DrawDownRect</STRONG> (Thumb, 144 bytes, Stack size 24 bytes, widget_effect_3d.o(i._DrawDownRect))
<BR><BR>[Stack]<UL><LI>Max Depth = 192<LI>Call Chain = _DrawDownRect &rArr; GUI_DrawHLine &rArr; WM__InitIVRSearch &rArr; WM__GetNextIVR &rArr; _FindNext_IVR &rArr; _Findy1 &rArr;  _Findy1 (Cycle)
</UL>
<BR>[Calls]<UL><LI><a href="#[3ee]">&gt;&gt;</a>&nbsp;&nbsp;&nbsp;LCD_SetColor
<LI><a href="#[3cf]">&gt;&gt;</a>&nbsp;&nbsp;&nbsp;GUI_DrawVLine
<LI><a href="#[3ce]">&gt;&gt;</a>&nbsp;&nbsp;&nbsp;GUI_DrawHLine
</UL>
<BR>[Called By]<UL><LI><a href="#[148]">&gt;&gt;</a>&nbsp;&nbsp;&nbsp;_DrawDown
</UL>
<BR>[Address Reference Count : 1]<UL><LI> widget_effect_3d.o(.constdata)
</UL>
<P><STRONG><a name="[147]"></a>_DrawUpRect</STRONG> (Thumb, 100 bytes, Stack size 24 bytes, widget_effect_3d.o(i._DrawUpRect))
<BR><BR>[Stack]<UL><LI>Max Depth = 192<LI>Call Chain = _DrawUpRect &rArr; GUI_DrawRect &rArr; WM__InitIVRSearch &rArr; WM__GetNextIVR &rArr; _FindNext_IVR &rArr; _Findy1 &rArr;  _Findy1 (Cycle)
</UL>
<BR>[Calls]<UL><LI><a href="#[3ee]">&gt;&gt;</a>&nbsp;&nbsp;&nbsp;LCD_SetColor
<LI><a href="#[3cf]">&gt;&gt;</a>&nbsp;&nbsp;&nbsp;GUI_DrawVLine
<LI><a href="#[3d1]">&gt;&gt;</a>&nbsp;&nbsp;&nbsp;GUI_DrawRect
<LI><a href="#[3ce]">&gt;&gt;</a>&nbsp;&nbsp;&nbsp;GUI_DrawHLine
</UL>
<BR>[Called By]<UL><LI><a href="#[146]">&gt;&gt;</a>&nbsp;&nbsp;&nbsp;WIDGET_EFFECT_3D_DrawUp
</UL>
<BR>[Address Reference Count : 1]<UL><LI> widget_effect_3d.o(.constdata)
</UL><P>
<H3>
Undefined Global Symbols
</H3><HR></body></html>
