Component: ARM Compiler 5.06 update 1 (build 61) Tool: armlink [4d35a8]

==============================================================================

Section Cross References

    application.o(.text) refers to thread.o(.text) for rt_thread_create
    startup.o(.text) refers to kservice.o(.text) for rt_kprintf
    startup.o(.text) refers to board.o(.text) for rt_hw_board_init
    startup.o(.text) refers to clock.o(.text) for rt_system_tick_init
    startup.o(.text) refers to object.o(.text) for rt_system_object_init
    startup.o(.text) refers to timer.o(.text) for rt_system_timer_init
    startup.o(.text) refers to mem.o(.text) for rt_system_heap_init
    startup.o(.text) refers to scheduler.o(.text) for rt_system_scheduler_init
    startup.o(.text) refers to application.o(.text) for rt_application_init
    startup.o(.text) refers to shell.o(.text) for finsh_system_init
    startup.o(.text) refers to idle.o(.text) for rt_thread_idle_init
    startup.o(.text) refers to context_rvds.o(.text) for rt_hw_interrupt_disable
    board.o(.text) refers to stm32f4xx_hal_rcc.o(.text) for HAL_RCC_OscConfig
    board.o(.text) refers to stm32f4xx_hal.o(.text) for HAL_IncTick
    board.o(.text) refers to irq.o(.text) for rt_interrupt_enter
    board.o(.text) refers to clock.o(.text) for rt_tick_increase
    board.o(.text) refers to stm32f4xx_hal_cortex.o(.text) for HAL_SYSTICK_Config
    board.o(.text) refers to thread.o(.text) for rt_thread_delay
    board.o(.text) refers to drv_usart.o(.text) for hw_usart_init
    board.o(.text) refers to mem.o(.text) for rt_system_heap_init
    board.o(.text) refers to kservice.o(.text) for rt_console_set_device
    drv_usart.o(.text) refers to kservice.o(.text) for rt_assert_handler
    drv_usart.o(.text) refers to stm32f4xx_hal_uart.o(.text) for HAL_UART_Init
    drv_usart.o(.text) refers to irq.o(.text) for rt_interrupt_enter
    drv_usart.o(.text) refers to serial.o(.text) for rt_hw_serial_isr
    drv_usart.o(.text) refers to stm32f4xx_hal_gpio.o(.text) for HAL_GPIO_Init
    drv_usart.o(.text) refers to stm32f4xx_hal_cortex.o(.text) for HAL_NVIC_SetPriority
    drv_usart.o(.text) refers to drv_usart.o(.constdata) for __FUNCTION__
    drv_usart.o(.text) refers to drv_usart.o(.bss) for uart1
    drv_usart.o(.constdata) refers to drv_usart.o(.text) for drv_configure
    system_stm32f4xx.o(.text) refers to system_stm32f4xx.o(.data) for SystemCoreClock
    system_stm32f4xx.o(.text) refers to system_stm32f4xx.o(.constdata) for AHBPrescTable
    startup_stm32f407xx.o(STACK) refers (Special) to heapauxi.o(.text) for __use_two_region_memory
    startup_stm32f407xx.o(HEAP) refers (Special) to heapauxi.o(.text) for __use_two_region_memory
    startup_stm32f407xx.o(RESET) refers (Special) to heapauxi.o(.text) for __use_two_region_memory
    startup_stm32f407xx.o(RESET) refers to startup_stm32f407xx.o(STACK) for __initial_sp
    startup_stm32f407xx.o(RESET) refers to startup_stm32f407xx.o(.text) for Reset_Handler
    startup_stm32f407xx.o(RESET) refers to stm32f4xx_it.o(.text) for NMI_Handler
    startup_stm32f407xx.o(RESET) refers to context_rvds.o(.text) for HardFault_Handler
    startup_stm32f407xx.o(RESET) refers to board.o(.text) for SysTick_Handler
    startup_stm32f407xx.o(RESET) refers to drv_usart.o(.text) for USART1_IRQHandler
    startup_stm32f407xx.o(.text) refers (Special) to heapauxi.o(.text) for __use_two_region_memory
    startup_stm32f407xx.o(.text) refers to system_stm32f4xx.o(.text) for SystemInit
    startup_stm32f407xx.o(.text) refers to __main.o(!!!main) for __main
    startup_stm32f407xx.o(.text) refers to startup_stm32f407xx.o(HEAP) for Heap_Mem
    startup_stm32f407xx.o(.text) refers to startup_stm32f407xx.o(STACK) for Stack_Mem
    stm32f4xx_hal.o(.text) refers to stm32f4xx_hal_rcc.o(.text) for HAL_RCC_GetHCLKFreq
    stm32f4xx_hal.o(.text) refers to stm32f4xx_hal_cortex.o(.text) for HAL_SYSTICK_Config
    stm32f4xx_hal.o(.text) refers to board.o(.text) for HAL_InitTick
    stm32f4xx_hal.o(.text) refers to stm32f4xx_hal_msp_template.o(.text) for HAL_MspInit
    stm32f4xx_hal.o(.text) refers to stm32f4xx_hal.o(.data) for uwTick
    stm32f4xx_hal_dma.o(.text) refers to stm32f4xx_hal.o(.text) for HAL_GetTick
    stm32f4xx_hal_dma.o(.text) refers to stm32f4xx_hal_dma.o(.constdata) for flagBitshiftOffset
    stm32f4xx_hal_flash.o(.text) refers to stm32f4xx_hal.o(.text) for HAL_GetTick
    stm32f4xx_hal_flash.o(.text) refers to stm32f4xx_hal_flash_ex.o(.text) for FLASH_Erase_Sector
    stm32f4xx_hal_flash.o(.text) refers to stm32f4xx_hal_flash.o(.bss) for pFlash
    stm32f4xx_hal_flash_ex.o(.text) refers to stm32f4xx_hal_flash.o(.text) for FLASH_WaitForLastOperation
    stm32f4xx_hal_flash_ex.o(.text) refers to stm32f4xx_hal_flash.o(.bss) for pFlash
    stm32f4xx_hal_pwr_ex.o(.text) refers to stm32f4xx_hal.o(.text) for HAL_GetTick
    stm32f4xx_hal_rcc.o(.text) refers to stm32f4xx_hal.o(.text) for HAL_GetTick
[...]
    __ARM_exceptions_init                     - Undefined Weak Reference
    __alloca_initialize                       - Undefined Weak Reference
    __arm_preinit_                            - Undefined Weak Reference
    __cpp_initialize__aeabi_                  - Undefined Weak Reference
    __cxa_finalize                            - Undefined Weak Reference
    __sigvec_lookup                           - Undefined Weak Reference
    _atexit_init                              - Undefined Weak Reference
    _call_atexit_fns                          - Undefined Weak Reference
    _clock_init                               - Undefined Weak Reference
    _fp_trap_init                             - Undefined Weak Reference
    _fp_trap_shutdown                         - Undefined Weak Reference
    _get_lc_collate                           - Undefined Weak Reference
    _get_lc_monetary                          - Undefined Weak Reference
    _get_lc_numeric                           - Undefined Weak Reference
    _get_lc_time                              - Undefined Weak Reference
    _getenv_init                              - Undefined Weak Reference
    _handle_redirection                       - Undefined Weak Reference
    _init_alloc                               - Undefined Weak Reference
    _init_user_alloc                          - Undefined Weak Reference
    _initio                                   - Undefined Weak Reference
    _rand_init                                - Undefined Weak Reference
    _signal_finish                            - Undefined Weak Reference
    _signal_init                              - Undefined Weak Reference
    _terminate_alloc                          - Undefined Weak Reference
    _terminate_user_alloc                     - Undefined Weak Reference
    _terminateio                              - Undefined Weak Reference
    __Vectors_Size                           0x00000188   Number         0  startup_stm32f407xx.o ABSOLUTE
    __Vectors                                0x08000000   Data           4  startup_stm32f407xx.o(RESET)
    __Vectors_End                            0x08000188   Data           0  startup_stm32f407xx.o(RESET)
    __main                                   0x08000189   Thumb Code     8  __main.o(!!!main)
    __scatterload                            0x08000191   Thumb Code     0  __scatter.o(!!!scatter)
    __scatterload_rt2                        0x08000191   Thumb Code    44  __scatter.o(!!!scatter)
    __scatterload_rt2_thumb_only             0x08000191   Thumb Code     0  __scatter.o(!!!scatter)
    __scatterload_null                       0x0800019f   Thumb Code     0  __scatter.o(!!!scatter)
    __decompress                             0x080001c5   Thumb Code    90  __dczerorl2.o(!!dczerorl2)
    __decompress1                            0x080001c5   Thumb Code     0  __dczerorl2.o(!!dczerorl2)
    __scatterload_zeroinit                   0x08000221   Thumb Code    28  __scatter_zi.o(!!handler_zi)
    __rt_lib_init                            0x0800023d   Thumb Code     0  libinit.o(.ARM.Collect$$libinit$$00000000)
    __rt_lib_init_fp_1                       0x0800023f   Thumb Code     0  libinit2.o(.ARM.Collect$$libinit$$00000001)
    __rt_lib_init_heap_1                     0x08000243   Thumb Code     0  libinit2.o(.ARM.Collect$$libinit$$0000000A)
    __rt_lib_init_lc_common                  0x08000243   Thumb Code     0  libinit2.o(.ARM.Collect$$libinit$$0000000F)
    __rt_lib_init_preinit_1                  0x08000243   Thumb Code     0  libinit2.o(.ARM.Collect$$libinit$$00000004)
    __rt_lib_init_rand_1                     0x08000243   Thumb Code     0  libinit2.o(.ARM.Collect$$libinit$$0000000E)
    __rt_lib_init_user_alloc_1               0x08000243   Thumb Code     0  libinit2.o(.ARM.Collect$$libinit$$0000000C)
    __rt_lib_init_lc_collate_1               0x08000249   Thumb Code     0  libinit2.o(.ARM.Collect$$libinit$$00000011)
    __rt_lib_init_lc_ctype_2                 0x08000249   Thumb Code     0  libinit2.o(.ARM.Collect$$libinit$$00000012)
    __rt_lib_init_alloca_1                   0x08000255   Thumb Code     0  libinit2.o(.ARM.Collect$$libinit$$0000002E)
    __rt_lib_init_argv_1                     0x08000255   Thumb Code     0  libinit2.o(.ARM.Collect$$libinit$$0000002C)
    __rt_lib_init_atexit_1                   0x08000255   Thumb Code     0  libinit2.o(.ARM.Collect$$libinit$$0000001B)
    __rt_lib_init_clock_1                    0x08000255   Thumb Code     0  libinit2.o(.ARM.Collect$$libinit$$00000021)
    __rt_lib_init_cpp_1                      0x08000255   Thumb Code     0  libinit2.o(.ARM.Collect$$libinit$$00000032)
    __rt_lib_init_exceptions_1               0x08000255   Thumb Code     0  libinit2.o(.ARM.Collect$$libinit$$00000030)
    __rt_lib_init_fp_trap_1                  0x08000255   Thumb Code     0  libinit2.o(.ARM.Collect$$libinit$$0000001F)
    __rt_lib_init_getenv_1                   0x08000255   Thumb Code     0  libinit2.o(.ARM.Collect$$libinit$$00000023)
    __rt_lib_init_lc_ctype_1                 0x08000255   Thumb Code     0  libinit2.o(.ARM.Collect$$libinit$$00000013)
    __rt_lib_init_lc_monetary_1              0x08000255   Thumb Code     0  libinit2.o(.ARM.Collect$$libinit$$00000015)
    __rt_lib_init_lc_numeric_1               0x08000255   Thumb Code     0  libinit2.o(.ARM.Collect$$libinit$$00000017)
    __rt_lib_init_lc_time_1                  0x08000255   Thumb Code     0  libinit2.o(.ARM.Collect$$libinit$$00000019)
    __rt_lib_init_return                     0x08000255   Thumb Code     0  libinit2.o(.ARM.Collect$$libinit$$00000033)
    __rt_lib_init_signal_1                   0x08000255   Thumb Code     0  libinit2.o(.ARM.Collect$$libinit$$0000001D)
    __rt_lib_init_stdio_1                    0x08000255   Thumb Code     0  libinit2.o(.ARM.Collect$$libinit$$00000025)
    __rt_lib_shutdown                        0x08000257   Thumb Code     0  libshutdown.o(.ARM.Collect$$libshutdown$$00000000)
    __rt_lib_shutdown_cpp_1                  0x08000259   Thumb Code     0  libshutdown2.o(.ARM.Collect$$libshutdown$$00000002)
    __rt_lib_shutdown_fp_trap_1              0x08000259   Thumb Code     0  libshutdown2.o(.ARM.Collect$$libshutdown$$00000007)
    __rt_lib_shutdown_heap_1                 0x08000259   Thumb Code     0  libshutdown2.o(.ARM.Collect$$libshutdown$$0000000F)
    __rt_lib_shutdown_return                 0x08000259   Thumb Code     0  libshutdown2.o(.ARM.Collect$$libshutdown$$00000010)
    __rt_lib_shutdown_signal_1               0x08000259   Thumb Code     0  libshutdown2.o(.ARM.Collect$$libshutdown$$0000000A)
    __rt_lib_shutdown_stdio_1                0x08000259   Thumb Code     0  libshutdown2.o(.ARM.Collect$$libshutdown$$00000004)
    __rt_lib_shutdown_user_alloc_1           0x08000259   Thumb Code     0  libshutdown2.o(.ARM.Collect$$libshutdown$$0000000C)
    __rt_entry                               0x0800025b   Thumb Code     0  __rtentry.o(.ARM.Collect$$rtentry$$00000000)
    __rt_entry_presh_1                       0x0800025b   Thumb Code     0  __rtentry2.o(.ARM.Collect$$rtentry$$00000002)
    __rt_entry_sh                            0x0800025b   Thumb Code     0  __rtentry4.o(.ARM.Collect$$rtentry$$00000004)
    __rt_entry_li                            0x08000261   Thumb Code     0  __rtentry2.o(.ARM.Collect$$rtentry$$0000000A)
    __rt_entry_postsh_1                      0x08000261   Thumb Code     0  __rtentry2.o(.ARM.Collect$$rtentry$$00000009)
    __rt_entry_main                          0x08000265   Thumb Code     0  __rtentry2.o(.ARM.Collect$$rtentry$$0000000D)
    __rt_entry_postli_1                      0x08000265   Thumb Code     0  __rtentry2.o(.ARM.Collect$$rtentry$$0000000C)
    __rt_exit                                0x0800026d   Thumb Code     0  rtexit.o(.ARM.Collect$$rtexit$$00000000)
    __rt_exit_ls                             0x0800026f   Thumb Code     0  rtexit2.o(.ARM.Collect$$rtexit$$00000003)
    __rt_exit_prels_1                        0x0800026f   Thumb Code     0  rtexit2.o(.ARM.Collect$$rtexit$$00000002)
    __rt_exit_exit                           0x08000273   Thumb Code     0  rtexit2.o(.ARM.Collect$$rtexit$$00000004)
    rt_init_thread_entry                     0x08000279   Thumb Code     2  application.o(.text)
    rt_application_init                      0x0800027b   Thumb Code    40  application.o(.text)
    assert_failed                            0x080002ad   Thumb Code    30  startup.o(.text)
    rtthread_startup                         0x080002cb   Thumb Code    62  startup.o(.text)
    main                                     0x08000309   Thumb Code    14  startup.o(.text)
    SysTick_Handler                          0x0800041b   Thumb Code    16  board.o(.text)
    HAL_InitTick                             0x0800042b   Thumb Code    34  board.o(.text)
    HAL_Delay                                0x0800044d   Thumb Code    10  board.o(.text)
    HAL_SuspendTick                          0x08000457   Thumb Code     2  board.o(.text)
    HAL_ResumeTick                           0x08000459   Thumb Code     2  board.o(.text)
    rt_hw_board_init                         0x0800045b   Thumb Code    30  board.o(.text)
    USART1_IRQHandler                        0x08000613   Thumb Code    50  drv_usart.o(.text)
    USART2_IRQHandler                        0x08000645   Thumb Code    50  drv_usart.o(.text)
    HAL_UART_MspInit                         0x08000677   Thumb Code   614  drv_usart.o(.text)
    HAL_UART_MspDeInit                       0x080008dd   Thumb Code   176  drv_usart.o(.text)
    hw_usart_init                            0x0800098d   Thumb Code    82  drv_usart.o(.text)
    NMI_Handler                              0x08000a25   Thumb Code     2  stm32f4xx_it.o(.text)
    MemManage_Handler                        0x08000a27   Thumb Code     4  stm32f4xx_it.o(.text)
    BusFault_Handler                         0x08000a2b   Thumb Code     4  stm32f4xx_it.o(.text)
    UsageFault_Handler                       0x08000a2f   Thumb Code     4  stm32f4xx_it.o(.text)
    SVC_Handler                              0x08000a33   Thumb Code     2  stm32f4xx_it.o(.text)
    SystemInit                               0x08000a35   Thumb Code    82  system_stm32f4xx.o(.text)
    SystemCoreClockUpdate                    0x08000a87   Thumb Code   174  system_stm32f4xx.o(.text)
    Reset_Handler                            0x08000b55   Thumb Code     8  startup_stm32f407xx.o(.text)
    DebugMon_Handler                         0x08000b69   Thumb Code     2  startup_stm32f407xx.o(.text)
    ADC_IRQHandler                           0x08000b6f   Thumb Code     0  startup_stm32f407xx.o(.text)
    CAN1_RX0_IRQHandler                      0x08000b6f   Thumb Code     0  startup_stm32f407xx.o(.text)
    CAN1_RX1_IRQHandler                      0x08000b6f   Thumb Code     0  startup_stm32f407xx.o(.text)
    CAN1_SCE_IRQHandler                      0x08000b6f   Thumb Code     0  startup_stm32f407xx.o(.text)
    CAN1_TX_IRQHandler                       0x08000b6f   Thumb Code     0  startup_stm32f407xx.o(.text)
    CAN2_RX0_IRQHandler                      0x08000b6f   Thumb Code     0  startup_stm32f407xx.o(.text)
    CAN2_RX1_IRQHandler                      0x08000b6f   Thumb Code     0  startup_stm32f407xx.o(.text)
    CAN2_SCE_IRQHandler                      0x08000b6f   Thumb Code     0  startup_stm32f407xx.o(.text)
    CAN2_TX_IRQHandler                       0x08000b6f   Thumb Code     0  startup_stm32f407xx.o(.text)
    DCMI_IRQHandler                          0x08000b6f   Thumb Code     0  startup_stm32f407xx.o(.text)
    DMA1_Stream0_IRQHandler                  0x08000b6f   Thumb Code     0  startup_stm32f407xx.o(.text)
    DMA1_Stream1_IRQHandler                  0x08000b6f   Thumb Code     0  startup_stm32f407xx.o(.text)
    DMA1_Stream2_IRQHandler                  0x08000b6f   Thumb Code     0  startup_stm32f407xx.o(.text)
    DMA1_Stream3_IRQHandler                  0x08000b6f   Thumb Code     0  startup_stm32f407xx.o(.text)
    DMA1_Stream4_IRQHandler                  0x08000b6f   Thumb Code     0  startup_stm32f407xx.o(.text)
    DMA1_Stream5_IRQHandler                  0x08000b6f   Thumb Code     0  startup_stm32f407xx.o(.text)
    DMA1_Stream6_IRQHandler                  0x08000b6f   Thumb Code     0  startup_stm32f407xx.o(.text)
    DMA1_Stream7_IRQHandler                  0x08000b6f   Thumb Code     0  startup_stm32f407xx.o(.text)
    DMA2_Stream0_IRQHandler                  0x08000b6f   Thumb Code     0  startup_stm32f407xx.o(.text)
    DMA2_Stream1_IRQHandler                  0x08000b6f   Thumb Code     0  startup_stm32f407xx.o(.text)
    DMA2_Stream2_IRQHandler                  0x08000b6f   Thumb Code     0  startup_stm32f407xx.o(.text)
    DMA2_Stream3_IRQHandler                  0x08000b6f   Thumb Code     0  startup_stm32f407xx.o(.text)
    DMA2_Stream4_IRQHandler                  0x08000b6f   Thumb Code     0  startup_stm32f407xx.o(.text)
    DMA2_Stream5_IRQHandler                  0x08000b6f   Thumb Code     0  startup_stm32f407xx.o(.text)
    DMA2_Stream6_IRQHandler                  0x08000b6f   Thumb Code     0  startup_stm32f407xx.o(.text)
    DMA2_Stream7_IRQHandler                  0x08000b6f   Thumb Code     0  startup_stm32f407xx.o(.text)
    ETH_IRQHandler                           0x08000b6f   Thumb Code     0  startup_stm32f407xx.o(.text)
    ETH_WKUP_IRQHandler                      0x08000b6f   Thumb Code     0  startup_stm32f407xx.o(.text)
    EXTI0_IRQHandler                         0x08000b6f   Thumb Code     0  startup_stm32f407xx.o(.text)
    EXTI15_10_IRQHandler                     0x08000b6f   Thumb Code     0  startup_stm32f407xx.o(.text)
    EXTI1_IRQHandler                         0x08000b6f   Thumb Code     0  startup_stm32f407xx.o(.text)
    EXTI2_IRQHandler                         0x08000b6f   Thumb Code     0  startup_stm32f407xx.o(.text)
    EXTI3_IRQHandler                         0x08000b6f   Thumb Code     0  startup_stm32f407xx.o(.text)
    EXTI4_IRQHandler                         0x08000b6f   Thumb Code     0  startup_stm32f407xx.o(.text)
    EXTI9_5_IRQHandler                       0x08000b6f   Thumb Code     0  startup_stm32f407xx.o(.text)
    FLASH_IRQHandler                         0x08000b6f   Thumb Code     0  startup_stm32f407xx.o(.text)
    FMC_IRQHandler                           0x08000b6f   Thumb Code     0  startup_stm32f407xx.o(.text)
    FPU_IRQHandler                           0x08000b6f   Thumb Code     0  startup_stm32f407xx.o(.text)
    HASH_RNG_IRQHandler                      0x08000b6f   Thumb Code     0  startup_stm32f407xx.o(.text)
    I2C1_ER_IRQHandler                       0x08000b6f   Thumb Code     0  startup_stm32f407xx.o(.text)
    I2C1_EV_IRQHandler                       0x08000b6f   Thumb Code     0  startup_stm32f407xx.o(.text)
    I2C2_ER_IRQHandler                       0x08000b6f   Thumb Code     0  startup_stm32f407xx.o(.text)
    I2C2_EV_IRQHandler                       0x08000b6f   Thumb Code     0  startup_stm32f407xx.o(.text)
    I2C3_ER_IRQHandler                       0x08000b6f   Thumb Code     0  startup_stm32f407xx.o(.text)
    I2C3_EV_IRQHandler                       0x08000b6f   Thumb Code     0  startup_stm32f407xx.o(.text)
    OTG_FS_IRQHandler                        0x08000b6f   Thumb Code     0  startup_stm32f407xx.o(.text)
    OTG_FS_WKUP_IRQHandler                   0x08000b6f   Thumb Code     0  startup_stm32f407xx.o(.text)
    OTG_HS_EP1_IN_IRQHandler                 0x08000b6f   Thumb Code     0  startup_stm32f407xx.o(.text)
    OTG_HS_EP1_OUT_IRQHandler                0x08000b6f   Thumb Code     0  startup_stm32f407xx.o(.text)
    OTG_HS_IRQHandler                        0x08000b6f   Thumb Code     0  startup_stm32f407xx.o(.text)
    OTG_HS_WKUP_IRQHandler                   0x08000b6f   Thumb Code     0  startup_stm32f407xx.o(.text)
    PVD_IRQHandler                           0x08000b6f   Thumb Code     0  startup_stm32f407xx.o(.text)
    RCC_IRQHandler                           0x08000b6f   Thumb Code     0  startup_stm32f407xx.o(.text)
    RTC_Alarm_IRQHandler                     0x08000b6f   Thumb Code     0  startup_stm32f407xx.o(.text)
    RTC_WKUP_IRQHandler                      0x08000b6f   Thumb Code     0  startup_stm32f407xx.o(.text)
    SDIO_IRQHandler                          0x08000b6f   Thumb Code     0  startup_stm32f407xx.o(.text)
    SPI1_IRQHandler                          0x08000b6f   Thumb Code     0  startup_stm32f407xx.o(.text)
    SPI2_IRQHandler                          0x08000b6f   Thumb Code     0  startup_stm32f407xx.o(.text)
    SPI3_IRQHandler                          0x08000b6f   Thumb Code     0  startup_stm32f407xx.o(.text)
    TAMP_STAMP_IRQHandler                    0x08000b6f   Thumb Code     0  startup_stm32f407xx.o(.text)
    TIM1_BRK_TIM9_IRQHandler                 0x08000b6f   Thumb Code     0  startup_stm32f407xx.o(.text)
    TIM1_CC_IRQHandler                       0x08000b6f   Thumb Code     0  startup_stm32f407xx.o(.text)
    TIM1_TRG_COM_TIM11_IRQHandler            0x08000b6f   Thumb Code     0  startup_stm32f407xx.o(.text)
    TIM1_UP_TIM10_IRQHandler                 0x08000b6f   Thumb Code     0  startup_stm32f407xx.o(.text)
    TIM2_IRQHandler                          0x08000b6f   Thumb Code     0  startup_stm32f407xx.o(.text)
    TIM3_IRQHandler                          0x08000b6f   Thumb Code     0  startup_stm32f407xx.o(.text)
    TIM4_IRQHandler                          0x08000b6f   Thumb Code     0  startup_stm32f407xx.o(.text)
    TIM5_IRQHandler                          0x08000b6f   Thumb Code     0  startup_stm32f407xx.o(.text)
    TIM6_DAC_IRQHandler                      0x08000b6f   Thumb Code     0  startup_stm32f407xx.o(.text)
    TIM7_IRQHandler                          0x08000b6f   Thumb Code     0  startup_stm32f407xx.o(.text)
    TIM8_BRK_TIM12_IRQHandler                0x08000b6f   Thumb Code     0  startup_stm32f407xx.o(.text)
    TIM8_CC_IRQHandler                       0x08000b6f   Thumb Code     0  startup_stm32f407xx.o(.text)
    TIM8_TRG_COM_TIM14_IRQHandler            0x08000b6f   Thumb Code     0  startup_stm32f407xx.o(.text)
    TIM8_UP_TIM13_IRQHandler                 0x08000b6f   Thumb Code     0  startup_stm32f407xx.o(.text)
    UART4_IRQHandler                         0x08000b6f   Thumb Code     0  startup_stm32f407xx.o(.text)
    UART5_IRQHandler                         0x08000b6f   Thumb Code     0  startup_stm32f407xx.o(.text)
    USART3_IRQHandler                        0x08000b6f   Thumb Code     0  startup_stm32f407xx.o(.text)
    USART6_IRQHandler                        0x08000b6f   Thumb Code     0  startup_stm32f407xx.o(.text)
    WWDG_IRQHandler                          0x08000b6f   Thumb Code     0  startup_stm32f407xx.o(.text)
    __user_initial_stackheap                 0x08000b71   Thumb Code     0  startup_stm32f407xx.o(.text)
    HAL_Init                                 0x08000bbb   Thumb Code    54  stm32f4xx_hal.o(.text)
    HAL_DeInit                               0x08000bf3   Thumb Code    64  stm32f4xx_hal.o(.text)
    HAL_IncTick                              0x08000c33   Thumb Code    12  stm32f4xx_hal.o(.text)
    HAL_GetTick                              0x08000c3f   Thumb Code     6  stm32f4xx_hal.o(.text)
    HAL_GetHalVersion                        0x08000c83   Thumb Code     4  stm32f4xx_hal.o(.text)
    HAL_GetREVID                             0x08000c87   Thumb Code     8  stm32f4xx_hal.o(.text)
    HAL_GetDEVID                             0x08000c8f   Thumb Code    10  stm32f4xx_hal.o(.text)
    HAL_DBGMCU_EnableDBGSleepMode            0x08000c99   Thumb Code    14  stm32f4xx_hal.o(.text)
    HAL_DBGMCU_DisableDBGSleepMode           0x08000ca7   Thumb Code    14  stm32f4xx_hal.o(.text)
    HAL_DBGMCU_EnableDBGStopMode             0x08000cb5   Thumb Code    14  stm32f4xx_hal.o(.text)
    HAL_DBGMCU_DisableDBGStopMode            0x08000cc3   Thumb Code    14  stm32f4xx_hal.o(.text)
    HAL_DBGMCU_EnableDBGStandbyMode          0x08000cd1   Thumb Code    14  stm32f4xx_hal.o(.text)
    HAL_DBGMCU_DisableDBGStandbyMode         0x08000cdf   Thumb Code    14  stm32f4xx_hal.o(.text)
    HAL_EnableCompensationCell               0x08000ced   Thumb Code    22  stm32f4xx_hal.o(.text)
    HAL_DisableCompensationCell              0x08000d03   Thumb Code    24  stm32f4xx_hal.o(.text)
    HAL_NVIC_SetPriorityGrouping             0x08000d55   Thumb Code    36  stm32f4xx_hal_cortex.o(.text)
    HAL_NVIC_SetPriority                     0x08000d79   Thumb Code   124  stm32f4xx_hal_cortex.o(.text)
    HAL_NVIC_EnableIRQ                       0x08000df5   Thumb Code    26  stm32f4xx_hal_cortex.o(.text)
    HAL_NVIC_DisableIRQ                      0x08000e0f   Thumb Code    22  stm32f4xx_hal_cortex.o(.text)
    HAL_NVIC_SystemReset                     0x08000e25   Thumb Code    64  stm32f4xx_hal_cortex.o(.text)
    HAL_SYSTICK_Config                       0x08000e65   Thumb Code    52  stm32f4xx_hal_cortex.o(.text)
    HAL_MPU_ConfigRegion                     0x08000e99   Thumb Code    90  stm32f4xx_hal_cortex.o(.text)
    HAL_NVIC_GetPriorityGrouping             0x08000ef3   Thumb Code     8  stm32f4xx_hal_cortex.o(.text)
    HAL_NVIC_GetPriority                     0x08000efb   Thumb Code   138  stm32f4xx_hal_cortex.o(.text)
    HAL_NVIC_SetPendingIRQ                   0x08000f85   Thumb Code    24  stm32f4xx_hal_cortex.o(.text)
    HAL_NVIC_GetPendingIRQ                   0x08000f9d   Thumb Code    38  stm32f4xx_hal_cortex.o(.text)
    HAL_NVIC_ClearPendingIRQ                 0x08000fc3   Thumb Code    22  stm32f4xx_hal_cortex.o(.text)
    HAL_NVIC_GetActive                       0x08000fd9   Thumb Code    38  stm32f4xx_hal_cortex.o(.text)
    HAL_SYSTICK_CLKSourceConfig              0x08000fff   Thumb Code    40  stm32f4xx_hal_cortex.o(.text)
    HAL_SYSTICK_Callback                     0x08001027   Thumb Code     2  stm32f4xx_hal_cortex.o(.text)
    HAL_SYSTICK_IRQHandler                   0x08001029   Thumb Code     8  stm32f4xx_hal_cortex.o(.text)
    HAL_DMA_Init                             0x0800107f   Thumb Code   128  stm32f4xx_hal_dma.o(.text)
    HAL_DMA_DeInit                           0x080010ff   Thumb Code   100  stm32f4xx_hal_dma.o(.text)
    HAL_DMA_Start                            0x0800118f   Thumb Code    82  stm32f4xx_hal_dma.o(.text)
    HAL_DMA_Start_IT                         0x080011e1   Thumb Code   106  stm32f4xx_hal_dma.o(.text)
    HAL_DMA_Abort                            0x0800124b   Thumb Code    94  stm32f4xx_hal_dma.o(.text)
    HAL_DMA_PollForTransfer                  0x080012a9   Thumb Code   412  stm32f4xx_hal_dma.o(.text)
    HAL_DMA_IRQHandler                       0x08001445   Thumb Code   530  stm32f4xx_hal_dma.o(.text)
    HAL_DMA_GetState                         0x08001657   Thumb Code     8  stm32f4xx_hal_dma.o(.text)
    HAL_DMA_GetError                         0x0800165f   Thumb Code     6  stm32f4xx_hal_dma.o(.text)
    HAL_GPIO_Init                            0x08001669   Thumb Code   476  stm32f4xx_hal_gpio.o(.text)
    HAL_GPIO_DeInit                          0x08001845   Thumb Code   326  stm32f4xx_hal_gpio.o(.text)
    HAL_GPIO_ReadPin                         0x0800198b   Thumb Code    16  stm32f4xx_hal_gpio.o(.text)
    HAL_GPIO_WritePin                        0x0800199b   Thumb Code    12  stm32f4xx_hal_gpio.o(.text)
    HAL_GPIO_TogglePin                       0x080019a7   Thumb Code     8  stm32f4xx_hal_gpio.o(.text)
    HAL_GPIO_LockPin                         0x080019af   Thumb Code    46  stm32f4xx_hal_gpio.o(.text)
    HAL_GPIO_EXTI_Callback                   0x080019dd   Thumb Code     2  stm32f4xx_hal_gpio.o(.text)
    HAL_GPIO_EXTI_IRQHandler                 0x080019df   Thumb Code    28  stm32f4xx_hal_gpio.o(.text)
    HAL_MspInit                              0x08001a2d   Thumb Code     2  stm32f4xx_hal_msp_template.o(.text)
    HAL_MspDeInit                            0x08001a2f   Thumb Code     2  stm32f4xx_hal_msp_template.o(.text)
    HAL_PPP_MspInit                          0x08001a31   Thumb Code     2  stm32f4xx_hal_msp_template.o(.text)
    HAL_PPP_MspDeInit                        0x08001a33   Thumb Code     2  stm32f4xx_hal_msp_template.o(.text)
    HAL_RCC_OscConfig                        0x08001a37   Thumb Code  1032  stm32f4xx_hal_rcc.o(.text)
    HAL_RCC_ClockConfig                      0x08001e3f   Thumb Code   680  stm32f4xx_hal_rcc.o(.text)
    HAL_RCC_MCOConfig                        0x080020e7   Thumb Code   178  stm32f4xx_hal_rcc.o(.text)
    HAL_RCC_EnableCSS                        0x08002199   Thumb Code     8  stm32f4xx_hal_rcc.o(.text)
    HAL_RCC_DisableCSS                       0x080021a1   Thumb Code     8  stm32f4xx_hal_rcc.o(.text)
    HAL_RCC_GetSysClockFreq                  0x080021a9   Thumb Code   198  stm32f4xx_hal_rcc.o(.text)
    HAL_RCC_GetHCLKFreq                      0x0800226f   Thumb Code    42  stm32f4xx_hal_rcc.o(.text)
    HAL_RCC_GetPCLK1Freq                     0x08002299   Thumb Code    36  stm32f4xx_hal_rcc.o(.text)
    HAL_RCC_GetPCLK2Freq                     0x080022bd   Thumb Code    36  stm32f4xx_hal_rcc.o(.text)
    HAL_RCC_GetOscConfig                     0x080022e1   Thumb Code   296  stm32f4xx_hal_rcc.o(.text)
    HAL_RCC_GetClockConfig                   0x08002409   Thumb Code    58  stm32f4xx_hal_rcc.o(.text)
    HAL_RCC_CSSCallback                      0x08002443   Thumb Code     2  stm32f4xx_hal_rcc.o(.text)
    HAL_RCC_NMI_IRQHandler                   0x08002445   Thumb Code    30  stm32f4xx_hal_rcc.o(.text)
    HAL_UART_Init                            0x08002695   Thumb Code   110  stm32f4xx_hal_uart.o(.text)
    HAL_HalfDuplex_Init                      0x08002703   Thumb Code   114  stm32f4xx_hal_uart.o(.text)
    HAL_LIN_Init                             0x08002775   Thumb Code   138  stm32f4xx_hal_uart.o(.text)
    HAL_MultiProcessor_Init                  0x080027ff   Thumb Code   150  stm32f4xx_hal_uart.o(.text)
    HAL_UART_DeInit                          0x08002897   Thumb Code    50  stm32f4xx_hal_uart.o(.text)
    HAL_UART_Transmit                        0x080029c3   Thumb Code   240  stm32f4xx_hal_uart.o(.text)
    HAL_UART_Receive                         0x08002ab3   Thumb Code   248  stm32f4xx_hal_uart.o(.text)
    HAL_UART_Transmit_IT                     0x08002bab   Thumb Code   110  stm32f4xx_hal_uart.o(.text)
    HAL_UART_Receive_IT                      0x08002c19   Thumb Code   134  stm32f4xx_hal_uart.o(.text)
    HAL_UART_ErrorCallback                   0x08002c9f   Thumb Code     2  stm32f4xx_hal_uart.o(.text)
    HAL_UART_TxHalfCpltCallback              0x08002cc3   Thumb Code     2  stm32f4xx_hal_uart.o(.text)
    HAL_UART_TxCpltCallback                  0x08002cd3   Thumb Code     2  stm32f4xx_hal_uart.o(.text)
    HAL_UART_Transmit_DMA                    0x08002d0b   Thumb Code   156  stm32f4xx_hal_uart.o(.text)
    HAL_UART_RxHalfCpltCallback              0x08002da7   Thumb Code     2  stm32f4xx_hal_uart.o(.text)
    HAL_UART_RxCpltCallback                  0x08002db7   Thumb Code     2  stm32f4xx_hal_uart.o(.text)
    HAL_UART_Receive_DMA                     0x08002df7   Thumb Code   146  stm32f4xx_hal_uart.o(.text)
    HAL_UART_DMAPause                        0x08002e89   Thumb Code   114  stm32f4xx_hal_uart.o(.text)
    HAL_UART_DMAResume                       0x08002efb   Thumb Code   160  stm32f4xx_hal_uart.o(.text)
    HAL_UART_DMAStop                         0x08002f9b   Thumb Code    58  stm32f4xx_hal_uart.o(.text)
    HAL_UART_IRQHandler                      0x08003131   Thumb Code   326  stm32f4xx_hal_uart.o(.text)
    HAL_LIN_SendBreak                        0x08003277   Thumb Code    62  stm32f4xx_hal_uart.o(.text)
    HAL_MultiProcessor_EnterMuteMode         0x080032b5   Thumb Code    62  stm32f4xx_hal_uart.o(.text)
    HAL_MultiProcessor_ExitMuteMode          0x080032f3   Thumb Code    62  stm32f4xx_hal_uart.o(.text)
    HAL_HalfDuplex_EnableTransmitter         0x08003331   Thumb Code    68  stm32f4xx_hal_uart.o(.text)
    HAL_HalfDuplex_EnableReceiver            0x08003375   Thumb Code    68  stm32f4xx_hal_uart.o(.text)
    HAL_UART_GetState                        0x080033b9   Thumb Code     8  stm32f4xx_hal_uart.o(.text)
    HAL_UART_GetError                        0x080033c1   Thumb Code     6  stm32f4xx_hal_uart.o(.text)
    rt_system_tick_init                      0x080033c9   Thumb Code     2  clock.o(.text)
    rt_tick_get                              0x080033cb   Thumb Code     6  clock.o(.text)
    rt_tick_set                              0x080033d1   Thumb Code    22  clock.o(.text)
    rt_tick_increase                         0x080033e7   Thumb Code    42  clock.o(.text)
    rt_tick_from_millisecond                 0x08003411   Thumb Code    22  clock.o(.text)
    rt_device_find                           0x0800342d   Thumb Code    76  device.o(.text)
    rt_device_register                       0x08003479   Thumb Code    52  device.o(.text)
    rt_device_unregister                     0x080034ad   Thumb Code    26  device.o(.text)
    rt_device_init_all                       0x080034c7   Thumb Code     4  device.o(.text)
    rt_device_init                           0x080034cb   Thumb Code    64  device.o(.text)
    rt_device_open                           0x0800350b   Thumb Code   136  device.o(.text)
    rt_device_close                          0x08003593   Thumb Code    68  device.o(.text)
    rt_device_read                           0x080035d7   Thumb Code    76  device.o(.text)
    rt_device_write                          0x08003623   Thumb Code    76  device.o(.text)
    rt_device_control                        0x0800366f   Thumb Code    42  device.o(.text)
    rt_device_set_rx_indicate                0x08003699   Thumb Code    26  device.o(.text)
    rt_device_set_tx_complete                0x080036b3   Thumb Code    26  device.o(.text)
    rt_thread_idle_sethook                   0x08003751   Thumb Code     6  idle.o(.text)
    rt_thread_idle_excute                    0x08003757   Thumb Code   154  idle.o(.text)
    rt_thread_idle_init                      0x08003805   Thumb Code    38  idle.o(.text)
    rt_sem_init                              0x08003931   Thumb Code    50  ipc.o(.text)
    rt_sem_detach                            0x08003963   Thumb Code    34  ipc.o(.text)
    rt_sem_create                            0x08003985   Thumb Code    84  ipc.o(.text)
    rt_sem_delete                            0x080039d9   Thumb Code    78  ipc.o(.text)
    rt_sem_take                              0x08003a27   Thumb Code   266  ipc.o(.text)
    rt_sem_trytake                           0x08003b31   Thumb Code    14  ipc.o(.text)
    rt_sem_release                           0x08003b3f   Thumb Code    80  ipc.o(.text)
    rt_sem_control                           0x08003b8f   Thumb Code    68  ipc.o(.text)
    rt_mutex_init                            0x08003bd3   Thumb Code    58  ipc.o(.text)
    rt_mutex_detach                          0x08003c0d   Thumb Code    36  ipc.o(.text)
    rt_mutex_create                          0x08003c31   Thumb Code    96  ipc.o(.text)
    rt_mutex_delete                          0x08003c91   Thumb Code    78  ipc.o(.text)
    rt_mutex_take                            0x08003cdf   Thumb Code   524  ipc.o(.text)
    rt_mutex_release                         0x08003eeb   Thumb Code   272  ipc.o(.text)
    rt_mutex_control                         0x08003ffb   Thumb Code     8  ipc.o(.text)
    rt_event_init                            0x08004003   Thumb Code    46  ipc.o(.text)
    rt_event_detach                          0x08004031   Thumb Code    36  ipc.o(.text)
    rt_event_create                          0x08004055   Thumb Code    88  ipc.o(.text)
    rt_event_delete                          0x080040ad   Thumb Code    82  ipc.o(.text)
    rt_event_send                            0x080040ff   Thumb Code   210  ipc.o(.text)
    rt_event_recv                            0x080041d1   Thumb Code   448  ipc.o(.text)
    rt_event_control                         0x08004391   Thumb Code    70  ipc.o(.text)
    rt_mb_init                               0x080043d7   Thumb Code    76  ipc.o(.text)
    rt_mb_detach                             0x08004423   Thumb Code    44  ipc.o(.text)
    rt_mb_create                             0x0800444f   Thumb Code   128  ipc.o(.text)
    rt_mb_delete                             0x080044cf   Thumb Code    96  ipc.o(.text)
    rt_mb_send_wait                          0x0800452f   Thumb Code   436  ipc.o(.text)
    rt_mb_send                               0x080046e3   Thumb Code    18  ipc.o(.text)
    rt_mb_recv                               0x080046f5   Thumb Code   412  ipc.o(.text)
    rt_mb_control                            0x08004891   Thumb Code    82  ipc.o(.text)
    rt_mq_init                               0x080048e3   Thumb Code   118  ipc.o(.text)
    rt_mq_detach                             0x08004959   Thumb Code    36  ipc.o(.text)
    rt_mq_delete                             0x0800497d   Thumb Code    88  ipc.o(.text)
    rt_mq_create                             0x080049d5   Thumb Code   174  ipc.o(.text)
    rt_mq_send                               0x08004a83   Thumb Code   290  ipc.o(.text)
    rt_mq_urgent                             0x08004ba5   Thumb Code   198  ipc.o(.text)
    rt_mq_recv                               0x08004c6b   Thumb Code   438  ipc.o(.text)
    rt_mq_control                            0x08004e21   Thumb Code    98  ipc.o(.text)
    rt_interrupt_enter                       0x08004ed9   Thumb Code    30  irq.o(.text)
    rt_interrupt_leave                       0x08004ef7   Thumb Code    30  irq.o(.text)
    rt_interrupt_get_nest                    0x08004f15   Thumb Code     6  irq.o(.text)
    rt_get_errno                             0x08004f21   Thumb Code    32  kservice.o(.text)
    rt_set_errno                             0x08004f41   Thumb Code    36  kservice.o(.text)
    _rt_errno                                0x08004f65   Thumb Code    30  kservice.o(.text)
    rt_memset                                0x08004f83   Thumb Code    72  kservice.o(.text)
    rt_memcpy                                0x08004fcb   Thumb Code   124  kservice.o(.text)
    rt_memmove                               0x08005047   Thumb Code    66  kservice.o(.text)
    rt_memcmp                                0x08005089   Thumb Code    38  kservice.o(.text)
    rt_strlen                                0x080050af   Thumb Code    18  kservice.o(.text)
    rt_strstr                                0x080050c1   Thumb Code    58  kservice.o(.text)
    rt_strcasecmp                            0x080050fb   Thumb Code    48  kservice.o(.text)
    rt_strncpy                               0x0800512b   Thumb Code    52  kservice.o(.text)
    rt_strncmp                               0x0800515f   Thumb Code    40  kservice.o(.text)
    rt_strcmp                                0x08005187   Thumb Code    28  kservice.o(.text)
    rt_strdup                                0x080051a3   Thumb Code    40  kservice.o(.text)
    rt_hw_console_output                     0x080051cb   Thumb Code     2  kservice.o(.text)
    rt_vsnprintf                             0x08005383   Thumb Code   800  kservice.o(.text)
    rt_kprintf                               0x080056a3   Thumb Code    96  kservice.o(.text)
    rt_show_version                          0x08005703   Thumb Code    38  kservice.o(.text)
    rt_snprintf                              0x08005729   Thumb Code    38  kservice.o(.text)
    rt_vsprintf                              0x0800574f   Thumb Code    22  kservice.o(.text)
    rt_sprintf                               0x08005765   Thumb Code    34  kservice.o(.text)
    rt_console_get_device                    0x08005787   Thumb Code     6  kservice.o(.text)
    rt_console_set_device                    0x0800578d   Thumb Code    48  kservice.o(.text)
    rt_malloc_align                          0x080057bd   Thumb Code    66  kservice.o(.text)
    rt_free_align                            0x080057ff   Thumb Code    16  kservice.o(.text)
    __rt_ffs                                 0x0800580f   Thumb Code    70  kservice.o(.text)
    rt_assert_set_hook                       0x08005855   Thumb Code     6  kservice.o(.text)
    rt_assert_handler                        0x0800585b   Thumb Code    56  kservice.o(.text)
    rt_malloc_sethook                        0x0800596d   Thumb Code     6  mem.o(.text)
    rt_free_sethook                          0x08005973   Thumb Code     6  mem.o(.text)
    rt_system_heap_init                      0x08005a19   Thumb Code   204  mem.o(.text)
    rt_malloc                                0x08005ae5   Thumb Code   520  mem.o(.text)
    rt_free                                  0x08005ced   Thumb Code   602  mem.o(.text)
    rt_realloc                               0x08005f47   Thumb Code   312  mem.o(.text)
    rt_calloc                                0x0800607f   Thumb Code    84  mem.o(.text)
    rt_memory_info                           0x080060d3   Thumb Code    26  mem.o(.text)
    list_mem                                 0x080060ed   Thumb Code    34  mem.o(.text)
    rt_object_attach_sethook                 0x08006201   Thumb Code     6  object.o(.text)
    rt_object_detach_sethook                 0x08006207   Thumb Code     6  object.o(.text)
    rt_object_trytake_sethook                0x0800620d   Thumb Code     6  object.o(.text)
    rt_object_take_sethook                   0x08006213   Thumb Code     6  object.o(.text)
    rt_object_put_sethook                    0x08006219   Thumb Code     6  object.o(.text)
    rt_system_object_init                    0x0800621f   Thumb Code     2  object.o(.text)
    rt_object_get_information                0x08006221   Thumb Code    10  object.o(.text)
    rt_object_init                           0x0800622b   Thumb Code    76  object.o(.text)
    rt_object_detach                         0x08006277   Thumb Code    56  object.o(.text)
    rt_object_allocate                       0x080062af   Thumb Code   132  object.o(.text)
    rt_object_delete                         0x08006333   Thumb Code    84  object.o(.text)
    rt_object_is_systemobject                0x08006387   Thumb Code    34  object.o(.text)
    rt_object_find                           0x080063a9   Thumb Code   126  object.o(.text)
    rt_scheduler_sethook                     0x080064bd   Thumb Code     6  scheduler.o(.text)
    rt_system_scheduler_init                 0x08006515   Thumb Code    56  scheduler.o(.text)
    rt_system_scheduler_start                0x0800654d   Thumb Code    36  scheduler.o(.text)
    rt_schedule                              0x08006571   Thumb Code   134  scheduler.o(.text)
    rt_schedule_insert_thread                0x080065f7   Thumb Code    82  scheduler.o(.text)
    rt_schedule_remove_thread                0x08006649   Thumb Code    94  scheduler.o(.text)
    rt_enter_critical                        0x080066a7   Thumb Code    28  scheduler.o(.text)
    rt_exit_critical                         0x080066c3   Thumb Code    54  scheduler.o(.text)
    rt_critical_level                        0x080066f9   Thumb Code     8  scheduler.o(.text)
    rt_thread_exit                           0x080067bd   Thumb Code    76  thread.o(.text)
    rt_thread_timeout                        0x08006809   Thumb Code    66  thread.o(.text)
    rt_thread_init                           0x080068d9   Thumb Code    74  thread.o(.text)
    rt_thread_self                           0x08006923   Thumb Code     6  thread.o(.text)
    rt_thread_resume                         0x08006929   Thumb Code    78  thread.o(.text)
    rt_thread_startup                        0x08006977   Thumb Code    80  thread.o(.text)
    rt_thread_detach                         0x080069c7   Thumb Code    72  thread.o(.text)
    rt_thread_create                         0x08006a0f   Thumb Code    80  thread.o(.text)
    rt_thread_delete                         0x08006a5f   Thumb Code    64  thread.o(.text)
    rt_thread_yield                          0x08006a9f   Thumb Code    88  thread.o(.text)
    rt_thread_suspend                        0x08006af7   Thumb Code    76  thread.o(.text)
    rt_thread_sleep                          0x08006b43   Thumb Code    76  thread.o(.text)
    rt_thread_delay                          0x08006b8f   Thumb Code   210  thread.o(.text)
    rt_thread_control                        0x08006c61   Thumb Code   130  thread.o(.text)
    rt_thread_find                           0x08006ce3   Thumb Code    76  thread.o(.text)
    rt_timer_timeout_sethook                 0x08006d47   Thumb Code     6  timer.o(.text)
    rt_timer_init                            0x08006dd9   Thumb Code    58  timer.o(.text)
    rt_timer_detach                          0x08006e13   Thumb Code    44  timer.o(.text)
    rt_timer_create                          0x08006e3f   Thumb Code    54  timer.o(.text)
    rt_timer_delete                          0x08006e75   Thumb Code    46  timer.o(.text)
    rt_timer_start                           0x08006ea3   Thumb Code   292  timer.o(.text)
    rt_timer_stop                            0x08006fc7   Thumb Code    80  timer.o(.text)
    rt_timer_control                         0x08007017   Thumb Code    76  timer.o(.text)
    rt_timer_check                           0x08007063   Thumb Code   148  timer.o(.text)
    rt_timer_next_timeout_tick               0x080070f7   Thumb Code    10  timer.o(.text)
    rt_system_timer_init                     0x08007101   Thumb Code    24  timer.o(.text)
    rt_system_timer_thread_init              0x08007119   Thumb Code     2  timer.o(.text)
    rt_hw_stack_init                         0x08007195   Thumb Code    74  cpuport.o(.text)
    rt_hw_exception_install                  0x080071df   Thumb Code     6  cpuport.o(.text)
    rt_hw_hard_fault_exception               0x080071e5   Thumb Code   112  cpuport.o(.text)
    rt_hw_cpu_shutdown                       0x08007255   Thumb Code    20  cpuport.o(.text)
    rt_hw_interrupt_disable                  0x08007325   Thumb Code     8  context_rvds.o(.text)
    rt_hw_interrupt_enable                   0x0800732d   Thumb Code     6  context_rvds.o(.text)
    rt_hw_context_switch                     0x08007333   Thumb Code    32  context_rvds.o(.text)
    rt_hw_context_switch_interrupt           0x08007333   Thumb Code     0  context_rvds.o(.text)
    PendSV_Handler                           0x08007353   Thumb Code   108  context_rvds.o(.text)
    rt_hw_context_switch_to                  0x080073bf   Thumb Code    68  context_rvds.o(.text)
    rt_hw_interrupt_thread_switch            0x08007403   Thumb Code     2  context_rvds.o(.text)
    HardFault_Handler                        0x08007405   Thumb Code    20  context_rvds.o(.text)
    rt_device_pin_register                   0x080074e1   Thumb Code    56  pin.o(.text)
    rt_pin_mode                              0x08007519   Thumb Code    38  pin.o(.text)
    rt_pin_write                             0x0800753f   Thumb Code    38  pin.o(.text)
    rt_pin_read                              0x08007565   Thumb Code    34  pin.o(.text)
    rt_hw_serial_register                    0x08007983   Thumb Code   246  serial.o(.text)
    rt_hw_serial_isr                         0x08007a79   Thumb Code   302  serial.o(.text)
    rt_completion_init                       0x08007e5d   Thumb Code    42  completion.o(.text)
    rt_completion_wait                       0x08007e87   Thumb Code   198  completion.o(.text)
    rt_completion_done                       0x08007f4d   Thumb Code    76  completion.o(.text)
    rt_data_queue_init                       0x08008033   Thumb Code    78  dataqueue.o(.text)
    rt_data_queue_push                       0x08008081   Thumb Code   276  dataqueue.o(.text)
    rt_data_queue_pop                        0x08008195   Thumb Code   340  dataqueue.o(.text)
    rt_data_queue_peak                       0x080082e9   Thumb Code    94  dataqueue.o(.text)
    rt_data_queue_reset                      0x08008347   Thumb Code   106  dataqueue.o(.text)
    finsh_set_device                         0x0800845b   Thumb Code   156  shell.o(.text)
    finsh_get_device                         0x080084f7   Thumb Code    28  shell.o(.text)
    finsh_set_echo                           0x08008513   Thumb Code    30  shell.o(.text)
    finsh_get_echo                           0x08008531   Thumb Code    32  shell.o(.text)
    finsh_run_line                           0x0800856d   Thumb Code   164  shell.o(.text)
    finsh_thread_entry                       0x080086cd   Thumb Code  1646  shell.o(.text)
    finsh_system_function_init               0x08008d3b   Thumb Code    10  shell.o(.text)
    finsh_system_var_init                    0x08008d45   Thumb Code    10  shell.o(.text)
    finsh_system_init                        0x08008d4f   Thumb Code   122  shell.o(.text)
    hello                                    0x08008e31   Thumb Code    12  cmd.o(.text)
    version                                  0x08008e3d   Thumb Code    10  cmd.o(.text)
    list_thread                              0x08008ef3   Thumb Code    10  cmd.o(.text)
    list_sem                                 0x08008f91   Thumb Code    12  cmd.o(.text)
    list_event                               0x08008ffd   Thumb Code    12  cmd.o(.text)
    list_mutex                               0x0800904b   Thumb Code    12  cmd.o(.text)
    list_mailbox                             0x080090cf   Thumb Code    12  cmd.o(.text)
    list_msgqueue                            0x08009147   Thumb Code    12  cmd.o(.text)
    list_mempool                             0x080091b9   Thumb Code    12  cmd.o(.text)
    list_timer                               0x080095fd   Thumb Code    10  cmd.o(.text)
    list_device                              0x08009659   Thumb Code    12  cmd.o(.text)
    list                                     0x08009665   Thumb Code   126  cmd.o(.text)
    list_prefix                              0x08009725   Thumb Code   434  cmd.o(.text)
    finsh_compiler_run                       0x0800b18f   Thumb Code    88  finsh_compiler.o(.text)
    finsh_error_init                         0x0800b1f9   Thumb Code     8  finsh_error.o(.text)
    finsh_error_set                          0x0800b201   Thumb Code    10  finsh_error.o(.text)
    finsh_errno                              0x0800b20b   Thumb Code     6  finsh_error.o(.text)
    finsh_error_string                       0x0800b211   Thumb Code    10  finsh_error.o(.text)
    finsh_heap_init                          0x0800b225   Thumb Code    36  finsh_heap.o(.text)
    finsh_heap_free                          0x0800b349   Thumb Code    34  finsh_heap.o(.text)
    finsh_heap_allocate                      0x0800b3b9   Thumb Code   106  finsh_heap.o(.text)
    finsh_init                               0x0800b435   Thumb Code    30  finsh_init.o(.text)
    finsh_stack_bottom                       0x0800b453   Thumb Code     6  finsh_init.o(.text)
    finsh_flush                              0x0800b459   Thumb Code    22  finsh_init.o(.text)
    finsh_reset                              0x0800b46f   Thumb Code    24  finsh_init.o(.text)
    finsh_node_init                          0x0800b48d   Thumb Code    16  finsh_node.o(.text)
    finsh_node_allocate                      0x0800b49d   Thumb Code    56  finsh_node.o(.text)
    finsh_node_new_id                        0x0800b4d5   Thumb Code   118  finsh_node.o(.text)
    finsh_node_new_char                      0x0800b54b   Thumb Code    30  finsh_node.o(.text)
    finsh_node_new_int                       0x0800b569   Thumb Code    30  finsh_node.o(.text)
    finsh_node_new_long                      0x0800b587   Thumb Code    30  finsh_node.o(.text)
    finsh_node_new_string                    0x0800b5a5   Thumb Code    74  finsh_node.o(.text)
    finsh_node_new_ptr                       0x0800b5ef   Thumb Code    30  finsh_node.o(.text)
    OP_no_op                                 0x0800b611   Thumb Code     2  finsh_ops.o(.text)
    OP_add_byte                              0x0800b613   Thumb Code    42  finsh_ops.o(.text)
    OP_add_word                              0x0800b63d   Thumb Code    44  finsh_ops.o(.text)
    OP_add_dword                             0x0800b669   Thumb Code    42  finsh_ops.o(.text)
    OP_sub_byte                              0x0800b693   Thumb Code    42  finsh_ops.o(.text)
    OP_sub_word                              0x0800b6bd   Thumb Code    44  finsh_ops.o(.text)
    OP_sub_dword                             0x0800b6e9   Thumb Code    42  finsh_ops.o(.text)
    OP_div_byte                              0x0800b713   Thumb Code    44  finsh_ops.o(.text)
    OP_div_word                              0x0800b73f   Thumb Code    46  finsh_ops.o(.text)
    OP_div_dword                             0x0800b76d   Thumb Code    44  finsh_ops.o(.text)
    OP_mod_byte                              0x0800b799   Thumb Code    48  finsh_ops.o(.text)
    OP_mod_word                              0x0800b7c9   Thumb Code    48  finsh_ops.o(.text)
    OP_mod_dword                             0x0800b7f9   Thumb Code    48  finsh_ops.o(.text)
    OP_mul_byte                              0x0800b829   Thumb Code    44  finsh_ops.o(.text)
    OP_mul_word                              0x0800b855   Thumb Code    46  finsh_ops.o(.text)
    OP_mul_dword                             0x0800b883   Thumb Code    42  finsh_ops.o(.text)
    OP_and_byte                              0x0800b8ad   Thumb Code    42  finsh_ops.o(.text)
    OP_and_word                              0x0800b8d7   Thumb Code    42  finsh_ops.o(.text)
    OP_and_dword                             0x0800b901   Thumb Code    42  finsh_ops.o(.text)
    OP_or_byte                               0x0800b92b   Thumb Code    42  finsh_ops.o(.text)
    OP_or_word                               0x0800b955   Thumb Code    42  finsh_ops.o(.text)
    OP_or_dword                              0x0800b97f   Thumb Code    42  finsh_ops.o(.text)
    OP_xor_byte                              0x0800b9a9   Thumb Code    42  finsh_ops.o(.text)
    OP_xor_word                              0x0800b9d3   Thumb Code    46  finsh_ops.o(.text)
    OP_xor_dword                             0x0800ba01   Thumb Code    42  finsh_ops.o(.text)
    OP_bw_byte                               0x0800ba2b   Thumb Code    20  finsh_ops.o(.text)
    OP_bw_word                               0x0800ba3f   Thumb Code    20  finsh_ops.o(.text)
    OP_bw_dword                              0x0800ba53   Thumb Code    20  finsh_ops.o(.text)
    OP_shl_byte                              0x0800ba67   Thumb Code    42  finsh_ops.o(.text)
    OP_shl_word                              0x0800ba91   Thumb Code    44  finsh_ops.o(.text)
    OP_shl_dword                             0x0800babd   Thumb Code    42  finsh_ops.o(.text)
    OP_shr_byte                              0x0800bae7   Thumb Code    42  finsh_ops.o(.text)
    OP_shr_word                              0x0800bb11   Thumb Code    42  finsh_ops.o(.text)
    OP_shr_dword                             0x0800bb3b   Thumb Code    42  finsh_ops.o(.text)
    OP_ld_byte                               0x0800bb65   Thumb Code    34  finsh_ops.o(.text)
    OP_ld_word                               0x0800bb87   Thumb Code    46  finsh_ops.o(.text)
    OP_ld_dword                              0x0800bbb5   Thumb Code    64  finsh_ops.o(.text)
    OP_ld_value_byte                         0x0800bbf5   Thumb Code    66  finsh_ops.o(.text)
    OP_ld_value_byte_stack                   0x0800bc37   Thumb Code    20  finsh_ops.o(.text)
    OP_ld_value_word                         0x0800bc4b   Thumb Code    66  finsh_ops.o(.text)
    OP_ld_value_word_stack                   0x0800bc8d   Thumb Code    20  finsh_ops.o(.text)
    OP_ld_value_dword                        0x0800bca1   Thumb Code    66  finsh_ops.o(.text)
    OP_ld_value_dword_stack                  0x0800bce3   Thumb Code    20  finsh_ops.o(.text)
    OP_st_byte                               0x0800bcf7   Thumb Code    30  finsh_ops.o(.text)
    OP_st_word                               0x0800bd15   Thumb Code    30  finsh_ops.o(.text)
    OP_st_dword                              0x0800bd33   Thumb Code    30  finsh_ops.o(.text)
    OP_pop                                   0x0800bd51   Thumb Code    12  finsh_ops.o(.text)
    OP_call                                  0x0800bd5d   Thumb Code   906  finsh_ops.o(.text)
    finsh_parser_run                         0x0800c97d   Thumb Code   220  finsh_parser.o(.text)
    finsh_parser_init                        0x0800ca59   Thumb Code    16  finsh_parser.o(.text)
    finsh_var_init                           0x0800ca69   Thumb Code    14  finsh_var.o(.text)
    finsh_var_insert                         0x0800ca77   Thumb Code   114  finsh_var.o(.text)
    finsh_var_delete                         0x0800cae9   Thumb Code    68  finsh_var.o(.text)
    finsh_var_lookup                         0x0800cb2d   Thumb Code    58  finsh_var.o(.text)
    finsh_sysvar_append                      0x0800cb67   Thumb Code    62  finsh_var.o(.text)
    finsh_sysvar_lookup                      0x0800cba5   Thumb Code    78  finsh_var.o(.text)
    finsh_vm_run                             0x0800cc05   Thumb Code    62  finsh_vm.o(.text)
    finsh_syscall_append                     0x0800cc43   Thumb Code    54  finsh_vm.o(.text)
    finsh_syscall_lookup                     0x0800cc79   Thumb Code    78  finsh_vm.o(.text)
    finsh_token_init                         0x0800cce9   Thumb Code    20  finsh_token.o(.text)
    token_get_string                         0x0800d101   Thumb Code   120  finsh_token.o(.text)
    finsh_token_token                        0x0800d339   Thumb Code    24  finsh_token.o(.text)
    finsh_token_get_token                    0x0800d351   Thumb Code    20  finsh_token.o(.text)
    atoi                                     0x0800d369   Thumb Code    26  atoi.o(.text)
    strlen                                   0x0800d383   Thumb Code    62  strlen.o(.text)
    strncmp                                  0x0800d3c1   Thumb Code   150  strncmp.o(.text)
    __aeabi_memcpy                           0x0800d457   Thumb Code     0  rt_memcpy_v6.o(.text)
    __rt_memcpy                              0x0800d457   Thumb Code   138  rt_memcpy_v6.o(.text)
    _memcpy_lastbytes                        0x0800d4bd   Thumb Code     0  rt_memcpy_v6.o(.text)
    __aeabi_memcpy4                          0x0800d4e1   Thumb Code     0  rt_memcpy_w.o(.text)
    __aeabi_memcpy8                          0x0800d4e1   Thumb Code     0  rt_memcpy_w.o(.text)
    __rt_memcpy_w                            0x0800d4e1   Thumb Code   100  rt_memcpy_w.o(.text)
    _memcpy_lastbytes_aligned                0x0800d529   Thumb Code     0  rt_memcpy_w.o(.text)
    __aeabi_memclr                           0x0800d545   Thumb Code     0  rt_memclr.o(.text)
    __rt_memclr                              0x0800d545   Thumb Code    68  rt_memclr.o(.text)
    _memset                                  0x0800d549   Thumb Code     0  rt_memclr.o(.text)
    __aeabi_memclr4                          0x0800d589   Thumb Code     0  rt_memclr_w.o(.text)
    __aeabi_memclr8                          0x0800d589   Thumb Code     0  rt_memclr_w.o(.text)
    __rt_memclr_w                            0x0800d589   Thumb Code    78  rt_memclr_w.o(.text)
    _memset_w                                0x0800d58d   Thumb Code     0  rt_memclr_w.o(.text)
    strncpy                                  0x0800d5d7   Thumb Code    86  strncpy.o(.text)
    strcmp                                   0x0800d62d   Thumb Code   128  strcmpv7m.o(.text)
    __use_two_region_memory                  0x0800d6ad   Thumb Code     2  heapauxi.o(.text)
    __rt_heap_escrow$2region                 0x0800d6af   Thumb Code     2  heapauxi.o(.text)
    __rt_heap_expand$2region                 0x0800d6b1   Thumb Code     2  heapauxi.o(.text)
    __aeabi_errno_addr                       0x0800d6b5   Thumb Code     8  rt_errno_addr_intlibspace.o(.text)
    __errno$intlibspace                      0x0800d6b5   Thumb Code     0  rt_errno_addr_intlibspace.o(.text)
    __rt_errno_addr$intlibspace              0x0800d6b5   Thumb Code     0  rt_errno_addr_intlibspace.o(.text)
    strtol                                   0x0800d6bd   Thumb Code   112  strtol.o(.text)
    __user_libspace                          0x0800d72d   Thumb Code     8  libspace.o(.text)
    __user_perproc_libspace                  0x0800d72d   Thumb Code     0  libspace.o(.text)
    __user_perthread_libspace                0x0800d72d   Thumb Code     0  libspace.o(.text)
    __rt_ctype_table                         0x0800d735   Thumb Code    16  rt_ctype_table.o(.text)
    _strtoul                                 0x0800d745   Thumb Code   158  _strtoul.o(.text)
    __user_setup_stackheap                   0x0800d7e3   Thumb Code    74  sys_stackheap_outer.o(.text)
    __rt_locale                              0x0800d82d   Thumb Code     8  rt_locale_intlibspace.o(.text)
    _chval                                   0x0800d835   Thumb Code    28  _chval.o(.text)
    exit                                     0x0800d851   Thumb Code    18  exit.o(.text)
    _sys_exit                                0x0800d865   Thumb Code     8  sys_exit.o(.text)
    __I$use$semihosting                      0x0800d871   Thumb Code     0  use_no_semi.o(.text)
    __use_no_semihosting_swi                 0x0800d871   Thumb Code     2  use_no_semi.o(.text)
    __semihosting_library_function           0x0800d873   Thumb Code     0  indicate_semi.o(.text)
    _get_lc_ctype                            0x0800d875   Thumb Code    44  lc_ctype_c.o(locale$$code)
    _fp_init                                 0x0800d8a1   Thumb Code    10  fpinit.o(x$fpl$fpinit)
    __fplib_config_fpu_vfp                   0x0800d8a9   Thumb Code     0  fpinit.o(x$fpl$fpinit)
    __fplib_config_pureend_doubles           0x0800d8a9   Thumb Code     0  fpinit.o(x$fpl$fpinit)
    AHBPrescTable                            0x0800d8f4   Data          16  system_stm32f4xx.o(.constdata)
    APBAHBPrescTable                         0x0800d90c   Data          16  stm32f4xx_hal_rcc.o(.constdata)
    __lowest_bit_bitmap                      0x0800dbb1   Data         256  kservice.o(.constdata)
    op_table                                 0x0800e12c   Data         196  finsh_ops.o(.constdata)
    __fsym_list_mem_name                     0x0800e602   Data           9  mem.o(.rodata.name)
    __fsym_list_mem_desc                     0x0800e60b   Data          30  mem.o(.rodata.name)
    __fsym_pinMode_name                      0x0800e629   Data           8  pin.o(.rodata.name)
    __fsym_pinMode_desc                      0x0800e631   Data          22  pin.o(.rodata.name)
    __fsym_pinWrite_name                     0x0800e647   Data           9  pin.o(.rodata.name)
    __fsym_pinWrite_desc                     0x0800e650   Data          28  pin.o(.rodata.name)
    __fsym_pinRead_name                      0x0800e66c   Data           8  pin.o(.rodata.name)
    __fsym_pinRead_desc                      0x0800e674   Data          30  pin.o(.rodata.name)
    __fsym_hello_name                        0x0800e692   Data           6  cmd.o(.rodata.name)
    __fsym_hello_desc                        0x0800e698   Data          16  cmd.o(.rodata.name)
    __fsym_version_name                      0x0800e6a8   Data           8  cmd.o(.rodata.name)
    __fsym_version_desc                      0x0800e6b0   Data          35  cmd.o(.rodata.name)
    __fsym_list_thread_name                  0x0800e6d3   Data          12  cmd.o(.rodata.name)
    __fsym_list_thread_desc                  0x0800e6df   Data          12  cmd.o(.rodata.name)
    __fsym_list_sem_name                     0x0800e6eb   Data           9  cmd.o(.rodata.name)
    __fsym_list_sem_desc                     0x0800e6f4   Data          25  cmd.o(.rodata.name)
    __fsym_list_event_name                   0x0800e70d   Data          11  cmd.o(.rodata.name)
    __fsym_list_event_desc                   0x0800e718   Data          21  cmd.o(.rodata.name)
    __fsym_list_mutex_name                   0x0800e72d   Data          11  cmd.o(.rodata.name)
    __fsym_list_mutex_desc                   0x0800e738   Data          21  cmd.o(.rodata.name)
    __fsym_list_mailbox_name                 0x0800e74d   Data          13  cmd.o(.rodata.name)
    __fsym_list_mailbox_desc                 0x0800e75a   Data          24  cmd.o(.rodata.name)
    __fsym_list_msgqueue_name                0x0800e772   Data          14  cmd.o(.rodata.name)
    __fsym_list_msgqueue_desc                0x0800e780   Data          29  cmd.o(.rodata.name)
    __fsym_list_mempool_name                 0x0800e79d   Data          13  cmd.o(.rodata.name)
    __fsym_list_mempool_desc                 0x0800e7aa   Data          27  cmd.o(.rodata.name)
    __fsym_list_timer_name                   0x0800e7c5   Data          11  cmd.o(.rodata.name)
    __fsym_list_timer_desc                   0x0800e7d0   Data          21  cmd.o(.rodata.name)
    __fsym_list_device_name                  0x0800e7e5   Data          12  cmd.o(.rodata.name)
    __fsym_list_device_desc                  0x0800e7f1   Data          22  cmd.o(.rodata.name)
    __fsym_list_name                         0x0800e807   Data           5  cmd.o(.rodata.name)
    __fsym_list_desc                         0x0800e80c   Data          26  cmd.o(.rodata.name)
    __vsym_dummy_name                        0x0800e826   Data           6  cmd.o(.rodata.name)
    __vsym_dummy_desc                        0x0800e82c   Data          25  cmd.o(.rodata.name)
    FSymTab$$Base                            0x0800e848   Number         0  mem.o(FSymTab)
    __fsym_list_mem                          0x0800e848   Data          12  mem.o(FSymTab)
    __fsym_pinMode                           0x0800e854   Data          12  pin.o(FSymTab)
    __fsym_pinWrite                          0x0800e860   Data          12  pin.o(FSymTab)
    __fsym_pinRead                           0x0800e86c   Data          12  pin.o(FSymTab)
    __fsym_hello                             0x0800e878   Data          12  cmd.o(FSymTab)
    __fsym_version                           0x0800e884   Data          12  cmd.o(FSymTab)
    __fsym_list_thread                       0x0800e890   Data          12  cmd.o(FSymTab)
    __fsym_list_sem                          0x0800e89c   Data          12  cmd.o(FSymTab)
    __fsym_list_event                        0x0800e8a8   Data          12  cmd.o(FSymTab)
    __fsym_list_mutex                        0x0800e8b4   Data          12  cmd.o(FSymTab)
    __fsym_list_mailbox                      0x0800e8c0   Data          12  cmd.o(FSymTab)
    __fsym_list_msgqueue                     0x0800e8cc   Data          12  cmd.o(FSymTab)
    __fsym_list_mempool                      0x0800e8d8   Data          12  cmd.o(FSymTab)
    __fsym_list_timer                        0x0800e8e4   Data          12  cmd.o(FSymTab)
    __fsym_list_device                       0x0800e8f0   Data          12  cmd.o(FSymTab)
    __fsym_list                              0x0800e8fc   Data          12  cmd.o(FSymTab)
    FSymTab$$Limit                           0x0800e908   Number         0  cmd.o(FSymTab)
    Region$$Table$$Base                      0x0800e908   Number         0  anon$$obj.o(Region$$Table)
    Region$$Table$$Limit                     0x0800e928   Number         0  anon$$obj.o(Region$$Table)
    VSymTab$$Base                            0x0800e928   Number         0  cmd.o(VSymTab)
    __vsym_dummy                             0x0800e928   Data          16  cmd.o(VSymTab)
    VSymTab$$Limit                           0x0800e938   Number         0  cmd.o(VSymTab)
    __ctype                                  0x0800e945   Data           0  lc_ctype_c.o(locale$$data)
    SystemCoreClock                          0x20000000   Data           4  system_stm32f4xx.o(.data)
    rt_interrupt_nest                        0x20000010   Data           1  irq.o(.data)
    rt_assert_hook                           0x2000001c   Data           4  kservice.o(.data)
    rt_object_container                      0x20000040   Data         144  object.o(.data)
    rt_object_trytake_hook                   0x200000d8   Data           4  object.o(.data)
    rt_object_take_hook                      0x200000dc   Data           4  object.o(.data)
    rt_object_put_hook                       0x200000e0   Data           4  object.o(.data)
    rt_current_thread                        0x200000e8   Data           4  scheduler.o(.data)
    rt_current_priority                      0x200000ec   Data           1  scheduler.o(.data)
    rt_thread_ready_priority_group           0x200000f0   Data           4  scheduler.o(.data)
    rt_thread_defunct                        0x200000f4   Data           8  scheduler.o(.data)
    rt_interrupt_from_thread                 0x20000110   Data           4  cpuport.o(.data)
    rt_interrupt_to_thread                   0x20000114   Data           4  cpuport.o(.data)
    rt_thread_switch_interrupt_flag          0x20000118   Data           4  cpuport.o(.data)
    shell                                    0x20000120   Data           4  shell.o(.data)
    _syscall_table_begin                     0x20000124   Data           4  symbol.o(.data)
    _syscall_table_end                       0x20000128   Data           4  symbol.o(.data)
    _sysvar_table_begin                      0x2000012c   Data           4  symbol.o(.data)
    _sysvar_table_end                        0x20000130   Data           4  symbol.o(.data)
    finsh_compile_sp                         0x20000138   Data           4  finsh_compiler.o(.data)
    finsh_compile_pc                         0x2000013c   Data           4  finsh_compiler.o(.data)
    global_errno                             0x20000140   Data           1  finsh_error.o(.data)
    global_sysvar_list                       0x20000188   Data           4  finsh_var.o(.data)
    finsh_sp                                 0x2000018c   Data           4  finsh_vm.o(.data)
    finsh_pc                                 0x20000190   Data           4  finsh_vm.o(.data)
    global_syscall_list                      0x20000194   Data           4  finsh_vm.o(.data)
    serial1                                  0x200001dc   Data          84  drv_usart.o(.bss)
    serial2                                  0x20000274   Data          84  drv_usart.o(.bss)
    rt_thread_priority_table                 0x200007e8   Data         256  scheduler.o(.bss)
    finsh_heap                               0x200011ac   Data         128  finsh_heap.o(.bss)
    global_node_table                        0x2000122c   Data         320  finsh_node.o(.bss)
    global_variable                          0x2000136c   Data         192  finsh_var.o(.bss)
    finsh_vm_stack                           0x2000142c   Data         256  finsh_vm.o(.bss)
    text_segment                             0x2000152c   Data         128  finsh_vm.o(.bss)
    __libspace_start                         0x200015ac   Data          96  libspace.o(.bss)
    __temporary_stack_top$libspace           0x2000160c   Data           0  libspace.o(.bss)
    Image$$RW_IRAM1$$ZI$$Limit               0x20001c10   Number         0  anon$$obj.o ABSOLUTE



==============================================================================

Memory Map of the image

  Image Entry point : 0x08000189

  Load Region LR_IROM1 (Base: 0x08000000, Size: 0x0000ebe0, Max: 0x00100000, ABSOLUTE, COMPRESSED[0x0000ead0])

    Execution Region ER_IROM1 (Base: 0x08000000, Size: 0x0000ea48, Max: 0x00100000, ABSOLUTE)

    Base Addr    Size         Type   Attr      Idx    E Section Name        Object

    0x08000000   0x00000188   Data   RO          297    RESET               startup_stm32f407xx.o
    0x08000188   0x00000008   Code   RO         2304  * !!!main             c_w.l(__main.o)
    0x08000190   0x00000034   Code   RO         2484    !!!scatter          c_w.l(__scatter.o)
    0x080001c4   0x0000005a   Code   RO         2482    !!dczerorl2         c_w.l(__dczerorl2.o)
    0x0800021e   0x00000002   PAD
    0x08000220   0x0000001c   Code   RO         2486    !!handler_zi        c_w.l(__scatter_zi.o)
    0x0800023c   0x00000002   Code   RO         2355    .ARM.Collect$$libinit$$00000000  c_w.l(libinit.o)
    0x0800023e   0x00000004   Code   RO         2358    .ARM.Collect$$libinit$$00000001  c_w.l(libinit2.o)
    0x08000242   0x00000000   Code   RO         2361    .ARM.Collect$$libinit$$00000004  c_w.l(libinit2.o)
    0x08000242   0x00000000   Code   RO         2364    .ARM.Collect$$libinit$$0000000A  c_w.l(libinit2.o)
    0x08000242   0x00000000   Code   RO         2366    .ARM.Collect$$libinit$$0000000C  c_w.l(libinit2.o)
    0x08000242   0x00000000   Code   RO         2368    .ARM.Collect$$libinit$$0000000E  c_w.l(libinit2.o)
    0x08000242   0x00000006   Code   RO         2369    .ARM.Collect$$libinit$$0000000F  c_w.l(libinit2.o)
    0x08000248   0x00000000   Code   RO         2371    .ARM.Collect$$libinit$$00000011  c_w.l(libinit2.o)
    0x08000248   0x0000000c   Code   RO         2372    .ARM.Collect$$libinit$$00000012  c_w.l(libinit2.o)
    0x08000254   0x00000000   Code   RO         2373    .ARM.Collect$$libinit$$00000013  c_w.l(libinit2.o)
    0x08000254   0x00000000   Code   RO         2375    .ARM.Collect$$libinit$$00000015  c_w.l(libinit2.o)
    0x08000254   0x00000000   Code   RO         2377    .ARM.Collect$$libinit$$00000017  c_w.l(libinit2.o)
    0x08000254   0x00000000   Code   RO         2379    .ARM.Collect$$libinit$$00000019  c_w.l(libinit2.o)
    0x08000254   0x00000000   Code   RO         2381    .ARM.Collect$$libinit$$0000001B  c_w.l(libinit2.o)
    0x08000254   0x00000000   Code   RO         2383    .ARM.Collect$$libinit$$0000001D  c_w.l(libinit2.o)
    0x08000254   0x00000000   Code   RO         2385    .ARM.Collect$$libinit$$0000001F  c_w.l(libinit2.o)
    0x08000254   0x00000000   Code   RO         2387    .ARM.Collect$$libinit$$00000021  c_w.l(libinit2.o)
    0x08000254   0x00000000   Code   RO         2389    .ARM.Collect$$libinit$$00000023  c_w.l(libinit2.o)
    0x08000254   0x00000000   Code   RO         2391    .ARM.Collect$$libinit$$00000025  c_w.l(libinit2.o)
    0x08000254   0x00000000   Code   RO         2395    .ARM.Collect$$libinit$$0000002C  c_w.l(libinit2.o)
    0x08000254   0x00000000   Code   RO         2397    .ARM.Collect$$libinit$$0000002E  c_w.l(libinit2.o)
    0x08000254   0x00000000   Code   RO         2399    .ARM.Collect$$libinit$$00000030  c_w.l(libinit2.o)
    0x08000254   0x00000000   Code   RO         2401    .ARM.Collect$$libinit$$00000032  c_w.l(libinit2.o)
    0x08000254   0x00000002   Code   RO         2402    .ARM.Collect$$libinit$$00000033  c_w.l(libinit2.o)
    0x08000256   0x00000002   Code   RO         2422    .ARM.Collect$$libshutdown$$00000000  c_w.l(libshutdown.o)
    0x08000258   0x00000000   Code   RO         2435    .ARM.Collect$$libshutdown$$00000002  c_w.l(libshutdown2.o)
    0x08000258   0x00000000   Code   RO         2437    .ARM.Collect$$libshutdown$$00000004  c_w.l(libshutdown2.o)
    0x08000258   0x00000000   Code   RO         2440    .ARM.Collect$$libshutdown$$00000007  c_w.l(libshutdown2.o)
    0x08000258   0x00000000   Code   RO         2443    .ARM.Collect$$libshutdown$$0000000A  c_w.l(libshutdown2.o)
    0x08000258   0x00000000   Code   RO         2445    .ARM.Collect$$libshutdown$$0000000C  c_w.l(libshutdown2.o)
    0x08000258   0x00000000   Code   RO         2448    .ARM.Collect$$libshutdown$$0000000F  c_w.l(libshutdown2.o)
    0x08000258   0x00000002   Code   RO         2449    .ARM.Collect$$libshutdown$$00000010  c_w.l(libshutdown2.o)
    0x0800025a   0x00000000   Code   RO         2306    .ARM.Collect$$rtentry$$00000000  c_w.l(__rtentry.o)
    0x0800025a   0x00000000   Code   RO         2318    .ARM.Collect$$rtentry$$00000002  c_w.l(__rtentry2.o)
    0x0800025a   0x00000006   Code   RO         2330    .ARM.Collect$$rtentry$$00000004  c_w.l(__rtentry4.o)
    0x08000260   0x00000000   Code   RO         2320    .ARM.Collect$$rtentry$$00000009  c_w.l(__rtentry2.o)
    0x08000260   0x00000004   Code   RO         2321    .ARM.Collect$$rtentry$$0000000A  c_w.l(__rtentry2.o)
    0x08000264   0x00000000   Code   RO         2323    .ARM.Collect$$rtentry$$0000000C  c_w.l(__rtentry2.o)
    0x08000264   0x00000008   Code   RO         2324    .ARM.Collect$$rtentry$$0000000D  c_w.l(__rtentry2.o)
    0x0800026c   0x00000002   Code   RO         2356    .ARM.Collect$$rtexit$$00000000  c_w.l(rtexit.o)
    0x0800026e   0x00000000   Code   RO         2404    .ARM.Collect$$rtexit$$00000002  c_w.l(rtexit2.o)
    0x0800026e   0x00000004   Code   RO         2405    .ARM.Collect$$rtexit$$00000003  c_w.l(rtexit2.o)
    0x08000272   0x00000006   Code   RO         2406    .ARM.Collect$$rtexit$$00000004  c_w.l(rtexit2.o)
    0x08000278   0x00000034   Code   RO            4    .text               application.o
    0x080002ac   0x000000cc   Code   RO          144    .text               startup.o
    0x08000378   0x00000118   Code   RO          171    .text               board.o
    0x08000490   0x00000594   Code   RO          198    .text               drv_usart.o
    0x08000a24   0x00000010   Code   RO          239    .text               stm32f4xx_it.o
    0x08000a34   0x00000120   Code   RO          263    .text               system_stm32f4xx.o
    0x08000b54   0x00000040   Code   RO          298    .text               startup_stm32f407xx.o
    0x08000b94   0x000001a0   Code   RO          305    .text               stm32f4xx_hal.o
    0x08000d34   0x0000031c   Code   RO          403    .text               stm32f4xx_hal_cortex.o
    0x08001050   0x00000618   Code   RO          557    .text               stm32f4xx_hal_dma.o
    0x08001668   0x000003c4   Code   RO          766    .text               stm32f4xx_hal_gpio.o
    0x08001a2c   0x00000008   Code   RO         1006    .text               stm32f4xx_hal_msp_template.o
    0x08001a34   0x00000a44   Code   RO         1186    .text               stm32f4xx_hal_rcc.o
    0x08002478   0x00000f4e   Code   RO         1471    .text               stm32f4xx_hal_uart.o
    0x080033c6   0x00000002   PAD
    0x080033c8   0x00000064   Code   RO         1606    .text               clock.o
    0x0800342c   0x00000324   Code   RO         1620    .text               device.o
    0x08003750   0x00000134   Code   RO         1634    .text               idle.o
    0x08003884   0x00001654   Code   RO         1654    .text               ipc.o
    0x08004ed8   0x00000048   Code   RO         1671    .text               irq.o
    0x08004f20   0x00000a4c   Code   RO         1686    .text               kservice.o
    0x0800596c   0x00000874   Code   RO         1706    .text               mem.o
    0x080061e0   0x000002dc   Code   RO         1758    .text               object.o
    0x080064bc   0x000002e0   Code   RO         1777    .text               scheduler.o
    0x0800679c   0x0000059c   Code   RO         1798    .text               thread.o
    0x08006d38   0x0000045c   Code   RO         1815    .text               timer.o
    0x08007194   0x00000190   Code   RO         1834    .text               cpuport.o
    0x08007324   0x0000010c   Code   RO         1850    .text               context_rvds.o
    0x08007430   0x000001a8   Code   RO         1888    .text               pin.o
    0x080075d8   0x00000884   Code   RO         1906    .text               serial.o
    0x08007e5c   0x000001c8   Code   RO         1919    .text               completion.o
    0x08008024   0x00000414   Code   RO         1935    .text               dataqueue.o
    0x08008438   0x000009e4   Code   RO         2024    .text               shell.o
    0x08008e1c   0x00000bc4   Code   RO         2058    .text               cmd.o
    0x080099e0   0x00001818   Code   RO         2082    .text               finsh_compiler.o
    0x0800b1f8   0x0000002c   Code   RO         2119    .text               finsh_error.o
    0x0800b224   0x00000210   Code   RO         2135    .text               finsh_heap.o
    0x0800b434   0x00000058   Code   RO         2151    .text               finsh_init.o
    0x0800b48c   0x00000184   Code   RO         2169    .text               finsh_node.o
    0x0800b610   0x00000adc   Code   RO         2184    .text               finsh_ops.o
    0x0800c0ec   0x0000097c   Code   RO         2202    .text               finsh_parser.o
    0x0800ca68   0x0000019c   Code   RO         2217    .text               finsh_var.o
    0x0800cc04   0x000000e4   Code   RO         2240    .text               finsh_vm.o
    0x0800cce8   0x00000680   Code   RO         2267    .text               finsh_token.o
    0x0800d368   0x0000001a   Code   RO         2284    .text               c_w.l(atoi.o)
    0x0800d382   0x0000003e   Code   RO         2286    .text               c_w.l(strlen.o)
    0x0800d3c0   0x00000096   Code   RO         2288    .text               c_w.l(strncmp.o)
    0x0800d456   0x0000008a   Code   RO         2290    .text               c_w.l(rt_memcpy_v6.o)
    0x0800d4e0   0x00000064   Code   RO         2292    .text               c_w.l(rt_memcpy_w.o)
    0x0800d544   0x00000044   Code   RO         2294    .text               c_w.l(rt_memclr.o)
    0x0800d588   0x0000004e   Code   RO         2296    .text               c_w.l(rt_memclr_w.o)
    0x0800d5d6   0x00000056   Code   RO         2298    .text               c_w.l(strncpy.o)
    0x0800d62c   0x00000080   Code   RO         2300    .text               c_w.l(strcmpv7m.o)
    0x0800d6ac   0x00000006   Code   RO         2302    .text               c_w.l(heapauxi.o)
    0x0800d6b2   0x00000002   PAD
    0x0800d6b4   0x00000008   Code   RO         2310    .text               c_w.l(rt_errno_addr_intlibspace.o)
    0x0800d6bc   0x00000070   Code   RO         2312    .text               c_w.l(strtol.o)
    0x0800d72c   0x00000008   Code   RO         2314    .text               c_w.l(libspace.o)
    0x0800d734   0x00000010   Code   RO         2332    .text               c_w.l(rt_ctype_table.o)
    0x0800d744   0x0000009e   Code   RO         2334    .text               c_w.l(_strtoul.o)
    0x0800d7e2   0x0000004a   Code   RO         2336    .text               c_w.l(sys_stackheap_outer.o)
    0x0800d82c   0x00000008   Code   RO         2341    .text               c_w.l(rt_locale_intlibspace.o)
    0x0800d834   0x0000001c   Code   RO         2343    .text               c_w.l(_chval.o)
    0x0800d850   0x00000012   Code   RO         2348    .text               c_w.l(exit.o)
    0x0800d862   0x00000002   PAD
    0x0800d864   0x0000000c   Code   RO         2414    .text               c_w.l(sys_exit.o)
    0x0800d870   0x00000002   Code   RO         2425    .text               c_w.l(use_no_semi.o)
    0x0800d872   0x00000000   Code   RO         2427    .text               c_w.l(indicate_semi.o)
    0x0800d872   0x00000002   PAD
    0x0800d874   0x0000002c   Code   RO         2346    locale$$code        c_w.l(lc_ctype_c.o)
    0x0800d8a0   0x0000000a   Code   RO         2412    x$fpl$fpinit        fz_wm.l(fpinit.o)
    0x0800d8aa   0x00000002   PAD
    0x0800d8ac   0x00000048   Data   RO          200    .constdata          drv_usart.o
    0x0800d8f4   0x00000010   Data   RO          264    .constdata          system_stm32f4xx.o
    0x0800d904   0x00000008   Data   RO          558    .constdata          stm32f4xx_hal_dma.o
    0x0800d90c   0x00000010   Data   RO         1187    .constdata          stm32f4xx_hal_rcc.o
    0x0800d91c   0x000000a8   Data   RO         1621    .constdata          device.o
    0x0800d9c4   0x00000016   Data   RO         1636    .constdata          idle.o
    0x0800d9da   0x000001d7   Data   RO         1655    .constdata          ipc.o
    0x0800dbb1   0x00000122   Data   RO         1688    .constdata          kservice.o
    0x0800dcd3   0x00000046   Data   RO         1708    .constdata          mem.o
    0x0800dd19   0x0000005e   Data   RO         1759    .constdata          object.o
    0x0800dd77   0x0000004e   Data   RO         1779    .constdata          scheduler.o
    0x0800ddc5   0x000000aa   Data   RO         1799    .constdata          thread.o
    0x0800de6f   0x0000005c   Data   RO         1816    .constdata          timer.o
    0x0800decb   0x00000013   Data   RO         1835    .constdata          cpuport.o
    0x0800dede   0x00000047   Data   RO         1890    .constdata          pin.o
    0x0800df25   0x000000d3   Data   RO         1907    .constdata          serial.o
    0x0800dff8   0x00000039   Data   RO         1920    .constdata          completion.o
    0x0800e031   0x0000004b   Data   RO         1936    .constdata          dataqueue.o
    0x0800e07c   0x00000060   Data   RO         2026    .constdata          shell.o
    0x0800e0dc   0x00000050   Data   RO         2059    .constdata          cmd.o
    0x0800e12c   0x000000c4   Data   RO         2185    .constdata          finsh_ops.o
    0x0800e1f0   0x00000040   Data   RO         2268    .constdata          finsh_token.o
    0x0800e230   0x000000ed   Data   RO         1709    .conststring        mem.o
    0x0800e31d   0x00000003   PAD
    0x0800e320   0x000001ad   Data   RO         2060    .conststring        cmd.o
    0x0800e4cd   0x00000003   PAD
    0x0800e4d0   0x000000f3   Data   RO         2120    .conststring        finsh_error.o
    0x0800e5c3   0x00000001   PAD
    0x0800e5c4   0x0000003e   Data   RO         2269    .conststring        finsh_token.o
    0x0800e602   0x00000027   Data   RO         1711    .rodata.name        mem.o
    0x0800e629   0x00000069   Data   RO         1891    .rodata.name        pin.o
    0x0800e692   0x000001b3   Data   RO         2062    .rodata.name        cmd.o
    0x0800e845   0x00000003   PAD
    0x0800e848   0x0000000c   Data   RO         1712    FSymTab             mem.o
    0x0800e854   0x00000024   Data   RO         1892    FSymTab             pin.o
    0x0800e878   0x00000090   Data   RO         2063    FSymTab             cmd.o
    0x0800e908   0x00000020   Data   RO         2480    Region$$Table       anon$$obj.o
    0x0800e928   0x00000010   Data   RO         2064    VSymTab             cmd.o
    0x0800e938   0x00000110   Data   RO         2345    locale$$data        c_w.l(lc_ctype_c.o)


    Execution Region RW_IRAM1 (Base: 0x20000000, Size: 0x00001c10, Max: 0x00020000, ABSOLUTE, COMPRESSED[0x00000088])

    Base Addr    Size         Type   Attr      Idx    E Section Name        Object

    0x20000000   0x00000004   Data   RW          265    .data               system_stm32f4xx.o
    0x20000004   0x00000004   Data   RW          306    .data               stm32f4xx_hal.o
    0x20000008   0x00000004   Data   RW         1607    .data               clock.o
    0x2000000c   0x00000004   Data   RW         1637    .data               idle.o
    0x20000010   0x00000001   Data   RW         1672    .data               irq.o
    0x20000011   0x00000003   PAD
    0x20000014   0x0000000c   Data   RW         1689    .data               kservice.o
    0x20000020   0x00000020   Data   RW         1710    .data               mem.o
    0x20000040   0x000000a4   Data   RW         1760    .data               object.o
    0x200000e4   0x0000001c   Data   RW         1780    .data               scheduler.o
    0x20000100   0x00000010   Data   RW         1817    .data               timer.o
    0x20000110   0x00000010   Data   RW         1836    .data               cpuport.o
    0x20000120   0x00000004   Data   RW         2027    .data               shell.o
    0x20000124   0x00000010   Data   RW         2045    .data               symbol.o
    0x20000134   0x00000004   Data   RW         2061    .data               cmd.o
    0x20000138   0x00000008   Data   RW         2083    .data               finsh_compiler.o
    0x20000140   0x00000040   Data   RW         2121    .data               finsh_error.o
    0x20000180   0x00000008   Data   RW         2137    .data               finsh_heap.o
    0x20000188   0x00000004   Data   RW         2219    .data               finsh_var.o
    0x2000018c   0x0000000c   Data   RW         2242    .data               finsh_vm.o
    0x20000198   0x00000130   Zero   RW          199    .bss                drv_usart.o
    0x200002c8   0x00000480   Zero   RW         1635    .bss                idle.o
    0x20000748   0x00000080   Zero   RW         1687    .bss                kservice.o
    0x200007c8   0x00000020   Zero   RW         1707    .bss                mem.o
    0x200007e8   0x00000100   Zero   RW         1778    .bss                scheduler.o
    0x200008e8   0x00000044   Zero   RW         1889    .bss                pin.o
    0x2000092c   0x00000880   Zero   RW         2025    .bss                shell.o
    0x200011ac   0x00000080   Zero   RW         2136    .bss                finsh_heap.o
    0x2000122c   0x00000140   Zero   RW         2170    .bss                finsh_node.o
    0x2000136c   0x000000c0   Zero   RW         2218    .bss                finsh_var.o
    0x2000142c   0x00000180   Zero   RW         2241    .bss                finsh_vm.o
    0x200015ac   0x00000060   Zero   RW         2315    .bss                c_w.l(libspace.o)
    0x2000160c   0x00000004   PAD
    0x20001610   0x00000200   Zero   RW          296    HEAP                startup_stm32f407xx.o
    0x20001810   0x00000400   Zero   RW          295    STACK               startup_stm32f407xx.o


==============================================================================

Image component sizes


      Code (inc. data)   RO Data    RW Data    ZI Data      Debug   Object Name

        52         10          0          0          0     354695   application.o
       280         24          0          0          0       1933   board.o
       100          6          0          4          0       1616   clock.o
      3012       1244       1104          4          0      10543   cmd.o
       456        124         57          0          0       2907   completion.o
       268         24          0          0          0        816   context_rvds.o
       400        188         19         16          0       3763   cpuport.o
      1044        114         75          0          0       6345   dataqueue.o
       804        132        168          0          0       4949   device.o
      1428        170         72          0        304      37417   drv_usart.o
      6168        154          0          8          0      10954   finsh_compiler.o
        44         10        243         64          0       1729   finsh_error.o
       528         18          0          8        128       3459   finsh_heap.o
        88          6          0          0          0       1680   finsh_init.o
       388          4          0          0        320       3476   finsh_node.o
      2780         36        196          0          0       8884   finsh_ops.o
      2428         32          0          0          0       9801   finsh_parser.o
      1664         16        126          0          0       6284   finsh_token.o
       412         18          0          4        192       7457   finsh_var.o
       228         34          0         12        384       7078   finsh_vm.o
       308         74         22          4       1152       2919   idle.o
      5716        422        471          0          0      20159   ipc.o
        72          6          0          1          0       1418   irq.o
      2636        230        290         12        128      12000   kservice.o
      2164        560        358         32         32      11110   mem.o
       732        150         94        164          0       5800   object.o
       424         82        212          0         68       4040   pin.o
       736        150         78         28        256       4769   scheduler.o
      2180        314        211          0          0       7897   serial.o
      2532        276         96          4       2176       6055   shell.o
       204         98          0          0          0       1322   startup.o
        64         26        392          0       1536        940   startup_stm32f407xx.o
       416         26          0          4          0       4818   stm32f4xx_hal.o
       796         20          0          0          0      32207   stm32f4xx_hal_cortex.o
      1560         16          8          0          0       5112   stm32f4xx_hal_dma.o
       964         50          0          0          0       3755   stm32f4xx_hal_gpio.o
         8          0          0          0          0        822   stm32f4xx_hal_msp_template.o
      2628         66         16          0          0       5678   stm32f4xx_hal_rcc.o
      3918         28          0          0          0      12787   stm32f4xx_hal_uart.o
        16          0          0          0          0        856   stm32f4xx_it.o
         0          0          0         16          0       4329   symbol.o
       288         32         16          4          0       1759   system_stm32f4xx.o
      1436        208        170          0          0       7601   thread.o
      1116        100         92         16          0       6919   timer.o

    ----------------------------------------------------------------------
     53488       5298       4628        408       6676     650858   Object Totals
         0          0         32          0          0          0   (incl. Generated)
         2          0         10          3          0          0   (incl. Padding)

    ----------------------------------------------------------------------

      Code (inc. data)   RO Data    RW Data    ZI Data      Debug   Library Member Name

        90          0          0          0          0          0   __dczerorl2.o
         8          0          0          0          0         68   __main.o
         0          0          0          0          0          0   __rtentry.o
        12          0          0          0          0          0   __rtentry2.o
         6          0          0          0          0          0   __rtentry4.o
        52          8          0          0          0          0   __scatter.o
        28          0          0          0          0          0   __scatter_zi.o
        28          0          0          0          0         68   _chval.o
       158          0          0          0          0         92   _strtoul.o
        26          0          0          0          0         80   atoi.o
        18          0          0          0          0         80   exit.o
         6          0          0          0          0        152   heapauxi.o
         0          0          0          0          0          0   indicate_semi.o
        44         10        272          0          0         76   lc_ctype_c.o
         2          0          0          0          0          0   libinit.o
        24          0          0          0          0          0   libinit2.o
         2          0          0          0          0          0   libshutdown.o
         2          0          0          0          0          0   libshutdown2.o
         8          4          0          0         96         68   libspace.o
        16          4          0          0          0         76   rt_ctype_table.o
         8          4          0          0          0         68   rt_errno_addr_intlibspace.o
         8          4          0          0          0         68   rt_locale_intlibspace.o
        68          0          0          0          0         68   rt_memclr.o
        78          0          0          0          0         80   rt_memclr_w.o
       138          0          0          0          0         68   rt_memcpy_v6.o
       100          0          0          0          0         80   rt_memcpy_w.o
         2          0          0          0          0          0   rtexit.o
        10          0          0          0          0          0   rtexit2.o
       128          0          0          0          0         68   strcmpv7m.o
        62          0          0          0          0         76   strlen.o
       150          0          0          0          0         80   strncmp.o
        86          0          0          0          0         76   strncpy.o
       112          0          0          0          0         88   strtol.o
        12          4          0          0          0         68   sys_exit.o
        74          0          0          0          0         80   sys_stackheap_outer.o
         2          0          0          0          0         68   use_no_semi.o
        10          0          0          0          0        116   fpinit.o

    ----------------------------------------------------------------------
      1588         38        272          0        100       1912   Library Totals
        10          0          0          0          4          0   (incl. Padding)

    ----------------------------------------------------------------------

      Code (inc. data)   RO Data    RW Data    ZI Data      Debug   Library Name

      1568         38        272          0         96       1796   c_w.l
        10          0          0          0          0        116   fz_wm.l

    ----------------------------------------------------------------------
      1588         38        272          0        100       1912   Library Totals

    ----------------------------------------------------------------------

==============================================================================


      Code (inc. data)   RO Data    RW Data    ZI Data      Debug   

     55076       5336       4900        408       6776     643582   Grand Totals
     55076       5336       4900        136       6776     643582   ELF Image Totals (compressed)
     55076       5336       4900        136          0          0   ROM Totals

==============================================================================

    Total RO  Size (Code + RO Data)                59976 (  58.57kB)
    Total RW  Size (RW Data + ZI Data)              7184 (   7.02kB)
    Total ROM Size (Code + RO Data + RW Data)      60112 (  58.70kB)

==============================================================================

